Archive member included to satisfy reference by file (symbol)

Generated_Source\PSoC6\pdl\middleware\ble\lib\cy_ble_stack_gcc_controller_ipc_cm0p.a(CyBleStackMgrIP_Interface.o)
                              .\CortexM0p\ARM_GCC_541\Debug\cy_ble.o (Cy_BLE_EnablePrivacyFeature)
Generated_Source\PSoC6\pdl\middleware\ble\lib\cy_ble_stack_gcc_controller_ipc_cm0p.a(CyBleStackMgr_PSoCHal.o)
                              Generated_Source\PSoC6\pdl\middleware\ble\lib\cy_ble_stack_gcc_controller_ipc_cm0p.a(CyBleStackMgrIP_Interface.o) (bt_config)
Generated_Source\PSoC6\pdl\middleware\ble\lib\cy_ble_stack_gcc_controller_ipc_cm0p.a(CyBleStackMgr_BleSSDriver.o)
                              Generated_Source\PSoC6\pdl\middleware\ble\lib\cy_ble_stack_gcc_controller_ipc_cm0p.a(CyBleStackMgrIP_Interface.o) (CyBleStackMgr_BleSSInit)
Generated_Source\PSoC6\pdl\middleware\ble\lib\cy_ble_stack_gcc_controller_ipc_cm0p.a(CyBleStackMgr_StackTaskHandler.o)
                              Generated_Source\PSoC6\pdl\middleware\ble\lib\cy_ble_stack_gcc_controller_ipc_cm0p.a(CyBleStackMgrIP_Interface.o) (CyBle_CreateBleStackTask)
Generated_Source\PSoC6\pdl\middleware\ble\lib\cy_ble_stack_gcc_controller_ipc_cm0p.a(config_bin.o)
                              Generated_Source\PSoC6\pdl\middleware\ble\lib\cy_ble_stack_gcc_controller_ipc_cm0p.a(CyBleStackMgr_PSoCHal.o) (bt_cfg_pdata)
Generated_Source\PSoC6\pdl\middleware\ble\lib\cy_ble_stack_gcc_controller_ipc_cm0p.a(BT_timer.o)
                              Generated_Source\PSoC6\pdl\middleware\ble\lib\cy_ble_stack_gcc_controller_ipc_cm0p.a(CyBleStackMgr_StackTaskHandler.o) (BT_timer_process_signals)
Generated_Source\PSoC6\pdl\middleware\ble\lib\cy_ble_stack_gcc_controller_ipc_cm0p.a(bt_os_common.o)
                              Generated_Source\PSoC6\pdl\middleware\ble\lib\cy_ble_stack_gcc_controller_ipc_cm0p.a(CyBleStackMgr_StackTaskHandler.o) (BT_ISROSQPost)
Generated_Source\PSoC6\pdl\middleware\ble\lib\cy_ble_stack_gcc_controller_ipc_cm0p.a(CyBleStackMgrIP_Pilo.o)
                              Generated_Source\PSoC6\pdl\middleware\ble\lib\cy_ble_stack_gcc_controller_ipc_cm0p.a(CyBleStackMgrIP_Interface.o) (CyPilo_InitCalibration)
Generated_Source\PSoC6\pdl\middleware\ble\lib\cy_ble_stack_gcc_controller_ipc_cm0p.a(mint_os.o)
                              Generated_Source\PSoC6\pdl\middleware\ble\lib\cy_ble_stack_gcc_controller_ipc_cm0p.a(CyBleStackMgrIP_Interface.o) (OS_init)
Generated_Source\PSoC6\pdl\middleware\ble\lib\cy_ble_stack_gcc_controller_ipc_cm0p.a(mint_os_queue.o)
                              Generated_Source\PSoC6\pdl\middleware\ble\lib\cy_ble_stack_gcc_controller_ipc_cm0p.a(mint_os.o) (OS_TOTAL_QUEUES)
Generated_Source\PSoC6\pdl\middleware\ble\lib\cy_ble_stack_gcc_controller_ipc_cm0p.a(mint_os_task.o)
                              Generated_Source\PSoC6\pdl\middleware\ble\lib\cy_ble_stack_gcc_controller_ipc_cm0p.a(mint_os.o) (idle_func_handler)
Generated_Source\PSoC6\pdl\middleware\ble\lib\cy_ble_stack_gcc_controller_ipc_cm0p.a(mint_buf_mgmt.o)
                              Generated_Source\PSoC6\pdl\middleware\ble\lib\cy_ble_stack_gcc_controller_ipc_cm0p.a(CyBleStackMgrIP_Interface.o) (mint_buf_mgmt_init)
Generated_Source\PSoC6\pdl\middleware\ble\lib\cy_ble_stack_gcc_controller_ipc_cm0p.a(transport_ipc.o)
                              Generated_Source\PSoC6\pdl\middleware\ble\lib\cy_ble_stack_gcc_controller_ipc_cm0p.a(CyBleStackMgr_PSoCHal.o) (CyBleController_HciIpcInit)
Generated_Source\PSoC6\pdl\middleware\ble\lib\cy_ble_stack_gcc_controller_ipc_cm0p.a(CyBleStackMgr_PSoCIPCHal.o)
                              Generated_Source\PSoC6\pdl\middleware\ble\lib\cy_ble_stack_gcc_controller_ipc_cm0p.a(CyBleStackMgrIP_Interface.o) (CyBleController_IPC_HAL_InitWithStaticMem)
Generated_Source\PSoC6\pdl\middleware\ble\lib\cy_ble_stack_gcc_controller_ipc_cm0p.a(CyBleControllerIP_Interface.o)
                              Generated_Source\PSoC6\pdl\middleware\ble\lib\cy_ble_stack_gcc_controller_ipc_cm0p.a(CyBleStackMgrIP_Interface.o) (CyBle_ControllerEnableDleFeature)
Generated_Source\PSoC6\pdl\middleware\ble\lib\cy_ble_stack_gcc_controller_ipc_cm0p.a(ll.o)
                              Generated_Source\PSoC6\pdl\middleware\ble\lib\cy_ble_stack_gcc_controller_ipc_cm0p.a(CyBleControllerIP_Interface.o) (ll_self_device_data)
Generated_Source\PSoC6\pdl\middleware\ble\lib\cy_ble_stack_gcc_controller_ipc_cm0p.a(ll_advertiser.o)
                              Generated_Source\PSoC6\pdl\middleware\ble\lib\cy_ble_stack_gcc_controller_ipc_cm0p.a(ll.o) (ll_adv_is_configured_connection_adv)
Generated_Source\PSoC6\pdl\middleware\ble\lib\cy_ble_stack_gcc_controller_ipc_cm0p.a(ll_connection.o)
                              Generated_Source\PSoC6\pdl\middleware\ble\lib\cy_ble_stack_gcc_controller_ipc_cm0p.a(ll.o) (bleSlDsmFix)
Generated_Source\PSoC6\pdl\middleware\ble\lib\cy_ble_stack_gcc_controller_ipc_cm0p.a(llh_api.o)
[...]
Memory Configuration

Name             Origin             Length             Attributes
ram              0x08000000         0x00024000         xrw
flash            0x10000000         0x00080000         xr
em_eeprom        0x14000000         0x00008000         xr
sflash_user_data 0x16000800         0x00000800         xr
sflash_nar       0x16001a00         0x00000200         xr
sflash_public_key 0x16005a00         0x00000c00         xr
sflash_toc_2     0x16007c00         0x00000200         xr
sflash_rtoc_2    0x16007e00         0x00000200         xr
xip              0x18000000         0x08000000         xr
efuse            0x90700000         0x00100000         r
*default*        0x00000000         0xffffffff

Linker script and memory map

LOAD c:/program files (x86)/cypress/psoc creator/4.4/psoc creator/import/gnu/arm/5.4.1/bin/../lib/gcc/arm-none-eabi/5.4.1/armv6-m/crti.o
LOAD c:/program files (x86)/cypress/psoc creator/4.4/psoc creator/import/gnu/arm/5.4.1/bin/../lib/gcc/arm-none-eabi/5.4.1/armv6-m/crtbegin.o
LOAD c:/program files (x86)/cypress/psoc creator/4.4/psoc creator/import/gnu/arm/5.4.1/bin/../lib/gcc/arm-none-eabi/5.4.1/../../../../arm-none-eabi/lib/armv6-m/crt0.o
START GROUP
LOAD Generated_Source\PSoC6\pdl\middleware\ble\lib\cy_ble_stack_gcc_radio_max_cm0p.a
LOAD Generated_Source\PSoC6\pdl\middleware\ble\lib\cy_ble_stack_gcc_controller_ipc_cm0p.a
LOAD .\CortexM0p\ARM_GCC_541\Debug\startup_psoc6_01_cm0plus.o
LOAD .\CortexM0p\ARM_GCC_541\Debug\main_cm0p.o
LOAD .\CortexM0p\ARM_GCC_541\Debug\system_psoc6_cm0plus.o
LOAD .\CortexM0p\ARM_GCC_541\Debug\stdio_user.o
LOAD .\CortexM0p\ARM_GCC_541\Debug\cyfitter_sysint_cfg.o
LOAD .\CortexM0p\ARM_GCC_541\Debug\cyfitter_cfg.o
LOAD .\CortexM0p\ARM_GCC_541\Debug\cymetadata.o
LOAD .\CortexM0p\ARM_GCC_541\Debug\UART_1.o
LOAD .\CortexM0p\ARM_GCC_541\Debug\BLE.o
LOAD .\CortexM0p\ARM_GCC_541\Debug\BLE_config.o
LOAD .\CortexM0p\ARM_GCC_541\Debug\BLE_custom_config.o
LOAD .\CortexM0p\ARM_GCC_541\Debug\PWM_1.o
LOAD .\CortexM0p\ARM_GCC_541\Debug\PWM_2.o
LOAD .\CortexM0p\ARM_GCC_541\Debug\Timer.o
LOAD .\CortexM0p\ARM_GCC_541\Debug\VDAC_1.o
LOAD .\CortexM0p\ARM_GCC_541\Debug\cy_ctb.o
LOAD .\CortexM0p\ARM_GCC_541\Debug\cy_ctdac.o
LOAD .\CortexM0p\ARM_GCC_541\Debug\cy_efuse.o
LOAD .\CortexM0p\ARM_GCC_541\Debug\cy_flash.o
LOAD .\CortexM0p\ARM_GCC_541\Debug\cy_gpio.o
LOAD .\CortexM0p\ARM_GCC_541\Debug\cy_ipc_drv.o
LOAD .\CortexM0p\ARM_GCC_541\Debug\cy_ipc_sema.o
LOAD .\CortexM0p\ARM_GCC_541\Debug\cy_ipc_pipe.o
LOAD .\CortexM0p\ARM_GCC_541\Debug\cy_lvd.o
LOAD .\CortexM0p\ARM_GCC_541\Debug\cy_profile.o
LOAD .\CortexM0p\ARM_GCC_541\Debug\cy_prot.o
LOAD .\CortexM0p\ARM_GCC_541\Debug\cy_scb_common.o
LOAD .\CortexM0p\ARM_GCC_541\Debug\cy_scb_i2c.o
LOAD .\CortexM0p\ARM_GCC_541\Debug\cy_scb_ezi2c.o
LOAD .\CortexM0p\ARM_GCC_541\Debug\cy_scb_spi.o
LOAD .\CortexM0p\ARM_GCC_541\Debug\cy_scb_uart.o
LOAD .\CortexM0p\ARM_GCC_541\Debug\cy_sysanalog.o
LOAD .\CortexM0p\ARM_GCC_541\Debug\cy_sysclk.o
LOAD .\CortexM0p\ARM_GCC_541\Debug\cy_sysint.o
LOAD .\CortexM0p\ARM_GCC_541\Debug\cy_syslib.o
LOAD .\CortexM0p\ARM_GCC_541\Debug\cy_syslib_gcc.o
LOAD .\CortexM0p\ARM_GCC_541\Debug\cy_syspm.o
LOAD .\CortexM0p\ARM_GCC_541\Debug\cy_systick.o
LOAD .\CortexM0p\ARM_GCC_541\Debug\cy_tcpwm_counter.o
LOAD .\CortexM0p\ARM_GCC_541\Debug\cy_tcpwm_pwm.o
LOAD .\CortexM0p\ARM_GCC_541\Debug\cy_tcpwm_quaddec.o
LOAD .\CortexM0p\ARM_GCC_541\Debug\cy_trigmux.o
LOAD .\CortexM0p\ARM_GCC_541\Debug\cy_wdt.o
LOAD .\CortexM0p\ARM_GCC_541\Debug\cy_device.o
LOAD .\CortexM0p\ARM_GCC_541\Debug\cy_sar.o
LOAD .\CortexM0p\ARM_GCC_541\Debug\cy_ble.o
LOAD .\CortexM0p\ARM_GCC_541\Debug\cy_ble_hal_int.o
LOAD .\CortexM0p\ARM_GCC_541\Debug\cy_ble_hal_pvt.o
LOAD .\CortexM0p\ARM_GCC_541\Debug\cy_ble_gap.o
LOAD .\CortexM0p\ARM_GCC_541\Debug\cy_ble_gatt.o
LOAD .\CortexM0p\ARM_GCC_541\Debug\cy_ble_event_handler.o
LOAD .\CortexM0p\ARM_GCC_541\Debug\cy_ble_ancs.o
LOAD .\CortexM0p\ARM_GCC_541\Debug\cy_ble_ans.o
LOAD .\CortexM0p\ARM_GCC_541\Debug\cy_ble_aios.o
LOAD .\CortexM0p\ARM_GCC_541\Debug\cy_ble_bas.o
LOAD .\CortexM0p\ARM_GCC_541\Debug\cy_ble_bcs.o
LOAD .\CortexM0p\ARM_GCC_541\Debug\cy_ble_bls.o
LOAD .\CortexM0p\ARM_GCC_541\Debug\cy_ble_bms.o
LOAD .\CortexM0p\ARM_GCC_541\Debug\cy_ble_bts.o
LOAD .\CortexM0p\ARM_GCC_541\Debug\cy_ble_cgms.o
LOAD .\CortexM0p\ARM_GCC_541\Debug\cy_ble_cps.o
LOAD .\CortexM0p\ARM_GCC_541\Debug\cy_ble_cscs.o
LOAD .\CortexM0p\ARM_GCC_541\Debug\cy_ble_cts.o
LOAD .\CortexM0p\ARM_GCC_541\Debug\cy_ble_custom.o
LOAD .\CortexM0p\ARM_GCC_541\Debug\cy_ble_dis.o
LOAD .\CortexM0p\ARM_GCC_541\Debug\cy_ble_ess.o
LOAD .\CortexM0p\ARM_GCC_541\Debug\cy_ble_gls.o
LOAD .\CortexM0p\ARM_GCC_541\Debug\cy_ble_hids.o
LOAD .\CortexM0p\ARM_GCC_541\Debug\cy_ble_hps.o
LOAD .\CortexM0p\ARM_GCC_541\Debug\cy_ble_hrs.o
LOAD .\CortexM0p\ARM_GCC_541\Debug\cy_ble_hts.o
LOAD .\CortexM0p\ARM_GCC_541\Debug\cy_ble_ias.o
LOAD .\CortexM0p\ARM_GCC_541\Debug\cy_ble_ips.o
LOAD .\CortexM0p\ARM_GCC_541\Debug\cy_ble_lls.o
LOAD .\CortexM0p\ARM_GCC_541\Debug\cy_ble_lns.o
LOAD .\CortexM0p\ARM_GCC_541\Debug\cy_ble_ndcs.o
LOAD .\CortexM0p\ARM_GCC_541\Debug\cy_ble_plxs.o
LOAD .\CortexM0p\ARM_GCC_541\Debug\cy_ble_pass.o
LOAD .\CortexM0p\ARM_GCC_541\Debug\cy_ble_rscs.o
LOAD .\CortexM0p\ARM_GCC_541\Debug\cy_ble_rtus.o
LOAD .\CortexM0p\ARM_GCC_541\Debug\cy_ble_scps.o
LOAD .\CortexM0p\ARM_GCC_541\Debug\cy_ble_tps.o
LOAD .\CortexM0p\ARM_GCC_541\Debug\cy_ble_uds.o
LOAD .\CortexM0p\ARM_GCC_541\Debug\cy_ble_wpts.o
LOAD .\CortexM0p\ARM_GCC_541\Debug\cy_ble_wss.o
LOAD .\CortexM0p\ARM_GCC_541\Debug\cy_ble_clk.o
LOAD .\CortexM0p\ARM_GCC_541\Debug\retarget.o
LOAD .\CortexM0p\ARM_GCC_541\Debug\ADC.o
LOAD .\CortexM0p\ARM_GCC_541\Debug\ADC_INT.o
LOAD .\CortexM0p\ARM_GCC_541\Debug\ADC_INIT.o
LOAD .\CortexM0p\ARM_GCC_541\Debug\ADC_PM.o
END GROUP
START GROUP
LOAD c:/program files (x86)/cypress/psoc creator/4.4/psoc creator/import/gnu/arm/5.4.1/bin/../lib/gcc/arm-none-eabi/5.4.1/armv6-m\libgcc.a
LOAD c:/program files (x86)/cypress/psoc creator/4.4/psoc creator/import/gnu/arm/5.4.1/bin/../lib/gcc/arm-none-eabi/5.4.1/../../../../arm-none-eabi/lib/armv6-m\libg_nano.a
LOAD c:/program files (x86)/cypress/psoc creator/4.4/psoc creator/import/gnu/arm/5.4.1/bin/../lib/gcc/arm-none-eabi/5.4.1/../../../../arm-none-eabi/lib/armv6-m\libc_nano.a
END GROUP
START GROUP
LOAD c:/program files (x86)/cypress/psoc creator/4.4/psoc creator/import/gnu/arm/5.4.1/bin/../lib/gcc/arm-none-eabi/5.4.1/armv6-m\libgcc.a
LOAD c:/program files (x86)/cypress/psoc creator/4.4/psoc creator/import/gnu/arm/5.4.1/bin/../lib/gcc/arm-none-eabi/5.4.1/../../../../arm-none-eabi/lib/armv6-m\libc_nano.a
END GROUP
LOAD c:/program files (x86)/cypress/psoc creator/4.4/psoc creator/import/gnu/arm/5.4.1/bin/../lib/gcc/arm-none-eabi/5.4.1/armv6-m/crtend.o
LOAD c:/program files (x86)/cypress/psoc creator/4.4/psoc creator/import/gnu/arm/5.4.1/bin/../lib/gcc/arm-none-eabi/5.4.1/armv6-m/crtn.o
START GROUP
LOAD c:/program files (x86)/cypress/psoc creator/4.4/psoc creator/import/gnu/arm/5.4.1/bin/../lib/gcc/arm-none-eabi/5.4.1/armv6-m\libgcc.a
LOAD c:/program files (x86)/cypress/psoc creator/4.4/psoc creator/import/gnu/arm/5.4.1/bin/../lib/gcc/arm-none-eabi/5.4.1/../../../../arm-none-eabi/lib/armv6-m\libc.a
LOAD c:/program files (x86)/cypress/psoc creator/4.4/psoc creator/import/gnu/arm/5.4.1/bin/../lib/gcc/arm-none-eabi/5.4.1/../../../../arm-none-eabi/lib/armv6-m\libnosys.a
END GROUP
START GROUP
LOAD c:/program files (x86)/cypress/psoc creator/4.4/psoc creator/import/gnu/arm/5.4.1/bin/../lib/gcc/arm-none-eabi/5.4.1/armv6-m\libgcc.a
LOAD c:/program files (x86)/cypress/psoc creator/4.4/psoc creator/import/gnu/arm/5.4.1/bin/../lib/gcc/arm-none-eabi/5.4.1/../../../../arm-none-eabi/lib/armv6-m\libc.a
LOAD c:/program files (x86)/cypress/psoc creator/4.4/psoc creator/import/gnu/arm/5.4.1/bin/../lib/gcc/arm-none-eabi/5.4.1/../../../../arm-none-eabi/lib/armv6-m\libm.a
LOAD c:/program files (x86)/cypress/psoc creator/4.4/psoc creator/import/gnu/arm/5.4.1/bin/../lib/gcc/arm-none-eabi/5.4.1/../../../../arm-none-eabi/lib/armv6-m\libnosys.a
END GROUP

.cy_app_header
 *(.cy_app_header)

.text           0x10000000     0x6500
                0x10000000                . = ALIGN (0x4)
                0x10000000                __Vectors = .
 *(.vectors)
 .vectors       0x10000000       0xc0 .\CortexM0p\ARM_GCC_541\Debug\startup_psoc6_01_cm0plus.o
                0x100000c0                . = ALIGN (0x4)
                0x100000c0                __Vectors_End = .
                0x000000c0                __Vectors_Size = (__Vectors_End - __Vectors)
                0x100000c0                __end__ = .
                0x100000c0                . = ALIGN (0x4)
 *(.text*)
 .text          0x100000c0       0x60 c:/program files (x86)/cypress/psoc creator/4.4/psoc creator/import/gnu/arm/5.4.1/bin/../lib/gcc/arm-none-eabi/5.4.1/armv6-m/crtbegin.o
 .text          0x10000120       0x80 .\CortexM0p\ARM_GCC_541\Debug\startup_psoc6_01_cm0plus.o
                0x10000120                Cy_OnResetUser
                0x10000122                Reset_Handler
                0x10000180                NvicMux10_IRQHandler
                0x10000180                NvicMux26_IRQHandler
                0x10000180                SysTick_Handler
                0x10000180                NvicMux21_IRQHandler
                0x10000180                NMI_Handler
                0x10000180                NvicMux19_IRQHandler
                0x10000180                NvicMux8_IRQHandler
                0x10000180                NvicMux27_IRQHandler
                0x10000180                PendSV_Handler
                0x10000180                NvicMux17_IRQHandler
                0x10000180                NvicMux0_IRQHandler
                0x10000180                NvicMux25_IRQHandler
                0x10000180                NvicMux13_IRQHandler
                0x10000180                NvicMux11_IRQHandler
                0x10000180                NvicMux9_IRQHandler
                0x10000180                NvicMux18_IRQHandler
                0x10000180                NvicMux6_IRQHandler
                0x10000180                NvicMux22_IRQHandler
                0x10000180                NvicMux7_IRQHandler
                0x10000180                NvicMux2_IRQHandler
                0x10000180                NvicMux4_IRQHandler
                0x10000180                Default_Handler
                0x10000180                NvicMux30_IRQHandler
                0x10000180                NvicMux12_IRQHandler
                0x10000180                NvicMux5_IRQHandler
                0x10000180                NvicMux14_IRQHandler
                0x10000180                NvicMux3_IRQHandler
                0x10000180                SVC_Handler
                0x10000180                NvicMux1_IRQHandler
                0x10000180                NvicMux16_IRQHandler
                0x10000180                NvicMux29_IRQHandler
                0x10000180                NvicMux31_IRQHandler
                0x10000180                NvicMux24_IRQHandler
                0x10000180                NvicMux20_IRQHandler
                0x10000180                NvicMux15_IRQHandler
                0x10000180                NvicMux28_IRQHandler
                0x10000180                NvicMux23_IRQHandler
                0x10000184                HardFault_Handler
 .text.main     0x100001a0       0x1c .\CortexM0p\ARM_GCC_541\Debug\main_cm0p.o
                0x100001a0                main
 .text.Cy_SysIpcPipeIsrCm0
                0x100001bc        0xc .\CortexM0p\ARM_GCC_541\Debug\system_psoc6_cm0plus.o
                0x100001bc                Cy_SysIpcPipeIsrCm0
 .text.SystemCoreClockUpdate
                0x100001c8      0x1b0 .\CortexM0p\ARM_GCC_541\Debug\system_psoc6_cm0plus.o
                0x100001c8                SystemCoreClockUpdate
 .text.SystemInit
                0x10000378       0xc8 .\CortexM0p\ARM_GCC_541\Debug\system_psoc6_cm0plus.o
                0x10000378                SystemInit
 .text.Cy_SysGetCM4Status
                0x10000440       0x10 .\CortexM0p\ARM_GCC_541\Debug\system_psoc6_cm0plus.o
                0x10000440                Cy_SysGetCM4Status
 .text.Cy_SysResetCM4
                0x10000450       0x34 .\CortexM0p\ARM_GCC_541\Debug\system_psoc6_cm0plus.o
                0x10000450                Cy_SysResetCM4
 .text.Cy_SysEnableCM4
                0x10000484       0x5c .\CortexM0p\ARM_GCC_541\Debug\system_psoc6_cm0plus.o
                0x10000484                Cy_SysEnableCM4
 .text.CyClockStartupError
                0x100004e0        0x4 .\CortexM0p\ARM_GCC_541\Debug\cyfitter_cfg.o
 .text.AnalogSetDefault
                0x100004e4       0x3c .\CortexM0p\ARM_GCC_541\Debug\cyfitter_cfg.o
 .text.ClockInit
                0x10000520      0x3c0 .\CortexM0p\ARM_GCC_541\Debug\cyfitter_cfg.o
 .text.Cy_SystemInit
                0x100008e0      0x17c .\CortexM0p\ARM_GCC_541\Debug\cyfitter_cfg.o
                0x100008e0                Cy_SystemInit
 .text.Cy_BLE_Start
                0x10000a5c       0x2c .\CortexM0p\ARM_GCC_541\Debug\BLE.o
                0x10000a5c                Cy_BLE_Start
 .text.Cy_Flash_BoundsCheck
                0x10000a88        0xc .\CortexM0p\ARM_GCC_541\Debug\cy_flash.o
 .text.Cy_Flash_ProcessOpcode
                0x10000a94       0xbc .\CortexM0p\ARM_GCC_541\Debug\cy_flash.o
 .text.Cy_Flash_OperationStatus
                0x10000b50       0x5c .\CortexM0p\ARM_GCC_541\Debug\cy_flash.o
 .text.Cy_Flash_InitExt
                0x10000bac       0x44 .\CortexM0p\ARM_GCC_541\Debug\cy_flash.o
                0x10000bac                Cy_Flash_InitExt
 .text.Cy_Flash_Init
                0x10000bf0       0x10 .\CortexM0p\ARM_GCC_541\Debug\cy_flash.o
                0x10000bf0                Cy_Flash_Init
 .text.Cy_Flash_WriteRow
                0x10000c00       0xa0 .\CortexM0p\ARM_GCC_541\Debug\cy_flash.o
                0x10000c00                Cy_Flash_WriteRow
 .text.Cy_Flash_IsOperationComplete
                0x10000ca0        0x8 .\CortexM0p\ARM_GCC_541\Debug\cy_flash.o
                0x10000ca0                Cy_Flash_IsOperationComplete
 .text.Cy_Flash_StartErase
                0x10000ca8       0xac .\CortexM0p\ARM_GCC_541\Debug\cy_flash.o
                0x10000ca8                Cy_Flash_StartErase
 .text.Cy_Flash_StartProgram
                0x10000d54       0xb4 .\CortexM0p\ARM_GCC_541\Debug\cy_flash.o
                0x10000d54                Cy_Flash_StartProgram
 .text.Cy_GPIO_Pin_Init
                0x10000e08      0x334 .\CortexM0p\ARM_GCC_541\Debug\cy_gpio.o
                0x10000e08                Cy_GPIO_Pin_Init
 .text.Cy_GPIO_Port_Init
                0x1000113c       0xdc .\CortexM0p\ARM_GCC_541\Debug\cy_gpio.o
                0x1000113c                Cy_GPIO_Port_Init
 .text.Cy_IPC_Drv_LockRelease
                0x10001218       0x40 .\CortexM0p\ARM_GCC_541\Debug\cy_ipc_drv.o
                0x10001218                Cy_IPC_Drv_LockRelease
 .text.Cy_IPC_Drv_SendMsgWord
                0x10001258       0x40 .\CortexM0p\ARM_GCC_541\Debug\cy_ipc_drv.o
                0x10001258                Cy_IPC_Drv_SendMsgWord
 .text.Cy_IPC_Drv_ReadMsgWord
                0x10001298       0x38 .\CortexM0p\ARM_GCC_541\Debug\cy_ipc_drv.o
                0x10001298                Cy_IPC_Drv_ReadMsgWord
 .text.Cy_IPC_Sema_InitExt
                0x100012d0       0xac .\CortexM0p\ARM_GCC_541\Debug\cy_ipc_sema.o
                0x100012d0                Cy_IPC_Sema_InitExt
 .text.Cy_IPC_Sema_Init
                0x1000137c       0x68 .\CortexM0p\ARM_GCC_541\Debug\cy_ipc_sema.o
                0x1000137c                Cy_IPC_Sema_Init
 .text.Cy_IPC_Sema_Set
                0x100013e4       0x8c .\CortexM0p\ARM_GCC_541\Debug\cy_ipc_sema.o
                0x100013e4                Cy_IPC_Sema_Set
 .text.Cy_IPC_Sema_Clear
                0x10001470       0x8c .\CortexM0p\ARM_GCC_541\Debug\cy_ipc_sema.o
                0x10001470                Cy_IPC_Sema_Clear
 .text.Cy_IPC_Sema_Status
                0x100014fc       0x3c .\CortexM0p\ARM_GCC_541\Debug\cy_ipc_sema.o
                0x100014fc                Cy_IPC_Sema_Status
 .text.Cy_IPC_Pipe_Config
                0x10001538       0x14 .\CortexM0p\ARM_GCC_541\Debug\cy_ipc_pipe.o
                0x10001538                Cy_IPC_Pipe_Config
 .text.Cy_IPC_Pipe_EndpointInit
                0x1000154c       0xd8 .\CortexM0p\ARM_GCC_541\Debug\cy_ipc_pipe.o
                0x1000154c                Cy_IPC_Pipe_EndpointInit
 .text.Cy_IPC_Pipe_Init
                0x10001624       0xbc .\CortexM0p\ARM_GCC_541\Debug\cy_ipc_pipe.o
                0x10001624                Cy_IPC_Pipe_Init
 .text.Cy_IPC_Pipe_SendMessage
                0x100016e0       0xb8 .\CortexM0p\ARM_GCC_541\Debug\cy_ipc_pipe.o
                0x100016e0                Cy_IPC_Pipe_SendMessage
 .text.Cy_IPC_Pipe_RegisterCallback
                0x10001798       0x54 .\CortexM0p\ARM_GCC_541\Debug\cy_ipc_pipe.o
                0x10001798                Cy_IPC_Pipe_RegisterCallback
 .text.Cy_IPC_Pipe_RegisterCallbackRel
                0x100017ec       0x30 .\CortexM0p\ARM_GCC_541\Debug\cy_ipc_pipe.o
                0x100017ec                Cy_IPC_Pipe_RegisterCallbackRel
 .text.Cy_IPC_Pipe_ExecCallback
                0x1000181c       0xd0 .\CortexM0p\ARM_GCC_541\Debug\cy_ipc_pipe.o
                0x1000181c                Cy_IPC_Pipe_ExecCallback
 .text.Cy_IPC_Pipe_ExecuteCallback
                0x100018ec       0x30 .\CortexM0p\ARM_GCC_541\Debug\cy_ipc_pipe.o
                0x100018ec                Cy_IPC_Pipe_ExecuteCallback
 .text.Cy_IPC_Pipe_EndpointPause
                0x1000191c       0x50 .\CortexM0p\ARM_GCC_541\Debug\cy_ipc_pipe.o
                0x1000191c                Cy_IPC_Pipe_EndpointPause
 .text.Cy_IPC_Pipe_EndpointResume
                0x1000196c       0x48 .\CortexM0p\ARM_GCC_541\Debug\cy_ipc_pipe.o
                0x1000196c                Cy_IPC_Pipe_EndpointResume
 .text.Cy_Prot_GetActivePC
                0x100019b4       0x34 .\CortexM0p\ARM_GCC_541\Debug\cy_prot.o
                0x100019b4                Cy_Prot_GetActivePC
 .text.Cy_SysClk_ClkPathSetSource
                0x100019e8       0x5c .\CortexM0p\ARM_GCC_541\Debug\cy_sysclk.o
                0x100019e8                Cy_SysClk_ClkPathSetSource
 .text.Cy_SysClk_ClkPathGetSource
                0x10001a44       0x4c .\CortexM0p\ARM_GCC_541\Debug\cy_sysclk.o
                0x10001a44                Cy_SysClk_ClkPathGetSource
 .text.Cy_SysClk_FllManualConfigure
                0x10001a90      0x178 .\CortexM0p\ARM_GCC_541\Debug\cy_sysclk.o
                0x10001a90                Cy_SysClk_FllManualConfigure
 .text.Cy_SysClk_FllEnable
                0x10001c08       0xdc .\CortexM0p\ARM_GCC_541\Debug\cy_sysclk.o
                0x10001c08                Cy_SysClk_FllEnable
 .text.Cy_SysClk_StartClkMeasurementCounters
                0x10001ce4      0x19c .\CortexM0p\ARM_GCC_541\Debug\cy_sysclk.o
                0x10001ce4                Cy_SysClk_StartClkMeasurementCounters
 .text.Cy_SysClk_ClkMeasurementCountersGetFreq
                0x10001e80       0xbc .\CortexM0p\ARM_GCC_541\Debug\cy_sysclk.o
                0x10001e80                Cy_SysClk_ClkMeasurementCountersGetFreq
 .text.Cy_SysInt_SetInterruptSource
                0x10001f3c       0x78 .\CortexM0p\ARM_GCC_541\Debug\cy_sysint.o
                0x10001f3c                Cy_SysInt_SetInterruptSource
 .text.Cy_SysInt_SetVector
                0x10001fb4       0x44 .\CortexM0p\ARM_GCC_541\Debug\cy_sysint.o
                0x10001fb4                Cy_SysInt_SetVector
 .text.Cy_SysInt_Init
                0x10001ff8       0xc4 .\CortexM0p\ARM_GCC_541\Debug\cy_sysint.o
                0x10001ff8                Cy_SysInt_Init
 .text.Cy_SysLib_DelayUs
                0x100020bc       0x14 .\CortexM0p\ARM_GCC_541\Debug\cy_syslib.o
                0x100020bc                Cy_SysLib_DelayUs
 .text.Cy_SysLib_Halt
                0x100020d0        0x4 .\CortexM0p\ARM_GCC_541\Debug\cy_syslib.o
                0x100020d0                Cy_SysLib_Halt
 .text.Cy_SysLib_AssertFailed
                0x100020d4       0x1c .\CortexM0p\ARM_GCC_541\Debug\cy_syslib.o
                0x100020d4                Cy_SysLib_AssertFailed
 .text.Cy_SysLib_ClearFlashCacheAndBuffer
                0x100020f0       0x10 .\CortexM0p\ARM_GCC_541\Debug\cy_syslib.o
                0x100020f0                Cy_SysLib_ClearFlashCacheAndBuffer
 .text.Cy_SysLib_ResetBackupDomain
                0x10002100       0x20 .\CortexM0p\ARM_GCC_541\Debug\cy_syslib.o
                0x10002100                Cy_SysLib_ResetBackupDomain
 .text.Cy_SysLib_GetResetReason
                0x10002120       0x1c .\CortexM0p\ARM_GCC_541\Debug\cy_syslib.o
                0x10002120                Cy_SysLib_GetResetReason
 .text.Cy_SysLib_ProcessingFault
                0x1000213c        0x4 .\CortexM0p\ARM_GCC_541\Debug\cy_syslib.o
                0x1000213c                Cy_SysLib_ProcessingFault
 .text.Cy_SysLib_FaultHandler
                0x10002140       0x30 .\CortexM0p\ARM_GCC_541\Debug\cy_syslib.o
                0x10002140                Cy_SysLib_FaultHandler
 .text.Cy_SysLib_SetWaitStates
                0x10002170       0xe0 .\CortexM0p\ARM_GCC_541\Debug\cy_syslib.o
                0x10002170                Cy_SysLib_SetWaitStates
 .text          0x10002250       0x20 .\CortexM0p\ARM_GCC_541\Debug\cy_syslib_gcc.o
                0x10002250                Cy_SysLib_DelayCycles
                0x10002262                Cy_SysLib_EnterCriticalSection
                0x1000226a                Cy_SysLib_ExitCriticalSection
 .text.SetReadMarginTrimUlp
                0x10002270       0x98 .\CortexM0p\ARM_GCC_541\Debug\cy_syspm.o
 .text.SetReadMarginTrimLp
                0x10002308       0x90 .\CortexM0p\ARM_GCC_541\Debug\cy_syspm.o
 .text.SetWriteAssistTrimUlp
                0x10002398       0x74 .\CortexM0p\ARM_GCC_541\Debug\cy_syspm.o
 .text.SetWriteAssistTrimLp
                0x1000240c       0x84 .\CortexM0p\ARM_GCC_541\Debug\cy_syspm.o
 .text.IsVoltageChangePossible
                0x10002490       0x58 .\CortexM0p\ARM_GCC_541\Debug\cy_syspm.o
 .text.Cy_SysPm_BuckIsOutputEnabled
                0x100024e8       0x5c .\CortexM0p\ARM_GCC_541\Debug\cy_syspm.o
                0x100024e8                Cy_SysPm_BuckIsOutputEnabled
 .text.Cy_SysPm_BuckSetVoltage2
                0x10002544       0x6c .\CortexM0p\ARM_GCC_541\Debug\cy_syspm.o
                0x10002544                Cy_SysPm_BuckSetVoltage2
 .text.Cy_SysPm_RegisterCallback
                0x100025b0       0x5c .\CortexM0p\ARM_GCC_541\Debug\cy_syspm.o
                0x100025b0                Cy_SysPm_RegisterCallback
 .text.Cy_SysPm_ExecuteCallback
                0x1000260c       0xd4 .\CortexM0p\ARM_GCC_541\Debug\cy_syspm.o
                0x1000260c                Cy_SysPm_ExecuteCallback
 .text.Cy_SysPm_CpuEnterSleep
                0x100026e0       0x8c .\CortexM0p\ARM_GCC_541\Debug\cy_syspm.o
                0x100026e0                Cy_SysPm_CpuEnterSleep
 .text.Cy_SysPm_IoUnfreeze
                0x1000276c       0x2c .\CortexM0p\ARM_GCC_541\Debug\cy_syspm.o
                0x1000276c                Cy_SysPm_IoUnfreeze
 .text.Cy_SysPm_WriteVoltageBitForFlash
                0x10002798      0x12c .\CortexM0p\ARM_GCC_541\Debug\cy_syspm.o
                0x10002798                Cy_SysPm_WriteVoltageBitForFlash
 .text.Cy_SysPm_BuckSetVoltage1
                0x100028c4       0xa0 .\CortexM0p\ARM_GCC_541\Debug\cy_syspm.o
                0x100028c4                Cy_SysPm_BuckSetVoltage1
 .text.Cy_SysPm_LdoSetVoltage
                0x10002964       0xd0 .\CortexM0p\ARM_GCC_541\Debug\cy_syspm.o
                0x10002964                Cy_SysPm_LdoSetVoltage
 .text.Cy_SysTick_SetClockSource
                0x10002a34       0x3c .\CortexM0p\ARM_GCC_541\Debug\cy_systick.o
                0x10002a34                Cy_SysTick_SetClockSource
 .text.Cy_WDT_Unlock
                0x10002a70       0x24 .\CortexM0p\ARM_GCC_541\Debug\cy_wdt.o
                0x10002a70                Cy_WDT_Unlock
 .text.Cy_PDL_Init
                0x10002a94        0xc .\CortexM0p\ARM_GCC_541\Debug\cy_device.o
                0x10002a94                Cy_PDL_Init
 .text.Cy_BLE_DeepSleepCallback
                0x10002aa0       0xb4 .\CortexM0p\ARM_GCC_541\Debug\cy_ble.o
                0x10002aa0                Cy_BLE_DeepSleepCallback
 .text.Cy_BLE_Init
                0x10002b54       0x18 .\CortexM0p\ARM_GCC_541\Debug\cy_ble.o
                0x10002b54                Cy_BLE_Init
 .text.Cy_BLE_Enable
                0x10002b6c       0x80 .\CortexM0p\ARM_GCC_541\Debug\cy_ble.o
                0x10002b6c                Cy_BLE_Enable
 .text.Cy_BLE_ConfigureExtPA
                0x10002bec       0x10 .\CortexM0p\ARM_GCC_541\Debug\cy_ble.o
                0x10002bec                Cy_BLE_ConfigureExtPA
 .text.Cy_BLE_BlessInterrupt
                0x10002bfc        0x8 .\CortexM0p\ARM_GCC_541\Debug\cy_ble_hal_int.o
                0x10002bfc                Cy_BLE_BlessInterrupt
 .text.Cy_BLE_IPC_CtrlMsgFlushRecvCallBack
                0x10002c04       0x10 .\CortexM0p\ARM_GCC_541\Debug\cy_ble_hal_pvt.o
 .text.Cy_BLE_HAL_RadioCalibrationRead
                0x10002c14       0x2c .\CortexM0p\ARM_GCC_541\Debug\cy_ble_hal_pvt.o
                0x10002c14                Cy_BLE_HAL_RadioCalibrationRead
 .text.Cy_BLE_HAL_NvramWrite
                0x10002c40      0x324 .\CortexM0p\ARM_GCC_541\Debug\cy_ble_hal_pvt.o
                0x10002c40                Cy_BLE_HAL_NvramWrite
 .text.Cy_BLE_HAL_RadioCalibrationWrite
                0x10002f64       0x2c .\CortexM0p\ARM_GCC_541\Debug\cy_ble_hal_pvt.o
                0x10002f64                Cy_BLE_HAL_RadioCalibrationWrite
 .text.Cy_BLE_HAL_GetIcPackageType
                0x10002f90        0x4 .\CortexM0p\ARM_GCC_541\Debug\cy_ble_hal_pvt.o
                0x10002f90                Cy_BLE_HAL_GetIcPackageType
 .text.Cy_BLE_HAL_RadioGetAbsVbat
                0x10002f94       0x20 .\CortexM0p\ARM_GCC_541\Debug\cy_ble_hal_pvt.o
                0x10002f94                Cy_BLE_HAL_RadioGetAbsVbat
 .text.Cy_BLE_HAL_RadioGetAbsTemp
                0x10002fb4       0x24 .\CortexM0p\ARM_GCC_541\Debug\cy_ble_hal_pvt.o
                0x10002fb4                Cy_BLE_HAL_RadioGetAbsTemp
 .text.Cy_BLE_HAL_IsDefinedTx5dbm
                0x10002fd8        0x4 .\CortexM0p\ARM_GCC_541\Debug\cy_ble_hal_pvt.o
                0x10002fd8                Cy_BLE_HAL_IsDefinedTx5dbm
 .text.Cy_BLE_HAL_DelayUs
                0x10002fdc        0x8 .\CortexM0p\ARM_GCC_541\Debug\cy_ble_hal_pvt.o
                0x10002fdc                Cy_BLE_HAL_DelayUs
 .text.Cy_BLE_HAL_EnableBlessInterrupt
                0x10002fe4       0x24 .\CortexM0p\ARM_GCC_541\Debug\cy_ble_hal_pvt.o
                0x10002fe4                Cy_BLE_HAL_EnableBlessInterrupt
 .text.Cy_BLE_HAL_DisableBlessInterrupt
                0x10003008       0x30 .\CortexM0p\ARM_GCC_541\Debug\cy_ble_hal_pvt.o
                0x10003008                Cy_BLE_HAL_DisableBlessInterrupt
 .text.Cy_BLE_HAL_LfClkGetSource
                0x10003038       0x14 .\CortexM0p\ARM_GCC_541\Debug\cy_ble_hal_pvt.o
                0x10003038                Cy_BLE_HAL_LfClkGetSource
 .text.Cy_BLE_HAL_ClkMeasurementCountersDone
                0x1000304c       0x14 .\CortexM0p\ARM_GCC_541\Debug\cy_ble_hal_pvt.o
                0x1000304c                Cy_BLE_HAL_ClkMeasurementCountersDone
 .text.Cy_BLE_HAL_ClkMeasurementCountersGetFreq
                0x10003060        0x8 .\CortexM0p\ARM_GCC_541\Debug\cy_ble_hal_pvt.o
                0x10003060                Cy_BLE_HAL_ClkMeasurementCountersGetFreq
 .text.Cy_BLE_HAL_StartClkMeasurementCounters
                0x10003068       0x2c .\CortexM0p\ARM_GCC_541\Debug\cy_ble_hal_pvt.o
                0x10003068                Cy_BLE_HAL_StartClkMeasurementCounters
 .text.Cy_BLE_HAL_TryPiloTrim
                0x10003094       0x78 .\CortexM0p\ARM_GCC_541\Debug\cy_ble_hal_pvt.o
                0x10003094                Cy_BLE_HAL_TryPiloTrim
 .text.Cy_BLE_HAL_PiloTrim
                0x1000310c       0x14 .\CortexM0p\ARM_GCC_541\Debug\cy_ble_hal_pvt.o
                0x1000310c                Cy_BLE_HAL_PiloTrim
 .text.Cy_BLE_HAL_BlessStart
                0x10003120       0x40 .\CortexM0p\ARM_GCC_541\Debug\cy_ble_hal_pvt.o
                0x10003120                Cy_BLE_HAL_BlessStart
 .text.Cy_BLE_HAL_GetIpBlockVersion
                0x10003160        0x4 .\CortexM0p\ARM_GCC_541\Debug\cy_ble_hal_pvt.o
                0x10003160                Cy_BLE_HAL_GetIpBlockVersion
 .text.Cy_BLE_HAL_EnterCriticalSection
                0x10003164        0x8 .\CortexM0p\ARM_GCC_541\Debug\cy_ble_hal_pvt.o
                0x10003164                Cy_BLE_HAL_EnterCriticalSection
 .text.Cy_BLE_HAL_ExitCriticalSection
                0x1000316c        0x8 .\CortexM0p\ARM_GCC_541\Debug\cy_ble_hal_pvt.o
                0x1000316c                Cy_BLE_HAL_ExitCriticalSection
 .text.Cy_BLE_HAL_SysPmSleep
                0x10003174        0x8 .\CortexM0p\ARM_GCC_541\Debug\cy_ble_hal_pvt.o
                0x10003174                Cy_BLE_HAL_SysPmSleep
 .text.Cy_BLE_HAL_SimoBuckSetVoltage2
                0x1000317c        0xc .\CortexM0p\ARM_GCC_541\Debug\cy_ble_hal_pvt.o
                0x1000317c                Cy_BLE_HAL_SimoBuckSetVoltage2
 .text.Cy_BLE_HAL_EnableControllerIpcPipeInterrupt
                0x10003188        0xc .\CortexM0p\ARM_GCC_541\Debug\cy_ble_hal_pvt.o
                0x10003188                Cy_BLE_HAL_EnableControllerIpcPipeInterrupt
 .text.Cy_BLE_HAL_DisableControllerIpcPipeInterrupt
                0x10003194        0xc .\CortexM0p\ARM_GCC_541\Debug\cy_ble_hal_pvt.o
                0x10003194                Cy_BLE_HAL_DisableControllerIpcPipeInterrupt
 .text.Cy_BLE_IPC_ControllerRegisterClientCallbacks
                0x100031a0       0x28 .\CortexM0p\ARM_GCC_541\Debug\cy_ble_hal_pvt.o
                0x100031a0                Cy_BLE_IPC_ControllerRegisterClientCallbacks
 .text.Cy_BLE_IPC_SendMessageToHost
                0x100031c8       0x20 .\CortexM0p\ARM_GCC_541\Debug\cy_ble_hal_pvt.o
                0x100031c8                Cy_BLE_IPC_SendMessageToHost
 .text.Cy_BLE_HAL_RcbRegRead
                0x100031e8       0x50 .\CortexM0p\ARM_GCC_541\Debug\cy_ble_clk.o
 .text.Cy_BLE_HAL_RcbRegWrite
                0x10003238       0x4c .\CortexM0p\ARM_GCC_541\Debug\cy_ble_clk.o
 .text.Cy_BLE_HAL_MxdRadioEnableClocks
                0x10003284      0x21c .\CortexM0p\ARM_GCC_541\Debug\cy_ble_clk.o
 .text.Cy_BLE_HAL_EcoSetTrim
                0x100034a0       0x38 .\CortexM0p\ARM_GCC_541\Debug\cy_ble_clk.o
 .text.Cy_BLE_EcoStop
                0x100034d8       0x18 .\CortexM0p\ARM_GCC_541\Debug\cy_ble_clk.o
                0x100034d8                Cy_BLE_EcoStop
 .text.Cy_BLE_HAL_Init
                0x100034f0       0x68 .\CortexM0p\ARM_GCC_541\Debug\cy_ble_clk.o
                0x100034f0                Cy_BLE_HAL_Init
 .text.Cy_BLE_EcoStart
                0x10003558      0x254 .\CortexM0p\ARM_GCC_541\Debug\cy_ble_clk.o
                0x10003558                Cy_BLE_EcoStart
 .text.Cy_BLE_HAL_EcoGetFrequency
                0x100037ac        0xc .\CortexM0p\ARM_GCC_541\Debug\cy_ble_clk.o
                0x100037ac                Cy_BLE_HAL_EcoGetFrequency
 .text.Cy_BLE_HAL_IsEcoCpuClockSrc
                0x100037b8       0x20 .\CortexM0p\ARM_GCC_541\Debug\cy_ble_clk.o
                0x100037b8                Cy_BLE_HAL_IsEcoCpuClockSrc
 .text.Cy_BLE_HAL_IsWcoLfclkSrc
                0x100037d8       0x24 .\CortexM0p\ARM_GCC_541\Debug\cy_ble_clk.o
                0x100037d8                Cy_BLE_HAL_IsWcoLfclkSrc
 .text          0x100037fc      0x114 c:/program files (x86)/cypress/psoc creator/4.4/psoc creator/import/gnu/arm/5.4.1/bin/../lib/gcc/arm-none-eabi/5.4.1/armv6-m\libgcc.a(_udivsi3.o)
                0x100037fc                __aeabi_uidiv
                0x100037fc                __udivsi3
                0x10003908                __aeabi_uidivmod
 .text          0x10003910      0x1d4 c:/program files (x86)/cypress/psoc creator/4.4/psoc creator/import/gnu/arm/5.4.1/bin/../lib/gcc/arm-none-eabi/5.4.1/armv6-m\libgcc.a(_divsi3.o)
                0x10003910                __divsi3
                0x10003910                __aeabi_idiv
                0x10003adc                __aeabi_idivmod
 .text          0x10003ae4        0x4 c:/program files (x86)/cypress/psoc creator/4.4/psoc creator/import/gnu/arm/5.4.1/bin/../lib/gcc/arm-none-eabi/5.4.1/armv6-m\libgcc.a(_dvmd_tls.o)
                0x10003ae4                __aeabi_idiv0
                0x10003ae4                __aeabi_ldiv0
 .text          0x10003ae8       0x40 c:/program files (x86)/cypress/psoc creator/4.4/psoc creator/import/gnu/arm/5.4.1/bin/../lib/gcc/arm-none-eabi/5.4.1/armv6-m\libgcc.a(_aeabi_uldivmod.o)
                0x10003ae8                __aeabi_uldivmod
 .text          0x10003b28       0x58 c:/program files (x86)/cypress/psoc creator/4.4/psoc creator/import/gnu/arm/5.4.1/bin/../lib/gcc/arm-none-eabi/5.4.1/armv6-m\libgcc.a(_muldi3.o)
                0x10003b28                __muldi3
                0x10003b28                __aeabi_lmul
 .text          0x10003b80       0x3c c:/program files (x86)/cypress/psoc creator/4.4/psoc creator/import/gnu/arm/5.4.1/bin/../lib/gcc/arm-none-eabi/5.4.1/armv6-m\libgcc.a(_fixunsdfsi.o)
                0x10003b80                __aeabi_d2uiz
                0x10003b80                __fixunsdfsi
 .text          0x10003bbc      0x180 c:/program files (x86)/cypress/psoc creator/4.4/psoc creator/import/gnu/arm/5.4.1/bin/../lib/gcc/arm-none-eabi/5.4.1/armv6-m\libgcc.a(_udivmoddi4.o)
                0x10003bbc                __udivmoddi4
 .text          0x10003d3c      0x62c c:/program files (x86)/cypress/psoc creator/4.4/psoc creator/import/gnu/arm/5.4.1/bin/../lib/gcc/arm-none-eabi/5.4.1/armv6-m\libgcc.a(divdf3.o)
                0x10003d3c                __aeabi_ddiv
 .text          0x10004368      0x4f4 c:/program files (x86)/cypress/psoc creator/4.4/psoc creator/import/gnu/arm/5.4.1/bin/../lib/gcc/arm-none-eabi/5.4.1/armv6-m\libgcc.a(muldf3.o)
                0x10004368                __aeabi_dmul
 .text          0x1000485c      0x6a8 c:/program files (x86)/cypress/psoc creator/4.4/psoc creator/import/gnu/arm/5.4.1/bin/../lib/gcc/arm-none-eabi/5.4.1/armv6-m\libgcc.a(subdf3.o)
                0x1000485c                __aeabi_dsub
 .text          0x10004f04       0x6c c:/program files (x86)/cypress/psoc creator/4.4/psoc creator/import/gnu/arm/5.4.1/bin/../lib/gcc/arm-none-eabi/5.4.1/armv6-m\libgcc.a(fixdfsi.o)
                0x10004f04                __aeabi_d2iz
 .text          0x10004f70       0x70 c:/program files (x86)/cypress/psoc creator/4.4/psoc creator/import/gnu/arm/5.4.1/bin/../lib/gcc/arm-none-eabi/5.4.1/armv6-m\libgcc.a(floatunsidf.o)
                0x10004f70                __aeabi_ui2d
 .text          0x10004fe0       0x7c c:/program files (x86)/cypress/psoc creator/4.4/psoc creator/import/gnu/arm/5.4.1/bin/../lib/gcc/arm-none-eabi/5.4.1/armv6-m\libgcc.a(_arm_cmpdf2.o)
                0x10004fe0                __aeabi_cdrcmple
                0x10004ff0                __aeabi_cdcmple
                0x10004ff0                __aeabi_cdcmpeq
                0x10005000                __aeabi_dcmpeq
                0x1000500c                __aeabi_dcmplt
                0x10005020                __aeabi_dcmple
                0x10005034                __aeabi_dcmpgt
                0x10005048                __aeabi_dcmpge
 .text          0x1000505c       0x3c c:/program files (x86)/cypress/psoc creator/4.4/psoc creator/import/gnu/arm/5.4.1/bin/../lib/gcc/arm-none-eabi/5.4.1/armv6-m\libgcc.a(_clzsi2.o)
                0x1000505c                __clzsi2
 .text          0x10005098       0x18 c:/program files (x86)/cypress/psoc creator/4.4/psoc creator/import/gnu/arm/5.4.1/bin/../lib/gcc/arm-none-eabi/5.4.1/armv6-m\libgcc.a(_clzdi2.o)
                0x10005098                __clzdi2
 .text          0x100050b0       0x80 c:/program files (x86)/cypress/psoc creator/4.4/psoc creator/import/gnu/arm/5.4.1/bin/../lib/gcc/arm-none-eabi/5.4.1/armv6-m\libgcc.a(eqdf2.o)
                0x100050b0                __nedf2
                0x100050b0                __eqdf2
 .text          0x10005130       0xc8 c:/program files (x86)/cypress/psoc creator/4.4/psoc creator/import/gnu/arm/5.4.1/bin/../lib/gcc/arm-none-eabi/5.4.1/armv6-m\libgcc.a(gedf2.o)
                0x10005130                __gedf2
                0x10005130                __gtdf2
 .text          0x100051f8       0xd4 c:/program files (x86)/cypress/psoc creator/4.4/psoc creator/import/gnu/arm/5.4.1/bin/../lib/gcc/arm-none-eabi/5.4.1/armv6-m\libgcc.a(ledf2.o)
                0x100051f8                __ledf2
                0x100051f8                __ltdf2
 .text.memcmp   0x100052cc       0x1e c:/program files (x86)/cypress/psoc creator/4.4/psoc creator/import/gnu/arm/5.4.1/bin/../lib/gcc/arm-none-eabi/5.4.1/../../../../arm-none-eabi/lib/armv6-m\libg_nano.a(lib_a-memcmp.o)
                0x100052cc                memcmp
 .text.memcpy   0x100052ea       0x12 c:/program files (x86)/cypress/psoc creator/4.4/psoc creator/import/gnu/arm/5.4.1/bin/../lib/gcc/arm-none-eabi/5.4.1/../../../../arm-none-eabi/lib/armv6-m\libg_nano.a(lib_a-memcpy-stub.o)
                0x100052ea                memcpy
 .text.memset   0x100052fc       0x10 c:/program files (x86)/cypress/psoc creator/4.4/psoc creator/import/gnu/arm/5.4.1/bin/../lib/gcc/arm-none-eabi/5.4.1/../../../../arm-none-eabi/lib/armv6-m\libg_nano.a(lib_a-memset.o)
                0x100052fc                memset
 .text.strncpy  0x1000530c       0x26 c:/program files (x86)/cypress/psoc creator/4.4/psoc creator/import/gnu/arm/5.4.1/bin/../lib/gcc/arm-none-eabi/5.4.1/../../../../arm-none-eabi/lib/armv6-m\libg_nano.a(lib_a-strncpy.o)
                0x1000530c                strncpy
 *(.init)
 *fill*         0x10005332        0x2 
 .init          0x10005334        0x4 c:/program files (x86)/cypress/psoc creator/4.4/psoc creator/import/gnu/arm/5.4.1/bin/../lib/gcc/arm-none-eabi/5.4.1/armv6-m/crti.o
                0x10005334                _init
 .init          0x10005338        0x8 c:/program files (x86)/cypress/psoc creator/4.4/psoc creator/import/gnu/arm/5.4.1/bin/../lib/gcc/arm-none-eabi/5.4.1/armv6-m/crtn.o
 *(.fini)
 .fini          0x10005340        0x4 c:/program files (x86)/cypress/psoc creator/4.4/psoc creator/import/gnu/arm/5.4.1/bin/../lib/gcc/arm-none-eabi/5.4.1/armv6-m/crti.o
                0x10005340                _fini
 .fini          0x10005344        0x8 c:/program files (x86)/cypress/psoc creator/4.4/psoc creator/import/gnu/arm/5.4.1/bin/../lib/gcc/arm-none-eabi/5.4.1/armv6-m/crtn.o
 *fill*         0x1000534c        0x4 
 .fini.__stub   0x10005350       0x10 linker stubs
 *crtbegin.o(.ctors)
 *crtbegin?.o(.ctors)
 *(EXCLUDE_FILE(*crtend.o *crtend?.o) .ctors)
 *(SORT(.ctors.*))
 *(.ctors)
 *crtbegin.o(.dtors)
 *crtbegin?.o(.dtors)
 *(EXCLUDE_FILE(*crtend.o *crtend?.o) .dtors)
 *(SORT(.dtors.*))
 *(.dtors)
 *(.rodata .rodata.* .constdata .constdata.* .conststring .conststring.*)
 .rodata        0x10005360       0x34 .\CortexM0p\ARM_GCC_541\Debug\system_psoc6_cm0plus.o
 .rodata.str1.4
                0x10005394       0x17 .\CortexM0p\ARM_GCC_541\Debug\system_psoc6_cm0plus.o
 *fill*         0x100053ab        0x1 
 .rodata        0x100053ac        0x8 .\CortexM0p\ARM_GCC_541\Debug\cyfitter_sysint_cfg.o
                0x100053ac                BLE_1_bless_isr_cfg
 .rodata        0x100053b4       0xec .\CortexM0p\ARM_GCC_541\Debug\cyfitter_cfg.o
 .rodata.str1.4
                0x100054a0       0x3f .\CortexM0p\ARM_GCC_541\Debug\cy_flash.o
 *fill*         0x100054df        0x1 
 .rodata.str1.4
                0x100054e0       0x7d .\CortexM0p\ARM_GCC_541\Debug\cy_gpio.o
 *fill*         0x1000555d        0x3 
 .rodata.str1.4
                0x10005560       0x7f .\CortexM0p\ARM_GCC_541\Debug\cy_ipc_drv.o
 .rodata.str1.4
                0x100055df       0x3f .\CortexM0p\ARM_GCC_541\Debug\cy_ipc_sema.o
 *fill*         0x100055df        0x1 
 .rodata.str1.4
                0x100055e0       0x40 .\CortexM0p\ARM_GCC_541\Debug\cy_ipc_pipe.o
                                 0x7f (size before relaxing)
 .rodata.str1.4
                0x10005620       0x3d .\CortexM0p\ARM_GCC_541\Debug\cy_prot.o
 *fill*         0x1000565d        0x3 
 .rodata.str1.4
                0x10005660       0x85 .\CortexM0p\ARM_GCC_541\Debug\cy_sysclk.o
 *fill*         0x100056e5        0x3 
 .rodata.str1.4
                0x100056e8       0x41 .\CortexM0p\ARM_GCC_541\Debug\cy_sysint.o
 *fill*         0x10005729        0x3 
 .rodata.str1.4
                0x1000572c       0x3f .\CortexM0p\ARM_GCC_541\Debug\cy_syspm.o
                                 0x7f (size before relaxing)
 *fill*         0x1000576b        0x1 
 .rodata        0x1000576c      0x170 .\CortexM0p\ARM_GCC_541\Debug\cy_device.o
                0x1000576c                cy_deviceIpBlockCfgPSoC6_02
                0x10005824                cy_deviceIpBlockCfgPSoC6_01
 .rodata.str1.4
                0x100058dc       0x3c .\CortexM0p\ARM_GCC_541\Debug\cy_ble_hal_pvt.o
                                 0x3b (size before relaxing)
 .rodata        0x10005918       0x6c .\CortexM0p\ARM_GCC_541\Debug\cy_ble_clk.o
 .constdata     0x10005984       0x4c Generated_Source\PSoC6\pdl\middleware\ble\lib\cy_ble_stack_gcc_controller_ipc_cm0p.a(config_bin.o)
                0x10005984                bt_cfg_pdata
 .constdata     0x100059d0       0x10 Generated_Source\PSoC6\pdl\middleware\ble\lib\cy_ble_stack_gcc_controller_ipc_cm0p.a(ll_connection.o)
                0x100059d0                g_slave_clock_accuracy
 .constdata     0x100059e0      0x102 Generated_Source\PSoC6\pdl\middleware\ble\lib\cy_ble_stack_gcc_controller_ipc_cm0p.a(ll_pdu.o)
                0x100059e0                enc_valid_pdu_list
                0x100059e8                fp_ll_pdu_handlers
                0x10005a4c                fp_ll_pdu_ack_handlers
                0x10005ab0                ll_pdu_valid_length
 *fill*         0x10005ae2        0x2 
 .constdata     0x10005ae4       0x88 Generated_Source\PSoC6\pdl\middleware\ble\lib\cy_ble_stack_gcc_controller_ipc_cm0p.a(ll_privacy.o)
 .constdata     0x10005b6c       0x40 Generated_Source\PSoC6\pdl\middleware\ble\lib\cy_ble_stack_gcc_controller_ipc_cm0p.a(ll_dle.o)
 .constdata     0x10005bac       0x50 Generated_Source\PSoC6\pdl\middleware\ble\lib\cy_ble_stack_gcc_controller_ipc_cm0p.a(ll_phy_update.o)
 .constdata     0x10005bfc       0x84 Generated_Source\PSoC6\pdl\middleware\ble\lib\cy_ble_stack_gcc_controller_ipc_cm0p.a(lec_hci_le_commands.o)
 .constdata     0x10005c80      0x3f6 Generated_Source\PSoC6\pdl\middleware\ble\lib\cy_ble_stack_gcc_controller_ipc_cm0p.a(lec_hci_le_commands.o)
 *fill*         0x10006076        0x2 
 .constdata     0x10006078       0x84 Generated_Source\PSoC6\pdl\middleware\ble\lib\cy_ble_stack_gcc_controller_ipc_cm0p.a(lec_hci_le_commands.o)
 .constdata     0x100060fc       0x84 Generated_Source\PSoC6\pdl\middleware\ble\lib\cy_ble_stack_gcc_controller_ipc_cm0p.a(lec_hci_le_commands.o)
 .constdata     0x10006180       0x21 Generated_Source\PSoC6\pdl\middleware\ble\lib\cy_ble_stack_gcc_controller_ipc_cm0p.a(lec_hci_le_commands.o)
 .constdata     0x100061a1       0x40 Generated_Source\PSoC6\pdl\middleware\ble\lib\cy_ble_stack_gcc_controller_ipc_cm0p.a(lec_hci_le_common_commands.o)
                0x100061a1                Cu8_hci_le_supported_commands_array
 *fill*         0x100061e1        0x3 
 .constdata     0x100061e4       0xcc Generated_Source\PSoC6\pdl\middleware\ble\lib\cy_ble_stack_gcc_controller_ipc_cm0p.a(lec_hci_le_privacy.o)
 .constdata     0x100062b0        0xc Generated_Source\PSoC6\pdl\middleware\ble\lib\cy_ble_stack_gcc_controller_ipc_cm0p.a(lec_hci_le_privacy.o)
 .constdata     0x100062bc       0x60 Generated_Source\PSoC6\pdl\middleware\ble\lib\cy_ble_stack_gcc_controller_ipc_cm0p.a(lec_hci_le_dle.o)
 .constdata     0x1000631c       0x78 Generated_Source\PSoC6\pdl\middleware\ble\lib\cy_ble_stack_gcc_controller_ipc_cm0p.a(lec_hci_le_phy_update.o)
 .conststring   0x10006394       0x87 Generated_Source\PSoC6\pdl\middleware\ble\lib\cy_ble_stack_gcc_controller_ipc_cm0p.a(drbg.o)
 *fill*         0x1000641b        0x1 
 .constdata     0x1000641c       0x60 Generated_Source\PSoC6\pdl\middleware\ble\lib\cy_ble_stack_gcc_radio_max_cm0p.a(CyBlessVer3.o)
                0x1000641c                rssiMap
 .rodata        0x1000647c       0x40 c:/program files (x86)/cypress/psoc creator/4.4/psoc creator/import/gnu/arm/5.4.1/bin/../lib/gcc/arm-none-eabi/5.4.1/armv6-m\libgcc.a(divdf3.o)
 .rodata        0x100064bc       0x40 c:/program files (x86)/cypress/psoc creator/4.4/psoc creator/import/gnu/arm/5.4.1/bin/../lib/gcc/arm-none-eabi/5.4.1/armv6-m\libgcc.a(muldf3.o)
 *(.eh_frame*)
 .eh_frame      0x100064fc        0x0 c:/program files (x86)/cypress/psoc creator/4.4/psoc creator/import/gnu/arm/5.4.1/bin/../lib/gcc/arm-none-eabi/5.4.1/armv6-m/crtbegin.o
 .eh_frame      0x100064fc        0x4 c:/program files (x86)/cypress/psoc creator/4.4/psoc creator/import/gnu/arm/5.4.1/bin/../lib/gcc/arm-none-eabi/5.4.1/armv6-m/crtend.o

.glue_7         0x10006500        0x0
 .glue_7        0x10006500        0x0 linker stubs

.glue_7t        0x10006500        0x0
 .glue_7t       0x10006500        0x0 linker stubs

.vfp11_veneer   0x10006500        0x0
 .vfp11_veneer  0x10006500        0x0 linker stubs

.v4_bx          0x10006500        0x0
 .v4_bx         0x10006500        0x0 linker stubs

.iplt           0x10006500        0x0
 .iplt          0x10006500        0x0 c:/program files (x86)/cypress/psoc creator/4.4/psoc creator/import/gnu/arm/5.4.1/bin/../lib/gcc/arm-none-eabi/5.4.1/armv6-m/crtbegin.o

i.CyBleStackMgr_Init
                0x10006500       0xf8
 i.CyBleStackMgr_Init
                0x10006500       0xf8 Generated_Source\PSoC6\pdl\middleware\ble\lib\cy_ble_stack_gcc_controller_ipc_cm0p.a(CyBleStackMgrIP_Interface.o)
                0x10006500                CyBleStackMgr_Init

i.CyBleStackMgr_ProcessBleEvents
                0x100065f8       0x2c
 i.CyBleStackMgr_ProcessBleEvents
                0x100065f8       0x2c Generated_Source\PSoC6\pdl\middleware\ble\lib\cy_ble_stack_gcc_controller_ipc_cm0p.a(CyBleStackMgrIP_Interface.o)
                0x100065f8                CyBleStackMgr_ProcessBleEvents

i.CyBleStackMgr_Shutdown
                0x10006624       0x28
 i.CyBleStackMgr_Shutdown
                0x10006624       0x28 Generated_Source\PSoC6\pdl\middleware\ble\lib\cy_ble_stack_gcc_controller_ipc_cm0p.a(CyBleStackMgrIP_Interface.o)
                0x10006624                CyBleStackMgr_Shutdown

i.CyBle_GetHeapConfig
                0x1000664c        0x8
 i.CyBle_GetHeapConfig
                0x1000664c        0x8 Generated_Source\PSoC6\pdl\middleware\ble\lib\cy_ble_stack_gcc_controller_ipc_cm0p.a(CyBleStackMgrIP_Interface.o)
                0x1000664c                CyBle_GetHeapConfig

i.CyBle_GetHeapMemory
                0x10006654       0x3c
 i.CyBle_GetHeapMemory
                0x10006654       0x3c Generated_Source\PSoC6\pdl\middleware\ble\lib\cy_ble_stack_gcc_controller_ipc_cm0p.a(CyBleStackMgrIP_Interface.o)
                0x10006654                CyBle_GetHeapMemory

i.CyBle_StackGetConfigPtr
                0x10006690        0x8
 i.CyBle_StackGetConfigPtr
                0x10006690        0x8 Generated_Source\PSoC6\pdl\middleware\ble\lib\cy_ble_stack_gcc_controller_ipc_cm0p.a(CyBleStackMgrIP_Interface.o)
                0x10006690                CyBle_StackGetConfigPtr

i.Cy_BLE_EnablePrivacyFeature
                0x10006698        0x8
 i.Cy_BLE_EnablePrivacyFeature
                0x10006698        0x8 Generated_Source\PSoC6\pdl\middleware\ble\lib\cy_ble_stack_gcc_controller_ipc_cm0p.a(CyBleStackMgrIP_Interface.o)
                0x10006698                Cy_BLE_EnablePrivacyFeature

i.Cy_BLE_GetStackLibraryVersion
                0x100066a0       0x20
 i.Cy_BLE_GetStackLibraryVersion
                0x100066a0       0x20 Generated_Source\PSoC6\pdl\middleware\ble\lib\cy_ble_stack_gcc_controller_ipc_cm0p.a(CyBleStackMgrIP_Interface.o)
                0x100066a0                Cy_BLE_GetStackLibraryVersion

i.Cy_BLE_ProcessEvents
                0x100066c0        0x8
 i.Cy_BLE_ProcessEvents
                0x100066c0        0x8 Generated_Source\PSoC6\pdl\middleware\ble\lib\cy_ble_stack_gcc_controller_ipc_cm0p.a(CyBleStackMgrIP_Interface.o)
                0x100066c0                Cy_BLE_ProcessEvents

i.Cy_BLE_StackEnterLPM
                0x100066c8        0x8
 i.Cy_BLE_StackEnterLPM
                0x100066c8        0x8 Generated_Source\PSoC6\pdl\middleware\ble\lib\cy_ble_stack_gcc_controller_ipc_cm0p.a(CyBleStackMgrIP_Interface.o)
                0x100066c8                Cy_BLE_StackEnterLPM

i.Cy_BLE_StackGetBleSsState
                0x100066d0        0x8
 i.Cy_BLE_StackGetBleSsState
                0x100066d0        0x8 Generated_Source\PSoC6\pdl\middleware\ble\lib\cy_ble_stack_gcc_controller_ipc_cm0p.a(CyBleStackMgrIP_Interface.o)
                0x100066d0                Cy_BLE_StackGetBleSsState

i.Cy_BLE_StackInit
                0x100066d8       0x58
 i.Cy_BLE_StackInit
                0x100066d8       0x58 Generated_Source\PSoC6\pdl\middleware\ble\lib\cy_ble_stack_gcc_controller_ipc_cm0p.a(CyBleStackMgrIP_Interface.o)
                0x100066d8                Cy_BLE_StackInit

i.Cy_BLE_StackSetFeatureConfig
                0x10006730       0x54
 i.Cy_BLE_StackSetFeatureConfig
                0x10006730       0x54 Generated_Source\PSoC6\pdl\middleware\ble\lib\cy_ble_stack_gcc_controller_ipc_cm0p.a(CyBleStackMgrIP_Interface.o)
                0x10006730                Cy_BLE_StackSetFeatureConfig

i.ble_stack_idle_task_callback
                0x10006784        0x2
 i.ble_stack_idle_task_callback
                0x10006784        0x2 Generated_Source\PSoC6\pdl\middleware\ble\lib\cy_ble_stack_gcc_controller_ipc_cm0p.a(CyBleStackMgrIP_Interface.o)
                0x10006784                ble_stack_idle_task_callback

i.CyBleStackMgr_GetTime
                0x10006788       0x28
 i.CyBleStackMgr_GetTime
                0x10006788       0x28 Generated_Source\PSoC6\pdl\middleware\ble\lib\cy_ble_stack_gcc_controller_ipc_cm0p.a(CyBleStackMgr_PSoCHal.o)
                0x10006788                CyBleStackMgr_GetTime

i.CyBleStackMgr_HalInit
                0x100067b0       0x1c
 i.CyBleStackMgr_HalInit
                0x100067b0       0x1c Generated_Source\PSoC6\pdl\middleware\ble\lib\cy_ble_stack_gcc_controller_ipc_cm0p.a(CyBleStackMgr_PSoCHal.o)
                0x100067b0                CyBleStackMgr_HalInit

i.CyBleStackMgr_HalIntrEnable
                0x100067cc        0xc
 i.CyBleStackMgr_HalIntrEnable
                0x100067cc        0xc Generated_Source\PSoC6\pdl\middleware\ble\lib\cy_ble_stack_gcc_controller_ipc_cm0p.a(CyBleStackMgr_PSoCHal.o)
                0x100067cc                CyBleStackMgr_HalIntrEnable

i.CyBleStackMgr_HciPortInit
                0x100067d8       0x18
 i.CyBleStackMgr_HciPortInit
                0x100067d8       0x18 Generated_Source\PSoC6\pdl\middleware\ble\lib\cy_ble_stack_gcc_controller_ipc_cm0p.a(CyBleStackMgr_PSoCHal.o)
                0x100067d8                CyBleStackMgr_HciPortInit

i.CyBleStackMgr_HciPortReset
                0x100067f0        0x8
 i.CyBleStackMgr_HciPortReset
                0x100067f0        0x8 Generated_Source\PSoC6\pdl\middleware\ble\lib\cy_ble_stack_gcc_controller_ipc_cm0p.a(CyBleStackMgr_PSoCHal.o)
                0x100067f0                CyBleStackMgr_HciPortReset

i.CyBleStackMgr_HciPortWrite
                0x100067f8        0x8
 i.CyBleStackMgr_HciPortWrite
                0x100067f8        0x8 Generated_Source\PSoC6\pdl\middleware\ble\lib\cy_ble_stack_gcc_controller_ipc_cm0p.a(CyBleStackMgr_PSoCHal.o)
                0x100067f8                CyBleStackMgr_HciPortWrite

i.CyBleStackMgr_TimerStart
                0x10006800       0x20
 i.CyBleStackMgr_TimerStart
                0x10006800       0x20 Generated_Source\PSoC6\pdl\middleware\ble\lib\cy_ble_stack_gcc_controller_ipc_cm0p.a(CyBleStackMgr_PSoCHal.o)
                0x10006800                CyBleStackMgr_TimerStart

i.CyBleStackMgr_TimerStop
                0x10006820       0x18
 i.CyBleStackMgr_TimerStop
                0x10006820       0x18 Generated_Source\PSoC6\pdl\middleware\ble\lib\cy_ble_stack_gcc_controller_ipc_cm0p.a(CyBleStackMgr_PSoCHal.o)
                0x10006820                CyBleStackMgr_TimerStop

i.CyBleStackMgr_isTimerRunning
                0x10006838        0xc
 i.CyBleStackMgr_isTimerRunning
                0x10006838        0xc Generated_Source\PSoC6\pdl\middleware\ble\lib\cy_ble_stack_gcc_controller_ipc_cm0p.a(CyBleStackMgr_PSoCHal.o)
                0x10006838                CyBleStackMgr_isTimerRunning

i.CyBleStackMgr_BleSSFifoRead
                0x10006844       0x3c
 i.CyBleStackMgr_BleSSFifoRead
                0x10006844       0x3c Generated_Source\PSoC6\pdl\middleware\ble\lib\cy_ble_stack_gcc_controller_ipc_cm0p.a(CyBleStackMgr_BleSSDriver.o)
                0x10006844                CyBleStackMgr_BleSSFifoRead

i.CyBleStackMgr_BleSSFifoWrite
                0x10006880       0x30
 i.CyBleStackMgr_BleSSFifoWrite
                0x10006880       0x30 Generated_Source\PSoC6\pdl\middleware\ble\lib\cy_ble_stack_gcc_controller_ipc_cm0p.a(CyBleStackMgr_BleSSDriver.o)
                0x10006880                CyBleStackMgr_BleSSFifoWrite

i.CyBleStackMgr_BleSSInit
                0x100068b0       0xac
 i.CyBleStackMgr_BleSSInit
                0x100068b0       0xac Generated_Source\PSoC6\pdl\middleware\ble\lib\cy_ble_stack_gcc_controller_ipc_cm0p.a(CyBleStackMgr_BleSSDriver.o)
                0x100068b0                CyBleStackMgr_BleSSInit

i.CyBleStackMgr_BleSSMemRead
                0x1000695c       0x30
 i.CyBleStackMgr_BleSSMemRead
                0x1000695c       0x30 Generated_Source\PSoC6\pdl\middleware\ble\lib\cy_ble_stack_gcc_controller_ipc_cm0p.a(CyBleStackMgr_BleSSDriver.o)
                0x1000695c                CyBleStackMgr_BleSSMemRead

i.CyBleStackMgr_BleSSMemWrite
                0x1000698c       0x34
 i.CyBleStackMgr_BleSSMemWrite
                0x1000698c       0x34 Generated_Source\PSoC6\pdl\middleware\ble\lib\cy_ble_stack_gcc_controller_ipc_cm0p.a(CyBleStackMgr_BleSSDriver.o)
                0x1000698c                CyBleStackMgr_BleSSMemWrite

i.CyBleStackMgr_BleSSMemWriteFields
                0x100069c0       0x70
 i.CyBleStackMgr_BleSSMemWriteFields
                0x100069c0       0x70 Generated_Source\PSoC6\pdl\middleware\ble\lib\cy_ble_stack_gcc_controller_ipc_cm0p.a(CyBleStackMgr_BleSSDriver.o)
                0x100069c0                CyBleStackMgr_BleSSMemWriteFields

i.CyBleStackMgr_BleSSReset
                0x10006a30       0x34
 i.CyBleStackMgr_BleSSReset
                0x10006a30       0x34 Generated_Source\PSoC6\pdl\middleware\ble\lib\cy_ble_stack_gcc_controller_ipc_cm0p.a(CyBleStackMgr_BleSSDriver.o)
                0x10006a30                CyBleStackMgr_BleSSReset

i.CyBleStackMgr_BleSSShutdown
                0x10006a64       0x34
 i.CyBleStackMgr_BleSSShutdown
                0x10006a64       0x34 Generated_Source\PSoC6\pdl\middleware\ble\lib\cy_ble_stack_gcc_controller_ipc_cm0p.a(CyBleStackMgr_BleSSDriver.o)
                0x10006a64                CyBleStackMgr_BleSSShutdown

i.CyBleStackMgr_GenericIface
                0x10006a98       0x58
 i.CyBleStackMgr_GenericIface
                0x10006a98       0x58 Generated_Source\PSoC6\pdl\middleware\ble\lib\cy_ble_stack_gcc_controller_ipc_cm0p.a(CyBleStackMgr_BleSSDriver.o)
                0x10006a98                CyBleStackMgr_GenericIface

i.CyBleStackMgr_HandleBleSSIntr
                0x10006af0       0x70
 i.CyBleStackMgr_HandleBleSSIntr
                0x10006af0       0x70 Generated_Source\PSoC6\pdl\middleware\ble\lib\cy_ble_stack_gcc_controller_ipc_cm0p.a(CyBleStackMgr_BleSSDriver.o)
                0x10006af0                CyBleStackMgr_HandleBleSSIntr

i.CyBle_ControllerGetBleClockCfgParam
                0x10006b60       0x20
 i.CyBle_ControllerGetBleClockCfgParam
                0x10006b60       0x20 Generated_Source\PSoC6\pdl\middleware\ble\lib\cy_ble_stack_gcc_controller_ipc_cm0p.a(CyBleStackMgr_BleSSDriver.o)
                0x10006b60                CyBle_ControllerGetBleClockCfgParam

i.CyBle_ControllerGetTxPowerLevel
                0x10006b80       0x3c
 i.CyBle_ControllerGetTxPowerLevel
                0x10006b80       0x3c Generated_Source\PSoC6\pdl\middleware\ble\lib\cy_ble_stack_gcc_controller_ipc_cm0p.a(CyBleStackMgr_BleSSDriver.o)
                0x10006b80                CyBle_ControllerGetTxPowerLevel

i.CyBle_ControllerSetBleClockCfgParam
                0x10006bbc       0x30
 i.CyBle_ControllerSetBleClockCfgParam
                0x10006bbc       0x30 Generated_Source\PSoC6\pdl\middleware\ble\lib\cy_ble_stack_gcc_controller_ipc_cm0p.a(CyBleStackMgr_BleSSDriver.o)
                0x10006bbc                CyBle_ControllerSetBleClockCfgParam

i.CyBle_ControllerSetDcxoLdoTrim
                0x10006bec       0x1c
 i.CyBle_ControllerSetDcxoLdoTrim
                0x10006bec       0x1c Generated_Source\PSoC6\pdl\middleware\ble\lib\cy_ble_stack_gcc_controller_ipc_cm0p.a(CyBleStackMgr_BleSSDriver.o)
                0x10006bec                CyBle_ControllerSetDcxoLdoTrim

i.CyBle_ControllerSetTxPowerLevel
                0x10006c08       0x2c
 i.CyBle_ControllerSetTxPowerLevel
                0x10006c08       0x2c Generated_Source\PSoC6\pdl\middleware\ble\lib\cy_ble_stack_gcc_controller_ipc_cm0p.a(CyBleStackMgr_BleSSDriver.o)
                0x10006c08                CyBle_ControllerSetTxPowerLevel

i.CyBle_EnterDsmMode
                0x10006c34       0x34
 i.CyBle_EnterDsmMode
                0x10006c34       0x34 Generated_Source\PSoC6\pdl\middleware\ble\lib\cy_ble_stack_gcc_controller_ipc_cm0p.a(CyBleStackMgr_BleSSDriver.o)
                0x10006c34                CyBle_EnterDsmMode

i.CyBle_ExitDsmMode
                0x10006c68       0x34
 i.CyBle_ExitDsmMode
                0x10006c68       0x34 Generated_Source\PSoC6\pdl\middleware\ble\lib\cy_ble_stack_gcc_controller_ipc_cm0p.a(CyBleStackMgr_BleSSDriver.o)
                0x10006c68                CyBle_ExitDsmMode

i.CyBle_GetBleSsOperationalMode
                0x10006c9c        0xc
 i.CyBle_GetBleSsOperationalMode
                0x10006c9c        0xc Generated_Source\PSoC6\pdl\middleware\ble\lib\cy_ble_stack_gcc_controller_ipc_cm0p.a(CyBleStackMgr_BleSSDriver.o)
                0x10006c9c                CyBle_GetBleSsOperationalMode

i.CyBle_GetEventCloseState
                0x10006ca8       0x10
 i.CyBle_GetEventCloseState
                0x10006ca8       0x10 Generated_Source\PSoC6\pdl\middleware\ble\lib\cy_ble_stack_gcc_controller_ipc_cm0p.a(CyBleStackMgr_BleSSDriver.o)
                0x10006ca8                CyBle_GetEventCloseState

i.CyBle_GetLpMode
                0x10006cb8       0x1c
 i.CyBle_GetLpMode
                0x10006cb8       0x1c Generated_Source\PSoC6\pdl\middleware\ble\lib\cy_ble_stack_gcc_controller_ipc_cm0p.a(CyBleStackMgr_BleSSDriver.o)
                0x10006cb8                CyBle_GetLpMode

i.CyBle_GetTxGainMode
                0x10006cd4        0xe
 i.CyBle_GetTxGainMode
                0x10006cd4        0xe Generated_Source\PSoC6\pdl\middleware\ble\lib\cy_ble_stack_gcc_controller_ipc_cm0p.a(CyBleStackMgr_BleSSDriver.o)
                0x10006cd4                CyBle_GetTxGainMode

i.CyBle_SetAutoWakeUp
                0x10006ce4        0xc
 i.CyBle_SetAutoWakeUp
                0x10006ce4        0xc Generated_Source\PSoC6\pdl\middleware\ble\lib\cy_ble_stack_gcc_controller_ipc_cm0p.a(CyBleStackMgr_BleSSDriver.o)
                0x10006ce4                CyBle_SetAutoWakeUp

i.CyBle_SetBleSsOperationalMode
                0x10006cf0       0x34
 i.CyBle_SetBleSsOperationalMode
                0x10006cf0       0x34 Generated_Source\PSoC6\pdl\middleware\ble\lib\cy_ble_stack_gcc_controller_ipc_cm0p.a(CyBleStackMgr_BleSSDriver.o)
                0x10006cf0                CyBle_SetBleSsOperationalMode

i.CyBle_SetEventCloseState
                0x10006d24        0xc
 i.CyBle_SetEventCloseState
                0x10006d24        0xc Generated_Source\PSoC6\pdl\middleware\ble\lib\cy_ble_stack_gcc_controller_ipc_cm0p.a(CyBleStackMgr_BleSSDriver.o)
                0x10006d24                CyBle_SetEventCloseState

i.CyBle_CheckBleStackTaskStatus
                0x10006d30        0x4
 i.CyBle_CheckBleStackTaskStatus
                0x10006d30        0x4 Generated_Source\PSoC6\pdl\middleware\ble\lib\cy_ble_stack_gcc_controller_ipc_cm0p.a(CyBleStackMgr_StackTaskHandler.o)
                0x10006d30                CyBle_CheckBleStackTaskStatus

i.CyBle_CreateBleStackTask
                0x10006d34       0x30
 i.CyBle_CreateBleStackTask
                0x10006d34       0x30 Generated_Source\PSoC6\pdl\middleware\ble\lib\cy_ble_stack_gcc_controller_ipc_cm0p.a(CyBleStackMgr_StackTaskHandler.o)
                0x10006d34                CyBle_CreateBleStackTask

i.CyBle_SignalBleStackTask
                0x10006d64       0x44
 i.CyBle_SignalBleStackTask
                0x10006d64       0x44 Generated_Source\PSoC6\pdl\middleware\ble\lib\cy_ble_stack_gcc_controller_ipc_cm0p.a(CyBleStackMgr_StackTaskHandler.o)
                0x10006d64                CyBle_SignalBleStackTask

i.CyBle_StackTaskHandler
                0x10006da8       0x26
 i.CyBle_StackTaskHandler
                0x10006da8       0x26 Generated_Source\PSoC6\pdl\middleware\ble\lib\cy_ble_stack_gcc_controller_ipc_cm0p.a(CyBleStackMgr_StackTaskHandler.o)
                0x10006da8                CyBle_StackTaskHandler

i.IsStackTaskFree
                0x10006dd0       0x10
 i.IsStackTaskFree
                0x10006dd0       0x10 Generated_Source\PSoC6\pdl\middleware\ble\lib\cy_ble_stack_gcc_controller_ipc_cm0p.a(CyBleStackMgr_StackTaskHandler.o)
                0x10006dd0                IsStackTaskFree

i.BT_start_timer
                0x10006de0      0x110
 i.BT_start_timer
                0x10006de0      0x110 Generated_Source\PSoC6\pdl\middleware\ble\lib\cy_ble_stack_gcc_controller_ipc_cm0p.a(BT_timer.o)
                0x10006de0                BT_start_timer

i.BT_start_timer_controller
                0x10006ef0       0x28
 i.BT_start_timer_controller
                0x10006ef0       0x28 Generated_Source\PSoC6\pdl\middleware\ble\lib\cy_ble_stack_gcc_controller_ipc_cm0p.a(BT_timer.o)
                0x10006ef0                BT_start_timer_controller

i.BT_start_timer_pilo
                0x10006f18       0x28
 i.BT_start_timer_pilo
                0x10006f18       0x28 Generated_Source\PSoC6\pdl\middleware\ble\lib\cy_ble_stack_gcc_controller_ipc_cm0p.a(BT_timer.o)
                0x10006f18                BT_start_timer_pilo

i.BT_stop_timer
                0x10006f40       0xc8
 i.BT_stop_timer
                0x10006f40       0xc8 Generated_Source\PSoC6\pdl\middleware\ble\lib\cy_ble_stack_gcc_controller_ipc_cm0p.a(BT_timer.o)
                0x10006f40                BT_stop_timer

i.BT_stop_timer_controller
                0x10007008       0x28
 i.BT_stop_timer_controller
                0x10007008       0x28 Generated_Source\PSoC6\pdl\middleware\ble\lib\cy_ble_stack_gcc_controller_ipc_cm0p.a(BT_timer.o)
                0x10007008                BT_stop_timer_controller

i.BT_stop_timer_pilo
                0x10007030       0x28
 i.BT_stop_timer_pilo
                0x10007030       0x28 Generated_Source\PSoC6\pdl\middleware\ble\lib\cy_ble_stack_gcc_controller_ipc_cm0p.a(BT_timer.o)
                0x10007030                BT_stop_timer_pilo

i.BT_timer_process_signals
                0x10007058       0xf8
 i.BT_timer_process_signals
                0x10007058       0xf8 Generated_Source\PSoC6\pdl\middleware\ble\lib\cy_ble_stack_gcc_controller_ipc_cm0p.a(BT_timer.o)
                0x10007058                BT_timer_process_signals

i.timer_allocated_entity
                0x10007150       0x34
 i.timer_allocated_entity
                0x10007150       0x34 Generated_Source\PSoC6\pdl\middleware\ble\lib\cy_ble_stack_gcc_controller_ipc_cm0p.a(BT_timer.o)
                0x10007150                timer_allocated_entity

i.timer_init    0x10007184       0x30
 i.timer_init   0x10007184       0x30 Generated_Source\PSoC6\pdl\middleware\ble\lib\cy_ble_stack_gcc_controller_ipc_cm0p.a(BT_timer.o)
                0x10007184                timer_init

i.timer_update_offsets
                0x100071b4       0x34
 i.timer_update_offsets
                0x100071b4       0x34 Generated_Source\PSoC6\pdl\middleware\ble\lib\cy_ble_stack_gcc_controller_ipc_cm0p.a(BT_timer.o)

i.BT_ISROSQPost
                0x100071e8        0xa
 i.BT_ISROSQPost
                0x100071e8        0xa Generated_Source\PSoC6\pdl\middleware\ble\lib\cy_ble_stack_gcc_controller_ipc_cm0p.a(bt_os_common.o)
                0x100071e8                BT_ISROSQPost

i.BT_OSQPost    0x100071f2        0xa
 i.BT_OSQPost   0x100071f2        0xa Generated_Source\PSoC6\pdl\middleware\ble\lib\cy_ble_stack_gcc_controller_ipc_cm0p.a(bt_os_common.o)
                0x100071f2                BT_OSQPost

i.BT_thread_create
                0x100071fc       0x30
 i.BT_thread_create
                0x100071fc       0x30 Generated_Source\PSoC6\pdl\middleware\ble\lib\cy_ble_stack_gcc_controller_ipc_cm0p.a(bt_os_common.o)
                0x100071fc                BT_thread_create

i.pf_timer_handle_tick
                0x1000722c       0x20
 i.pf_timer_handle_tick
                0x1000722c       0x20 Generated_Source\PSoC6\pdl\middleware\ble\lib\cy_ble_stack_gcc_controller_ipc_cm0p.a(bt_os_common.o)
                0x1000722c                pf_timer_handle_tick

i.CyPilo_ApplyTrim
                0x1000724c       0x88
 i.CyPilo_ApplyTrim
                0x1000724c       0x88 Generated_Source\PSoC6\pdl\middleware\ble\lib\cy_ble_stack_gcc_controller_ipc_cm0p.a(CyBleStackMgrIP_Pilo.o)

i.CyPilo_DSMExitCalibration
                0x100072d4       0x14
 i.CyPilo_DSMExitCalibration
                0x100072d4       0x14 Generated_Source\PSoC6\pdl\middleware\ble\lib\cy_ble_stack_gcc_controller_ipc_cm0p.a(CyBleStackMgrIP_Pilo.o)
                0x100072d4                CyPilo_DSMExitCalibration

i.CyPilo_GetState
                0x100072e8        0xc
 i.CyPilo_GetState
                0x100072e8        0xc Generated_Source\PSoC6\pdl\middleware\ble\lib\cy_ble_stack_gcc_controller_ipc_cm0p.a(CyBleStackMgrIP_Pilo.o)
                0x100072e8                CyPilo_GetState

i.CyPilo_InitCalibration
                0x100072f4       0x18
 i.CyPilo_InitCalibration
                0x100072f4       0x18 Generated_Source\PSoC6\pdl\middleware\ble\lib\cy_ble_stack_gcc_controller_ipc_cm0p.a(CyBleStackMgrIP_Pilo.o)
                0x100072f4                CyPilo_InitCalibration

i.CyPilo_PeriodicCalibTimeout
                0x1000730c       0x24
 i.CyPilo_PeriodicCalibTimeout
                0x1000730c       0x24 Generated_Source\PSoC6\pdl\middleware\ble\lib\cy_ble_stack_gcc_controller_ipc_cm0p.a(CyBleStackMgrIP_Pilo.o)

i.CyPilo_RetryCalibration
                0x10007330       0x20
 i.CyPilo_RetryCalibration
                0x10007330       0x20 Generated_Source\PSoC6\pdl\middleware\ble\lib\cy_ble_stack_gcc_controller_ipc_cm0p.a(CyBleStackMgrIP_Pilo.o)

i.CyPilo_SetCalibInterval
                0x10007350        0xc
 i.CyPilo_SetCalibInterval
                0x10007350        0xc Generated_Source\PSoC6\pdl\middleware\ble\lib\cy_ble_stack_gcc_controller_ipc_cm0p.a(CyBleStackMgrIP_Pilo.o)
                0x10007350                CyPilo_SetCalibInterval

i.CyPilo_SetState
                0x1000735c        0xc
 i.CyPilo_SetState
                0x1000735c        0xc Generated_Source\PSoC6\pdl\middleware\ble\lib\cy_ble_stack_gcc_controller_ipc_cm0p.a(CyBleStackMgrIP_Pilo.o)
                0x1000735c                CyPilo_SetState

i.CyPilo_ShutdownCalibration
                0x10007368       0x1c
 i.CyPilo_ShutdownCalibration
                0x10007368       0x1c Generated_Source\PSoC6\pdl\middleware\ble\lib\cy_ble_stack_gcc_controller_ipc_cm0p.a(CyBleStackMgrIP_Pilo.o)
                0x10007368                CyPilo_ShutdownCalibration

i.CyPilo_StopPeriodicTimer
                0x10007384       0x10
 i.CyPilo_StopPeriodicTimer
                0x10007384       0x10 Generated_Source\PSoC6\pdl\middleware\ble\lib\cy_ble_stack_gcc_controller_ipc_cm0p.a(CyBleStackMgrIP_Pilo.o)
                0x10007384                CyPilo_StopPeriodicTimer

i.CyPilo_TriggerCalibration
                0x10007394       0x54
 i.CyPilo_TriggerCalibration
                0x10007394       0x54 Generated_Source\PSoC6\pdl\middleware\ble\lib\cy_ble_stack_gcc_controller_ipc_cm0p.a(CyBleStackMgrIP_Pilo.o)
                0x10007394                CyPilo_TriggerCalibration

i.CyPilo_UpdateCalibInterval
                0x100073e8       0x34
 i.CyPilo_UpdateCalibInterval
                0x100073e8       0x34 Generated_Source\PSoC6\pdl\middleware\ble\lib\cy_ble_stack_gcc_controller_ipc_cm0p.a(CyBleStackMgrIP_Pilo.o)
                0x100073e8                CyPilo_UpdateCalibInterval

i.OS_init       0x1000741c       0x64
 i.OS_init      0x1000741c       0x64 Generated_Source\PSoC6\pdl\middleware\ble\lib\cy_ble_stack_gcc_controller_ipc_cm0p.a(mint_os.o)
                0x1000741c                OS_init

i.OS_shutdown   0x10007480        0x4
 i.OS_shutdown  0x10007480        0x4 Generated_Source\PSoC6\pdl\middleware\ble\lib\cy_ble_stack_gcc_controller_ipc_cm0p.a(mint_os.o)
                0x10007480                OS_shutdown

i.mintos_malloc
                0x10007484       0x34
 i.mintos_malloc
                0x10007484       0x34 Generated_Source\PSoC6\pdl\middleware\ble\lib\cy_ble_stack_gcc_controller_ipc_cm0p.a(mint_os.o)
                0x10007484                mintos_malloc

i.OS_create_queue
                0x100074b8       0x64
 i.OS_create_queue
                0x100074b8       0x64 Generated_Source\PSoC6\pdl\middleware\ble\lib\cy_ble_stack_gcc_controller_ipc_cm0p.a(mint_os_queue.o)
                0x100074b8                OS_create_queue

i.OS_enqueue_item
                0x1000751c       0xa4
 i.OS_enqueue_item
                0x1000751c       0xa4 Generated_Source\PSoC6\pdl\middleware\ble\lib\cy_ble_stack_gcc_controller_ipc_cm0p.a(mint_os_queue.o)
                0x1000751c                OS_enqueue_item

i.OS_queue_get_num_of_items
                0x100075c0       0x28
 i.OS_queue_get_num_of_items
                0x100075c0       0x28 Generated_Source\PSoC6\pdl\middleware\ble\lib\cy_ble_stack_gcc_controller_ipc_cm0p.a(mint_os_queue.o)
                0x100075c0                OS_queue_get_num_of_items

i.OS_queue_mgmt_init
                0x100075e8       0x40
 i.OS_queue_mgmt_init
                0x100075e8       0x40 Generated_Source\PSoC6\pdl\middleware\ble\lib\cy_ble_stack_gcc_controller_ipc_cm0p.a(mint_os_queue.o)
                0x100075e8                OS_queue_mgmt_init

i.OS_remove_item
                0x10007628       0xb8
 i.OS_remove_item
                0x10007628       0xb8 Generated_Source\PSoC6\pdl\middleware\ble\lib\cy_ble_stack_gcc_controller_ipc_cm0p.a(mint_os_queue.o)
                0x10007628                OS_remove_item

i.OS_create_task
                0x100076e0       0x88
 i.OS_create_task
                0x100076e0       0x88 Generated_Source\PSoC6\pdl\middleware\ble\lib\cy_ble_stack_gcc_controller_ipc_cm0p.a(mint_os_task.o)
                0x100076e0                OS_create_task

i.OS_is_task_free
                0x10007768       0x30
 i.OS_is_task_free
                0x10007768       0x30 Generated_Source\PSoC6\pdl\middleware\ble\lib\cy_ble_stack_gcc_controller_ipc_cm0p.a(mint_os_task.o)
                0x10007768                OS_is_task_free

i.OS_isr_send_signal_to_task
                0x10007798        0xc
 i.OS_isr_send_signal_to_task
                0x10007798        0xc Generated_Source\PSoC6\pdl\middleware\ble\lib\cy_ble_stack_gcc_controller_ipc_cm0p.a(mint_os_task.o)
                0x10007798                OS_isr_send_signal_to_task

i.OS_scheduler  0x100077a4       0x78
 i.OS_scheduler
                0x100077a4       0x78 Generated_Source\PSoC6\pdl\middleware\ble\lib\cy_ble_stack_gcc_controller_ipc_cm0p.a(mint_os_task.o)
                0x100077a4                OS_scheduler

i.OS_send_signal_to_task
                0x1000781c        0xc
 i.OS_send_signal_to_task
                0x1000781c        0xc Generated_Source\PSoC6\pdl\middleware\ble\lib\cy_ble_stack_gcc_controller_ipc_cm0p.a(mint_os_task.o)
                0x1000781c                OS_send_signal_to_task

i.OS_send_signal_to_task_context
                0x10007828       0x3c
 i.OS_send_signal_to_task_context
                0x10007828       0x3c Generated_Source\PSoC6\pdl\middleware\ble\lib\cy_ble_stack_gcc_controller_ipc_cm0p.a(mint_os_task.o)

i.OS_task_mgmt_init
                0x10007864       0x50
 i.OS_task_mgmt_init
                0x10007864       0x50 Generated_Source\PSoC6\pdl\middleware\ble\lib\cy_ble_stack_gcc_controller_ipc_cm0p.a(mint_os_task.o)
                0x10007864                OS_task_mgmt_init

i.mint_buf_mgmt_allocate_buffer
                0x100078b4       0x60
 i.mint_buf_mgmt_allocate_buffer
                0x100078b4       0x60 Generated_Source\PSoC6\pdl\middleware\ble\lib\cy_ble_stack_gcc_controller_ipc_cm0p.a(mint_buf_mgmt.o)
                0x100078b4                mint_buf_mgmt_allocate_buffer

i.mint_buf_mgmt_create_pool
                0x10007914       0xd4
 i.mint_buf_mgmt_create_pool
                0x10007914       0xd4 Generated_Source\PSoC6\pdl\middleware\ble\lib\cy_ble_stack_gcc_controller_ipc_cm0p.a(mint_buf_mgmt.o)
                0x10007914                mint_buf_mgmt_create_pool

i.mint_buf_mgmt_free_buffer
                0x100079e8       0xb8
 i.mint_buf_mgmt_free_buffer
                0x100079e8       0xb8 Generated_Source\PSoC6\pdl\middleware\ble\lib\cy_ble_stack_gcc_controller_ipc_cm0p.a(mint_buf_mgmt.o)
                0x100079e8                mint_buf_mgmt_free_buffer

i.mint_buf_mgmt_init
                0x10007aa0       0x44
 i.mint_buf_mgmt_init
                0x10007aa0       0x44 Generated_Source\PSoC6\pdl\middleware\ble\lib\cy_ble_stack_gcc_controller_ipc_cm0p.a(mint_buf_mgmt.o)
                0x10007aa0                mint_buf_mgmt_init

i.mint_buf_mgmt_malloc
                0x10007ae4       0x28
 i.mint_buf_mgmt_malloc
                0x10007ae4       0x28 Generated_Source\PSoC6\pdl\middleware\ble\lib\cy_ble_stack_gcc_controller_ipc_cm0p.a(mint_buf_mgmt.o)
                0x10007ae4                mint_buf_mgmt_malloc

i.mint_buf_mgmt_pl_init
                0x10007b0c       0x4c
 i.mint_buf_mgmt_pl_init
                0x10007b0c       0x4c Generated_Source\PSoC6\pdl\middleware\ble\lib\cy_ble_stack_gcc_controller_ipc_cm0p.a(mint_buf_mgmt.o)
                0x10007b0c                mint_buf_mgmt_pl_init

i.mint_buf_mgmt_reset_pool
                0x10007b58       0x70
 i.mint_buf_mgmt_reset_pool
                0x10007b58       0x70 Generated_Source\PSoC6\pdl\middleware\ble\lib\cy_ble_stack_gcc_controller_ipc_cm0p.a(mint_buf_mgmt.o)
                0x10007b58                mint_buf_mgmt_reset_pool

i.mint_buf_mgmt_stack_init
                0x10007bc8       0x24
 i.mint_buf_mgmt_stack_init
                0x10007bc8       0x24 Generated_Source\PSoC6\pdl\middleware\ble\lib\cy_ble_stack_gcc_controller_ipc_cm0p.a(mint_buf_mgmt.o)
                0x10007bc8                mint_buf_mgmt_stack_init

i.mint_buf_mgmt_stack_pop
                0x10007bec       0x4a
 i.mint_buf_mgmt_stack_pop
                0x10007bec       0x4a Generated_Source\PSoC6\pdl\middleware\ble\lib\cy_ble_stack_gcc_controller_ipc_cm0p.a(mint_buf_mgmt.o)
                0x10007bec                mint_buf_mgmt_stack_pop

i.mint_buf_mgmt_stack_push
                0x10007c36       0x4a
 i.mint_buf_mgmt_stack_push
                0x10007c36       0x4a Generated_Source\PSoC6\pdl\middleware\ble\lib\cy_ble_stack_gcc_controller_ipc_cm0p.a(mint_buf_mgmt.o)
                0x10007c36                mint_buf_mgmt_stack_push

i.mint_buf_mgmt_stack_reset
                0x10007c80       0x1e
 i.mint_buf_mgmt_stack_reset
                0x10007c80       0x1e Generated_Source\PSoC6\pdl\middleware\ble\lib\cy_ble_stack_gcc_controller_ipc_cm0p.a(mint_buf_mgmt.o)
                0x10007c80                mint_buf_mgmt_stack_reset

i.mint_buf_mgmt_stack_search_item
                0x10007c9e       0x30
 i.mint_buf_mgmt_stack_search_item
                0x10007c9e       0x30 Generated_Source\PSoC6\pdl\middleware\ble\lib\cy_ble_stack_gcc_controller_ipc_cm0p.a(mint_buf_mgmt.o)
                0x10007c9e                mint_buf_mgmt_stack_search_item

i.CyBleController_HciIpcExtractPacket
                0x10007cd0       0xe8
 i.CyBleController_HciIpcExtractPacket
                0x10007cd0       0xe8 Generated_Source\PSoC6\pdl\middleware\ble\lib\cy_ble_stack_gcc_controller_ipc_cm0p.a(transport_ipc.o)
                0x10007cd0                CyBleController_HciIpcExtractPacket

i.CyBleController_HciIpcInit
                0x10007db8       0x10
 i.CyBleController_HciIpcInit
                0x10007db8       0x10 Generated_Source\PSoC6\pdl\middleware\ble\lib\cy_ble_stack_gcc_controller_ipc_cm0p.a(transport_ipc.o)
                0x10007db8                CyBleController_HciIpcInit

i.CyBleController_HciIpcMsgCompleteReceive
                0x10007dc8       0x20
 i.CyBleController_HciIpcMsgCompleteReceive
                0x10007dc8       0x20 Generated_Source\PSoC6\pdl\middleware\ble\lib\cy_ble_stack_gcc_controller_ipc_cm0p.a(transport_ipc.o)
                0x10007dc8                CyBleController_HciIpcMsgCompleteReceive

i.CyBleController_HciIpcMsgReceive
                0x10007de8       0x34
 i.CyBleController_HciIpcMsgReceive
                0x10007de8       0x34 Generated_Source\PSoC6\pdl\middleware\ble\lib\cy_ble_stack_gcc_controller_ipc_cm0p.a(transport_ipc.o)
                0x10007de8                CyBleController_HciIpcMsgReceive

i.CyBleController_HciIpcSend
                0x10007e1c       0x16
 i.CyBleController_HciIpcSend
                0x10007e1c       0x16 Generated_Source\PSoC6\pdl\middleware\ble\lib\cy_ble_stack_gcc_controller_ipc_cm0p.a(transport_ipc.o)
                0x10007e1c                CyBleController_HciIpcSend

i.CyBleController_IpcSendStackInitHWError
                0x10007e32        0x8
 i.CyBleController_IpcSendStackInitHWError
                0x10007e32        0x8 Generated_Source\PSoC6\pdl\middleware\ble\lib\cy_ble_stack_gcc_controller_ipc_cm0p.a(transport_ipc.o)
                0x10007e32                CyBleController_IpcSendStackInitHWError

i.CyBleController_IPC_HAL_Init
                0x10007e3c       0x40
 i.CyBleController_IPC_HAL_Init
                0x10007e3c       0x40 Generated_Source\PSoC6\pdl\middleware\ble\lib\cy_ble_stack_gcc_controller_ipc_cm0p.a(CyBleStackMgr_PSoCIPCHal.o)
                0x10007e3c                CyBleController_IPC_HAL_Init

i.CyBleController_IPC_HAL_InitWithStaticMem
                0x10007e7c       0x10
 i.CyBleController_IPC_HAL_InitWithStaticMem
                0x10007e7c       0x10 Generated_Source\PSoC6\pdl\middleware\ble\lib\cy_ble_stack_gcc_controller_ipc_cm0p.a(CyBleStackMgr_PSoCIPCHal.o)
                0x10007e7c                CyBleController_IPC_HAL_InitWithStaticMem

i.CyBleController_IPC_HAL_IsQueueEmpty
                0x10007e8c       0x24
 i.CyBleController_IPC_HAL_IsQueueEmpty
                0x10007e8c       0x24 Generated_Source\PSoC6\pdl\middleware\ble\lib\cy_ble_stack_gcc_controller_ipc_cm0p.a(CyBleStackMgr_PSoCIPCHal.o)
                0x10007e8c                CyBleController_IPC_HAL_IsQueueEmpty

i.CyBleController_IPC_HAL_PipeReleaseCallback
                0x10007eb0       0x1c
 i.CyBleController_IPC_HAL_PipeReleaseCallback
                0x10007eb0       0x1c Generated_Source\PSoC6\pdl\middleware\ble\lib\cy_ble_stack_gcc_controller_ipc_cm0p.a(CyBleStackMgr_PSoCIPCHal.o)

i.CyBleController_IPC_HAL_ProcessMsgQ
                0x10007ecc       0x40
 i.CyBleController_IPC_HAL_ProcessMsgQ
                0x10007ecc       0x40 Generated_Source\PSoC6\pdl\middleware\ble\lib\cy_ble_stack_gcc_controller_ipc_cm0p.a(CyBleStackMgr_PSoCIPCHal.o)
                0x10007ecc                CyBleController_IPC_HAL_ProcessMsgQ

i.CyBleController_IPC_HAL_PushMessage
                0x10007f0c       0x4c
 i.CyBleController_IPC_HAL_PushMessage
                0x10007f0c       0x4c Generated_Source\PSoC6\pdl\middleware\ble\lib\cy_ble_stack_gcc_controller_ipc_cm0p.a(CyBleStackMgr_PSoCIPCHal.o)

i.CyBleController_IPC_HAL_Reset
                0x10007f58       0x2c
 i.CyBleController_IPC_HAL_Reset
                0x10007f58       0x2c Generated_Source\PSoC6\pdl\middleware\ble\lib\cy_ble_stack_gcc_controller_ipc_cm0p.a(CyBleStackMgr_PSoCIPCHal.o)
                0x10007f58                CyBleController_IPC_HAL_Reset

i.CyBleController_IPC_HAL_SendEnqueue
                0x10007f84       0x10
 i.CyBleController_IPC_HAL_SendEnqueue
                0x10007f84       0x10 Generated_Source\PSoC6\pdl\middleware\ble\lib\cy_ble_stack_gcc_controller_ipc_cm0p.a(CyBleStackMgr_PSoCIPCHal.o)
                0x10007f84                CyBleController_IPC_HAL_SendEnqueue

i.CyBle_ControllerAesCcmDecrypt
                0x10007f94       0x50
 i.CyBle_ControllerAesCcmDecrypt
                0x10007f94       0x50 Generated_Source\PSoC6\pdl\middleware\ble\lib\cy_ble_stack_gcc_controller_ipc_cm0p.a(CyBleControllerIP_Interface.o)
                0x10007f94                CyBle_ControllerAesCcmDecrypt

i.CyBle_ControllerAesCcmEncrypt
                0x10007fe4       0x44
 i.CyBle_ControllerAesCcmEncrypt
                0x10007fe4       0x44 Generated_Source\PSoC6\pdl\middleware\ble\lib\cy_ble_stack_gcc_controller_ipc_cm0p.a(CyBleControllerIP_Interface.o)
                0x10007fe4                CyBle_ControllerAesCcmEncrypt

i.CyBle_ControllerAesEncrypt
                0x10008028       0x60
 i.CyBle_ControllerAesEncrypt
                0x10008028       0x60 Generated_Source\PSoC6\pdl\middleware\ble\lib\cy_ble_stack_gcc_controller_ipc_cm0p.a(CyBleControllerIP_Interface.o)
                0x10008028                CyBle_ControllerAesEncrypt

i.CyBle_ControllerDisableDleFeature
                0x10008088       0x10
 i.CyBle_ControllerDisableDleFeature
                0x10008088       0x10 Generated_Source\PSoC6\pdl\middleware\ble\lib\cy_ble_stack_gcc_controller_ipc_cm0p.a(CyBleControllerIP_Interface.o)
                0x10008088                CyBle_ControllerDisableDleFeature

i.CyBle_ControllerDisablePhyUpdateFeature
                0x10008098        0xc
 i.CyBle_ControllerDisablePhyUpdateFeature
                0x10008098        0xc Generated_Source\PSoC6\pdl\middleware\ble\lib\cy_ble_stack_gcc_controller_ipc_cm0p.a(CyBleControllerIP_Interface.o)
                0x10008098                CyBle_ControllerDisablePhyUpdateFeature

i.CyBle_ControllerDisablePrivacyFeature
                0x100080a4        0xc
 i.CyBle_ControllerDisablePrivacyFeature
                0x100080a4        0xc Generated_Source\PSoC6\pdl\middleware\ble\lib\cy_ble_stack_gcc_controller_ipc_cm0p.a(CyBleControllerIP_Interface.o)
                0x100080a4                CyBle_ControllerDisablePrivacyFeature

i.CyBle_ControllerEnablePrivacyFeature
                0x100080b0       0x10
 i.CyBle_ControllerEnablePrivacyFeature
                0x100080b0       0x10 Generated_Source\PSoC6\pdl\middleware\ble\lib\cy_ble_stack_gcc_controller_ipc_cm0p.a(CyBleControllerIP_Interface.o)
                0x100080b0                CyBle_ControllerEnablePrivacyFeature

i.CyBle_ControllerExitLPM
                0x100080c0       0x10
 i.CyBle_ControllerExitLPM
                0x100080c0       0x10 Generated_Source\PSoC6\pdl\middleware\ble\lib\cy_ble_stack_gcc_controller_ipc_cm0p.a(CyBleControllerIP_Interface.o)
                0x100080c0                CyBle_ControllerExitLPM

i.CyBle_ControllerGetBleSsState
                0x100080d0       0x10
 i.CyBle_ControllerGetBleSsState
                0x100080d0       0x10 Generated_Source\PSoC6\pdl\middleware\ble\lib\cy_ble_stack_gcc_controller_ipc_cm0p.a(CyBleControllerIP_Interface.o)
                0x100080d0                CyBle_ControllerGetBleSsState

i.CyBle_ControllerGetFeatureHeapReq
                0x100080e0       0x58
 i.CyBle_ControllerGetFeatureHeapReq
                0x100080e0       0x58 Generated_Source\PSoC6\pdl\middleware\ble\lib\cy_ble_stack_gcc_controller_ipc_cm0p.a(CyBleControllerIP_Interface.o)
                0x100080e0                CyBle_ControllerGetFeatureHeapReq

i.CyBle_ControllerGetFirmwareProgrammedDSM
                0x10008138        0xc
 i.CyBle_ControllerGetFirmwareProgrammedDSM
                0x10008138        0xc Generated_Source\PSoC6\pdl\middleware\ble\lib\cy_ble_stack_gcc_controller_ipc_cm0p.a(CyBleControllerIP_Interface.o)
                0x10008138                CyBle_ControllerGetFirmwareProgrammedDSM

i.CyBle_ControllerGetHeapMemory
                0x10008144       0x18
 i.CyBle_ControllerGetHeapMemory
                0x10008144       0x18 Generated_Source\PSoC6\pdl\middleware\ble\lib\cy_ble_stack_gcc_controller_ipc_cm0p.a(CyBleControllerIP_Interface.o)
                0x10008144                CyBle_ControllerGetHeapMemory

i.CyBle_ControllerGetInternalHeapReq
                0x1000815c       0x40
 i.CyBle_ControllerGetInternalHeapReq
                0x1000815c       0x40 Generated_Source\PSoC6\pdl\middleware\ble\lib\cy_ble_stack_gcc_controller_ipc_cm0p.a(CyBleControllerIP_Interface.o)
                0x1000815c                CyBle_ControllerGetInternalHeapReq

i.CyBle_ControllerHCIReInit
                0x1000819c       0x60
 i.CyBle_ControllerHCIReInit
                0x1000819c       0x60 Generated_Source\PSoC6\pdl\middleware\ble\lib\cy_ble_stack_gcc_controller_ipc_cm0p.a(CyBleControllerIP_Interface.o)
                0x1000819c                CyBle_ControllerHCIReInit

i.CyBle_ControllerInit
                0x100081fc       0x68
 i.CyBle_ControllerInit
                0x100081fc       0x68 Generated_Source\PSoC6\pdl\middleware\ble\lib\cy_ble_stack_gcc_controller_ipc_cm0p.a(CyBleControllerIP_Interface.o)
                0x100081fc                CyBle_ControllerInit

i.CyBle_ControllerReset
                0x10008264       0x20
 i.CyBle_ControllerReset
                0x10008264       0x20 Generated_Source\PSoC6\pdl\middleware\ble\lib\cy_ble_stack_gcc_controller_ipc_cm0p.a(CyBleControllerIP_Interface.o)
                0x10008264                CyBle_ControllerReset

i.CyBle_ControllerSaveLastConnTxPower
                0x10008284       0x10
 i.CyBle_ControllerSaveLastConnTxPower
                0x10008284       0x10 Generated_Source\PSoC6\pdl\middleware\ble\lib\cy_ble_stack_gcc_controller_ipc_cm0p.a(CyBleControllerIP_Interface.o)
                0x10008284                CyBle_ControllerSaveLastConnTxPower

i.CyBle_ControllerSetFeatureConfig
                0x10008294       0x68
 i.CyBle_ControllerSetFeatureConfig
                0x10008294       0x68 Generated_Source\PSoC6\pdl\middleware\ble\lib\cy_ble_stack_gcc_controller_ipc_cm0p.a(CyBleControllerIP_Interface.o)
                0x10008294                CyBle_ControllerSetFeatureConfig

i.CyBle_ControllerSetFirmwareProgrammedDSM
                0x100082fc        0xc
 i.CyBle_ControllerSetFirmwareProgrammedDSM
                0x100082fc        0xc Generated_Source\PSoC6\pdl\middleware\ble\lib\cy_ble_stack_gcc_controller_ipc_cm0p.a(CyBleControllerIP_Interface.o)
                0x100082fc                CyBle_ControllerSetFirmwareProgrammedDSM

i.CyBle_ControllerValidateInputParams
                0x10008308       0x24
 i.CyBle_ControllerValidateInputParams
                0x10008308       0x24 Generated_Source\PSoC6\pdl\middleware\ble\lib\cy_ble_stack_gcc_controller_ipc_cm0p.a(CyBleControllerIP_Interface.o)
                0x10008308                CyBle_ControllerValidateInputParams

i.Cy_BLE_ControllerEnterLPM
                0x1000832c       0x2c
 i.Cy_BLE_ControllerEnterLPM
                0x1000832c       0x2c Generated_Source\PSoC6\pdl\middleware\ble\lib\cy_ble_stack_gcc_controller_ipc_cm0p.a(CyBleControllerIP_Interface.o)
                0x1000832c                Cy_BLE_ControllerEnterLPM

i.Cy_BLE_IsControllerActive
                0x10008358       0x30
 i.Cy_BLE_IsControllerActive
                0x10008358       0x30 Generated_Source\PSoC6\pdl\middleware\ble\lib\cy_ble_stack_gcc_controller_ipc_cm0p.a(ll.o)
                0x10008358                Cy_BLE_IsControllerActive

i.ll_check_and_mark_packet_ready_for_transmission
                0x10008388       0x5c
 i.ll_check_and_mark_packet_ready_for_transmission
                0x10008388       0x5c Generated_Source\PSoC6\pdl\middleware\ble\lib\cy_ble_stack_gcc_controller_ipc_cm0p.a(ll.o)
                0x10008388                ll_check_and_mark_packet_ready_for_transmission

i.ll_cleanup_pending_data_pdu
                0x100083e4       0x3c
 i.ll_cleanup_pending_data_pdu
                0x100083e4       0x3c Generated_Source\PSoC6\pdl\middleware\ble\lib\cy_ble_stack_gcc_controller_ipc_cm0p.a(ll.o)
                0x100083e4                ll_cleanup_pending_data_pdu

i.ll_dequeue_data_in_pdu_q_mgr
                0x10008420      0x144
 i.ll_dequeue_data_in_pdu_q_mgr
                0x10008420      0x144 Generated_Source\PSoC6\pdl\middleware\ble\lib\cy_ble_stack_gcc_controller_ipc_cm0p.a(ll.o)
                0x10008420                ll_dequeue_data_in_pdu_q_mgr

i.ll_derive_window_offset
                0x10008564       0x20
 i.ll_derive_window_offset
                0x10008564       0x20 Generated_Source\PSoC6\pdl\middleware\ble\lib\cy_ble_stack_gcc_controller_ipc_cm0p.a(ll.o)
                0x10008564                ll_derive_window_offset

i.ll_derive_window_size
                0x10008584        0xc
 i.ll_derive_window_size
                0x10008584        0xc Generated_Source\PSoC6\pdl\middleware\ble\lib\cy_ble_stack_gcc_controller_ipc_cm0p.a(ll.o)
                0x10008584                ll_derive_window_size

i.ll_enqueue_data_in_pdu_q_mgr
                0x10008590       0x9c
 i.ll_enqueue_data_in_pdu_q_mgr
                0x10008590       0x9c Generated_Source\PSoC6\pdl\middleware\ble\lib\cy_ble_stack_gcc_controller_ipc_cm0p.a(ll.o)
                0x10008590                ll_enqueue_data_in_pdu_q_mgr

i.ll_enter_dsm_mode
                0x1000862c      0x20c
 i.ll_enter_dsm_mode
                0x1000862c      0x20c Generated_Source\PSoC6\pdl\middleware\ble\lib\cy_ble_stack_gcc_controller_ipc_cm0p.a(ll.o)
                0x1000862c                ll_enter_dsm_mode

i.ll_exit_low_power_mode
                0x10008838       0x6c
 i.ll_exit_low_power_mode
                0x10008838       0x6c Generated_Source\PSoC6\pdl\middleware\ble\lib\cy_ble_stack_gcc_controller_ipc_cm0p.a(ll.o)
                0x10008838                ll_exit_low_power_mode

i.ll_get_ack_status
                0x100088a4       0x44
 i.ll_get_ack_status
                0x100088a4       0x44 Generated_Source\PSoC6\pdl\middleware\ble\lib\cy_ble_stack_gcc_controller_ipc_cm0p.a(ll.o)
                0x100088a4                ll_get_ack_status

i.ll_get_ack_status_for_all_connections
                0x100088e8       0x38
 i.ll_get_ack_status_for_all_connections
                0x100088e8       0x38 Generated_Source\PSoC6\pdl\middleware\ble\lib\cy_ble_stack_gcc_controller_ipc_cm0p.a(ll.o)
                0x100088e8                ll_get_ack_status_for_all_connections

i.ll_get_adv_ch_tx_power
                0x10008920       0x16
 i.ll_get_adv_ch_tx_power
                0x10008920       0x16 Generated_Source\PSoC6\pdl\middleware\ble\lib\cy_ble_stack_gcc_controller_ipc_cm0p.a(ll.o)
                0x10008920                ll_get_adv_ch_tx_power

i.ll_get_data_channel_map
                0x10008936       0x28
 i.ll_get_data_channel_map
                0x10008936       0x28 Generated_Source\PSoC6\pdl\middleware\ble\lib\cy_ble_stack_gcc_controller_ipc_cm0p.a(ll.o)
                0x10008936                ll_get_data_channel_map

i.ll_get_max_white_list_size
                0x10008960        0xc
 i.ll_get_max_white_list_size
                0x10008960        0xc Generated_Source\PSoC6\pdl\middleware\ble\lib\cy_ble_stack_gcc_controller_ipc_cm0p.a(ll.o)
                0x10008960                ll_get_max_white_list_size

i.ll_get_my_role
                0x1000896c        0xc
 i.ll_get_my_role
                0x1000896c        0xc Generated_Source\PSoC6\pdl\middleware\ble\lib\cy_ble_stack_gcc_controller_ipc_cm0p.a(ll.o)
                0x1000896c                ll_get_my_role

i.ll_get_next_available_fifo_for_data_pdu
                0x10008978        0x8
 i.ll_get_next_available_fifo_for_data_pdu
                0x10008978        0x8 Generated_Source\PSoC6\pdl\middleware\ble\lib\cy_ble_stack_gcc_controller_ipc_cm0p.a(ll.o)
                0x10008978                ll_get_next_available_fifo_for_data_pdu

i.ll_get_next_available_fifo_for_ll_pdu
                0x10008980       0x30
 i.ll_get_next_available_fifo_for_ll_pdu
                0x10008980       0x30 Generated_Source\PSoC6\pdl\middleware\ble\lib\cy_ble_stack_gcc_controller_ipc_cm0p.a(ll.o)
                0x10008980                ll_get_next_available_fifo_for_ll_pdu

i.ll_get_rssi_value
                0x100089b0       0x28
 i.ll_get_rssi_value
                0x100089b0       0x28 Generated_Source\PSoC6\pdl\middleware\ble\lib\cy_ble_stack_gcc_controller_ipc_cm0p.a(ll.o)
                0x100089b0                ll_get_rssi_value

i.ll_get_transmit_power_level
                0x100089d8       0x20
 i.ll_get_transmit_power_level
                0x100089d8       0x20 Generated_Source\PSoC6\pdl\middleware\ble\lib\cy_ble_stack_gcc_controller_ipc_cm0p.a(ll.o)
                0x100089d8                ll_get_transmit_power_level

i.ll_handle_ack_received
                0x100089f8       0x6c
 i.ll_handle_ack_received
                0x100089f8       0x6c Generated_Source\PSoC6\pdl\middleware\ble\lib\cy_ble_stack_gcc_controller_ipc_cm0p.a(ll.o)
                0x100089f8                ll_handle_ack_received

i.ll_handle_add_device_in_whitelist
                0x10008a64       0xbc