ARM GAS  C:\Users\cmila\AppData\Local\Temp\ccl3GEmp.s 			page 1


   1              		.syntax unified
   2              		.cpu cortex-m0plus
   3              		.fpu softvfp
   4              		.eabi_attribute 20, 1
   5              		.eabi_attribute 21, 1
   6              		.eabi_attribute 23, 3
   7              		.eabi_attribute 24, 1
   8              		.eabi_attribute 25, 1
   9              		.eabi_attribute 26, 1
  10              		.eabi_attribute 30, 1
  11              		.eabi_attribute 34, 0
  12              		.eabi_attribute 18, 4
  13              		.thumb
  14              		.syntax unified
  15              		.file	"cy_ble_hal_int.c"
  16              		.text
  17              	.Ltext0:
  18              		.cfi_sections	.debug_frame
  19              		.section	.text.Cy_BLE_BlessInterrupt,"ax",%progbits
  20              		.align	2
  21              		.global	Cy_BLE_BlessInterrupt
  22              		.code	16
  23              		.thumb_func
  24              		.type	Cy_BLE_BlessInterrupt, %function
  25              	Cy_BLE_BlessInterrupt:
  26              	.LFB157:
  27              		.file 1 "Generated_Source\\PSoC6\\pdl\\middleware\\ble\\cy_ble_hal_int.c"
   1:Generated_Source\PSoC6\pdl\middleware\ble/cy_ble_hal_int.c **** /***************************************************************************//**
   2:Generated_Source\PSoC6\pdl\middleware\ble/cy_ble_hal_int.c **** * \file cy_ble_hal_int.c
   3:Generated_Source\PSoC6\pdl\middleware\ble/cy_ble_hal_int.c **** * \version 2.60
   4:Generated_Source\PSoC6\pdl\middleware\ble/cy_ble_hal_int.c **** *
   5:Generated_Source\PSoC6\pdl\middleware\ble/cy_ble_hal_int.c **** * \brief
   6:Generated_Source\PSoC6\pdl\middleware\ble/cy_ble_hal_int.c **** *  This file contains the source code for the Interrupt Service Routine for the
   7:Generated_Source\PSoC6\pdl\middleware\ble/cy_ble_hal_int.c **** *  HAL section of the BLE Middleware.
   8:Generated_Source\PSoC6\pdl\middleware\ble/cy_ble_hal_int.c **** *
   9:Generated_Source\PSoC6\pdl\middleware\ble/cy_ble_hal_int.c **** ********************************************************************************
  10:Generated_Source\PSoC6\pdl\middleware\ble/cy_ble_hal_int.c **** * \copyright
  11:Generated_Source\PSoC6\pdl\middleware\ble/cy_ble_hal_int.c **** * Copyright 2017-2020, Cypress Semiconductor Corporation.  All rights reserved.
  12:Generated_Source\PSoC6\pdl\middleware\ble/cy_ble_hal_int.c **** * You may use this file only in accordance with the license, terms, conditions,
  13:Generated_Source\PSoC6\pdl\middleware\ble/cy_ble_hal_int.c **** * disclaimers, and limitations in the end user license agreement accompanying
  14:Generated_Source\PSoC6\pdl\middleware\ble/cy_ble_hal_int.c **** * the software package with which this file was provided.
  15:Generated_Source\PSoC6\pdl\middleware\ble/cy_ble_hal_int.c **** *******************************************************************************/
  16:Generated_Source\PSoC6\pdl\middleware\ble/cy_ble_hal_int.c **** #include "cy_ble.h"
  17:Generated_Source\PSoC6\pdl\middleware\ble/cy_ble_hal_int.c **** #include "cy_ble_hal_pvt.h"
  18:Generated_Source\PSoC6\pdl\middleware\ble/cy_ble_hal_int.c **** #include "ipc/cy_ipc_sema.h"
  19:Generated_Source\PSoC6\pdl\middleware\ble/cy_ble_hal_int.c **** 
  20:Generated_Source\PSoC6\pdl\middleware\ble/cy_ble_hal_int.c **** /* C binding of definitions if building with C++ compiler */
  21:Generated_Source\PSoC6\pdl\middleware\ble/cy_ble_hal_int.c **** #ifdef __cplusplus
  22:Generated_Source\PSoC6\pdl\middleware\ble/cy_ble_hal_int.c **** extern "C" {
  23:Generated_Source\PSoC6\pdl\middleware\ble/cy_ble_hal_int.c **** #endif /* __cplusplus */
  24:Generated_Source\PSoC6\pdl\middleware\ble/cy_ble_hal_int.c **** 
  25:Generated_Source\PSoC6\pdl\middleware\ble/cy_ble_hal_int.c **** 
  26:Generated_Source\PSoC6\pdl\middleware\ble/cy_ble_hal_int.c **** #if (CY_BLE_INTR_NOTIFY_FEATURE_ENABLED) && (CY_BLE_STACK_MODE_IPC) && (CY_BLE_MODE_PROFILE)
  27:Generated_Source\PSoC6\pdl\middleware\ble/cy_ble_hal_int.c **** 
  28:Generated_Source\PSoC6\pdl\middleware\ble/cy_ble_hal_int.c **** /*******************************************************************************
  29:Generated_Source\PSoC6\pdl\middleware\ble/cy_ble_hal_int.c **** * Function Name: Cy_BLE_HAL_IntrNotifyIpcHandler
  30:Generated_Source\PSoC6\pdl\middleware\ble/cy_ble_hal_int.c **** ****************************************************************************//**
ARM GAS  C:\Users\cmila\AppData\Local\Temp\ccl3GEmp.s 			page 2


  31:Generated_Source\PSoC6\pdl\middleware\ble/cy_ble_hal_int.c **** *
  32:Generated_Source\PSoC6\pdl\middleware\ble/cy_ble_hal_int.c **** *  Handles the IPC notification for Interrupt Notification Feature.
  33:Generated_Source\PSoC6\pdl\middleware\ble/cy_ble_hal_int.c **** *
  34:Generated_Source\PSoC6\pdl\middleware\ble/cy_ble_hal_int.c **** * \return
  35:Generated_Source\PSoC6\pdl\middleware\ble/cy_ble_hal_int.c **** *  None
  36:Generated_Source\PSoC6\pdl\middleware\ble/cy_ble_hal_int.c **** *
  37:Generated_Source\PSoC6\pdl\middleware\ble/cy_ble_hal_int.c **** *******************************************************************************/    
  38:Generated_Source\PSoC6\pdl\middleware\ble/cy_ble_hal_int.c **** void Cy_BLE_HAL_IntrNotifyIpcHandler(void)
  39:Generated_Source\PSoC6\pdl\middleware\ble/cy_ble_hal_int.c **** {    
  40:Generated_Source\PSoC6\pdl\middleware\ble/cy_ble_hal_int.c ****     uint32_t interruptMasked;
  41:Generated_Source\PSoC6\pdl\middleware\ble/cy_ble_hal_int.c ****     IPC_INTR_STRUCT_Type *intrTypePtr = Cy_IPC_Drv_GetIntrBaseAddr(CY_BLE_INTR_NOTIFY_IPC_INTR);
  42:Generated_Source\PSoC6\pdl\middleware\ble/cy_ble_hal_int.c ****    /**
  43:Generated_Source\PSoC6\pdl\middleware\ble/cy_ble_hal_int.c ****     * Check that there is really the IPC Notify interrupt,
  44:Generated_Source\PSoC6\pdl\middleware\ble/cy_ble_hal_int.c ****     * because the same line can be used for the IPC Release interrupt.
  45:Generated_Source\PSoC6\pdl\middleware\ble/cy_ble_hal_int.c ****     */
  46:Generated_Source\PSoC6\pdl\middleware\ble/cy_ble_hal_int.c ****     
  47:Generated_Source\PSoC6\pdl\middleware\ble/cy_ble_hal_int.c ****     interruptMasked = Cy_IPC_Drv_ExtractAcquireMask(Cy_IPC_Drv_GetInterruptStatusMasked(intrTypePtr
  48:Generated_Source\PSoC6\pdl\middleware\ble/cy_ble_hal_int.c **** 
  49:Generated_Source\PSoC6\pdl\middleware\ble/cy_ble_hal_int.c ****     if ((1uL << (CY_BLE_INTR_NOTIFY_IPC_CHAN)) == interruptMasked )
  50:Generated_Source\PSoC6\pdl\middleware\ble/cy_ble_hal_int.c ****     {
  51:Generated_Source\PSoC6\pdl\middleware\ble/cy_ble_hal_int.c ****         Cy_IPC_Drv_ClearInterrupt(intrTypePtr, CY_IPC_NO_NOTIFICATION, interruptMasked);
  52:Generated_Source\PSoC6\pdl\middleware\ble/cy_ble_hal_int.c ****         
  53:Generated_Source\PSoC6\pdl\middleware\ble/cy_ble_hal_int.c ****         if(Cy_BLE_InterruptCallback != NULL)
  54:Generated_Source\PSoC6\pdl\middleware\ble/cy_ble_hal_int.c ****         {
  55:Generated_Source\PSoC6\pdl\middleware\ble/cy_ble_hal_int.c ****             /* Call the BLE interrupt feature handler */
  56:Generated_Source\PSoC6\pdl\middleware\ble/cy_ble_hal_int.c ****             Cy_BLE_InterruptCallback(intrNotify.data);
  57:Generated_Source\PSoC6\pdl\middleware\ble/cy_ble_hal_int.c ****         }
  58:Generated_Source\PSoC6\pdl\middleware\ble/cy_ble_hal_int.c ****      
  59:Generated_Source\PSoC6\pdl\middleware\ble/cy_ble_hal_int.c ****         /* Release the IPC channel with the Release interrupt */
  60:Generated_Source\PSoC6\pdl\middleware\ble/cy_ble_hal_int.c ****         (void)Cy_IPC_Drv_LockRelease(Cy_IPC_Drv_GetIpcBaseAddress(CY_BLE_INTR_NOTIFY_IPC_CHAN),
  61:Generated_Source\PSoC6\pdl\middleware\ble/cy_ble_hal_int.c ****                                     (1uL << CY_BLE_INTR_NOTIFY_IPC_INTR));
  62:Generated_Source\PSoC6\pdl\middleware\ble/cy_ble_hal_int.c ****     }
  63:Generated_Source\PSoC6\pdl\middleware\ble/cy_ble_hal_int.c **** }
  64:Generated_Source\PSoC6\pdl\middleware\ble/cy_ble_hal_int.c **** #endif /* (CY_BLE_INTR_NOTIFY_FEATURE_ENABLED) && (CY_BLE_STACK_MODE_IPC) && (CY_BLE_MODE_PROFILE) 
  65:Generated_Source\PSoC6\pdl\middleware\ble/cy_ble_hal_int.c **** 
  66:Generated_Source\PSoC6\pdl\middleware\ble/cy_ble_hal_int.c **** #if (CY_BLE_HOST_CONTR_CORE)
  67:Generated_Source\PSoC6\pdl\middleware\ble/cy_ble_hal_int.c **** #if (CY_BLE_STACK_CONTR_CORE)
  68:Generated_Source\PSoC6\pdl\middleware\ble/cy_ble_hal_int.c **** 
  69:Generated_Source\PSoC6\pdl\middleware\ble/cy_ble_hal_int.c **** #if (CY_BLE_INTR_NOTIFY_FEATURE_ENABLED)    
  70:Generated_Source\PSoC6\pdl\middleware\ble/cy_ble_hal_int.c **** /* Globals */    
  71:Generated_Source\PSoC6\pdl\middleware\ble/cy_ble_hal_int.c **** cy_stc_ble_intr_notify_t *intrNotifyPtr = NULL;
  72:Generated_Source\PSoC6\pdl\middleware\ble/cy_ble_hal_int.c ****     
  73:Generated_Source\PSoC6\pdl\middleware\ble/cy_ble_hal_int.c **** /* Private Function Prototypes  */
  74:Generated_Source\PSoC6\pdl\middleware\ble/cy_ble_hal_int.c **** static void Cy_BLE_HAL_SendInterruptNotification(void);
  75:Generated_Source\PSoC6\pdl\middleware\ble/cy_ble_hal_int.c **** 
  76:Generated_Source\PSoC6\pdl\middleware\ble/cy_ble_hal_int.c **** /*******************************************************************************
  77:Generated_Source\PSoC6\pdl\middleware\ble/cy_ble_hal_int.c **** * Function Name: Cy_BLE_HAL_SendInterruptNotification
  78:Generated_Source\PSoC6\pdl\middleware\ble/cy_ble_hal_int.c **** ****************************************************************************//**
  79:Generated_Source\PSoC6\pdl\middleware\ble/cy_ble_hal_int.c **** *
  80:Generated_Source\PSoC6\pdl\middleware\ble/cy_ble_hal_int.c **** *  This function sends notification (with interrupt type information) to user 
  81:Generated_Source\PSoC6\pdl\middleware\ble/cy_ble_hal_int.c **** *  callback for the BLE interrupts subscribed by user. The list of supported 
  82:Generated_Source\PSoC6\pdl\middleware\ble/cy_ble_hal_int.c **** *  interrupts described in the enumeration cy_en_ble_interrupt_callback_feature_t.
  83:Generated_Source\PSoC6\pdl\middleware\ble/cy_ble_hal_int.c **** *  Cy_BLE_RegisterInterruptCallback() API used to register callback for receiving
  84:Generated_Source\PSoC6\pdl\middleware\ble/cy_ble_hal_int.c **** *  the BLE interrupts.
  85:Generated_Source\PSoC6\pdl\middleware\ble/cy_ble_hal_int.c **** *
  86:Generated_Source\PSoC6\pdl\middleware\ble/cy_ble_hal_int.c **** *******************************************************************************/
  87:Generated_Source\PSoC6\pdl\middleware\ble/cy_ble_hal_int.c **** static void Cy_BLE_HAL_SendInterruptNotification(void)
ARM GAS  C:\Users\cmila\AppData\Local\Temp\ccl3GEmp.s 			page 3


  88:Generated_Source\PSoC6\pdl\middleware\ble/cy_ble_hal_int.c **** {
  89:Generated_Source\PSoC6\pdl\middleware\ble/cy_ble_hal_int.c ****     if((intrNotifyPtr != NULL) && (intrNotifyPtr->mask != 0u))
  90:Generated_Source\PSoC6\pdl\middleware\ble/cy_ble_hal_int.c ****     {
  91:Generated_Source\PSoC6\pdl\middleware\ble/cy_ble_hal_int.c ****         uint32_t interruptType = (uint32_t)CY_BLE_INTR_CALLBACK_NONE;
  92:Generated_Source\PSoC6\pdl\middleware\ble/cy_ble_hal_int.c ****         
  93:Generated_Source\PSoC6\pdl\middleware\ble/cy_ble_hal_int.c ****         /* Read BLE_BLELL->EVENT_INTR */      
  94:Generated_Source\PSoC6\pdl\middleware\ble/cy_ble_hal_int.c ****         if((intrNotifyPtr->mask & CY_BLE_INTR_CALLBACK_BLESS_STACK_ISR) != 0u) 
  95:Generated_Source\PSoC6\pdl\middleware\ble/cy_ble_hal_int.c ****         {
  96:Generated_Source\PSoC6\pdl\middleware\ble/cy_ble_hal_int.c ****             interruptType |= CY_BLE_INTR_CALLBACK_BLESS_STACK_ISR;    
  97:Generated_Source\PSoC6\pdl\middleware\ble/cy_ble_hal_int.c ****         }
  98:Generated_Source\PSoC6\pdl\middleware\ble/cy_ble_hal_int.c ****         else
  99:Generated_Source\PSoC6\pdl\middleware\ble/cy_ble_hal_int.c ****         {
 100:Generated_Source\PSoC6\pdl\middleware\ble/cy_ble_hal_int.c ****             if(((BLE_BLESS->INTR_STAT & BLE_BLESS_INTR_STAT_DSM_ENTERED_INTR_Msk) != 0u) &&
 101:Generated_Source\PSoC6\pdl\middleware\ble/cy_ble_hal_int.c ****                ((intrNotifyPtr->mask & CY_BLE_INTR_CALLBACK_BLESS_INTR_STAT_DSM_ENTERED)!= 0u))
 102:Generated_Source\PSoC6\pdl\middleware\ble/cy_ble_hal_int.c ****             {
 103:Generated_Source\PSoC6\pdl\middleware\ble/cy_ble_hal_int.c ****                 interruptType |= CY_BLE_INTR_CALLBACK_BLESS_INTR_STAT_DSM_ENTERED;
 104:Generated_Source\PSoC6\pdl\middleware\ble/cy_ble_hal_int.c ****             }
 105:Generated_Source\PSoC6\pdl\middleware\ble/cy_ble_hal_int.c ****             
 106:Generated_Source\PSoC6\pdl\middleware\ble/cy_ble_hal_int.c ****             if(((BLE_BLESS->INTR_STAT & BLE_BLESS_INTR_STAT_DSM_EXITED_INTR_Msk) != 0u) &&
 107:Generated_Source\PSoC6\pdl\middleware\ble/cy_ble_hal_int.c ****                ((intrNotifyPtr->mask & CY_BLE_INTR_CALLBACK_BLESS_INTR_STAT_DSM_EXITED) != 0u))
 108:Generated_Source\PSoC6\pdl\middleware\ble/cy_ble_hal_int.c ****             {
 109:Generated_Source\PSoC6\pdl\middleware\ble/cy_ble_hal_int.c ****                 interruptType |= CY_BLE_INTR_CALLBACK_BLESS_INTR_STAT_DSM_EXITED;
 110:Generated_Source\PSoC6\pdl\middleware\ble/cy_ble_hal_int.c ****             }
 111:Generated_Source\PSoC6\pdl\middleware\ble/cy_ble_hal_int.c ****        
 112:Generated_Source\PSoC6\pdl\middleware\ble/cy_ble_hal_int.c ****             if(((BLE_BLESS->INTR_STAT & BLE_BLESS_INTR_STAT_LL_INTR_Msk) != 0u))
 113:Generated_Source\PSoC6\pdl\middleware\ble/cy_ble_hal_int.c ****             { 
 114:Generated_Source\PSoC6\pdl\middleware\ble/cy_ble_hal_int.c ****                 /**
 115:Generated_Source\PSoC6\pdl\middleware\ble/cy_ble_hal_int.c ****                  *  Updates the firmware and hardware to exit sleep mode, when
 116:Generated_Source\PSoC6\pdl\middleware\ble/cy_ble_hal_int.c ****                  *  called from the interrupt mode, after checking the state machine.
 117:Generated_Source\PSoC6\pdl\middleware\ble/cy_ble_hal_int.c ****                  */
 118:Generated_Source\PSoC6\pdl\middleware\ble/cy_ble_hal_int.c ****                 Cy_BLE_LlIsrExitLowPowerMode();
 119:Generated_Source\PSoC6\pdl\middleware\ble/cy_ble_hal_int.c ****            
 120:Generated_Source\PSoC6\pdl\middleware\ble/cy_ble_hal_int.c ****                 if(BLE_BLELL->EVENT_INTR != 0x0u)
 121:Generated_Source\PSoC6\pdl\middleware\ble/cy_ble_hal_int.c ****                 {            
 122:Generated_Source\PSoC6\pdl\middleware\ble/cy_ble_hal_int.c ****                     if((BLE_BLELL->EVENT_INTR & BLE_BLELL_EVENT_INTR_CONN_INTR_Msk) != 0u)
 123:Generated_Source\PSoC6\pdl\middleware\ble/cy_ble_hal_int.c ****                     {
 124:Generated_Source\PSoC6\pdl\middleware\ble/cy_ble_hal_int.c ****                         if(((BLE_BLELL->CONN_INTR & BLE_BLELL_CONN_INTR_CLOSE_CE_Msk) != 0u) &&
 125:Generated_Source\PSoC6\pdl\middleware\ble/cy_ble_hal_int.c ****                             ((intrNotifyPtr->mask & CY_BLE_INTR_CALLBACK_BLELL_CONN_INTR_CLOSE_CE) 
 126:Generated_Source\PSoC6\pdl\middleware\ble/cy_ble_hal_int.c ****                         {
 127:Generated_Source\PSoC6\pdl\middleware\ble/cy_ble_hal_int.c ****                             /* Return interrupt type CY_BLE_INTR_CALLBACK_BLELL_CONN_INTR_CLOSE_CE 
 128:Generated_Source\PSoC6\pdl\middleware\ble/cy_ble_hal_int.c ****                             interruptType |= CY_BLE_INTR_CALLBACK_BLELL_CONN_INTR_CLOSE_CE;
 129:Generated_Source\PSoC6\pdl\middleware\ble/cy_ble_hal_int.c ****                         }
 130:Generated_Source\PSoC6\pdl\middleware\ble/cy_ble_hal_int.c ****                         
 131:Generated_Source\PSoC6\pdl\middleware\ble/cy_ble_hal_int.c ****                         if(((BLE_BLELL->CONN_INTR & BLE_BLELL_CONN_INTR_CE_TX_ACK_Msk) != 0u) &&
 132:Generated_Source\PSoC6\pdl\middleware\ble/cy_ble_hal_int.c ****                            ((intrNotifyPtr->mask & CY_BLE_INTR_CALLBACK_BLELL_CONN_INTR_CE_TX_ACK) 
 133:Generated_Source\PSoC6\pdl\middleware\ble/cy_ble_hal_int.c ****                         {
 134:Generated_Source\PSoC6\pdl\middleware\ble/cy_ble_hal_int.c ****                             /* Return interrupt type CY_BLE_INTR_CALLBACK_BLELL_CONN_INTR_CE_TX_ACK
 135:Generated_Source\PSoC6\pdl\middleware\ble/cy_ble_hal_int.c ****                             interruptType |= CY_BLE_INTR_CALLBACK_BLELL_CONN_INTR_CE_TX_ACK;
 136:Generated_Source\PSoC6\pdl\middleware\ble/cy_ble_hal_int.c ****                         }
 137:Generated_Source\PSoC6\pdl\middleware\ble/cy_ble_hal_int.c ****                         
 138:Generated_Source\PSoC6\pdl\middleware\ble/cy_ble_hal_int.c ****                         if(((BLE_BLELL->CONN_EXT_INTR & BLE_BLELL_CONN_EXT_INTR_EARLY_INTR_Msk) != 
 139:Generated_Source\PSoC6\pdl\middleware\ble/cy_ble_hal_int.c ****                            ((intrNotifyPtr->mask & CY_BLE_INTR_CALLBACK_BLELL_CONN_EXT_INTR_EARLY) 
 140:Generated_Source\PSoC6\pdl\middleware\ble/cy_ble_hal_int.c ****                         {
 141:Generated_Source\PSoC6\pdl\middleware\ble/cy_ble_hal_int.c ****                             /* Return interrupt type CY_BLE_INTR_CALLBACK_BLELL_CONN_EXT_INTR_EARLY
 142:Generated_Source\PSoC6\pdl\middleware\ble/cy_ble_hal_int.c ****                             interruptType |= CY_BLE_INTR_CALLBACK_BLELL_CONN_EXT_INTR_EARLY;       
 143:Generated_Source\PSoC6\pdl\middleware\ble/cy_ble_hal_int.c ****                         }
 144:Generated_Source\PSoC6\pdl\middleware\ble/cy_ble_hal_int.c ****                         
ARM GAS  C:\Users\cmila\AppData\Local\Temp\ccl3GEmp.s 			page 4


 145:Generated_Source\PSoC6\pdl\middleware\ble/cy_ble_hal_int.c ****                         if(((BLE_BLELL->CONN_INTR & BLE_BLELL_CONN_INTR_CE_RX_Msk) != 0u) &&
 146:Generated_Source\PSoC6\pdl\middleware\ble/cy_ble_hal_int.c ****                             ((intrNotifyPtr->mask & CY_BLE_INTR_CALLBACK_BLELL_CONN_INTR_CE_RX) != 
 147:Generated_Source\PSoC6\pdl\middleware\ble/cy_ble_hal_int.c ****                         {
 148:Generated_Source\PSoC6\pdl\middleware\ble/cy_ble_hal_int.c ****                             /* Return interrupt type CY_BLE_INTR_CALLBACK_BLELL_CONN_INTR_CE_RX */ 
 149:Generated_Source\PSoC6\pdl\middleware\ble/cy_ble_hal_int.c ****                             interruptType |= CY_BLE_INTR_CALLBACK_BLELL_CONN_INTR_CE_RX;
 150:Generated_Source\PSoC6\pdl\middleware\ble/cy_ble_hal_int.c ****                         }
 151:Generated_Source\PSoC6\pdl\middleware\ble/cy_ble_hal_int.c ****                     }    
 152:Generated_Source\PSoC6\pdl\middleware\ble/cy_ble_hal_int.c ****                     
 153:Generated_Source\PSoC6\pdl\middleware\ble/cy_ble_hal_int.c ****                     if((BLE_BLELL->EVENT_INTR & BLE_BLELL_EVENT_INTR_SCAN_INTR_Msk) != 0u)
 154:Generated_Source\PSoC6\pdl\middleware\ble/cy_ble_hal_int.c ****                     {
 155:Generated_Source\PSoC6\pdl\middleware\ble/cy_ble_hal_int.c ****                         if(((BLE_BLELL->SCAN_INTR & BLE_BLELL_SCAN_INTR_ADV_RX_INTR_Msk) != 0u) &&
 156:Generated_Source\PSoC6\pdl\middleware\ble/cy_ble_hal_int.c ****                            ((intrNotifyPtr->mask & CY_BLE_INTR_CALLBACK_BLELL_SCAN_INTR_ADV_RX) != 
 157:Generated_Source\PSoC6\pdl\middleware\ble/cy_ble_hal_int.c ****                         {
 158:Generated_Source\PSoC6\pdl\middleware\ble/cy_ble_hal_int.c ****                             /* Return interrupt type Return interrupt type CY_BLE_INTR_CALLBACK_BLE
 159:Generated_Source\PSoC6\pdl\middleware\ble/cy_ble_hal_int.c ****                             interruptType |= CY_BLE_INTR_CALLBACK_BLELL_SCAN_INTR_ADV_RX;
 160:Generated_Source\PSoC6\pdl\middleware\ble/cy_ble_hal_int.c ****                         }
 161:Generated_Source\PSoC6\pdl\middleware\ble/cy_ble_hal_int.c ****                         
 162:Generated_Source\PSoC6\pdl\middleware\ble/cy_ble_hal_int.c ****                         if(((BLE_BLELL->SCAN_INTR & BLE_BLELL_SCAN_INTR_SCAN_RSP_RX_INTR_Msk) != 0u
 163:Generated_Source\PSoC6\pdl\middleware\ble/cy_ble_hal_int.c ****                            ((intrNotifyPtr->mask & CY_BLE_INTR_CALLBACK_BLELL_SCAN_INTR_SCAN_RSP_RX
 164:Generated_Source\PSoC6\pdl\middleware\ble/cy_ble_hal_int.c ****                         {
 165:Generated_Source\PSoC6\pdl\middleware\ble/cy_ble_hal_int.c ****                             /* Return interrupt type CY_BLE_INTR_CALLBACK_BLELL_SCAN_INTR_SCAN_RSP_
 166:Generated_Source\PSoC6\pdl\middleware\ble/cy_ble_hal_int.c ****                             interruptType |= CY_BLE_INTR_CALLBACK_BLELL_SCAN_INTR_SCAN_RSP_RX;
 167:Generated_Source\PSoC6\pdl\middleware\ble/cy_ble_hal_int.c ****                         }  
 168:Generated_Source\PSoC6\pdl\middleware\ble/cy_ble_hal_int.c ****                     }
 169:Generated_Source\PSoC6\pdl\middleware\ble/cy_ble_hal_int.c ****                     
 170:Generated_Source\PSoC6\pdl\middleware\ble/cy_ble_hal_int.c ****                     if((BLE_BLELL->EVENT_INTR & BLE_BLELL_EVENT_INTR_ADV_INTR_Msk) != 0u)
 171:Generated_Source\PSoC6\pdl\middleware\ble/cy_ble_hal_int.c ****                     {
 172:Generated_Source\PSoC6\pdl\middleware\ble/cy_ble_hal_int.c ****                         if(((BLE_BLELL->ADV_INTR & BLE_BLELL_ADV_INTR_CONN_REQ_RX_INTR_Msk) != 0u) 
 173:Generated_Source\PSoC6\pdl\middleware\ble/cy_ble_hal_int.c ****                            ((intrNotifyPtr->mask & CY_BLE_INTR_CALLBACK_BLELL_ADV_INTR_CONN_REQ_RX)
 174:Generated_Source\PSoC6\pdl\middleware\ble/cy_ble_hal_int.c ****                         {
 175:Generated_Source\PSoC6\pdl\middleware\ble/cy_ble_hal_int.c ****                             /* Return interrupt type CY_BLE_INTR_CALLBACK_BLELL_ADV_INTR_CONN_REQ_R
 176:Generated_Source\PSoC6\pdl\middleware\ble/cy_ble_hal_int.c ****                             interruptType |= CY_BLE_INTR_CALLBACK_BLELL_ADV_INTR_CONN_REQ_RX;
 177:Generated_Source\PSoC6\pdl\middleware\ble/cy_ble_hal_int.c ****                         }   
 178:Generated_Source\PSoC6\pdl\middleware\ble/cy_ble_hal_int.c ****                     }
 179:Generated_Source\PSoC6\pdl\middleware\ble/cy_ble_hal_int.c ****                 }
 180:Generated_Source\PSoC6\pdl\middleware\ble/cy_ble_hal_int.c ****             }
 181:Generated_Source\PSoC6\pdl\middleware\ble/cy_ble_hal_int.c ****         }
 182:Generated_Source\PSoC6\pdl\middleware\ble/cy_ble_hal_int.c ****         
 183:Generated_Source\PSoC6\pdl\middleware\ble/cy_ble_hal_int.c ****         /* Send interrupt type information to registered callback */
 184:Generated_Source\PSoC6\pdl\middleware\ble/cy_ble_hal_int.c ****         if(interruptType != (uint32_t)CY_BLE_INTR_CALLBACK_NONE)
 185:Generated_Source\PSoC6\pdl\middleware\ble/cy_ble_hal_int.c ****         {       
 186:Generated_Source\PSoC6\pdl\middleware\ble/cy_ble_hal_int.c ****             #if (CY_BLE_MODE_PROFILE) 
 187:Generated_Source\PSoC6\pdl\middleware\ble/cy_ble_hal_int.c ****                 if(Cy_BLE_InterruptCallback != NULL)
 188:Generated_Source\PSoC6\pdl\middleware\ble/cy_ble_hal_int.c ****                 {
 189:Generated_Source\PSoC6\pdl\middleware\ble/cy_ble_hal_int.c ****                     Cy_BLE_InterruptCallback((uint32_t)interruptType);
 190:Generated_Source\PSoC6\pdl\middleware\ble/cy_ble_hal_int.c ****                 }
 191:Generated_Source\PSoC6\pdl\middleware\ble/cy_ble_hal_int.c ****             #else
 192:Generated_Source\PSoC6\pdl\middleware\ble/cy_ble_hal_int.c ****                 {
 193:Generated_Source\PSoC6\pdl\middleware\ble/cy_ble_hal_int.c ****                     uint32_t rTimeout = 100u; /* us */                 
 194:Generated_Source\PSoC6\pdl\middleware\ble/cy_ble_hal_int.c ****                     intrNotifyPtr->data = (uint32_t)interruptType; 
 195:Generated_Source\PSoC6\pdl\middleware\ble/cy_ble_hal_int.c ****   
 196:Generated_Source\PSoC6\pdl\middleware\ble/cy_ble_hal_int.c ****                     /* Check if IPC is released */
 197:Generated_Source\PSoC6\pdl\middleware\ble/cy_ble_hal_int.c ****                     while((Cy_IPC_Drv_IsLockAcquired(Cy_IPC_Drv_GetIpcBaseAddress(CY_BLE_INTR_NOTIF
 198:Generated_Source\PSoC6\pdl\middleware\ble/cy_ble_hal_int.c ****                           (rTimeout !=0u))
 199:Generated_Source\PSoC6\pdl\middleware\ble/cy_ble_hal_int.c ****                     {
 200:Generated_Source\PSoC6\pdl\middleware\ble/cy_ble_hal_int.c ****                         Cy_SysLib_DelayUs(1u);
 201:Generated_Source\PSoC6\pdl\middleware\ble/cy_ble_hal_int.c ****                         rTimeout--;
ARM GAS  C:\Users\cmila\AppData\Local\Temp\ccl3GEmp.s 			page 5


 202:Generated_Source\PSoC6\pdl\middleware\ble/cy_ble_hal_int.c ****                     }
 203:Generated_Source\PSoC6\pdl\middleware\ble/cy_ble_hal_int.c ****                     
 204:Generated_Source\PSoC6\pdl\middleware\ble/cy_ble_hal_int.c ****                     /* Generates a notify event by IPC interrupt structures */
 205:Generated_Source\PSoC6\pdl\middleware\ble/cy_ble_hal_int.c ****                     if(rTimeout != 0u)
 206:Generated_Source\PSoC6\pdl\middleware\ble/cy_ble_hal_int.c ****                     {
 207:Generated_Source\PSoC6\pdl\middleware\ble/cy_ble_hal_int.c ****                         (void)Cy_IPC_Drv_AcquireNotify(Cy_IPC_Drv_GetIpcBaseAddress(CY_BLE_INTR_NOT
 208:Generated_Source\PSoC6\pdl\middleware\ble/cy_ble_hal_int.c ****                                        (1uL << (uint32_t)CY_BLE_INTR_NOTIFY_IPC_INTR));            
 209:Generated_Source\PSoC6\pdl\middleware\ble/cy_ble_hal_int.c ****                     }                   
 210:Generated_Source\PSoC6\pdl\middleware\ble/cy_ble_hal_int.c ****                     
 211:Generated_Source\PSoC6\pdl\middleware\ble/cy_ble_hal_int.c ****                 }
 212:Generated_Source\PSoC6\pdl\middleware\ble/cy_ble_hal_int.c ****             #endif /* (CY_BLE_MODE_PROFILE) */
 213:Generated_Source\PSoC6\pdl\middleware\ble/cy_ble_hal_int.c ****         }
 214:Generated_Source\PSoC6\pdl\middleware\ble/cy_ble_hal_int.c ****     }
 215:Generated_Source\PSoC6\pdl\middleware\ble/cy_ble_hal_int.c **** }
 216:Generated_Source\PSoC6\pdl\middleware\ble/cy_ble_hal_int.c **** #endif /* (CY_BLE_INTR_NOTIFY_FEATURE_ENABLED) */
 217:Generated_Source\PSoC6\pdl\middleware\ble/cy_ble_hal_int.c ****     
 218:Generated_Source\PSoC6\pdl\middleware\ble/cy_ble_hal_int.c **** 
 219:Generated_Source\PSoC6\pdl\middleware\ble/cy_ble_hal_int.c **** /*******************************************************************************
 220:Generated_Source\PSoC6\pdl\middleware\ble/cy_ble_hal_int.c **** * Function Name: Cy_BLE_BlessInterrupt
 221:Generated_Source\PSoC6\pdl\middleware\ble/cy_ble_hal_int.c **** ****************************************************************************//**
 222:Generated_Source\PSoC6\pdl\middleware\ble/cy_ble_hal_int.c **** *
 223:Generated_Source\PSoC6\pdl\middleware\ble/cy_ble_hal_int.c **** *  Handles the Interrupt Service Routine for the BLE sub-system.
 224:Generated_Source\PSoC6\pdl\middleware\ble/cy_ble_hal_int.c **** *
 225:Generated_Source\PSoC6\pdl\middleware\ble/cy_ble_hal_int.c **** * \return
 226:Generated_Source\PSoC6\pdl\middleware\ble/cy_ble_hal_int.c **** *  None
 227:Generated_Source\PSoC6\pdl\middleware\ble/cy_ble_hal_int.c **** *
 228:Generated_Source\PSoC6\pdl\middleware\ble/cy_ble_hal_int.c **** *******************************************************************************/
 229:Generated_Source\PSoC6\pdl\middleware\ble/cy_ble_hal_int.c **** void Cy_BLE_BlessInterrupt(void)
 230:Generated_Source\PSoC6\pdl\middleware\ble/cy_ble_hal_int.c **** {  
  28              		.loc 1 230 0
  29              		.cfi_startproc
  30              		@ args = 0, pretend = 0, frame = 0
  31              		@ frame_needed = 0, uses_anonymous_args = 0
  32 0000 10B5     		push	{r4, lr}
  33              		.cfi_def_cfa_offset 8
  34              		.cfi_offset 4, -8
  35              		.cfi_offset 14, -4
 231:Generated_Source\PSoC6\pdl\middleware\ble/cy_ble_hal_int.c **** #if (CY_BLE_MODE_PROFILE)    
 232:Generated_Source\PSoC6\pdl\middleware\ble/cy_ble_hal_int.c ****     bool sendNotification = false;
 233:Generated_Source\PSoC6\pdl\middleware\ble/cy_ble_hal_int.c **** #endif /* (CY_BLE_MODE_PROFILE) */
 234:Generated_Source\PSoC6\pdl\middleware\ble/cy_ble_hal_int.c ****      
 235:Generated_Source\PSoC6\pdl\middleware\ble/cy_ble_hal_int.c **** #if (CY_BLE_INTR_NOTIFY_FEATURE_ENABLED)    
 236:Generated_Source\PSoC6\pdl\middleware\ble/cy_ble_hal_int.c ****     /** 
 237:Generated_Source\PSoC6\pdl\middleware\ble/cy_ble_hal_int.c ****      * Send notification (with interrupt type) to user callback for the 
 238:Generated_Source\PSoC6\pdl\middleware\ble/cy_ble_hal_int.c ****      * BLE interrupts subscribed by user. Cy_BLE_RegisterInterruptCallback API 
 239:Generated_Source\PSoC6\pdl\middleware\ble/cy_ble_hal_int.c ****      * used to register callback for receiving BLE interrupts.
 240:Generated_Source\PSoC6\pdl\middleware\ble/cy_ble_hal_int.c ****      */
 241:Generated_Source\PSoC6\pdl\middleware\ble/cy_ble_hal_int.c ****     Cy_BLE_HAL_SendInterruptNotification();
 242:Generated_Source\PSoC6\pdl\middleware\ble/cy_ble_hal_int.c **** #endif /* (CY_BLE_INTR_NOTIFY_FEATURE_ENABLED) */ 
 243:Generated_Source\PSoC6\pdl\middleware\ble/cy_ble_hal_int.c **** 
 244:Generated_Source\PSoC6\pdl\middleware\ble/cy_ble_hal_int.c ****     /* Call BLE Stack manager bless function handler */
 245:Generated_Source\PSoC6\pdl\middleware\ble/cy_ble_hal_int.c **** #if (CY_BLE_MODE_PROFILE)    
 246:Generated_Source\PSoC6\pdl\middleware\ble/cy_ble_hal_int.c ****     sendNotification = Cy_BLE_HAL_BlessInterruptHandler();
 247:Generated_Source\PSoC6\pdl\middleware\ble/cy_ble_hal_int.c **** #else
 248:Generated_Source\PSoC6\pdl\middleware\ble/cy_ble_hal_int.c ****     (void)Cy_BLE_HAL_BlessInterruptHandler();
  36              		.loc 1 248 0
  37 0002 FFF7FEFF 		bl	Cy_BLE_HAL_BlessInterruptHandler
ARM GAS  C:\Users\cmila\AppData\Local\Temp\ccl3GEmp.s 			page 6


  38              	.LVL0:
 249:Generated_Source\PSoC6\pdl\middleware\ble/cy_ble_hal_int.c **** #endif /* (CY_BLE_MODE_PROFILE) */
 250:Generated_Source\PSoC6\pdl\middleware\ble/cy_ble_hal_int.c ****     /* Host stack takes care of clearing interrupts */   
 251:Generated_Source\PSoC6\pdl\middleware\ble/cy_ble_hal_int.c **** 
 252:Generated_Source\PSoC6\pdl\middleware\ble/cy_ble_hal_int.c **** #if (CY_BLE_MODE_PROFILE)
 253:Generated_Source\PSoC6\pdl\middleware\ble/cy_ble_hal_int.c ****     /**
 254:Generated_Source\PSoC6\pdl\middleware\ble/cy_ble_hal_int.c ****      * Call the application application Host callback. This notification indicates
 255:Generated_Source\PSoC6\pdl\middleware\ble/cy_ble_hal_int.c ****      * that user should call Cy_BLE_ProcessEvents() to process
 256:Generated_Source\PSoC6\pdl\middleware\ble/cy_ble_hal_int.c ****      * pending Stack events. 
 257:Generated_Source\PSoC6\pdl\middleware\ble/cy_ble_hal_int.c ****      */
 258:Generated_Source\PSoC6\pdl\middleware\ble/cy_ble_hal_int.c ****     if((Cy_BLE_HostRegisteredCallback != NULL) && sendNotification)
 259:Generated_Source\PSoC6\pdl\middleware\ble/cy_ble_hal_int.c ****     {
 260:Generated_Source\PSoC6\pdl\middleware\ble/cy_ble_hal_int.c ****         Cy_BLE_HostRegisteredCallback();
 261:Generated_Source\PSoC6\pdl\middleware\ble/cy_ble_hal_int.c ****     }
 262:Generated_Source\PSoC6\pdl\middleware\ble/cy_ble_hal_int.c **** #endif /* (CY_BLE_MODE_PROFILE) */
 263:Generated_Source\PSoC6\pdl\middleware\ble/cy_ble_hal_int.c **** }
  39              		.loc 1 263 0
  40              		@ sp needed
  41 0006 10BD     		pop	{r4, pc}
  42              		.cfi_endproc
  43              	.LFE157:
  44              		.size	Cy_BLE_BlessInterrupt, .-Cy_BLE_BlessInterrupt
  45              		.text
  46              	.Letext0:
  47              		.file 2 "c:\\program files (x86)\\cypress\\psoc creator\\4.4\\psoc creator\\import\\gnu\\arm\\5.4.
  48              		.file 3 "c:\\program files (x86)\\cypress\\psoc creator\\4.4\\psoc creator\\import\\gnu\\arm\\5.4.
  49              		.file 4 "Generated_Source\\PSoC6\\pdl\\drivers/peripheral/device/cy_device.h"
  50              		.file 5 "Generated_Source\\PSoC6\\pdl\\middleware\\ble\\cy_ble_stack_pvt.h"
  51              		.section	.debug_info,"",%progbits
  52              	.Ldebug_info0:
  53 0000 46050000 		.4byte	0x546
  54 0004 0400     		.2byte	0x4
  55 0006 00000000 		.4byte	.Ldebug_abbrev0
  56 000a 04       		.byte	0x4
  57 000b 01       		.uleb128 0x1
  58 000c 04010000 		.4byte	.LASF110
  59 0010 0C       		.byte	0xc
  60 0011 74020000 		.4byte	.LASF111
  61 0015 15060000 		.4byte	.LASF112
  62 0019 00000000 		.4byte	.Ldebug_ranges0+0
  63 001d 00000000 		.4byte	0
  64 0021 00000000 		.4byte	.Ldebug_line0
  65 0025 02       		.uleb128 0x2
  66 0026 04       		.byte	0x4
  67 0027 05       		.byte	0x5
  68 0028 696E7400 		.ascii	"int\000"
  69 002c 03       		.uleb128 0x3
  70 002d 04       		.byte	0x4
  71 002e 07       		.byte	0x7
  72 002f 24040000 		.4byte	.LASF0
  73 0033 03       		.uleb128 0x3
  74 0034 08       		.byte	0x8
  75 0035 05       		.byte	0x5
  76 0036 66020000 		.4byte	.LASF1
  77 003a 03       		.uleb128 0x3
  78 003b 08       		.byte	0x8
  79 003c 04       		.byte	0x4
ARM GAS  C:\Users\cmila\AppData\Local\Temp\ccl3GEmp.s 			page 7


  80 003d A0030000 		.4byte	.LASF2
  81 0041 03       		.uleb128 0x3
  82 0042 01       		.byte	0x1
  83 0043 06       		.byte	0x6
  84 0044 DA030000 		.4byte	.LASF3
  85 0048 04       		.uleb128 0x4
  86 0049 1B030000 		.4byte	.LASF5
  87 004d 02       		.byte	0x2
  88 004e 1D       		.byte	0x1d
  89 004f 53000000 		.4byte	0x53
  90 0053 03       		.uleb128 0x3
  91 0054 01       		.byte	0x1
  92 0055 08       		.byte	0x8
  93 0056 C3030000 		.4byte	.LASF4
  94 005a 04       		.uleb128 0x4
  95 005b AA060000 		.4byte	.LASF6
  96 005f 02       		.byte	0x2
  97 0060 29       		.byte	0x29
  98 0061 65000000 		.4byte	0x65
  99 0065 03       		.uleb128 0x3
 100 0066 02       		.byte	0x2
 101 0067 05       		.byte	0x5
 102 0068 B8000000 		.4byte	.LASF7
 103 006c 04       		.uleb128 0x4
 104 006d D8010000 		.4byte	.LASF8
 105 0071 02       		.byte	0x2
 106 0072 2B       		.byte	0x2b
 107 0073 77000000 		.4byte	0x77
 108 0077 03       		.uleb128 0x3
 109 0078 02       		.byte	0x2
 110 0079 07       		.byte	0x7
 111 007a 91040000 		.4byte	.LASF9
 112 007e 03       		.uleb128 0x3
 113 007f 04       		.byte	0x4
 114 0080 05       		.byte	0x5
 115 0081 E7020000 		.4byte	.LASF10
 116 0085 04       		.uleb128 0x4
 117 0086 A2010000 		.4byte	.LASF11
 118 008a 02       		.byte	0x2
 119 008b 41       		.byte	0x41
 120 008c 90000000 		.4byte	0x90
 121 0090 03       		.uleb128 0x3
 122 0091 04       		.byte	0x4
 123 0092 07       		.byte	0x7
 124 0093 8C050000 		.4byte	.LASF12
 125 0097 03       		.uleb128 0x3
 126 0098 08       		.byte	0x8
 127 0099 07       		.byte	0x7
 128 009a E6030000 		.4byte	.LASF13
 129 009e 03       		.uleb128 0x3
 130 009f 04       		.byte	0x4
 131 00a0 07       		.byte	0x7
 132 00a1 D2000000 		.4byte	.LASF14
 133 00a5 03       		.uleb128 0x3
 134 00a6 01       		.byte	0x1
 135 00a7 08       		.byte	0x8
 136 00a8 A4040000 		.4byte	.LASF15
ARM GAS  C:\Users\cmila\AppData\Local\Temp\ccl3GEmp.s 			page 8


 137 00ac 04       		.uleb128 0x4
 138 00ad F4010000 		.4byte	.LASF16
 139 00b1 03       		.byte	0x3
 140 00b2 18       		.byte	0x18
 141 00b3 48000000 		.4byte	0x48
 142 00b7 04       		.uleb128 0x4
 143 00b8 0C050000 		.4byte	.LASF17
 144 00bc 03       		.byte	0x3
 145 00bd 20       		.byte	0x20
 146 00be 5A000000 		.4byte	0x5a
 147 00c2 04       		.uleb128 0x4
 148 00c3 A9040000 		.4byte	.LASF18
 149 00c7 03       		.byte	0x3
 150 00c8 24       		.byte	0x24
 151 00c9 6C000000 		.4byte	0x6c
 152 00cd 04       		.uleb128 0x4
 153 00ce 06040000 		.4byte	.LASF19
 154 00d2 03       		.byte	0x3
 155 00d3 30       		.byte	0x30
 156 00d4 85000000 		.4byte	0x85
 157 00d8 05       		.uleb128 0x5
 158 00d9 B8       		.byte	0xb8
 159 00da 04       		.byte	0x4
 160 00db 34       		.byte	0x34
 161 00dc E9040000 		.4byte	0x4e9
 162 00e0 06       		.uleb128 0x6
 163 00e1 C1010000 		.4byte	.LASF20
 164 00e5 04       		.byte	0x4
 165 00e6 37       		.byte	0x37
 166 00e7 CD000000 		.4byte	0xcd
 167 00eb 00       		.byte	0
 168 00ec 06       		.uleb128 0x6
 169 00ed F0020000 		.4byte	.LASF21
 170 00f1 04       		.byte	0x4
 171 00f2 38       		.byte	0x38
 172 00f3 CD000000 		.4byte	0xcd
 173 00f7 04       		.byte	0x4
 174 00f8 06       		.uleb128 0x6
 175 00f9 D1030000 		.4byte	.LASF22
 176 00fd 04       		.byte	0x4
 177 00fe 39       		.byte	0x39
 178 00ff CD000000 		.4byte	0xcd
 179 0103 08       		.byte	0x8
 180 0104 06       		.uleb128 0x6
 181 0105 ED040000 		.4byte	.LASF23
 182 0109 04       		.byte	0x4
 183 010a 3A       		.byte	0x3a
 184 010b CD000000 		.4byte	0xcd
 185 010f 0C       		.byte	0xc
 186 0110 06       		.uleb128 0x6
 187 0111 61070000 		.4byte	.LASF24
 188 0115 04       		.byte	0x4
 189 0116 3B       		.byte	0x3b
 190 0117 CD000000 		.4byte	0xcd
 191 011b 10       		.byte	0x10
 192 011c 06       		.uleb128 0x6
 193 011d 42020000 		.4byte	.LASF25
ARM GAS  C:\Users\cmila\AppData\Local\Temp\ccl3GEmp.s 			page 9


 194 0121 04       		.byte	0x4
 195 0122 3C       		.byte	0x3c
 196 0123 CD000000 		.4byte	0xcd
 197 0127 14       		.byte	0x14
 198 0128 06       		.uleb128 0x6
 199 0129 FD030000 		.4byte	.LASF26
 200 012d 04       		.byte	0x4
 201 012e 3D       		.byte	0x3d
 202 012f CD000000 		.4byte	0xcd
 203 0133 18       		.byte	0x18
 204 0134 06       		.uleb128 0x6
 205 0135 BA030000 		.4byte	.LASF27
 206 0139 04       		.byte	0x4
 207 013a 3E       		.byte	0x3e
 208 013b CD000000 		.4byte	0xcd
 209 013f 1C       		.byte	0x1c
 210 0140 06       		.uleb128 0x6
 211 0141 59070000 		.4byte	.LASF28
 212 0145 04       		.byte	0x4
 213 0146 3F       		.byte	0x3f
 214 0147 CD000000 		.4byte	0xcd
 215 014b 20       		.byte	0x20
 216 014c 06       		.uleb128 0x6
 217 014d 75000000 		.4byte	.LASF29
 218 0151 04       		.byte	0x4
 219 0152 40       		.byte	0x40
 220 0153 CD000000 		.4byte	0xcd
 221 0157 24       		.byte	0x24
 222 0158 06       		.uleb128 0x6
 223 0159 CB010000 		.4byte	.LASF30
 224 015d 04       		.byte	0x4
 225 015e 43       		.byte	0x43
 226 015f AC000000 		.4byte	0xac
 227 0163 28       		.byte	0x28
 228 0164 06       		.uleb128 0x6
 229 0165 49050000 		.4byte	.LASF31
 230 0169 04       		.byte	0x4
 231 016a 44       		.byte	0x44
 232 016b AC000000 		.4byte	0xac
 233 016f 29       		.byte	0x29
 234 0170 06       		.uleb128 0x6
 235 0171 B3050000 		.4byte	.LASF32
 236 0175 04       		.byte	0x4
 237 0176 45       		.byte	0x45
 238 0177 AC000000 		.4byte	0xac
 239 017b 2A       		.byte	0x2a
 240 017c 06       		.uleb128 0x6
 241 017d C8050000 		.4byte	.LASF33
 242 0181 04       		.byte	0x4
 243 0182 46       		.byte	0x46
 244 0183 AC000000 		.4byte	0xac
 245 0187 2B       		.byte	0x2b
 246 0188 06       		.uleb128 0x6
 247 0189 57050000 		.4byte	.LASF34
 248 018d 04       		.byte	0x4
 249 018e 47       		.byte	0x47
 250 018f AC000000 		.4byte	0xac
ARM GAS  C:\Users\cmila\AppData\Local\Temp\ccl3GEmp.s 			page 10


 251 0193 2C       		.byte	0x2c
 252 0194 06       		.uleb128 0x6
 253 0195 49000000 		.4byte	.LASF35
 254 0199 04       		.byte	0x4
 255 019a 48       		.byte	0x48
 256 019b AC000000 		.4byte	0xac
 257 019f 2D       		.byte	0x2d
 258 01a0 06       		.uleb128 0x6
 259 01a1 DB000000 		.4byte	.LASF36
 260 01a5 04       		.byte	0x4
 261 01a6 49       		.byte	0x49
 262 01a7 AC000000 		.4byte	0xac
 263 01ab 2E       		.byte	0x2e
 264 01ac 06       		.uleb128 0x6
 265 01ad FC010000 		.4byte	.LASF37
 266 01b1 04       		.byte	0x4
 267 01b2 4A       		.byte	0x4a
 268 01b3 AC000000 		.4byte	0xac
 269 01b7 2F       		.byte	0x2f
 270 01b8 06       		.uleb128 0x6
 271 01b9 96010000 		.4byte	.LASF38
 272 01bd 04       		.byte	0x4
 273 01be 4B       		.byte	0x4b
 274 01bf AC000000 		.4byte	0xac
 275 01c3 30       		.byte	0x30
 276 01c4 06       		.uleb128 0x6
 277 01c5 BD050000 		.4byte	.LASF39
 278 01c9 04       		.byte	0x4
 279 01ca 4E       		.byte	0x4e
 280 01cb AC000000 		.4byte	0xac
 281 01cf 31       		.byte	0x31
 282 01d0 06       		.uleb128 0x6
 283 01d1 25030000 		.4byte	.LASF40
 284 01d5 04       		.byte	0x4
 285 01d6 4F       		.byte	0x4f
 286 01d7 AC000000 		.4byte	0xac
 287 01db 32       		.byte	0x32
 288 01dc 06       		.uleb128 0x6
 289 01dd 69000000 		.4byte	.LASF41
 290 01e1 04       		.byte	0x4
 291 01e2 50       		.byte	0x50
 292 01e3 AC000000 		.4byte	0xac
 293 01e7 33       		.byte	0x33
 294 01e8 06       		.uleb128 0x6
 295 01e9 00000000 		.4byte	.LASF42
 296 01ed 04       		.byte	0x4
 297 01ee 51       		.byte	0x51
 298 01ef AC000000 		.4byte	0xac
 299 01f3 34       		.byte	0x34
 300 01f4 06       		.uleb128 0x6
 301 01f5 20020000 		.4byte	.LASF43
 302 01f9 04       		.byte	0x4
 303 01fa 52       		.byte	0x52
 304 01fb B7000000 		.4byte	0xb7
 305 01ff 36       		.byte	0x36
 306 0200 06       		.uleb128 0x6
 307 0201 F4050000 		.4byte	.LASF44
ARM GAS  C:\Users\cmila\AppData\Local\Temp\ccl3GEmp.s 			page 11


 308 0205 04       		.byte	0x4
 309 0206 53       		.byte	0x53
 310 0207 B7000000 		.4byte	0xb7
 311 020b 38       		.byte	0x38
 312 020c 06       		.uleb128 0x6
 313 020d 57040000 		.4byte	.LASF45
 314 0211 04       		.byte	0x4
 315 0212 54       		.byte	0x54
 316 0213 B7000000 		.4byte	0xb7
 317 0217 3A       		.byte	0x3a
 318 0218 06       		.uleb128 0x6
 319 0219 31040000 		.4byte	.LASF46
 320 021d 04       		.byte	0x4
 321 021e 55       		.byte	0x55
 322 021f AC000000 		.4byte	0xac
 323 0223 3C       		.byte	0x3c
 324 0224 06       		.uleb128 0x6
 325 0225 01050000 		.4byte	.LASF47
 326 0229 04       		.byte	0x4
 327 022a 56       		.byte	0x56
 328 022b AC000000 		.4byte	0xac
 329 022f 3D       		.byte	0x3d
 330 0230 06       		.uleb128 0x6
 331 0231 27000000 		.4byte	.LASF48
 332 0235 04       		.byte	0x4
 333 0236 57       		.byte	0x57
 334 0237 AC000000 		.4byte	0xac
 335 023b 3E       		.byte	0x3e
 336 023c 06       		.uleb128 0x6
 337 023d F5040000 		.4byte	.LASF49
 338 0241 04       		.byte	0x4
 339 0242 58       		.byte	0x58
 340 0243 AC000000 		.4byte	0xac
 341 0247 3F       		.byte	0x3f
 342 0248 06       		.uleb128 0x6
 343 0249 76070000 		.4byte	.LASF50
 344 024d 04       		.byte	0x4
 345 024e 59       		.byte	0x59
 346 024f AC000000 		.4byte	0xac
 347 0253 40       		.byte	0x40
 348 0254 06       		.uleb128 0x6
 349 0255 74060000 		.4byte	.LASF51
 350 0259 04       		.byte	0x4
 351 025a 5A       		.byte	0x5a
 352 025b AC000000 		.4byte	0xac
 353 025f 41       		.byte	0x41
 354 0260 06       		.uleb128 0x6
 355 0261 DF060000 		.4byte	.LASF52
 356 0265 04       		.byte	0x4
 357 0266 5B       		.byte	0x5b
 358 0267 AC000000 		.4byte	0xac
 359 026b 42       		.byte	0x42
 360 026c 06       		.uleb128 0x6
 361 026d 95030000 		.4byte	.LASF53
 362 0271 04       		.byte	0x4
 363 0272 5C       		.byte	0x5c
 364 0273 AC000000 		.4byte	0xac
ARM GAS  C:\Users\cmila\AppData\Local\Temp\ccl3GEmp.s 			page 12


 365 0277 43       		.byte	0x43
 366 0278 06       		.uleb128 0x6
 367 0279 AF020000 		.4byte	.LASF54
 368 027d 04       		.byte	0x4
 369 027e 5D       		.byte	0x5d
 370 027f AC000000 		.4byte	0xac
 371 0283 44       		.byte	0x44
 372 0284 06       		.uleb128 0x6
 373 0285 B2040000 		.4byte	.LASF55
 374 0289 04       		.byte	0x4
 375 028a 5E       		.byte	0x5e
 376 028b CD000000 		.4byte	0xcd
 377 028f 48       		.byte	0x48
 378 0290 06       		.uleb128 0x6
 379 0291 2A050000 		.4byte	.LASF56
 380 0295 04       		.byte	0x4
 381 0296 5F       		.byte	0x5f
 382 0297 CD000000 		.4byte	0xcd
 383 029b 4C       		.byte	0x4c
 384 029c 06       		.uleb128 0x6
 385 029d E3010000 		.4byte	.LASF57
 386 02a1 04       		.byte	0x4
 387 02a2 60       		.byte	0x60
 388 02a3 AC000000 		.4byte	0xac
 389 02a7 50       		.byte	0x50
 390 02a8 06       		.uleb128 0x6
 391 02a9 39070000 		.4byte	.LASF58
 392 02ad 04       		.byte	0x4
 393 02ae 61       		.byte	0x61
 394 02af AC000000 		.4byte	0xac
 395 02b3 51       		.byte	0x51
 396 02b4 06       		.uleb128 0x6
 397 02b5 C2000000 		.4byte	.LASF59
 398 02b9 04       		.byte	0x4
 399 02ba 62       		.byte	0x62
 400 02bb AC000000 		.4byte	0xac
 401 02bf 52       		.byte	0x52
 402 02c0 06       		.uleb128 0x6
 403 02c1 84060000 		.4byte	.LASF60
 404 02c5 04       		.byte	0x4
 405 02c6 63       		.byte	0x63
 406 02c7 AC000000 		.4byte	0xac
 407 02cb 53       		.byte	0x53
 408 02cc 06       		.uleb128 0x6
 409 02cd 6C040000 		.4byte	.LASF61
 410 02d1 04       		.byte	0x4
 411 02d2 64       		.byte	0x64
 412 02d3 AC000000 		.4byte	0xac
 413 02d7 54       		.byte	0x54
 414 02d8 06       		.uleb128 0x6
 415 02d9 AD010000 		.4byte	.LASF62
 416 02dd 04       		.byte	0x4
 417 02de 65       		.byte	0x65
 418 02df AC000000 		.4byte	0xac
 419 02e3 55       		.byte	0x55
 420 02e4 06       		.uleb128 0x6
 421 02e5 78050000 		.4byte	.LASF63
ARM GAS  C:\Users\cmila\AppData\Local\Temp\ccl3GEmp.s 			page 13


 422 02e9 04       		.byte	0x4
 423 02ea 66       		.byte	0x66
 424 02eb AC000000 		.4byte	0xac
 425 02ef 56       		.byte	0x56
 426 02f0 06       		.uleb128 0x6
 427 02f1 EB060000 		.4byte	.LASF64
 428 02f5 04       		.byte	0x4
 429 02f6 67       		.byte	0x67
 430 02f7 AC000000 		.4byte	0xac
 431 02fb 57       		.byte	0x57
 432 02fc 06       		.uleb128 0x6
 433 02fd 81030000 		.4byte	.LASF65
 434 0301 04       		.byte	0x4
 435 0302 68       		.byte	0x68
 436 0303 AC000000 		.4byte	0xac
 437 0307 58       		.byte	0x58
 438 0308 06       		.uleb128 0x6
 439 0309 E0050000 		.4byte	.LASF66
 440 030d 04       		.byte	0x4
 441 030e 69       		.byte	0x69
 442 030f AC000000 		.4byte	0xac
 443 0313 59       		.byte	0x59
 444 0314 06       		.uleb128 0x6
 445 0315 10030000 		.4byte	.LASF67
 446 0319 04       		.byte	0x4
 447 031a 6E       		.byte	0x6e
 448 031b C2000000 		.4byte	0xc2
 449 031f 5A       		.byte	0x5a
 450 0320 06       		.uleb128 0x6
 451 0321 08020000 		.4byte	.LASF68
 452 0325 04       		.byte	0x4
 453 0326 6F       		.byte	0x6f
 454 0327 C2000000 		.4byte	0xc2
 455 032b 5C       		.byte	0x5c
 456 032c 06       		.uleb128 0x6
 457 032d 11020000 		.4byte	.LASF69
 458 0331 04       		.byte	0x4
 459 0332 70       		.byte	0x70
 460 0333 AC000000 		.4byte	0xac
 461 0337 5E       		.byte	0x5e
 462 0338 06       		.uleb128 0x6
 463 0339 A9070000 		.4byte	.LASF70
 464 033d 04       		.byte	0x4
 465 033e 71       		.byte	0x71
 466 033f AC000000 		.4byte	0xac
 467 0343 5F       		.byte	0x5f
 468 0344 06       		.uleb128 0x6
 469 0345 98070000 		.4byte	.LASF71
 470 0349 04       		.byte	0x4
 471 034a 72       		.byte	0x72
 472 034b AC000000 		.4byte	0xac
 473 034f 60       		.byte	0x60
 474 0350 06       		.uleb128 0x6
 475 0351 C0020000 		.4byte	.LASF72
 476 0355 04       		.byte	0x4
 477 0356 73       		.byte	0x73
 478 0357 CD000000 		.4byte	0xcd
ARM GAS  C:\Users\cmila\AppData\Local\Temp\ccl3GEmp.s 			page 14


 479 035b 64       		.byte	0x64
 480 035c 06       		.uleb128 0x6
 481 035d 1A050000 		.4byte	.LASF73
 482 0361 04       		.byte	0x4
 483 0362 76       		.byte	0x76
 484 0363 C2000000 		.4byte	0xc2
 485 0367 68       		.byte	0x68
 486 0368 06       		.uleb128 0x6
 487 0369 6F030000 		.4byte	.LASF74
 488 036d 04       		.byte	0x4
 489 036e 77       		.byte	0x77
 490 036f C2000000 		.4byte	0xc2
 491 0373 6A       		.byte	0x6a
 492 0374 06       		.uleb128 0x6
 493 0375 14070000 		.4byte	.LASF75
 494 0379 04       		.byte	0x4
 495 037a 78       		.byte	0x78
 496 037b C2000000 		.4byte	0xc2
 497 037f 6C       		.byte	0x6c
 498 0380 06       		.uleb128 0x6
 499 0381 BF070000 		.4byte	.LASF76
 500 0385 04       		.byte	0x4
 501 0386 79       		.byte	0x79
 502 0387 C2000000 		.4byte	0xc2
 503 038b 6E       		.byte	0x6e
 504 038c 06       		.uleb128 0x6
 505 038d D9040000 		.4byte	.LASF77
 506 0391 04       		.byte	0x4
 507 0392 7B       		.byte	0x7b
 508 0393 AC000000 		.4byte	0xac
 509 0397 70       		.byte	0x70
 510 0398 06       		.uleb128 0x6
 511 0399 C4040000 		.4byte	.LASF78
 512 039d 04       		.byte	0x4
 513 039e 7C       		.byte	0x7c
 514 039f AC000000 		.4byte	0xac
 515 03a3 71       		.byte	0x71
 516 03a4 06       		.uleb128 0x6
 517 03a5 FF050000 		.4byte	.LASF79
 518 03a9 04       		.byte	0x4
 519 03aa 7D       		.byte	0x7d
 520 03ab AC000000 		.4byte	0xac
 521 03af 72       		.byte	0x72
 522 03b0 06       		.uleb128 0x6
 523 03b1 40040000 		.4byte	.LASF80
 524 03b5 04       		.byte	0x4
 525 03b6 7E       		.byte	0x7e
 526 03b7 AC000000 		.4byte	0xac
 527 03bb 73       		.byte	0x73
 528 03bc 06       		.uleb128 0x6
 529 03bd 46030000 		.4byte	.LASF81
 530 03c1 04       		.byte	0x4
 531 03c2 80       		.byte	0x80
 532 03c3 C2000000 		.4byte	0xc2
 533 03c7 74       		.byte	0x74
 534 03c8 06       		.uleb128 0x6
 535 03c9 33030000 		.4byte	.LASF82
ARM GAS  C:\Users\cmila\AppData\Local\Temp\ccl3GEmp.s 			page 15


 536 03cd 04       		.byte	0x4
 537 03ce 81       		.byte	0x81
 538 03cf C2000000 		.4byte	0xc2
 539 03d3 76       		.byte	0x76
 540 03d4 06       		.uleb128 0x6
 541 03d5 FF060000 		.4byte	.LASF83
 542 03d9 04       		.byte	0x4
 543 03da 82       		.byte	0x82
 544 03db C2000000 		.4byte	0xc2
 545 03df 78       		.byte	0x78
 546 03e0 06       		.uleb128 0x6
 547 03e1 7C040000 		.4byte	.LASF84
 548 03e5 04       		.byte	0x4
 549 03e6 83       		.byte	0x83
 550 03e7 C2000000 		.4byte	0xc2
 551 03eb 7A       		.byte	0x7a
 552 03ec 06       		.uleb128 0x6
 553 03ed FB020000 		.4byte	.LASF85
 554 03f1 04       		.byte	0x4
 555 03f2 86       		.byte	0x86
 556 03f3 AC000000 		.4byte	0xac
 557 03f7 7C       		.byte	0x7c
 558 03f8 06       		.uleb128 0x6
 559 03f9 38050000 		.4byte	.LASF86
 560 03fd 04       		.byte	0x4
 561 03fe 87       		.byte	0x87
 562 03ff AC000000 		.4byte	0xac
 563 0403 7D       		.byte	0x7d
 564 0404 06       		.uleb128 0x6
 565 0405 56000000 		.4byte	.LASF87
 566 0409 04       		.byte	0x4
 567 040a 88       		.byte	0x88
 568 040b AC000000 		.4byte	0xac
 569 040f 7E       		.byte	0x7e
 570 0410 06       		.uleb128 0x6
 571 0411 35000000 		.4byte	.LASF88
 572 0415 04       		.byte	0x4
 573 0416 89       		.byte	0x89
 574 0417 AC000000 		.4byte	0xac
 575 041b 7F       		.byte	0x7f
 576 041c 06       		.uleb128 0x6
 577 041d 52020000 		.4byte	.LASF89
 578 0421 04       		.byte	0x4
 579 0422 8A       		.byte	0x8a
 580 0423 AC000000 		.4byte	0xac
 581 0427 80       		.byte	0x80
 582 0428 06       		.uleb128 0x6
 583 0429 A1000000 		.4byte	.LASF90
 584 042d 04       		.byte	0x4
 585 042e 8D       		.byte	0x8d
 586 042f CD000000 		.4byte	0xcd
 587 0433 84       		.byte	0x84
 588 0434 06       		.uleb128 0x6
 589 0435 58030000 		.4byte	.LASF91
 590 0439 04       		.byte	0x4
 591 043a 8E       		.byte	0x8e
 592 043b CD000000 		.4byte	0xcd
ARM GAS  C:\Users\cmila\AppData\Local\Temp\ccl3GEmp.s 			page 16


 593 043f 88       		.byte	0x88
 594 0440 06       		.uleb128 0x6
 595 0441 0F040000 		.4byte	.LASF92
 596 0445 04       		.byte	0x4
 597 0446 8F       		.byte	0x8f
 598 0447 CD000000 		.4byte	0xcd
 599 044b 8C       		.byte	0x8c
 600 044c 06       		.uleb128 0x6
 601 044d 83070000 		.4byte	.LASF93
 602 0451 04       		.byte	0x4
 603 0452 90       		.byte	0x90
 604 0453 CD000000 		.4byte	0xcd
 605 0457 90       		.byte	0x90
 606 0458 06       		.uleb128 0x6
 607 0459 63050000 		.4byte	.LASF94
 608 045d 04       		.byte	0x4
 609 045e 91       		.byte	0x91
 610 045f CD000000 		.4byte	0xcd
 611 0463 94       		.byte	0x94
 612 0464 06       		.uleb128 0x6
 613 0465 11000000 		.4byte	.LASF95
 614 0469 04       		.byte	0x4
 615 046a 92       		.byte	0x92
 616 046b CD000000 		.4byte	0xcd
 617 046f 98       		.byte	0x98
 618 0470 06       		.uleb128 0x6
 619 0471 23070000 		.4byte	.LASF96
 620 0475 04       		.byte	0x4
 621 0476 93       		.byte	0x93
 622 0477 CD000000 		.4byte	0xcd
 623 047b 9C       		.byte	0x9c
 624 047c 06       		.uleb128 0x6
 625 047d D1020000 		.4byte	.LASF97
 626 0481 04       		.byte	0x4
 627 0482 94       		.byte	0x94
 628 0483 CD000000 		.4byte	0xcd
 629 0487 A0       		.byte	0xa0
 630 0488 06       		.uleb128 0x6
 631 0489 2D020000 		.4byte	.LASF98
 632 048d 04       		.byte	0x4
 633 048e 95       		.byte	0x95
 634 048f C2000000 		.4byte	0xc2
 635 0493 A4       		.byte	0xa4
 636 0494 06       		.uleb128 0x6
 637 0495 B4060000 		.4byte	.LASF99
 638 0499 04       		.byte	0x4
 639 049a 96       		.byte	0x96
 640 049b C2000000 		.4byte	0xc2
 641 049f A6       		.byte	0xa6
 642 04a0 06       		.uleb128 0x6
 643 04a1 6A070000 		.4byte	.LASF100
 644 04a5 04       		.byte	0x4
 645 04a6 97       		.byte	0x97
 646 04a7 C2000000 		.4byte	0xc2
 647 04ab A8       		.byte	0xa8
 648 04ac 06       		.uleb128 0x6
 649 04ad A5050000 		.4byte	.LASF101
ARM GAS  C:\Users\cmila\AppData\Local\Temp\ccl3GEmp.s 			page 17


 650 04b1 04       		.byte	0x4
 651 04b2 98       		.byte	0x98
 652 04b3 C2000000 		.4byte	0xc2
 653 04b7 AA       		.byte	0xaa
 654 04b8 06       		.uleb128 0x6
 655 04b9 E6000000 		.4byte	.LASF102
 656 04bd 04       		.byte	0x4
 657 04be 99       		.byte	0x99
 658 04bf C2000000 		.4byte	0xc2
 659 04c3 AC       		.byte	0xac
 660 04c4 06       		.uleb128 0x6
 661 04c5 AC030000 		.4byte	.LASF103
 662 04c9 04       		.byte	0x4
 663 04ca 9A       		.byte	0x9a
 664 04cb C2000000 		.4byte	0xc2
 665 04cf AE       		.byte	0xae
 666 04d0 06       		.uleb128 0x6
 667 04d1 4B070000 		.4byte	.LASF104
 668 04d5 04       		.byte	0x4
 669 04d6 9D       		.byte	0x9d
 670 04d7 C2000000 		.4byte	0xc2
 671 04db B0       		.byte	0xb0
 672 04dc 06       		.uleb128 0x6
 673 04dd 96060000 		.4byte	.LASF105
 674 04e1 04       		.byte	0x4
 675 04e2 9E       		.byte	0x9e
 676 04e3 CD000000 		.4byte	0xcd
 677 04e7 B4       		.byte	0xb4
 678 04e8 00       		.byte	0
 679 04e9 04       		.uleb128 0x4
 680 04ea F4000000 		.4byte	.LASF106
 681 04ee 04       		.byte	0x4
 682 04ef 9F       		.byte	0x9f
 683 04f0 D8000000 		.4byte	0xd8
 684 04f4 03       		.uleb128 0x3
 685 04f5 04       		.byte	0x4
 686 04f6 04       		.byte	0x4
 687 04f7 4C020000 		.4byte	.LASF107
 688 04fb 03       		.uleb128 0x3
 689 04fc 08       		.byte	0x8
 690 04fd 04       		.byte	0x4
 691 04fe 9E050000 		.4byte	.LASF108
 692 0502 03       		.uleb128 0x3
 693 0503 01       		.byte	0x1
 694 0504 02       		.byte	0x2
 695 0505 14050000 		.4byte	.LASF109
 696 0509 07       		.uleb128 0x7
 697 050a C9060000 		.4byte	.LASF113
 698 050e 01       		.byte	0x1
 699 050f E5       		.byte	0xe5
 700 0510 00000000 		.4byte	.LFB157
 701 0514 08000000 		.4byte	.LFE157-.LFB157
 702 0518 01       		.uleb128 0x1
 703 0519 9C       		.byte	0x9c
 704 051a 28050000 		.4byte	0x528
 705 051e 08       		.uleb128 0x8
 706 051f 06000000 		.4byte	.LVL0
ARM GAS  C:\Users\cmila\AppData\Local\Temp\ccl3GEmp.s 			page 18


 707 0523 3E050000 		.4byte	0x53e
 708 0527 00       		.byte	0
 709 0528 09       		.uleb128 0x9
 710 0529 D6050000 		.4byte	.LASF114
 711 052d 04       		.byte	0x4
 712 052e A7       		.byte	0xa7
 713 052f 33050000 		.4byte	0x533
 714 0533 0A       		.uleb128 0xa
 715 0534 04       		.byte	0x4
 716 0535 39050000 		.4byte	0x539
 717 0539 0B       		.uleb128 0xb
 718 053a E9040000 		.4byte	0x4e9
 719 053e 0C       		.uleb128 0xc
 720 053f 80000000 		.4byte	.LASF115
 721 0543 80000000 		.4byte	.LASF115
 722 0547 05       		.byte	0x5
 723 0548 87       		.byte	0x87
 724 0549 00       		.byte	0
 725              		.section	.debug_abbrev,"",%progbits
 726              	.Ldebug_abbrev0:
 727 0000 01       		.uleb128 0x1
 728 0001 11       		.uleb128 0x11
 729 0002 01       		.byte	0x1
 730 0003 25       		.uleb128 0x25
 731 0004 0E       		.uleb128 0xe
 732 0005 13       		.uleb128 0x13
 733 0006 0B       		.uleb128 0xb
 734 0007 03       		.uleb128 0x3
 735 0008 0E       		.uleb128 0xe
 736 0009 1B       		.uleb128 0x1b
 737 000a 0E       		.uleb128 0xe
 738 000b 55       		.uleb128 0x55
 739 000c 17       		.uleb128 0x17
 740 000d 11       		.uleb128 0x11
 741 000e 01       		.uleb128 0x1
 742 000f 10       		.uleb128 0x10
 743 0010 17       		.uleb128 0x17
 744 0011 00       		.byte	0
 745 0012 00       		.byte	0
 746 0013 02       		.uleb128 0x2
 747 0014 24       		.uleb128 0x24
 748 0015 00       		.byte	0
 749 0016 0B       		.uleb128 0xb
 750 0017 0B       		.uleb128 0xb
 751 0018 3E       		.uleb128 0x3e
 752 0019 0B       		.uleb128 0xb
 753 001a 03       		.uleb128 0x3
 754 001b 08       		.uleb128 0x8
 755 001c 00       		.byte	0
 756 001d 00       		.byte	0
 757 001e 03       		.uleb128 0x3
 758 001f 24       		.uleb128 0x24
 759 0020 00       		.byte	0
 760 0021 0B       		.uleb128 0xb
 761 0022 0B       		.uleb128 0xb
 762 0023 3E       		.uleb128 0x3e
 763 0024 0B       		.uleb128 0xb
ARM GAS  C:\Users\cmila\AppData\Local\Temp\ccl3GEmp.s 			page 19


 764 0025 03       		.uleb128 0x3
 765 0026 0E       		.uleb128 0xe
 766 0027 00       		.byte	0
 767 0028 00       		.byte	0
 768 0029 04       		.uleb128 0x4
 769 002a 16       		.uleb128 0x16
 770 002b 00       		.byte	0
 771 002c 03       		.uleb128 0x3
 772 002d 0E       		.uleb128 0xe
 773 002e 3A       		.uleb128 0x3a
 774 002f 0B       		.uleb128 0xb
 775 0030 3B       		.uleb128 0x3b
 776 0031 0B       		.uleb128 0xb
 777 0032 49       		.uleb128 0x49
 778 0033 13       		.uleb128 0x13
 779 0034 00       		.byte	0
 780 0035 00       		.byte	0
 781 0036 05       		.uleb128 0x5
 782 0037 13       		.uleb128 0x13
 783 0038 01       		.byte	0x1
 784 0039 0B       		.uleb128 0xb
 785 003a 0B       		.uleb128 0xb
 786 003b 3A       		.uleb128 0x3a
 787 003c 0B       		.uleb128 0xb
 788 003d 3B       		.uleb128 0x3b
 789 003e 0B       		.uleb128 0xb
 790 003f 01       		.uleb128 0x1
 791 0040 13       		.uleb128 0x13
 792 0041 00       		.byte	0
 793 0042 00       		.byte	0
 794 0043 06       		.uleb128 0x6
 795 0044 0D       		.uleb128 0xd
 796 0045 00       		.byte	0
 797 0046 03       		.uleb128 0x3
 798 0047 0E       		.uleb128 0xe
 799 0048 3A       		.uleb128 0x3a
 800 0049 0B       		.uleb128 0xb
 801 004a 3B       		.uleb128 0x3b
 802 004b 0B       		.uleb128 0xb
 803 004c 49       		.uleb128 0x49
 804 004d 13       		.uleb128 0x13
 805 004e 38       		.uleb128 0x38
 806 004f 0B       		.uleb128 0xb
 807 0050 00       		.byte	0
 808 0051 00       		.byte	0
 809 0052 07       		.uleb128 0x7
 810 0053 2E       		.uleb128 0x2e
 811 0054 01       		.byte	0x1
 812 0055 3F       		.uleb128 0x3f
 813 0056 19       		.uleb128 0x19
 814 0057 03       		.uleb128 0x3
 815 0058 0E       		.uleb128 0xe
 816 0059 3A       		.uleb128 0x3a
 817 005a 0B       		.uleb128 0xb
 818 005b 3B       		.uleb128 0x3b
 819 005c 0B       		.uleb128 0xb
 820 005d 27       		.uleb128 0x27
ARM GAS  C:\Users\cmila\AppData\Local\Temp\ccl3GEmp.s 			page 20


 821 005e 19       		.uleb128 0x19
 822 005f 11       		.uleb128 0x11
 823 0060 01       		.uleb128 0x1
 824 0061 12       		.uleb128 0x12
 825 0062 06       		.uleb128 0x6
 826 0063 40       		.uleb128 0x40
 827 0064 18       		.uleb128 0x18
 828 0065 9742     		.uleb128 0x2117
 829 0067 19       		.uleb128 0x19
 830 0068 01       		.uleb128 0x1
 831 0069 13       		.uleb128 0x13
 832 006a 00       		.byte	0
 833 006b 00       		.byte	0
 834 006c 08       		.uleb128 0x8
 835 006d 898201   		.uleb128 0x4109
 836 0070 00       		.byte	0
 837 0071 11       		.uleb128 0x11
 838 0072 01       		.uleb128 0x1
 839 0073 31       		.uleb128 0x31
 840 0074 13       		.uleb128 0x13
 841 0075 00       		.byte	0
 842 0076 00       		.byte	0
 843 0077 09       		.uleb128 0x9
 844 0078 34       		.uleb128 0x34
 845 0079 00       		.byte	0
 846 007a 03       		.uleb128 0x3
 847 007b 0E       		.uleb128 0xe
 848 007c 3A       		.uleb128 0x3a
 849 007d 0B       		.uleb128 0xb
 850 007e 3B       		.uleb128 0x3b
 851 007f 0B       		.uleb128 0xb
 852 0080 49       		.uleb128 0x49
 853 0081 13       		.uleb128 0x13
 854 0082 3F       		.uleb128 0x3f
 855 0083 19       		.uleb128 0x19
 856 0084 3C       		.uleb128 0x3c
 857 0085 19       		.uleb128 0x19
 858 0086 00       		.byte	0
 859 0087 00       		.byte	0
 860 0088 0A       		.uleb128 0xa
 861 0089 0F       		.uleb128 0xf
 862 008a 00       		.byte	0
 863 008b 0B       		.uleb128 0xb
 864 008c 0B       		.uleb128 0xb
 865 008d 49       		.uleb128 0x49
 866 008e 13       		.uleb128 0x13
 867 008f 00       		.byte	0
 868 0090 00       		.byte	0
 869 0091 0B       		.uleb128 0xb
 870 0092 26       		.uleb128 0x26
 871 0093 00       		.byte	0
 872 0094 49       		.uleb128 0x49
 873 0095 13       		.uleb128 0x13
 874 0096 00       		.byte	0
 875 0097 00       		.byte	0
 876 0098 0C       		.uleb128 0xc
 877 0099 2E       		.uleb128 0x2e
ARM GAS  C:\Users\cmila\AppData\Local\Temp\ccl3GEmp.s 			page 21


 878 009a 00       		.byte	0
 879 009b 3F       		.uleb128 0x3f
 880 009c 19       		.uleb128 0x19
 881 009d 3C       		.uleb128 0x3c
 882 009e 19       		.uleb128 0x19
 883 009f 6E       		.uleb128 0x6e
 884 00a0 0E       		.uleb128 0xe
 885 00a1 03       		.uleb128 0x3
 886 00a2 0E       		.uleb128 0xe
 887 00a3 3A       		.uleb128 0x3a
 888 00a4 0B       		.uleb128 0xb
 889 00a5 3B       		.uleb128 0x3b
 890 00a6 0B       		.uleb128 0xb
 891 00a7 00       		.byte	0
 892 00a8 00       		.byte	0
 893 00a9 00       		.byte	0
 894              		.section	.debug_aranges,"",%progbits
 895 0000 1C000000 		.4byte	0x1c
 896 0004 0200     		.2byte	0x2
 897 0006 00000000 		.4byte	.Ldebug_info0
 898 000a 04       		.byte	0x4
 899 000b 00       		.byte	0
 900 000c 0000     		.2byte	0
 901 000e 0000     		.2byte	0
 902 0010 00000000 		.4byte	.LFB157
 903 0014 08000000 		.4byte	.LFE157-.LFB157
 904 0018 00000000 		.4byte	0
 905 001c 00000000 		.4byte	0
 906              		.section	.debug_ranges,"",%progbits
 907              	.Ldebug_ranges0:
 908 0000 00000000 		.4byte	.LFB157
 909 0004 08000000 		.4byte	.LFE157
 910 0008 00000000 		.4byte	0
 911 000c 00000000 		.4byte	0
 912              		.section	.debug_line,"",%progbits
 913              	.Ldebug_line0:
 914 0000 C4010000 		.section	.debug_str,"MS",%progbits,1
 914      0200A801 
 914      00000201 
 914      FB0E0D00 
 914      01010101 
 915              	.LASF42:
 916 0000 63707573 		.ascii	"cpussFlashPaSize\000"
 916      73466C61 
 916      73685061 
 916      53697A65 
 916      00
 917              	.LASF95:
 918 0011 63707573 		.ascii	"cpussTrimRamCtlOffset\000"
 918      73547269 
 918      6D52616D 
 918      43746C4F 
 918      66667365 
 919              	.LASF48:
 920 0027 73727373 		.ascii	"srssNumHfroot\000"
 920      4E756D48 
 920      66726F6F 
ARM GAS  C:\Users\cmila\AppData\Local\Temp\ccl3GEmp.s 			page 22


 920      7400
 921              	.LASF88:
 922 0035 6770696F 		.ascii	"gpioPrtCfgOutOffset\000"
 922      50727443 
 922      66674F75 
 922      744F6666 
 922      73657400 
 923              	.LASF35:
 924 0049 6873696F 		.ascii	"hsiomVersion\000"
 924      6D566572 
 924      73696F6E 
 924      00
 925              	.LASF87:
 926 0056 6770696F 		.ascii	"gpioPrtCfgInOffset\000"
 926      50727443 
 926      6667496E 
 926      4F666673 
 926      657400
 927              	.LASF41:
 928 0069 63707573 		.ascii	"cpussDwChNr\000"
 928      73447743 
 928      684E7200 
 929              	.LASF29:
 930 0075 63727970 		.ascii	"cryptoBase\000"
 930      746F4261 
 930      736500
 931              	.LASF115:
 932 0080 43795F42 		.ascii	"Cy_BLE_HAL_BlessInterruptHandler\000"
 932      4C455F48 
 932      414C5F42 
 932      6C657373 
 932      496E7465 
 933              	.LASF90:
 934 00a1 63707573 		.ascii	"cpussCm0ClockCtlOffset\000"
 934      73436D30 
 934      436C6F63 
 934      6B43746C 
 934      4F666673 
 935              	.LASF7:
 936 00b8 73686F72 		.ascii	"short int\000"
 936      7420696E 
 936      7400
 937              	.LASF59:
 938 00c2 666C6173 		.ascii	"flashWriteDelay\000"
 938      68577269 
 938      74654465 
 938      6C617900 
 939              	.LASF14:
 940 00d2 73697A65 		.ascii	"sizetype\000"
 940      74797065 
 940      00
 941              	.LASF36:
 942 00db 69706356 		.ascii	"ipcVersion\000"
 942      65727369 
 942      6F6E00
 943              	.LASF102:
 944 00e6 63707573 		.ascii	"cpussRam1Ctl0\000"
ARM GAS  C:\Users\cmila\AppData\Local\Temp\ccl3GEmp.s 			page 23


 944      7352616D 
 944      3143746C 
 944      3000
 945              	.LASF106:
 946 00f4 63795F73 		.ascii	"cy_stc_device_t\000"
 946      74635F64 
 946      65766963 
 946      655F7400 
 947              	.LASF110:
 948 0104 474E5520 		.ascii	"GNU C11 5.4.1 20160609 (release) [ARM/embedded-5-br"
 948      43313120 
 948      352E342E 
 948      31203230 
 948      31363036 
 949 0137 616E6368 		.ascii	"anch revision 237715] -mcpu=cortex-m0plus -mthumb -"
 949      20726576 
 949      6973696F 
 949      6E203233 
 949      37373135 
 950 016a 67202D4F 		.ascii	"g -Og -ffunction-sections -ffat-lto-objects\000"
 950      67202D66 
 950      66756E63 
 950      74696F6E 
 950      2D736563 
 951              	.LASF38:
 952 0196 70726F74 		.ascii	"protVersion\000"
 952      56657273 
 952      696F6E00 
 953              	.LASF11:
 954 01a2 5F5F7569 		.ascii	"__uint32_t\000"
 954      6E743332 
 954      5F7400
 955              	.LASF62:
 956 01ad 666C6173 		.ascii	"flashCtlMainWs0Freq\000"
 956      6843746C 
 956      4D61696E 
 956      57733046 
 956      72657100 
 957              	.LASF20:
 958 01c1 63707573 		.ascii	"cpussBase\000"
 958      73426173 
 958      6500
 959              	.LASF30:
 960 01cb 63707573 		.ascii	"cpussVersion\000"
 960      73566572 
 960      73696F6E 
 960      00
 961              	.LASF8:
 962 01d8 5F5F7569 		.ascii	"__uint16_t\000"
 962      6E743136 
 962      5F7400
 963              	.LASF57:
 964 01e3 666C6173 		.ascii	"flashRwwRequired\000"
 964      68527777 
 964      52657175 
 964      69726564 
 964      00
ARM GAS  C:\Users\cmila\AppData\Local\Temp\ccl3GEmp.s 			page 24


 965              	.LASF16:
 966 01f4 75696E74 		.ascii	"uint8_t\000"
 966      385F7400 
 967              	.LASF37:
 968 01fc 70657269 		.ascii	"periVersion\000"
 968      56657273 
 968      696F6E00 
 969              	.LASF68:
 970 0208 64774368 		.ascii	"dwChSize\000"
 970      53697A65 
 970      00
 971              	.LASF69:
 972 0211 64774368 		.ascii	"dwChCtlPrioPos\000"
 972      43746C50 
 972      72696F50 
 972      6F7300
 973              	.LASF43:
 974 0220 63707573 		.ascii	"cpussIpc0Irq\000"
 974      73497063 
 974      30497271 
 974      00
 975              	.LASF98:
 976 022d 63707573 		.ascii	"cpussCm0NmiCtlOffset\000"
 976      73436D30 
 976      4E6D6943 
 976      746C4F66 
 976      66736574 
 977              	.LASF25:
 978 0242 6873696F 		.ascii	"hsiomBase\000"
 978      6D426173 
 978      6500
 979              	.LASF107:
 980 024c 666C6F61 		.ascii	"float\000"
 980      7400
 981              	.LASF89:
 982 0252 6770696F 		.ascii	"gpioPrtCfgSioOffset\000"
 982      50727443 
 982      66675369 
 982      6F4F6666 
 982      73657400 
 983              	.LASF1:
 984 0266 6C6F6E67 		.ascii	"long long int\000"
 984      206C6F6E 
 984      6720696E 
 984      7400
 985              	.LASF111:
 986 0274 47656E65 		.ascii	"Generated_Source\\PSoC6\\pdl\\middleware\\ble\\cy_b"
 986      72617465 
 986      645F536F 
 986      75726365 
 986      5C50536F 
 987 02a2 6C655F68 		.ascii	"le_hal_int.c\000"
 987      616C5F69 
 987      6E742E63 
 987      00
 988              	.LASF54:
 989 02af 73797350 		.ascii	"sysPmSimoPresent\000"
ARM GAS  C:\Users\cmila\AppData\Local\Temp\ccl3GEmp.s 			page 25


 989      6D53696D 
 989      6F507265 
 989      73656E74 
 989      00
 990              	.LASF72:
 991 02c0 64775374 		.ascii	"dwStatusChIdxMsk\000"
 991      61747573 
 991      43684964 
 991      784D736B 
 991      00
 992              	.LASF97:
 993 02d1 63707573 		.ascii	"cpussSysTickCtlOffset\000"
 993      73537973 
 993      5469636B 
 993      43746C4F 
 993      66667365 
 994              	.LASF10:
 995 02e7 6C6F6E67 		.ascii	"long int\000"
 995      20696E74 
 995      00
 996              	.LASF21:
 997 02f0 666C6173 		.ascii	"flashcBase\000"
 997      68634261 
 997      736500
 998              	.LASF85:
 999 02fb 6770696F 		.ascii	"gpioPrtIntrCfgOffset\000"
 999      50727449 
 999      6E747243 
 999      66674F66 
 999      66736574 
 1000              	.LASF67:
 1001 0310 64774368 		.ascii	"dwChOffset\000"
 1001      4F666673 
 1001      657400
 1002              	.LASF5:
 1003 031b 5F5F7569 		.ascii	"__uint8_t\000"
 1003      6E74385F 
 1003      7400
 1004              	.LASF40:
 1005 0325 63707573 		.ascii	"cpussIpcIrqNr\000"
 1005      73497063 
 1005      4972714E 
 1005      7200
 1006              	.LASF82:
 1007 0333 70657269 		.ascii	"periDiv16CtlOffset\000"
 1007      44697631 
 1007      3643746C 
 1007      4F666673 
 1007      657400
 1008              	.LASF81:
 1009 0346 70657269 		.ascii	"periDiv8CtlOffset\000"
 1009      44697638 
 1009      43746C4F 
 1009      66667365 
 1009      7400
 1010              	.LASF91:
 1011 0358 63707573 		.ascii	"cpussCm4ClockCtlOffset\000"
ARM GAS  C:\Users\cmila\AppData\Local\Temp\ccl3GEmp.s 			page 26


 1011      73436D34 
 1011      436C6F63 
 1011      6B43746C 
 1011      4F666673 
 1012              	.LASF74:
 1013 036f 70657269 		.ascii	"periTrCmdGrSelMsk\000"
 1013      5472436D 
 1013      64477253 
 1013      656C4D73 
 1013      6B00
 1014              	.LASF65:
 1015 0381 666C6173 		.ascii	"flashCtlMainWs3Freq\000"
 1015      6843746C 
 1015      4D61696E 
 1015      57733346 
 1015      72657100 
 1016              	.LASF53:
 1017 0395 75646250 		.ascii	"udbPresent\000"
 1017      72657365 
 1017      6E7400
 1018              	.LASF2:
 1019 03a0 6C6F6E67 		.ascii	"long double\000"
 1019      20646F75 
 1019      626C6500 
 1020              	.LASF103:
 1021 03ac 63707573 		.ascii	"cpussRam2Ctl0\000"
 1021      7352616D 
 1021      3243746C 
 1021      3000
 1022              	.LASF27:
 1023 03ba 70617373 		.ascii	"passBase\000"
 1023      42617365 
 1023      00
 1024              	.LASF4:
 1025 03c3 756E7369 		.ascii	"unsigned char\000"
 1025      676E6564 
 1025      20636861 
 1025      7200
 1026              	.LASF22:
 1027 03d1 70657269 		.ascii	"periBase\000"
 1027      42617365 
 1027      00
 1028              	.LASF3:
 1029 03da 7369676E 		.ascii	"signed char\000"
 1029      65642063 
 1029      68617200 
 1030              	.LASF13:
 1031 03e6 6C6F6E67 		.ascii	"long long unsigned int\000"
 1031      206C6F6E 
 1031      6720756E 
 1031      7369676E 
 1031      65642069 
 1032              	.LASF26:
 1033 03fd 6770696F 		.ascii	"gpioBase\000"
 1033      42617365 
 1033      00
 1034              	.LASF19:
ARM GAS  C:\Users\cmila\AppData\Local\Temp\ccl3GEmp.s 			page 27


 1035 0406 75696E74 		.ascii	"uint32_t\000"
 1035      33325F74 
 1035      00
 1036              	.LASF92:
 1037 040f 63707573 		.ascii	"cpussCm4StatusOffset\000"
 1037      73436D34 
 1037      53746174 
 1037      75734F66 
 1037      66736574 
 1038              	.LASF0:
 1039 0424 756E7369 		.ascii	"unsigned int\000"
 1039      676E6564 
 1039      20696E74 
 1039      00
 1040              	.LASF46:
 1041 0431 73727373 		.ascii	"srssNumClkpath\000"
 1041      4E756D43 
 1041      6C6B7061 
 1041      746800
 1042              	.LASF80:
 1043 0440 70657269 		.ascii	"periDivCmdPaTypeSelPos\000"
 1043      44697643 
 1043      6D645061 
 1043      54797065 
 1043      53656C50 
 1044              	.LASF45:
 1045 0457 63707573 		.ascii	"cpussNotConnectedIrq\000"
 1045      734E6F74 
 1045      436F6E6E 
 1045      65637465 
 1045      64497271 
 1046              	.LASF61:
 1047 046c 666C6173 		.ascii	"flashEraseDelay\000"
 1047      68457261 
 1047      73654465 
 1047      6C617900 
 1048              	.LASF84:
 1049 047c 70657269 		.ascii	"periDiv24_5CtlOffset\000"
 1049      44697632 
 1049      345F3543 
 1049      746C4F66 
 1049      66736574 
 1050              	.LASF9:
 1051 0491 73686F72 		.ascii	"short unsigned int\000"
 1051      7420756E 
 1051      7369676E 
 1051      65642069 
 1051      6E7400
 1052              	.LASF15:
 1053 04a4 63686172 		.ascii	"char\000"
 1053      00
 1054              	.LASF18:
 1055 04a9 75696E74 		.ascii	"uint16_t\000"
 1055      31365F74 
 1055      00
 1056              	.LASF55:
 1057 04b2 70726F74 		.ascii	"protBusMasterMask\000"
ARM GAS  C:\Users\cmila\AppData\Local\Temp\ccl3GEmp.s 			page 28


 1057      4275734D 
 1057      61737465 
 1057      724D6173 
 1057      6B00
 1058              	.LASF78:
 1059 04c4 70657269 		.ascii	"periDivCmdTypeSelPos\000"
 1059      44697643 
 1059      6D645479 
 1059      70655365 
 1059      6C506F73 
 1060              	.LASF77:
 1061 04d9 70657269 		.ascii	"periDivCmdDivSelMsk\000"
 1061      44697643 
 1061      6D644469 
 1061      7653656C 
 1061      4D736B00 
 1062              	.LASF23:
 1063 04ed 75646242 		.ascii	"udbBase\000"
 1063      61736500 
 1064              	.LASF49:
 1065 04f5 70657269 		.ascii	"periClockNr\000"
 1065      436C6F63 
 1065      6B4E7200 
 1066              	.LASF47:
 1067 0501 73727373 		.ascii	"srssNumPll\000"
 1067      4E756D50 
 1067      6C6C00
 1068              	.LASF17:
 1069 050c 696E7431 		.ascii	"int16_t\000"
 1069      365F7400 
 1070              	.LASF109:
 1071 0514 5F426F6F 		.ascii	"_Bool\000"
 1071      6C00
 1072              	.LASF73:
 1073 051a 70657269 		.ascii	"periTrCmdOffset\000"
 1073      5472436D 
 1073      644F6666 
 1073      73657400 
 1074              	.LASF56:
 1075 052a 63727970 		.ascii	"cryptoMemSize\000"
 1075      746F4D65 
 1075      6D53697A 
 1075      6500
 1076              	.LASF86:
 1077 0538 6770696F 		.ascii	"gpioPrtCfgOffset\000"
 1077      50727443 
 1077      66674F66 
 1077      66736574 
 1077      00
 1078              	.LASF31:
 1079 0549 63727970 		.ascii	"cryptoVersion\000"
 1079      746F5665 
 1079      7273696F 
 1079      6E00
 1080              	.LASF34:
 1081 0557 6770696F 		.ascii	"gpioVersion\000"
 1081      56657273 
ARM GAS  C:\Users\cmila\AppData\Local\Temp\ccl3GEmp.s 			page 29


 1081      696F6E00 
 1082              	.LASF94:
 1083 0563 63707573 		.ascii	"cpussCm4PwrCtlOffset\000"
 1083      73436D34 
 1083      50777243 
 1083      746C4F66 
 1083      66736574 
 1084              	.LASF63:
 1085 0578 666C6173 		.ascii	"flashCtlMainWs1Freq\000"
 1085      6843746C 
 1085      4D61696E 
 1085      57733146 
 1085      72657100 
 1086              	.LASF12:
 1087 058c 6C6F6E67 		.ascii	"long unsigned int\000"
 1087      20756E73 
 1087      69676E65 
 1087      6420696E 
 1087      7400
 1088              	.LASF108:
 1089 059e 646F7562 		.ascii	"double\000"
 1089      6C6500
 1090              	.LASF101:
 1091 05a5 63707573 		.ascii	"cpussRam0Ctl0\000"
 1091      7352616D 
 1091      3043746C 
 1091      3000
 1092              	.LASF32:
 1093 05b3 64775665 		.ascii	"dwVersion\000"
 1093      7273696F 
 1093      6E00
 1094              	.LASF39:
 1095 05bd 63707573 		.ascii	"cpussIpcNr\000"
 1095      73497063 
 1095      4E7200
 1096              	.LASF33:
 1097 05c8 666C6173 		.ascii	"flashcVersion\000"
 1097      68635665 
 1097      7273696F 
 1097      6E00
 1098              	.LASF114:
 1099 05d6 63795F64 		.ascii	"cy_device\000"
 1099      65766963 
 1099      6500
 1100              	.LASF66:
 1101 05e0 666C6173 		.ascii	"flashCtlMainWs4Freq\000"
 1101      6843746C 
 1101      4D61696E 
 1101      57733446 
 1101      72657100 
 1102              	.LASF44:
 1103 05f4 63707573 		.ascii	"cpussFmIrq\000"
 1103      73466D49 
 1103      727100
 1104              	.LASF79:
 1105 05ff 70657269 		.ascii	"periDivCmdPaDivSelPos\000"
 1105      44697643 
ARM GAS  C:\Users\cmila\AppData\Local\Temp\ccl3GEmp.s 			page 30


 1105      6D645061 
 1105      44697653 
 1105      656C506F 
 1106              	.LASF112:
 1107 0615 433A5C55 		.ascii	"C:\\Users\\cmila\\uni\\projects\\Neural-Stimulator-"
 1107      73657273 
 1107      5C636D69 
 1107      6C615C75 
 1107      6E695C70 
 1108 0643 4669726D 		.ascii	"Firmware\\new\\PSOC6\\BLE_DAC\\BLE_DAC\\BLE_DAC.cyd"
 1108      77617265 
 1108      5C6E6577 
 1108      5C50534F 
 1108      43365C42 
 1109 0671 736E00   		.ascii	"sn\000"
 1110              	.LASF51:
 1111 0674 70617373 		.ascii	"passSarChannels\000"
 1111      53617243 
 1111      68616E6E 
 1111      656C7300 
 1112              	.LASF60:
 1113 0684 666C6173 		.ascii	"flashProgramDelay\000"
 1113      6850726F 
 1113      6772616D 
 1113      44656C61 
 1113      7900
 1114              	.LASF105:
 1115 0696 6970634C 		.ascii	"ipcLockStatusOffset\000"
 1115      6F636B53 
 1115      74617475 
 1115      734F6666 
 1115      73657400 
 1116              	.LASF6:
 1117 06aa 5F5F696E 		.ascii	"__int16_t\000"
 1117      7431365F 
 1117      7400
 1118              	.LASF99:
 1119 06b4 63707573 		.ascii	"cpussCm4NmiCtlOffset\000"
 1119      73436D34 
 1119      4E6D6943 
 1119      746C4F66 
 1119      66736574 
 1120              	.LASF113:
 1121 06c9 43795F42 		.ascii	"Cy_BLE_BlessInterrupt\000"
 1121      4C455F42 
 1121      6C657373 
 1121      496E7465 
 1121      72727570 
 1122              	.LASF52:
 1123 06df 65704D6F 		.ascii	"epMonitorNr\000"
 1123      6E69746F 
 1123      724E7200 
 1124              	.LASF64:
 1125 06eb 666C6173 		.ascii	"flashCtlMainWs2Freq\000"
 1125      6843746C 
 1125      4D61696E 
 1125      57733246 
ARM GAS  C:\Users\cmila\AppData\Local\Temp\ccl3GEmp.s 			page 31


 1125      72657100 
 1126              	.LASF83:
 1127 06ff 70657269 		.ascii	"periDiv16_5CtlOffset\000"
 1127      44697631 
 1127      365F3543 
 1127      746C4F66 
 1127      66736574 
 1128              	.LASF75:
 1129 0714 70657269 		.ascii	"periTrGrOffset\000"
 1129      54724772 
 1129      4F666673 
 1129      657400
 1130              	.LASF96:
 1131 0723 63707573 		.ascii	"cpussTrimRomCtlOffset\000"
 1131      73547269 
 1131      6D526F6D 
 1131      43746C4F 
 1131      66667365 
 1132              	.LASF58:
 1133 0739 666C6173 		.ascii	"flashPipeRequired\000"
 1133      68506970 
 1133      65526571 
 1133      75697265 
 1133      6400
 1134              	.LASF104:
 1135 074b 69706353 		.ascii	"ipcStructSize\000"
 1135      74727563 
 1135      7453697A 
 1135      6500
 1136              	.LASF28:
 1137 0759 69706342 		.ascii	"ipcBase\000"
 1137      61736500 
 1138              	.LASF24:
 1139 0761 70726F74 		.ascii	"protBase\000"
 1139      42617365 
 1139      00
 1140              	.LASF100:
 1141 076a 63707573 		.ascii	"cpussRomCtl\000"
 1141      73526F6D 
 1141      43746C00 
 1142              	.LASF50:
 1143 0776 736D6966 		.ascii	"smifDeviceNr\000"
 1143      44657669 
 1143      63654E72 
 1143      00
 1144              	.LASF93:
 1145 0783 63707573 		.ascii	"cpussCm0StatusOffset\000"
 1145      73436D30 
 1145      53746174 
 1145      75734F66 
 1145      66736574 
 1146              	.LASF71:
 1147 0798 64775374 		.ascii	"dwStatusChIdxPos\000"
 1147      61747573 
 1147      43684964 
 1147      78506F73 
 1147      00
ARM GAS  C:\Users\cmila\AppData\Local\Temp\ccl3GEmp.s 			page 32


 1148              	.LASF70:
 1149 07a9 64774368 		.ascii	"dwChCtlPreemptablePos\000"
 1149      43746C50 
 1149      7265656D 
 1149      70746162 
 1149      6C65506F 
 1150              	.LASF76:
 1151 07bf 70657269 		.ascii	"periTrGrSize\000"
 1151      54724772 
 1151      53697A65 
 1151      00
 1152              		.ident	"GCC: (GNU Tools for ARM Embedded Processors) 5.4.1 20160609 (release) [ARM/embedded-5-bran
