stm32_seq.c:161:6:UTIL_SEQ_Init	8	static
stm32_seq.c:174:6:UTIL_SEQ_DeInit	4	static
stm32_seq.c:182:6:UTIL_SEQ_Run	56	static,ignoring_inline_asm
stm32_seq.c:272:6:UTIL_SEQ_RegTask	40	static,ignoring_inline_asm
stm32_seq.c:283:6:UTIL_SEQ_SetTask	32	static,ignoring_inline_asm
stm32_seq.c:294:10:UTIL_SEQ_IsSchedulableTask	32	static,ignoring_inline_asm
stm32_seq.c:306:6:UTIL_SEQ_PauseTask	32	static,ignoring_inline_asm
stm32_seq.c:316:10:UTIL_SEQ_IsPauseTask	32	static,ignoring_inline_asm
stm32_seq.c:326:6:UTIL_SEQ_ResumeTask	32	static,ignoring_inline_asm
stm32_seq.c:336:6:UTIL_SEQ_SetEvt	32	static,ignoring_inline_asm
stm32_seq.c:346:6:UTIL_SEQ_ClrEvt	32	static,ignoring_inline_asm
stm32_seq.c:356:6:UTIL_SEQ_WaitEvt	32	static
stm32_seq.c:398:15:UTIL_SEQ_IsEvtPend	4	static
stm32_seq.c:402:13:UTIL_SEQ_EvtIdle	16	static
stm32_seq.c:408:13:UTIL_SEQ_Idle	4	static
stm32_seq.c:412:13:UTIL_SEQ_PreIdle	4	static
stm32_seq.c:419:13:UTIL_SEQ_PostIdle	4	static
stm32_seq.c:442:9:SEQ_BitPosition	24	static
