Archive member included to satisfy reference by file (symbol)

c:/program files (x86)/cypress/psoc creator/4.4/psoc creator/import/gnu/arm/5.4.1/bin/../lib/gcc/arm-none-eabi/5.4.1/armv7e-m/softfp\libgcc.a(_arm_addsubdf3.o)
                              .\CortexM4\ARM_GCC_541\Release\cy_sysclk.o (__aeabi_f2d)
c:/program files (x86)/cypress/psoc creator/4.4/psoc creator/import/gnu/arm/5.4.1/bin/../lib/gcc/arm-none-eabi/5.4.1/armv7e-m/softfp\libgcc.a(_arm_muldivdf3.o)
                              .\CortexM4\ARM_GCC_541\Release\cy_sysclk.o (__aeabi_ddiv)
c:/program files (x86)/cypress/psoc creator/4.4/psoc creator/import/gnu/arm/5.4.1/bin/../lib/gcc/arm-none-eabi/5.4.1/armv7e-m/softfp\libgcc.a(_arm_fixunsdfsi.o)
                              .\CortexM4\ARM_GCC_541\Release\cy_sysclk.o (__aeabi_d2uiz)
c:/program files (x86)/cypress/psoc creator/4.4/psoc creator/import/gnu/arm/5.4.1/bin/../lib/gcc/arm-none-eabi/5.4.1/armv7e-m/softfp\libgcc.a(_aeabi_uldivmod.o)
                              .\CortexM4\ARM_GCC_541\Release\cy_sysclk.o (__aeabi_uldivmod)
c:/program files (x86)/cypress/psoc creator/4.4/psoc creator/import/gnu/arm/5.4.1/bin/../lib/gcc/arm-none-eabi/5.4.1/armv7e-m/softfp\libgcc.a(_udivmoddi4.o)
                              c:/program files (x86)/cypress/psoc creator/4.4/psoc creator/import/gnu/arm/5.4.1/bin/../lib/gcc/arm-none-eabi/5.4.1/armv7e-m/softfp\libgcc.a(_aeabi_uldivmod.o) (__udivmoddi4)
c:/program files (x86)/cypress/psoc creator/4.4/psoc creator/import/gnu/arm/5.4.1/bin/../lib/gcc/arm-none-eabi/5.4.1/armv7e-m/softfp\libgcc.a(_dvmd_tls.o)
                              c:/program files (x86)/cypress/psoc creator/4.4/psoc creator/import/gnu/arm/5.4.1/bin/../lib/gcc/arm-none-eabi/5.4.1/armv7e-m/softfp\libgcc.a(_aeabi_uldivmod.o) (__aeabi_ldiv0)
c:/program files (x86)/cypress/psoc creator/4.4/psoc creator/import/gnu/arm/5.4.1/bin/../lib/gcc/arm-none-eabi/5.4.1/../../../../arm-none-eabi/lib/armv7e-m/softfp\libg_nano.a(lib_a-calloc.o)
                              .\CortexM4\ARM_GCC_541\Release\main_cm4.o (calloc)
c:/program files (x86)/cypress/psoc creator/4.4/psoc creator/import/gnu/arm/5.4.1/bin/../lib/gcc/arm-none-eabi/5.4.1/../../../../arm-none-eabi/lib/armv7e-m/softfp\libg_nano.a(lib_a-exit.o)
                              c:/program files (x86)/cypress/psoc creator/4.4/psoc creator/import/gnu/arm/5.4.1/bin/../lib/gcc/arm-none-eabi/5.4.1/../../../../arm-none-eabi/lib/armv7e-m/softfp/crt0.o (exit)
c:/program files (x86)/cypress/psoc creator/4.4/psoc creator/import/gnu/arm/5.4.1/bin/../lib/gcc/arm-none-eabi/5.4.1/../../../../arm-none-eabi/lib/armv7e-m/softfp\libg_nano.a(lib_a-impure.o)
                              c:/program files (x86)/cypress/psoc creator/4.4/psoc creator/import/gnu/arm/5.4.1/bin/../lib/gcc/arm-none-eabi/5.4.1/../../../../arm-none-eabi/lib/armv7e-m/softfp\libg_nano.a(lib_a-exit.o) (_global_impure_ptr)
c:/program files (x86)/cypress/psoc creator/4.4/psoc creator/import/gnu/arm/5.4.1/bin/../lib/gcc/arm-none-eabi/5.4.1/../../../../arm-none-eabi/lib/armv7e-m/softfp\libg_nano.a(lib_a-init.o)
                              c:/program files (x86)/cypress/psoc creator/4.4/psoc creator/import/gnu/arm/5.4.1/bin/../lib/gcc/arm-none-eabi/5.4.1/../../../../arm-none-eabi/lib/armv7e-m/softfp/crt0.o (__libc_init_array)
c:/program files (x86)/cypress/psoc creator/4.4/psoc creator/import/gnu/arm/5.4.1/bin/../lib/gcc/arm-none-eabi/5.4.1/../../../../arm-none-eabi/lib/armv7e-m/softfp\libg_nano.a(lib_a-malloc.o)
                              .\CortexM4\ARM_GCC_541\Release\command_queue.o (malloc)
c:/program files (x86)/cypress/psoc creator/4.4/psoc creator/import/gnu/arm/5.4.1/bin/../lib/gcc/arm-none-eabi/5.4.1/../../../../arm-none-eabi/lib/armv7e-m/softfp\libg_nano.a(lib_a-memcpy-stub.o)
                              .\CortexM4\ARM_GCC_541\Release\command_queue.o (memcpy)
c:/program files (x86)/cypress/psoc creator/4.4/psoc creator/import/gnu/arm/5.4.1/bin/../lib/gcc/arm-none-eabi/5.4.1/../../../../arm-none-eabi/lib/armv7e-m/softfp\libg_nano.a(lib_a-memset.o)
                              c:/program files (x86)/cypress/psoc creator/4.4/psoc creator/import/gnu/arm/5.4.1/bin/../lib/gcc/arm-none-eabi/5.4.1/../../../../arm-none-eabi/lib/armv7e-m/softfp/crt0.o (memset)
c:/program files (x86)/cypress/psoc creator/4.4/psoc creator/import/gnu/arm/5.4.1/bin/../lib/gcc/arm-none-eabi/5.4.1/../../../../arm-none-eabi/lib/armv7e-m/softfp\libg_nano.a(lib_a-nano-callocr.o)
                              c:/program files (x86)/cypress/psoc creator/4.4/psoc creator/import/gnu/arm/5.4.1/bin/../lib/gcc/arm-none-eabi/5.4.1/../../../../arm-none-eabi/lib/armv7e-m/softfp\libg_nano.a(lib_a-calloc.o) (_calloc_r)
c:/program files (x86)/cypress/psoc creator/4.4/psoc creator/import/gnu/arm/5.4.1/bin/../lib/gcc/arm-none-eabi/5.4.1/../../../../arm-none-eabi/lib/armv7e-m/softfp\libg_nano.a(lib_a-nano-freer.o)
[...]
Memory Configuration

Name             Origin             Length             Attributes
ram              0x08024000         0x00023800         xrw
flash            0x10080000         0x00080000         xr
em_eeprom        0x14000000         0x00008000         xr
sflash_user_data 0x16000800         0x00000800         xr
sflash_nar       0x16001a00         0x00000200         xr
sflash_public_key 0x16005a00         0x00000c00         xr
sflash_toc_2     0x16007c00         0x00000200         xr
sflash_rtoc_2    0x16007e00         0x00000200         xr
xip              0x18000000         0x08000000         xr
efuse            0x90700000         0x00100000         r
*default*        0x00000000         0xffffffff

Linker script and memory map

LOAD c:/program files (x86)/cypress/psoc creator/4.4/psoc creator/import/gnu/arm/5.4.1/bin/../lib/gcc/arm-none-eabi/5.4.1/armv7e-m/softfp/crti.o
LOAD c:/program files (x86)/cypress/psoc creator/4.4/psoc creator/import/gnu/arm/5.4.1/bin/../lib/gcc/arm-none-eabi/5.4.1/armv7e-m/softfp/crtbegin.o
LOAD c:/program files (x86)/cypress/psoc creator/4.4/psoc creator/import/gnu/arm/5.4.1/bin/../lib/gcc/arm-none-eabi/5.4.1/../../../../arm-none-eabi/lib/armv7e-m/softfp/crt0.o
START GROUP
LOAD .\CortexM4\ARM_GCC_541\Release\startup_psoc6_01_cm4.o
LOAD .\CortexM4\ARM_GCC_541\Release\main_cm4.o
LOAD .\CortexM4\ARM_GCC_541\Release\system_psoc6_cm4.o
LOAD .\CortexM4\ARM_GCC_541\Release\command_parse.o
LOAD .\CortexM4\ARM_GCC_541\Release\command_queue.o
LOAD .\CortexM4\ARM_GCC_541\Release\stdio_user.o
LOAD .\CortexM4\ARM_GCC_541\Release\cyfitter_sysint_cfg.o
LOAD .\CortexM4\ARM_GCC_541\Release\cymetadata.o
LOAD .\CortexM4\ARM_GCC_541\Release\Timer.o
LOAD .\CortexM4\ARM_GCC_541\Release\UART.o
LOAD .\CortexM4\ARM_GCC_541\Release\cy_efuse.o
LOAD .\CortexM4\ARM_GCC_541\Release\cy_flash.o
LOAD .\CortexM4\ARM_GCC_541\Release\cy_gpio.o
LOAD .\CortexM4\ARM_GCC_541\Release\cy_ipc_drv.o
LOAD .\CortexM4\ARM_GCC_541\Release\cy_ipc_sema.o
LOAD .\CortexM4\ARM_GCC_541\Release\cy_ipc_pipe.o
LOAD .\CortexM4\ARM_GCC_541\Release\cy_lvd.o
LOAD .\CortexM4\ARM_GCC_541\Release\cy_profile.o
LOAD .\CortexM4\ARM_GCC_541\Release\cy_prot.o
LOAD .\CortexM4\ARM_GCC_541\Release\cy_scb_common.o
LOAD .\CortexM4\ARM_GCC_541\Release\cy_scb_i2c.o
LOAD .\CortexM4\ARM_GCC_541\Release\cy_scb_ezi2c.o
LOAD .\CortexM4\ARM_GCC_541\Release\cy_scb_spi.o
LOAD .\CortexM4\ARM_GCC_541\Release\cy_scb_uart.o
LOAD .\CortexM4\ARM_GCC_541\Release\cy_sysanalog.o
LOAD .\CortexM4\ARM_GCC_541\Release\cy_sysclk.o
LOAD .\CortexM4\ARM_GCC_541\Release\cy_sysint.o
LOAD .\CortexM4\ARM_GCC_541\Release\cy_syslib.o
LOAD .\CortexM4\ARM_GCC_541\Release\cy_syslib_gcc.o
LOAD .\CortexM4\ARM_GCC_541\Release\cy_syspm.o
LOAD .\CortexM4\ARM_GCC_541\Release\cy_systick.o
LOAD .\CortexM4\ARM_GCC_541\Release\cy_tcpwm_counter.o
LOAD .\CortexM4\ARM_GCC_541\Release\cy_tcpwm_pwm.o
LOAD .\CortexM4\ARM_GCC_541\Release\cy_tcpwm_quaddec.o
LOAD .\CortexM4\ARM_GCC_541\Release\cy_trigmux.o
LOAD .\CortexM4\ARM_GCC_541\Release\cy_wdt.o
LOAD .\CortexM4\ARM_GCC_541\Release\cy_device.o
LOAD .\CortexM4\ARM_GCC_541\Release\cy_ctb.o
LOAD .\CortexM4\ARM_GCC_541\Release\cy_ctdac.o
LOAD .\CortexM4\ARM_GCC_541\Release\cy_ble_clk.o
LOAD .\CortexM4\ARM_GCC_541\Release\retarget.o
LOAD .\CortexM4\ARM_GCC_541\Release\VDAC_1.o
END GROUP
START GROUP
LOAD c:/program files (x86)/cypress/psoc creator/4.4/psoc creator/import/gnu/arm/5.4.1/bin/../lib/gcc/arm-none-eabi/5.4.1/armv7e-m/softfp\libgcc.a
LOAD c:/program files (x86)/cypress/psoc creator/4.4/psoc creator/import/gnu/arm/5.4.1/bin/../lib/gcc/arm-none-eabi/5.4.1/../../../../arm-none-eabi/lib/armv7e-m/softfp\libg_nano.a
LOAD c:/program files (x86)/cypress/psoc creator/4.4/psoc creator/import/gnu/arm/5.4.1/bin/../lib/gcc/arm-none-eabi/5.4.1/../../../../arm-none-eabi/lib/armv7e-m/softfp\libc_nano.a
END GROUP
START GROUP
LOAD c:/program files (x86)/cypress/psoc creator/4.4/psoc creator/import/gnu/arm/5.4.1/bin/../lib/gcc/arm-none-eabi/5.4.1/armv7e-m/softfp\libgcc.a
LOAD c:/program files (x86)/cypress/psoc creator/4.4/psoc creator/import/gnu/arm/5.4.1/bin/../lib/gcc/arm-none-eabi/5.4.1/../../../../arm-none-eabi/lib/armv7e-m/softfp\libc_nano.a
END GROUP
LOAD c:/program files (x86)/cypress/psoc creator/4.4/psoc creator/import/gnu/arm/5.4.1/bin/../lib/gcc/arm-none-eabi/5.4.1/armv7e-m/softfp/crtend.o
LOAD c:/program files (x86)/cypress/psoc creator/4.4/psoc creator/import/gnu/arm/5.4.1/bin/../lib/gcc/arm-none-eabi/5.4.1/armv7e-m/softfp/crtn.o
START GROUP
LOAD c:/program files (x86)/cypress/psoc creator/4.4/psoc creator/import/gnu/arm/5.4.1/bin/../lib/gcc/arm-none-eabi/5.4.1/armv7e-m/softfp\libgcc.a
LOAD c:/program files (x86)/cypress/psoc creator/4.4/psoc creator/import/gnu/arm/5.4.1/bin/../lib/gcc/arm-none-eabi/5.4.1/../../../../arm-none-eabi/lib/armv7e-m/softfp\libc.a
LOAD c:/program files (x86)/cypress/psoc creator/4.4/psoc creator/import/gnu/arm/5.4.1/bin/../lib/gcc/arm-none-eabi/5.4.1/../../../../arm-none-eabi/lib/armv7e-m/softfp\libnosys.a
END GROUP
START GROUP
LOAD c:/program files (x86)/cypress/psoc creator/4.4/psoc creator/import/gnu/arm/5.4.1/bin/../lib/gcc/arm-none-eabi/5.4.1/armv7e-m/softfp\libgcc.a
LOAD c:/program files (x86)/cypress/psoc creator/4.4/psoc creator/import/gnu/arm/5.4.1/bin/../lib/gcc/arm-none-eabi/5.4.1/../../../../arm-none-eabi/lib/armv7e-m/softfp\libc.a
LOAD c:/program files (x86)/cypress/psoc creator/4.4/psoc creator/import/gnu/arm/5.4.1/bin/../lib/gcc/arm-none-eabi/5.4.1/../../../../arm-none-eabi/lib/armv7e-m/softfp\libm.a
LOAD c:/program files (x86)/cypress/psoc creator/4.4/psoc creator/import/gnu/arm/5.4.1/bin/../lib/gcc/arm-none-eabi/5.4.1/../../../../arm-none-eabi/lib/armv7e-m/softfp\libnosys.a
END GROUP

.text           0x10080000     0x4f60
                0x10080000                . = ALIGN (0x4)
                0x10080000                __Vectors = .
 *(.vectors)
 .vectors       0x10080000      0x28c .\CortexM4\ARM_GCC_541\Release\startup_psoc6_01_cm4.o
                0x1008028c                . = ALIGN (0x4)
                0x1008028c                __Vectors_End = .
                0x0000028c                __Vectors_Size = (__Vectors_End - __Vectors)
                0x1008028c                __end__ = .
                0x1008028c                . = ALIGN (0x4)
 *(.text*)
 .text          0x1008028c       0x5c c:/program files (x86)/cypress/psoc creator/4.4/psoc creator/import/gnu/arm/5.4.1/bin/../lib/gcc/arm-none-eabi/5.4.1/armv7e-m/softfp/crtbegin.o
 .text          0x100802e8       0x84 .\CortexM4\ARM_GCC_541\Release\startup_psoc6_01_cm4.o
                0x100802e8                Cy_OnResetUser
                0x100802ea                Reset_Handler
                0x1008034c                cpuss_interrupts_ipc_6_IRQHandler
                0x1008034c                DebugMon_Handler
                0x1008034c                tcpwm_1_interrupts_11_IRQHandler
                0x1008034c                cpuss_interrupts_ipc_0_IRQHandler
                0x1008034c                tcpwm_1_interrupts_15_IRQHandler
                0x1008034c                ioss_interrupts_gpio_13_IRQHandler
                0x1008034c                tcpwm_1_interrupts_13_IRQHandler
                0x1008034c                cpuss_interrupts_dw1_8_IRQHandler
                0x1008034c                tcpwm_0_interrupts_0_IRQHandler
                0x1008034c                SysTick_Handler
                0x1008034c                cpuss_interrupt_fm_IRQHandler
                0x1008034c                cpuss_interrupts_ipc_7_IRQHandler
                0x1008034c                tcpwm_1_interrupts_14_IRQHandler
                0x1008034c                cpuss_interrupts_dw0_5_IRQHandler
                0x1008034c                tcpwm_1_interrupts_9_IRQHandler
                0x1008034c                cpuss_interrupts_cm0_cti_1_IRQHandler
                0x1008034c                tcpwm_1_interrupts_22_IRQHandler
                0x1008034c                cpuss_interrupts_dw0_4_IRQHandler
                0x1008034c                PendSV_Handler
                0x1008034c                NMI_Handler
                0x1008034c                cpuss_interrupts_dw1_12_IRQHandler
                0x1008034c                tcpwm_1_interrupts_12_IRQHandler
                0x1008034c                smif_interrupt_IRQHandler
                0x1008034c                tcpwm_1_interrupts_2_IRQHandler
                0x1008034c                cpuss_interrupts_ipc_13_IRQHandler
                0x1008034c                udb_interrupts_11_IRQHandler
                0x1008034c                tcpwm_1_interrupts_18_IRQHandler
                0x1008034c                cpuss_interrupts_dw0_11_IRQHandler
                0x1008034c                tcpwm_0_interrupts_2_IRQHandler
                0x1008034c                cpuss_interrupts_dw0_13_IRQHandler
                0x1008034c                udb_interrupts_2_IRQHandler
                0x1008034c                cpuss_interrupts_dw1_7_IRQHandler
                0x1008034c                ioss_interrupts_gpio_1_IRQHandler
                0x1008034c                ioss_interrupts_gpio_7_IRQHandler
                0x1008034c                scb_5_interrupt_IRQHandler
                0x1008034c                udb_interrupts_6_IRQHandler
                0x1008034c                cpuss_interrupts_fault_1_IRQHandler
                0x1008034c                cpuss_interrupts_ipc_4_IRQHandler
                0x1008034c                cpuss_interrupts_ipc_5_IRQHandler
                0x1008034c                cpuss_interrupts_dw1_10_IRQHandler
                0x1008034c                udb_interrupts_0_IRQHandler
                0x1008034c                tcpwm_1_interrupts_6_IRQHandler
                0x1008034c                scb_4_interrupt_IRQHandler
                0x1008034c                pass_interrupt_dacs_IRQHandler
                0x1008034c                ioss_interrupts_gpio_2_IRQHandler
                0x1008034c                cpuss_interrupts_dw1_9_IRQHandler
                0x1008034c                cpuss_interrupts_dw1_13_IRQHandler
                0x1008034c                scb_2_interrupt_IRQHandler
                0x1008034c                cpuss_interrupts_cm0_cti_0_IRQHandler
                0x1008034c                udb_interrupts_5_IRQHandler
                0x1008034c                srss_interrupt_IRQHandler
                0x1008034c                udb_interrupts_12_IRQHandler
                0x1008034c                scb_0_interrupt_IRQHandler
                0x1008034c                csd_interrupt_IRQHandler
                0x1008034c                udb_interrupts_1_IRQHandler
                0x1008034c                profile_interrupt_IRQHandler
                0x1008034c                tcpwm_1_interrupts_1_IRQHandler
                0x1008034c                cpuss_interrupts_ipc_12_IRQHandler
                0x1008034c                tcpwm_1_interrupts_3_IRQHandler
                0x1008034c                tcpwm_0_interrupts_7_IRQHandler
                0x1008034c                cpuss_interrupts_dw1_1_IRQHandler
                0x1008034c                cpuss_interrupts_dw1_0_IRQHandler
                0x1008034c                cpuss_interrupts_dw0_9_IRQHandler
                0x1008034c                lpcomp_interrupt_IRQHandler
                0x1008034c                tcpwm_1_interrupts_23_IRQHandler
                0x1008034c                udb_interrupts_4_IRQHandler
                0x1008034c                tcpwm_1_interrupts_20_IRQHandler
                0x1008034c                ioss_interrupt_gpio_IRQHandler
                0x1008034c                tcpwm_0_interrupts_1_IRQHandler
                0x1008034c                ioss_interrupts_gpio_8_IRQHandler
                0x1008034c                tcpwm_0_interrupts_6_IRQHandler
                0x1008034c                scb_7_interrupt_IRQHandler
                0x1008034c                tcpwm_1_interrupts_7_IRQHandler
                0x1008034c                cpuss_interrupts_ipc_11_IRQHandler
                0x1008034c                udb_interrupts_13_IRQHandler
                0x1008034c                cpuss_interrupts_dw0_15_IRQHandler
                0x1008034c                udb_interrupts_7_IRQHandler
                0x1008034c                cpuss_interrupts_dw1_6_IRQHandler
                0x1008034c                cpuss_interrupt_crypto_IRQHandler
                0x1008034c                scb_1_interrupt_IRQHandler
                0x1008034c                Default_Handler
                0x1008034c                usb_interrupt_hi_IRQHandler
                0x1008034c                tcpwm_1_interrupts_0_IRQHandler
                0x1008034c                udb_interrupts_9_IRQHandler
                0x1008034c                audioss_interrupt_pdm_IRQHandler
                0x1008034c                srss_interrupt_mcwdt_0_IRQHandler
                0x1008034c                scb_3_interrupt_IRQHandler
                0x1008034c                pass_interrupt_ctbs_IRQHandler
                0x1008034c                udb_interrupts_8_IRQHandler
                0x1008034c                ioss_interrupts_gpio_3_IRQHandler
                0x1008034c                scb_6_interrupt_IRQHandler
                0x1008034c                cpuss_interrupts_cm4_cti_0_IRQHandler
                0x1008034c                cpuss_interrupts_dw1_3_IRQHandler
                0x1008034c                pass_interrupt_sar_IRQHandler
                0x1008034c                ioss_interrupts_gpio_0_IRQHandler
                0x1008034c                ioss_interrupts_gpio_14_IRQHandler
                0x1008034c                tcpwm_0_interrupts_4_IRQHandler
                0x1008034c                udb_interrupts_3_IRQHandler
                0x1008034c                tcpwm_0_interrupts_5_IRQHandler
                0x1008034c                cpuss_interrupts_ipc_15_IRQHandler
                0x1008034c                cpuss_interrupts_cm4_cti_1_IRQHandler
                0x1008034c                scb_8_interrupt_IRQHandler
                0x1008034c                srss_interrupt_mcwdt_1_IRQHandler
                0x1008034c                cpuss_interrupts_dw1_2_IRQHandler
                0x1008034c                SVC_Handler
                0x1008034c                cpuss_interrupts_dw1_5_IRQHandler
                0x1008034c                cpuss_interrupts_ipc_1_IRQHandler
                0x1008034c                cpuss_interrupts_dw0_0_IRQHandler
                0x1008034c                ioss_interrupts_gpio_12_IRQHandler
                0x1008034c                cpuss_interrupts_ipc_3_IRQHandler
                0x1008034c                tcpwm_1_interrupts_17_IRQHandler
                0x1008034c                srss_interrupt_backup_IRQHandler
                0x1008034c                bless_interrupt_IRQHandler
                0x1008034c                cpuss_interrupts_ipc_10_IRQHandler
                0x1008034c                cpuss_interrupts_ipc_9_IRQHandler
                0x1008034c                cpuss_interrupts_dw0_14_IRQHandler
                0x1008034c                tcpwm_1_interrupts_4_IRQHandler
                0x1008034c                tcpwm_0_interrupts_3_IRQHandler
                0x1008034c                cpuss_interrupts_dw1_15_IRQHandler
                0x1008034c                ioss_interrupts_gpio_10_IRQHandler
                0x1008034c                udb_interrupts_10_IRQHandler
                0x1008034c                cpuss_interrupts_dw0_8_IRQHandler
                0x1008034c                ioss_interrupts_gpio_11_IRQHandler
                0x1008034c                cpuss_interrupts_ipc_14_IRQHandler
                0x1008034c                ioss_interrupts_gpio_5_IRQHandler
                0x1008034c                ioss_interrupts_gpio_4_IRQHandler
                0x1008034c                tcpwm_1_interrupts_8_IRQHandler
                0x1008034c                cpuss_interrupts_dw1_14_IRQHandler
                0x1008034c                usb_interrupt_med_IRQHandler
                0x1008034c                cpuss_interrupts_dw0_2_IRQHandler
                0x1008034c                tcpwm_1_interrupts_10_IRQHandler
                0x1008034c                cpuss_interrupts_fault_0_IRQHandler
                0x1008034c                cpuss_interrupts_dw0_12_IRQHandler
                0x1008034c                ioss_interrupts_gpio_6_IRQHandler
                0x1008034c                tcpwm_1_interrupts_21_IRQHandler
                0x1008034c                tcpwm_1_interrupts_16_IRQHandler
                0x1008034c                cpuss_interrupts_dw1_4_IRQHandler
                0x1008034c                udb_interrupts_15_IRQHandler
                0x1008034c                cpuss_interrupts_dw1_11_IRQHandler
                0x1008034c                cpuss_interrupts_dw0_6_IRQHandler
                0x1008034c                ioss_interrupt_vdd_IRQHandler
                0x1008034c                cpuss_interrupts_dw0_7_IRQHandler
                0x1008034c                audioss_interrupt_i2s_IRQHandler
                0x1008034c                tcpwm_1_interrupts_5_IRQHandler
                0x1008034c                cpuss_interrupts_ipc_2_IRQHandler
                0x1008034c                cpuss_interrupts_dw0_10_IRQHandler
                0x1008034c                tcpwm_1_interrupts_19_IRQHandler
                0x1008034c                cpuss_interrupts_dw0_1_IRQHandler
                0x1008034c                ioss_interrupts_gpio_9_IRQHandler
                0x1008034c                usb_interrupt_lo_IRQHandler
                0x1008034c                cpuss_interrupts_ipc_8_IRQHandler
                0x1008034c                udb_interrupts_14_IRQHandler
                0x1008034c                cpuss_interrupts_dw0_3_IRQHandler
                0x10080350                UsageFault_Handler
                0x10080350                HardFault_Handler
                0x10080350                MemManage_Handler
                0x10080350                BusFault_Handler
 .text.TimerInterruptHandler
                0x1008036c       0xa8 .\CortexM4\ARM_GCC_541\Release\main_cm4.o
                0x1008036c                TimerInterruptHandler
 .text.startup.main
                0x10080414       0xd8 .\CortexM4\ARM_GCC_541\Release\main_cm4.o
                0x10080414                main
 .text.Cy_SysIpcPipeIsrCm4
                0x100804ec        0x6 .\CortexM4\ARM_GCC_541\Release\system_psoc6_cm4.o
                0x100804ec                Cy_SysIpcPipeIsrCm4
 .text.Cy_SystemInit
                0x100804f2        0x2 .\CortexM4\ARM_GCC_541\Release\system_psoc6_cm4.o
                0x100804f2                Cy_SystemInit
 .text.SystemCoreClockUpdate
                0x100804f4      0x160 .\CortexM4\ARM_GCC_541\Release\system_psoc6_cm4.o
                0x100804f4                SystemCoreClockUpdate
 .text.SystemInit
                0x10080654       0x48 .\CortexM4\ARM_GCC_541\Release\system_psoc6_cm4.o
                0x10080654                SystemInit
 .text.Cy_SystemInitFpuEnable
                0x1008069c       0x28 .\CortexM4\ARM_GCC_541\Release\system_psoc6_cm4.o
                0x1008069c                Cy_SystemInitFpuEnable
 .text.execute_command
                0x100806c4       0x84 .\CortexM4\ARM_GCC_541\Release\command_parse.o
                0x100806c4                execute_command
 .text.IsEmptyQueue
                0x10080748        0xc .\CortexM4\ARM_GCC_541\Release\command_queue.o
                0x10080748                IsEmptyQueue
 .text.DeQueue  0x10080754       0x28 .\CortexM4\ARM_GCC_541\Release\command_queue.o
                0x10080754                DeQueue
 .text.STDIO_PutChar
                0x1008077c       0x18 .\CortexM4\ARM_GCC_541\Release\stdio_user.o
                0x1008077c                STDIO_PutChar
 .text.STDIO_GetChar
                0x10080794       0x1c .\CortexM4\ARM_GCC_541\Release\stdio_user.o
                0x10080794                STDIO_GetChar
 .text.UART_Interrupt
                0x100807b0       0x10 .\CortexM4\ARM_GCC_541\Release\UART.o
 .text.UART_Start
                0x100807c0       0x64 .\CortexM4\ARM_GCC_541\Release\UART.o
                0x100807c0                UART_Start
 .text.Cy_SysClk_ClkPeriGetDivider
                0x10080824       0x14 .\CortexM4\ARM_GCC_541\Release\cy_flash.o
 .text.Cy_SysClk_ClkSlowGetDivider
                0x10080838       0x18 .\CortexM4\ARM_GCC_541\Release\cy_flash.o
 .text.Cy_IPC_Drv_GetIpcBaseAddress
                0x10080850       0x14 .\CortexM4\ARM_GCC_541\Release\cy_flash.o
 .text.Cy_IPC_Drv_IsLockAcquired
                0x10080864       0x14 .\CortexM4\ARM_GCC_541\Release\cy_flash.o
 .text.Cy_Flash_ProcessOpcode
                0x10080878       0xa4 .\CortexM4\ARM_GCC_541\Release\cy_flash.o
 .text.Cy_Flash_OperationStatus
                0x1008091c       0x38 .\CortexM4\ARM_GCC_541\Release\cy_flash.o
 .text.Cy_Flash_InitExt
                0x10080954       0x78 .\CortexM4\ARM_GCC_541\Release\cy_flash.o
                0x10080954                Cy_Flash_InitExt
 .text.Cy_Flash_Init
                0x100809cc        0xc .\CortexM4\ARM_GCC_541\Release\cy_flash.o
                0x100809cc                Cy_Flash_Init
 .text.Cy_IPC_Drv_LockRelease
                0x100809d8       0x20 .\CortexM4\ARM_GCC_541\Release\cy_ipc_drv.o
                0x100809d8                Cy_IPC_Drv_LockRelease
 .text.Cy_IPC_Drv_SendMsgWord
                0x100809f8       0x18 .\CortexM4\ARM_GCC_541\Release\cy_ipc_drv.o
                0x100809f8                Cy_IPC_Drv_SendMsgWord
 .text.Cy_IPC_Drv_ReadMsgWord
                0x10080a10       0x20 .\CortexM4\ARM_GCC_541\Release\cy_ipc_drv.o
                0x10080a10                Cy_IPC_Drv_ReadMsgWord
 .text.Cy_IPC_Sema_InitExt
                0x10080a30       0x68 .\CortexM4\ARM_GCC_541\Release\cy_ipc_sema.o
                0x10080a30                Cy_IPC_Sema_InitExt
 .text.Cy_IPC_Sema_Init
                0x10080a98       0x44 .\CortexM4\ARM_GCC_541\Release\cy_ipc_sema.o
                0x10080a98                Cy_IPC_Sema_Init
 .text.Cy_IPC_Sema_Clear
                0x10080adc       0x84 .\CortexM4\ARM_GCC_541\Release\cy_ipc_sema.o
                0x10080adc                Cy_IPC_Sema_Clear
 .text.Cy_IPC_Sema_Status
                0x10080b60       0x40 .\CortexM4\ARM_GCC_541\Release\cy_ipc_sema.o
                0x10080b60                Cy_IPC_Sema_Status
 .text.Cy_IPC_Pipe_Config
                0x10080ba0       0x10 .\CortexM4\ARM_GCC_541\Release\cy_ipc_pipe.o
                0x10080ba0                Cy_IPC_Pipe_Config
 .text.Cy_IPC_Pipe_EndpointInit
                0x10080bb0       0x60 .\CortexM4\ARM_GCC_541\Release\cy_ipc_pipe.o
                0x10080bb0                Cy_IPC_Pipe_EndpointInit
 .text.Cy_IPC_Pipe_Init
                0x10080c10       0x68 .\CortexM4\ARM_GCC_541\Release\cy_ipc_pipe.o
                0x10080c10                Cy_IPC_Pipe_Init
 .text.Cy_IPC_Pipe_SendMessage
                0x10080c78       0x58 .\CortexM4\ARM_GCC_541\Release\cy_ipc_pipe.o
                0x10080c78                Cy_IPC_Pipe_SendMessage
 .text.Cy_IPC_Pipe_RegisterCallback
                0x10080cd0       0x28 .\CortexM4\ARM_GCC_541\Release\cy_ipc_pipe.o
                0x10080cd0                Cy_IPC_Pipe_RegisterCallback
 .text.Cy_IPC_Pipe_ExecCallback
                0x10080cf8       0x78 .\CortexM4\ARM_GCC_541\Release\cy_ipc_pipe.o
                0x10080cf8                Cy_IPC_Pipe_ExecCallback
 .text.Cy_IPC_Pipe_ExecuteCallback
                0x10080d70       0x14 .\CortexM4\ARM_GCC_541\Release\cy_ipc_pipe.o
                0x10080d70                Cy_IPC_Pipe_ExecuteCallback
 .text.Cy_SCB_ReadArrayNoCheck
                0x10080d84       0x36 .\CortexM4\ARM_GCC_541\Release\cy_scb_common.o
                0x10080d84                Cy_SCB_ReadArrayNoCheck
 .text.Cy_SCB_ReadArray
                0x10080dba       0x1a .\CortexM4\ARM_GCC_541\Release\cy_scb_common.o
                0x10080dba                Cy_SCB_ReadArray
 .text.Cy_SCB_Write
                0x10080dd4       0x22 .\CortexM4\ARM_GCC_541\Release\cy_scb_common.o
                0x10080dd4                Cy_SCB_Write
 .text.Cy_SCB_WriteArrayNoCheck
                0x10080df6       0x36 .\CortexM4\ARM_GCC_541\Release\cy_scb_common.o
                0x10080df6                Cy_SCB_WriteArrayNoCheck
 .text.Cy_SCB_WriteArray
                0x10080e2c       0x28 .\CortexM4\ARM_GCC_541\Release\cy_scb_common.o
                0x10080e2c                Cy_SCB_WriteArray
 .text.Cy_SCB_UART_Init
                0x10080e54      0x1c4 .\CortexM4\ARM_GCC_541\Release\cy_scb_uart.o
                0x10080e54                Cy_SCB_UART_Init
 .text.Cy_SCB_UART_GetNumInRingBuffer
                0x10081018       0x18 .\CortexM4\ARM_GCC_541\Release\cy_scb_uart.o
                0x10081018                Cy_SCB_UART_GetNumInRingBuffer
 .text.Cy_SCB_UART_Interrupt
                0x10081030      0x282 .\CortexM4\ARM_GCC_541\Release\cy_scb_uart.o
                0x10081030                Cy_SCB_UART_Interrupt
 *fill*         0x100812b2        0x2 
 .text.Cy_SysInt_SetVector
                0x100812b4       0x2c .\CortexM4\ARM_GCC_541\Release\cy_sysint.o
                0x100812b4                Cy_SysInt_SetVector
 .text.Cy_SysInt_Init
                0x100812e0       0x5c .\CortexM4\ARM_GCC_541\Release\cy_sysint.o
                0x100812e0                Cy_SysInt_Init
 .text.Cy_SysLib_ProcessingFault
                0x1008133c        0x2 .\CortexM4\ARM_GCC_541\Release\cy_syslib.o
                0x1008133c                Cy_SysLib_ProcessingFault
 *fill*         0x1008133e        0x2 
 .text.Cy_SysLib_FaultHandler
                0x10081340       0x98 .\CortexM4\ARM_GCC_541\Release\cy_syslib.o
                0x10081340                Cy_SysLib_FaultHandler
 .text          0x100813d8       0x20 .\CortexM4\ARM_GCC_541\Release\cy_syslib_gcc.o
                0x100813d8                Cy_SysLib_DelayCycles
                0x100813ea                Cy_SysLib_EnterCriticalSection
                0x100813f2                Cy_SysLib_ExitCriticalSection
 .text.Cy_SysLib_GetDeviceRevision
                0x100813f8       0x12 .\CortexM4\ARM_GCC_541\Release\cy_syspm.o
 *fill*         0x1008140a        0x2 
 .text.Cy_TCPWM_Counter_Init
                0x1008140c       0xe0 .\CortexM4\ARM_GCC_541\Release\cy_tcpwm_counter.o
                0x1008140c                Cy_TCPWM_Counter_Init
 .text.Cy_PDL_Init
                0x100814ec        0xc .\CortexM4\ARM_GCC_541\Release\cy_device.o
                0x100814ec                Cy_PDL_Init
 .text.Cy_CTB_OpampInit
                0x100814f8       0x9c .\CortexM4\ARM_GCC_541\Release\cy_ctb.o
                0x100814f8                Cy_CTB_OpampInit
 .text.Cy_SysClk_PeriphSetDivider
                0x10081594       0x70 .\CortexM4\ARM_GCC_541\Release\cy_ctdac.o
 .text.Cy_SysClk_PeriphSetFracDivider
                0x10081604       0x94 .\CortexM4\ARM_GCC_541\Release\cy_ctdac.o
 .text.Cy_SysClk_PeriphEnableDivider
                0x10081698       0x68 .\CortexM4\ARM_GCC_541\Release\cy_ctdac.o
 .text.Cy_SysClk_PeriphDisableDivider
                0x10081700       0x50 .\CortexM4\ARM_GCC_541\Release\cy_ctdac.o
 .text.Cy_SysClk_PeriphAssignDivider.constprop.5
                0x10081750       0x54 .\CortexM4\ARM_GCC_541\Release\cy_ctdac.o
 .text.Cy_CTDAC_Init
                0x100817a4       0xf8 .\CortexM4\ARM_GCC_541\Release\cy_ctdac.o
                0x100817a4                Cy_CTDAC_Init
 .text._write   0x1008189c       0x24 .\CortexM4\ARM_GCC_541\Release\retarget.o
                0x1008189c                _write
 .text._read    0x100818c0       0x2a .\CortexM4\ARM_GCC_541\Release\retarget.o
                0x100818c0                _read
 *fill*         0x100818ea        0x2 
 .text.VDAC_1_Start
                0x100818ec       0x4c .\CortexM4\ARM_GCC_541\Release\VDAC_1.o
                0x100818ec                VDAC_1_Start
 .text          0x10081938      0x370 c:/program files (x86)/cypress/psoc creator/4.4/psoc creator/import/gnu/arm/5.4.1/bin/../lib/gcc/arm-none-eabi/5.4.1/armv7e-m/softfp\libgcc.a(_arm_addsubdf3.o)
                0x10081938                __aeabi_drsub
                0x10081940                __aeabi_dsub
                0x10081940                __subdf3
                0x10081944                __aeabi_dadd
                0x10081944                __adddf3
                0x10081bbc                __floatunsidf
                0x10081bbc                __aeabi_ui2d
                0x10081bdc                __floatsidf
                0x10081bdc                __aeabi_i2d
                0x10081c00                __aeabi_f2d
                0x10081c00                __extendsfdf2
                0x10081c3c                __floatundidf
                0x10081c3c                __aeabi_ul2d
                0x10081c4c                __floatdidf
                0x10081c4c                __aeabi_l2d
 .text          0x10081ca8      0x424 c:/program files (x86)/cypress/psoc creator/4.4/psoc creator/import/gnu/arm/5.4.1/bin/../lib/gcc/arm-none-eabi/5.4.1/armv7e-m/softfp\libgcc.a(_arm_muldivdf3.o)
                0x10081ca8                __aeabi_dmul
                0x10081ca8                __muldf3
                0x10081efc                __divdf3
                0x10081efc                __aeabi_ddiv
 .text.calloc   0x100820cc       0x10 c:/program files (x86)/cypress/psoc creator/4.4/psoc creator/import/gnu/arm/5.4.1/bin/../lib/gcc/arm-none-eabi/5.4.1/../../../../arm-none-eabi/lib/armv7e-m/softfp\libg_nano.a(lib_a-calloc.o)
                0x100820cc                calloc
 .text.malloc   0x100820dc       0x10 c:/program files (x86)/cypress/psoc creator/4.4/psoc creator/import/gnu/arm/5.4.1/bin/../lib/gcc/arm-none-eabi/5.4.1/../../../../arm-none-eabi/lib/armv7e-m/softfp\libg_nano.a(lib_a-malloc.o)
                0x100820dc                malloc
 .text.free     0x100820ec       0x10 c:/program files (x86)/cypress/psoc creator/4.4/psoc creator/import/gnu/arm/5.4.1/bin/../lib/gcc/arm-none-eabi/5.4.1/../../../../arm-none-eabi/lib/armv7e-m/softfp\libg_nano.a(lib_a-malloc.o)
                0x100820ec                free
 .text.memcpy   0x100820fc       0x16 c:/program files (x86)/cypress/psoc creator/4.4/psoc creator/import/gnu/arm/5.4.1/bin/../lib/gcc/arm-none-eabi/5.4.1/../../../../arm-none-eabi/lib/armv7e-m/softfp\libg_nano.a(lib_a-memcpy-stub.o)
                0x100820fc                memcpy
 .text.memset   0x10082112       0x10 c:/program files (x86)/cypress/psoc creator/4.4/psoc creator/import/gnu/arm/5.4.1/bin/../lib/gcc/arm-none-eabi/5.4.1/../../../../arm-none-eabi/lib/armv7e-m/softfp\libg_nano.a(lib_a-memset.o)
                0x10082112                memset
 .text._calloc_r
                0x10082122       0x1c c:/program files (x86)/cypress/psoc creator/4.4/psoc creator/import/gnu/arm/5.4.1/bin/../lib/gcc/arm-none-eabi/5.4.1/../../../../arm-none-eabi/lib/armv7e-m/softfp\libg_nano.a(lib_a-nano-callocr.o)
                0x10082122                _calloc_r
 *fill*         0x1008213e        0x2 
 .text._free_r  0x10082140       0x9c c:/program files (x86)/cypress/psoc creator/4.4/psoc creator/import/gnu/arm/5.4.1/bin/../lib/gcc/arm-none-eabi/5.4.1/../../../../arm-none-eabi/lib/armv7e-m/softfp\libg_nano.a(lib_a-nano-freer.o)
                0x10082140                _free_r
 .text._malloc_r
                0x100821dc       0xbc c:/program files (x86)/cypress/psoc creator/4.4/psoc creator/import/gnu/arm/5.4.1/bin/../lib/gcc/arm-none-eabi/5.4.1/../../../../arm-none-eabi/lib/armv7e-m/softfp\libg_nano.a(lib_a-nano-mallocr.o)
                0x100821dc                _malloc_r
 .text.__cvt    0x10082298       0xc2 c:/program files (x86)/cypress/psoc creator/4.4/psoc creator/import/gnu/arm/5.4.1/bin/../lib/gcc/arm-none-eabi/5.4.1/../../../../arm-none-eabi/lib/armv7e-m/softfp\libg_nano.a(lib_a-nano-vfprintf_float.o)
                0x10082298                __cvt
 .text.__exponent
                0x1008235a       0x60 c:/program files (x86)/cypress/psoc creator/4.4/psoc creator/import/gnu/arm/5.4.1/bin/../lib/gcc/arm-none-eabi/5.4.1/../../../../arm-none-eabi/lib/armv7e-m/softfp\libg_nano.a(lib_a-nano-vfprintf_float.o)
                0x1008235a                __exponent
 *fill*         0x100823ba        0x2 
 .text._printf_float
                0x100823bc      0x488 c:/program files (x86)/cypress/psoc creator/4.4/psoc creator/import/gnu/arm/5.4.1/bin/../lib/gcc/arm-none-eabi/5.4.1/../../../../arm-none-eabi/lib/armv7e-m/softfp\libg_nano.a(lib_a-nano-vfprintf_float.o)
                0x100823bc                _printf_float
 .text._printf_common
                0x10082844       0xec c:/program files (x86)/cypress/psoc creator/4.4/psoc creator/import/gnu/arm/5.4.1/bin/../lib/gcc/arm-none-eabi/5.4.1/../../../../arm-none-eabi/lib/armv7e-m/softfp\libg_nano.a(lib_a-nano-vfprintf_i.o)
                0x10082844                _printf_common
 .text._printf_i
                0x10082930      0x24c c:/program files (x86)/cypress/psoc creator/4.4/psoc creator/import/gnu/arm/5.4.1/bin/../lib/gcc/arm-none-eabi/5.4.1/../../../../arm-none-eabi/lib/armv7e-m/softfp\libg_nano.a(lib_a-nano-vfprintf_i.o)
                0x10082930                _printf_i
 .text.printf   0x10082b7c       0x30 c:/program files (x86)/cypress/psoc creator/4.4/psoc creator/import/gnu/arm/5.4.1/bin/../lib/gcc/arm-none-eabi/5.4.1/../../../../arm-none-eabi/lib/armv7e-m/softfp\libg_nano.a(lib_a-printf.o)
                0x10082b7c                iprintf
                0x10082b7c                printf
 .text._sbrk_r  0x10082bac       0x20 c:/program files (x86)/cypress/psoc creator/4.4/psoc creator/import/gnu/arm/5.4.1/bin/../lib/gcc/arm-none-eabi/5.4.1/../../../../arm-none-eabi/lib/armv7e-m/softfp\libg_nano.a(lib_a-sbrkr.o)
                0x10082bac                _sbrk_r
 .text.setvbuf  0x10082bcc      0x154 c:/program files (x86)/cypress/psoc creator/4.4/psoc creator/import/gnu/arm/5.4.1/bin/../lib/gcc/arm-none-eabi/5.4.1/../../../../arm-none-eabi/lib/armv7e-m/softfp\libg_nano.a(lib_a-setvbuf.o)
                0x10082bcc                setvbuf
 .text          0x10082d20       0x10 c:/program files (x86)/cypress/psoc creator/4.4/psoc creator/import/gnu/arm/5.4.1/bin/../lib/gcc/arm-none-eabi/5.4.1/../../../../arm-none-eabi/lib/armv7e-m/softfp\libg_nano.a(lib_a-strlen.o)
                0x10082d20                strlen
 .text.quorem   0x10082d30      0x11e c:/program files (x86)/cypress/psoc creator/4.4/psoc creator/import/gnu/arm/5.4.1/bin/../lib/gcc/arm-none-eabi/5.4.1/../../../../arm-none-eabi/lib/armv7e-m/softfp\libg_nano.a(lib_a-dtoa.o)
 *fill*         0x10082e4e        0x2 
 .text._dtoa_r  0x10082e50      0xb38 c:/program files (x86)/cypress/psoc creator/4.4/psoc creator/import/gnu/arm/5.4.1/bin/../lib/gcc/arm-none-eabi/5.4.1/../../../../arm-none-eabi/lib/armv7e-m/softfp\libg_nano.a(lib_a-dtoa.o)
                0x10082e50                _dtoa_r
 .text.__sflush_r
                0x10083988      0x110 c:/program files (x86)/cypress/psoc creator/4.4/psoc creator/import/gnu/arm/5.4.1/bin/../lib/gcc/arm-none-eabi/5.4.1/../../../../arm-none-eabi/lib/armv7e-m/softfp\libg_nano.a(lib_a-fflush.o)
                0x10083988                __sflush_r
 .text._fflush_r
                0x10083a98       0x54 c:/program files (x86)/cypress/psoc creator/4.4/psoc creator/import/gnu/arm/5.4.1/bin/../lib/gcc/arm-none-eabi/5.4.1/../../../../arm-none-eabi/lib/armv7e-m/softfp\libg_nano.a(lib_a-fflush.o)
                0x10083a98                _fflush_r
 .text._cleanup_r
                0x10083aec        0xc c:/program files (x86)/cypress/psoc creator/4.4/psoc creator/import/gnu/arm/5.4.1/bin/../lib/gcc/arm-none-eabi/5.4.1/../../../../arm-none-eabi/lib/armv7e-m/softfp\libg_nano.a(lib_a-findfp.o)
                0x10083aec                _cleanup_r
 .text.std.isra.0
                0x10083af8       0x48 c:/program files (x86)/cypress/psoc creator/4.4/psoc creator/import/gnu/arm/5.4.1/bin/../lib/gcc/arm-none-eabi/5.4.1/../../../../arm-none-eabi/lib/armv7e-m/softfp\libg_nano.a(lib_a-findfp.o)
 .text.__sfmoreglue
                0x10083b40       0x2c c:/program files (x86)/cypress/psoc creator/4.4/psoc creator/import/gnu/arm/5.4.1/bin/../lib/gcc/arm-none-eabi/5.4.1/../../../../arm-none-eabi/lib/armv7e-m/softfp\libg_nano.a(lib_a-findfp.o)
                0x10083b40                __sfmoreglue
 .text.__sinit  0x10083b6c       0x60 c:/program files (x86)/cypress/psoc creator/4.4/psoc creator/import/gnu/arm/5.4.1/bin/../lib/gcc/arm-none-eabi/5.4.1/../../../../arm-none-eabi/lib/armv7e-m/softfp\libg_nano.a(lib_a-findfp.o)
                0x10083b6c                __sinit
 .text.__sfp    0x10083bcc       0x78 c:/program files (x86)/cypress/psoc creator/4.4/psoc creator/import/gnu/arm/5.4.1/bin/../lib/gcc/arm-none-eabi/5.4.1/../../../../arm-none-eabi/lib/armv7e-m/softfp\libg_nano.a(lib_a-findfp.o)
                0x10083bcc                __sfp
 .text._fwalk_reent
                0x10083c44       0x3c c:/program files (x86)/cypress/psoc creator/4.4/psoc creator/import/gnu/arm/5.4.1/bin/../lib/gcc/arm-none-eabi/5.4.1/../../../../arm-none-eabi/lib/armv7e-m/softfp\libg_nano.a(lib_a-fwalk.o)
                0x10083c44                _fwalk_reent
 .text._localeconv_r
                0x10083c80        0x8 c:/program files (x86)/cypress/psoc creator/4.4/psoc creator/import/gnu/arm/5.4.1/bin/../lib/gcc/arm-none-eabi/5.4.1/../../../../arm-none-eabi/lib/armv7e-m/softfp\libg_nano.a(lib_a-locale.o)
                0x10083c80                _localeconv_r
 .text.__swhatbuf_r
                0x10083c88       0x46 c:/program files (x86)/cypress/psoc creator/4.4/psoc creator/import/gnu/arm/5.4.1/bin/../lib/gcc/arm-none-eabi/5.4.1/../../../../arm-none-eabi/lib/armv7e-m/softfp\libg_nano.a(lib_a-makebuf.o)
                0x10083c88                __swhatbuf_r
 *fill*         0x10083cce        0x2 
 .text.__smakebuf_r
                0x10083cd0       0x78 c:/program files (x86)/cypress/psoc creator/4.4/psoc creator/import/gnu/arm/5.4.1/bin/../lib/gcc/arm-none-eabi/5.4.1/../../../../arm-none-eabi/lib/armv7e-m/softfp\libg_nano.a(lib_a-makebuf.o)
                0x10083cd0                __smakebuf_r
 *fill*         0x10083d48        0x8 
 .text          0x10083d50       0xa0 c:/program files (x86)/cypress/psoc creator/4.4/psoc creator/import/gnu/arm/5.4.1/bin/../lib/gcc/arm-none-eabi/5.4.1/../../../../arm-none-eabi/lib/armv7e-m/softfp\libg_nano.a(lib_a-memchr.o)
                0x10083d50                memchr
 .text.__malloc_lock
                0x10083df0        0x2 c:/program files (x86)/cypress/psoc creator/4.4/psoc creator/import/gnu/arm/5.4.1/bin/../lib/gcc/arm-none-eabi/5.4.1/../../../../arm-none-eabi/lib/armv7e-m/softfp\libg_nano.a(lib_a-mlock.o)
                0x10083df0                __malloc_lock
 .text.__malloc_unlock
                0x10083df2        0x2 c:/program files (x86)/cypress/psoc creator/4.4/psoc creator/import/gnu/arm/5.4.1/bin/../lib/gcc/arm-none-eabi/5.4.1/../../../../arm-none-eabi/lib/armv7e-m/softfp\libg_nano.a(lib_a-mlock.o)
                0x10083df2                __malloc_unlock
 .text._Balloc  0x10083df4       0x6a c:/program files (x86)/cypress/psoc creator/4.4/psoc creator/import/gnu/arm/5.4.1/bin/../lib/gcc/arm-none-eabi/5.4.1/../../../../arm-none-eabi/lib/armv7e-m/softfp\libg_nano.a(lib_a-mprec.o)
                0x10083df4                _Balloc
 .text._Bfree   0x10083e5e       0x2e c:/program files (x86)/cypress/psoc creator/4.4/psoc creator/import/gnu/arm/5.4.1/bin/../lib/gcc/arm-none-eabi/5.4.1/../../../../arm-none-eabi/lib/armv7e-m/softfp\libg_nano.a(lib_a-mprec.o)
                0x10083e5e                _Bfree
 .text.__multadd
                0x10083e8c       0x76 c:/program files (x86)/cypress/psoc creator/4.4/psoc creator/import/gnu/arm/5.4.1/bin/../lib/gcc/arm-none-eabi/5.4.1/../../../../arm-none-eabi/lib/armv7e-m/softfp\libg_nano.a(lib_a-mprec.o)
                0x10083e8c                __multadd
 .text.__hi0bits
                0x10083f02       0x40 c:/program files (x86)/cypress/psoc creator/4.4/psoc creator/import/gnu/arm/5.4.1/bin/../lib/gcc/arm-none-eabi/5.4.1/../../../../arm-none-eabi/lib/armv7e-m/softfp\libg_nano.a(lib_a-mprec.o)
                0x10083f02                __hi0bits
 .text.__lo0bits
                0x10083f42       0x5a c:/program files (x86)/cypress/psoc creator/4.4/psoc creator/import/gnu/arm/5.4.1/bin/../lib/gcc/arm-none-eabi/5.4.1/../../../../arm-none-eabi/lib/armv7e-m/softfp\libg_nano.a(lib_a-mprec.o)
                0x10083f42                __lo0bits
 .text.__i2b    0x10083f9c       0x12 c:/program files (x86)/cypress/psoc creator/4.4/psoc creator/import/gnu/arm/5.4.1/bin/../lib/gcc/arm-none-eabi/5.4.1/../../../../arm-none-eabi/lib/armv7e-m/softfp\libg_nano.a(lib_a-mprec.o)
                0x10083f9c                __i2b
 .text.__multiply
                0x10083fae      0x122 c:/program files (x86)/cypress/psoc creator/4.4/psoc creator/import/gnu/arm/5.4.1/bin/../lib/gcc/arm-none-eabi/5.4.1/../../../../arm-none-eabi/lib/armv7e-m/softfp\libg_nano.a(lib_a-mprec.o)
                0x10083fae                __multiply
 .text.__pow5mult
                0x100840d0       0x9c c:/program files (x86)/cypress/psoc creator/4.4/psoc creator/import/gnu/arm/5.4.1/bin/../lib/gcc/arm-none-eabi/5.4.1/../../../../arm-none-eabi/lib/armv7e-m/softfp\libg_nano.a(lib_a-mprec.o)
                0x100840d0                __pow5mult
 .text.__lshift
                0x1008416c       0xa2 c:/program files (x86)/cypress/psoc creator/4.4/psoc creator/import/gnu/arm/5.4.1/bin/../lib/gcc/arm-none-eabi/5.4.1/../../../../arm-none-eabi/lib/armv7e-m/softfp\libg_nano.a(lib_a-mprec.o)
                0x1008416c                __lshift
 .text.__mcmp   0x1008420e       0x38 c:/program files (x86)/cypress/psoc creator/4.4/psoc creator/import/gnu/arm/5.4.1/bin/../lib/gcc/arm-none-eabi/5.4.1/../../../../arm-none-eabi/lib/armv7e-m/softfp\libg_nano.a(lib_a-mprec.o)
                0x1008420e                __mcmp
 .text.__mdiff  0x10084246       0xbe c:/program files (x86)/cypress/psoc creator/4.4/psoc creator/import/gnu/arm/5.4.1/bin/../lib/gcc/arm-none-eabi/5.4.1/../../../../arm-none-eabi/lib/armv7e-m/softfp\libg_nano.a(lib_a-mprec.o)
                0x10084246                __mdiff
 .text.__d2b    0x10084304       0x9c c:/program files (x86)/cypress/psoc creator/4.4/psoc creator/import/gnu/arm/5.4.1/bin/../lib/gcc/arm-none-eabi/5.4.1/../../../../arm-none-eabi/lib/armv7e-m/softfp\libg_nano.a(lib_a-mprec.o)
                0x10084304                __d2b
 .text.__sfputc_r
                0x100843a0       0x30 c:/program files (x86)/cypress/psoc creator/4.4/psoc creator/import/gnu/arm/5.4.1/bin/../lib/gcc/arm-none-eabi/5.4.1/../../../../arm-none-eabi/lib/armv7e-m/softfp\libg_nano.a(lib_a-nano-vfprintf.o)
 .text.__sfputs_r
                0x100843d0       0x24 c:/program files (x86)/cypress/psoc creator/4.4/psoc creator/import/gnu/arm/5.4.1/bin/../lib/gcc/arm-none-eabi/5.4.1/../../../../arm-none-eabi/lib/armv7e-m/softfp\libg_nano.a(lib_a-nano-vfprintf.o)
                0x100843d0                __sfputs_r
 .text._vfprintf_r
                0x100843f4      0x238 c:/program files (x86)/cypress/psoc creator/4.4/psoc creator/import/gnu/arm/5.4.1/bin/../lib/gcc/arm-none-eabi/5.4.1/../../../../arm-none-eabi/lib/armv7e-m/softfp\libg_nano.a(lib_a-nano-vfprintf.o)
                0x100843f4                _vfprintf_r
                0x100843f4                _vfiprintf_r
 .text.__sread  0x1008462c       0x22 c:/program files (x86)/cypress/psoc creator/4.4/psoc creator/import/gnu/arm/5.4.1/bin/../lib/gcc/arm-none-eabi/5.4.1/../../../../arm-none-eabi/lib/armv7e-m/softfp\libg_nano.a(lib_a-stdio.o)
                0x1008462c                __sread
 .text.__swrite
                0x1008464e       0x38 c:/program files (x86)/cypress/psoc creator/4.4/psoc creator/import/gnu/arm/5.4.1/bin/../lib/gcc/arm-none-eabi/5.4.1/../../../../arm-none-eabi/lib/armv7e-m/softfp\libg_nano.a(lib_a-stdio.o)
                0x1008464e                __swrite
 .text.__sseek  0x10084686       0x24 c:/program files (x86)/cypress/psoc creator/4.4/psoc creator/import/gnu/arm/5.4.1/bin/../lib/gcc/arm-none-eabi/5.4.1/../../../../arm-none-eabi/lib/armv7e-m/softfp\libg_nano.a(lib_a-stdio.o)
                0x10084686                __sseek
 .text.__sclose
                0x100846aa        0x8 c:/program files (x86)/cypress/psoc creator/4.4/psoc creator/import/gnu/arm/5.4.1/bin/../lib/gcc/arm-none-eabi/5.4.1/../../../../arm-none-eabi/lib/armv7e-m/softfp\libg_nano.a(lib_a-stdio.o)
                0x100846aa                __sclose
 *fill*         0x100846b2        0x2 
 .text.__swbuf_r
                0x100846b4       0xa8 c:/program files (x86)/cypress/psoc creator/4.4/psoc creator/import/gnu/arm/5.4.1/bin/../lib/gcc/arm-none-eabi/5.4.1/../../../../arm-none-eabi/lib/armv7e-m/softfp\libg_nano.a(lib_a-wbuf.o)
                0x100846b4                __swbuf_r
 .text._write_r
                0x1008475c       0x24 c:/program files (x86)/cypress/psoc creator/4.4/psoc creator/import/gnu/arm/5.4.1/bin/../lib/gcc/arm-none-eabi/5.4.1/../../../../arm-none-eabi/lib/armv7e-m/softfp\libg_nano.a(lib_a-writer.o)
                0x1008475c                _write_r
 .text.__swsetup_r
                0x10084780       0xdc c:/program files (x86)/cypress/psoc creator/4.4/psoc creator/import/gnu/arm/5.4.1/bin/../lib/gcc/arm-none-eabi/5.4.1/../../../../arm-none-eabi/lib/armv7e-m/softfp\libg_nano.a(lib_a-wsetup.o)
                0x10084780                __swsetup_r
 .text._close_r
                0x1008485c       0x20 c:/program files (x86)/cypress/psoc creator/4.4/psoc creator/import/gnu/arm/5.4.1/bin/../lib/gcc/arm-none-eabi/5.4.1/../../../../arm-none-eabi/lib/armv7e-m/softfp\libg_nano.a(lib_a-closer.o)
                0x1008485c                _close_r
 .text._fstat_r
                0x1008487c       0x24 c:/program files (x86)/cypress/psoc creator/4.4/psoc creator/import/gnu/arm/5.4.1/bin/../lib/gcc/arm-none-eabi/5.4.1/../../../../arm-none-eabi/lib/armv7e-m/softfp\libg_nano.a(lib_a-fstatr.o)
                0x1008487c                _fstat_r
 .text._isatty_r
                0x100848a0       0x20 c:/program files (x86)/cypress/psoc creator/4.4/psoc creator/import/gnu/arm/5.4.1/bin/../lib/gcc/arm-none-eabi/5.4.1/../../../../arm-none-eabi/lib/armv7e-m/softfp\libg_nano.a(lib_a-isattyr.o)
                0x100848a0                _isatty_r
 .text._lseek_r
                0x100848c0       0x24 c:/program files (x86)/cypress/psoc creator/4.4/psoc creator/import/gnu/arm/5.4.1/bin/../lib/gcc/arm-none-eabi/5.4.1/../../../../arm-none-eabi/lib/armv7e-m/softfp\libg_nano.a(lib_a-lseekr.o)
                0x100848c0                _lseek_r
 .text._read_r  0x100848e4       0x24 c:/program files (x86)/cypress/psoc creator/4.4/psoc creator/import/gnu/arm/5.4.1/bin/../lib/gcc/arm-none-eabi/5.4.1/../../../../arm-none-eabi/lib/armv7e-m/softfp\libg_nano.a(lib_a-readr.o)
                0x100848e4                _read_r
 .text          0x10084908      0x110 c:/program files (x86)/cypress/psoc creator/4.4/psoc creator/import/gnu/arm/5.4.1/bin/../lib/gcc/arm-none-eabi/5.4.1/armv7e-m/softfp\libgcc.a(_arm_cmpdf2.o)
                0x10084908                __gtdf2
                0x10084908                __gedf2
                0x10084910                __ltdf2
                0x10084910                __ledf2
                0x10084918                __nedf2
                0x10084918                __eqdf2
                0x10084918                __cmpdf2
                0x10084994                __aeabi_cdrcmple
                0x100849a4                __aeabi_cdcmpeq
                0x100849a4                __aeabi_cdcmple
                0x100849b4                __aeabi_dcmpeq
                0x100849c8                __aeabi_dcmplt
                0x100849dc                __aeabi_dcmple
                0x100849f0                __aeabi_dcmpge
                0x10084a04                __aeabi_dcmpgt
 .text          0x10084a18       0x2c c:/program files (x86)/cypress/psoc creator/4.4/psoc creator/import/gnu/arm/5.4.1/bin/../lib/gcc/arm-none-eabi/5.4.1/armv7e-m/softfp\libgcc.a(_arm_unorddf2.o)
                0x10084a18                __unorddf2
                0x10084a18                __aeabi_dcmpun
 .text          0x10084a44       0x50 c:/program files (x86)/cypress/psoc creator/4.4/psoc creator/import/gnu/arm/5.4.1/bin/../lib/gcc/arm-none-eabi/5.4.1/armv7e-m/softfp\libgcc.a(_arm_fixdfsi.o)
                0x10084a44                __aeabi_d2iz
                0x10084a44                __fixdfsi
 .text._close   0x10084a94       0x10 c:/program files (x86)/cypress/psoc creator/4.4/psoc creator/import/gnu/arm/5.4.1/bin/../lib/gcc/arm-none-eabi/5.4.1/../../../../arm-none-eabi/lib/armv7e-m/softfp\libnosys.a(close.o)
                0x10084a94                _close
 .text._fstat   0x10084aa4       0x10 c:/program files (x86)/cypress/psoc creator/4.4/psoc creator/import/gnu/arm/5.4.1/bin/../lib/gcc/arm-none-eabi/5.4.1/../../../../arm-none-eabi/lib/armv7e-m/softfp\libnosys.a(fstat.o)
                0x10084aa4                _fstat
 .text._isatty  0x10084ab4       0x10 c:/program files (x86)/cypress/psoc creator/4.4/psoc creator/import/gnu/arm/5.4.1/bin/../lib/gcc/arm-none-eabi/5.4.1/../../../../arm-none-eabi/lib/armv7e-m/softfp\libnosys.a(isatty.o)
                0x10084ab4                _isatty
 .text._lseek   0x10084ac4       0x10 c:/program files (x86)/cypress/psoc creator/4.4/psoc creator/import/gnu/arm/5.4.1/bin/../lib/gcc/arm-none-eabi/5.4.1/../../../../arm-none-eabi/lib/armv7e-m/softfp\libnosys.a(lseek.o)
                0x10084ac4                _lseek
 .text._sbrk    0x10084ad4       0x1c c:/program files (x86)/cypress/psoc creator/4.4/psoc creator/import/gnu/arm/5.4.1/bin/../lib/gcc/arm-none-eabi/5.4.1/../../../../arm-none-eabi/lib/armv7e-m/softfp\libnosys.a(sbrk.o)
                0x10084ad4                _sbrk
 *(.init)
 .init          0x10084af0        0x4 c:/program files (x86)/cypress/psoc creator/4.4/psoc creator/import/gnu/arm/5.4.1/bin/../lib/gcc/arm-none-eabi/5.4.1/armv7e-m/softfp/crti.o
                0x10084af0                _init
 .init          0x10084af4        0x8 c:/program files (x86)/cypress/psoc creator/4.4/psoc creator/import/gnu/arm/5.4.1/bin/../lib/gcc/arm-none-eabi/5.4.1/armv7e-m/softfp/crtn.o
 *(.fini)
 .fini          0x10084afc        0x4 c:/program files (x86)/cypress/psoc creator/4.4/psoc creator/import/gnu/arm/5.4.1/bin/../lib/gcc/arm-none-eabi/5.4.1/armv7e-m/softfp/crti.o
                0x10084afc                _fini
 .fini          0x10084b00        0x8 c:/program files (x86)/cypress/psoc creator/4.4/psoc creator/import/gnu/arm/5.4.1/bin/../lib/gcc/arm-none-eabi/5.4.1/armv7e-m/softfp/crtn.o
 *crtbegin.o(.ctors)
 *crtbegin?.o(.ctors)
 *(EXCLUDE_FILE(*crtend.o *crtend?.o) .ctors)
 *(SORT(.ctors.*))
 *(.ctors)
 *crtbegin.o(.dtors)
 *crtbegin?.o(.dtors)
 *(EXCLUDE_FILE(*crtend.o *crtend?.o) .dtors)
 *(SORT(.dtors.*))
 *(.dtors)
 *(.rodata .rodata.* .constdata .constdata.* .conststring .conststring.*)
 .rodata.str1.1
                0x10084b08        0x6 .\CortexM4\ARM_GCC_541\Release\main_cm4.o
 *fill*         0x10084b0e        0x2 
 .rodata        0x10084b10       0x34 .\CortexM4\ARM_GCC_541\Release\system_psoc6_cm4.o
 .rodata        0x10084b44       0x10 .\CortexM4\ARM_GCC_541\Release\cyfitter_sysint_cfg.o
                0x10084b44                isrTimer_cfg
                0x10084b4c                UART_SCB_IRQ_cfg
 .rodata        0x10084b54       0x4c .\CortexM4\ARM_GCC_541\Release\Timer.o
                0x10084b54                Timer_config
 .rodata        0x10084ba0       0x40 .\CortexM4\ARM_GCC_541\Release\UART.o
                0x10084ba0                UART_config
 .rodata        0x10084be0      0x170 .\CortexM4\ARM_GCC_541\Release\cy_device.o
                0x10084be0                cy_deviceIpBlockCfgPSoC6_02
                0x10084c98                cy_deviceIpBlockCfgPSoC6_01
 .rodata        0x10084d50       0x44 .\CortexM4\ARM_GCC_541\Release\VDAC_1.o
                0x10084d50                VDAC_1_ctdacConfig
                0x10084d84                VDAC_1_refBufferConfig
 .rodata.str1.1
                0x10084d94        0x2 c:/program files (x86)/cypress/psoc creator/4.4/psoc creator/import/gnu/arm/5.4.1/bin/../lib/gcc/arm-none-eabi/5.4.1/../../../../arm-none-eabi/lib/armv7e-m/softfp\libg_nano.a(lib_a-impure.o)
 *fill*         0x10084d96        0x2 
 .rodata._global_impure_ptr
                0x10084d98        0x4 c:/program files (x86)/cypress/psoc creator/4.4/psoc creator/import/gnu/arm/5.4.1/bin/../lib/gcc/arm-none-eabi/5.4.1/../../../../arm-none-eabi/lib/armv7e-m/softfp\libg_nano.a(lib_a-impure.o)
                0x10084d98                _global_impure_ptr
 .rodata.str1.1
                0x10084d9c       0x12 c:/program files (x86)/cypress/psoc creator/4.4/psoc creator/import/gnu/arm/5.4.1/bin/../lib/gcc/arm-none-eabi/5.4.1/../../../../arm-none-eabi/lib/armv7e-m/softfp\libg_nano.a(lib_a-nano-vfprintf_float.o)
 .rodata.str1.1
                0x10084dae       0x22 c:/program files (x86)/cypress/psoc creator/4.4/psoc creator/import/gnu/arm/5.4.1/bin/../lib/gcc/arm-none-eabi/5.4.1/../../../../arm-none-eabi/lib/armv7e-m/softfp\libg_nano.a(lib_a-nano-vfprintf_i.o)
 .rodata.str1.1
                0x10084dd0        0xd c:/program files (x86)/cypress/psoc creator/4.4/psoc creator/import/gnu/arm/5.4.1/bin/../lib/gcc/arm-none-eabi/5.4.1/../../../../arm-none-eabi/lib/armv7e-m/softfp\libg_nano.a(lib_a-dtoa.o)
                                  0xf (size before relaxing)
 *fill*         0x10084ddd        0x3 
 .rodata.__sf_fake_stdin
                0x10084de0       0x20 c:/program files (x86)/cypress/psoc creator/4.4/psoc creator/import/gnu/arm/5.4.1/bin/../lib/gcc/arm-none-eabi/5.4.1/../../../../arm-none-eabi/lib/armv7e-m/softfp\libg_nano.a(lib_a-findfp.o)
                0x10084de0                __sf_fake_stdin
 .rodata.__sf_fake_stdout
                0x10084e00       0x20 c:/program files (x86)/cypress/psoc creator/4.4/psoc creator/import/gnu/arm/5.4.1/bin/../lib/gcc/arm-none-eabi/5.4.1/../../../../arm-none-eabi/lib/armv7e-m/softfp\libg_nano.a(lib_a-findfp.o)
                0x10084e00                __sf_fake_stdout
 .rodata.__sf_fake_stderr
                0x10084e20       0x20 c:/program files (x86)/cypress/psoc creator/4.4/psoc creator/import/gnu/arm/5.4.1/bin/../lib/gcc/arm-none-eabi/5.4.1/../../../../arm-none-eabi/lib/armv7e-m/softfp\libg_nano.a(lib_a-findfp.o)
                0x10084e20                __sf_fake_stderr
 .rodata.str1.1
                0x10084e40        0x8 c:/program files (x86)/cypress/psoc creator/4.4/psoc creator/import/gnu/arm/5.4.1/bin/../lib/gcc/arm-none-eabi/5.4.1/../../../../arm-none-eabi/lib/armv7e-m/softfp\libg_nano.a(lib_a-locale.o)
                                  0xb (size before relaxing)
 .rodata.p05.5410
                0x10084e48        0xc c:/program files (x86)/cypress/psoc creator/4.4/psoc creator/import/gnu/arm/5.4.1/bin/../lib/gcc/arm-none-eabi/5.4.1/../../../../arm-none-eabi/lib/armv7e-m/softfp\libg_nano.a(lib_a-mprec.o)
 *fill*         0x10084e54        0x4 
 .rodata.__mprec_bigtens
                0x10084e58       0x28 c:/program files (x86)/cypress/psoc creator/4.4/psoc creator/import/gnu/arm/5.4.1/bin/../lib/gcc/arm-none-eabi/5.4.1/../../../../arm-none-eabi/lib/armv7e-m/softfp\libg_nano.a(lib_a-mprec.o)
                0x10084e58                __mprec_bigtens
 .rodata.__mprec_tens
                0x10084e80       0xc8 c:/program files (x86)/cypress/psoc creator/4.4/psoc creator/import/gnu/arm/5.4.1/bin/../lib/gcc/arm-none-eabi/5.4.1/../../../../arm-none-eabi/lib/armv7e-m/softfp\libg_nano.a(lib_a-mprec.o)
                0x10084e80                __mprec_tens
 .rodata.str1.1
                0x10084f48       0x11 c:/program files (x86)/cypress/psoc creator/4.4/psoc creator/import/gnu/arm/5.4.1/bin/../lib/gcc/arm-none-eabi/5.4.1/../../../../arm-none-eabi/lib/armv7e-m/softfp\libg_nano.a(lib_a-nano-vfprintf.o)
 *(.eh_frame*)
 *fill*         0x10084f59        0x3 
 .eh_frame      0x10084f5c        0x0 c:/program files (x86)/cypress/psoc creator/4.4/psoc creator/import/gnu/arm/5.4.1/bin/../lib/gcc/arm-none-eabi/5.4.1/armv7e-m/softfp/crtbegin.o
 .eh_frame      0x10084f5c        0x4 c:/program files (x86)/cypress/psoc creator/4.4/psoc creator/import/gnu/arm/5.4.1/bin/../lib/gcc/arm-none-eabi/5.4.1/armv7e-m/softfp/crtend.o

.glue_7         0x10084f60        0x0
 .glue_7        0x10084f60        0x0 linker stubs

.glue_7t        0x10084f60        0x0
 .glue_7t       0x10084f60        0x0 linker stubs

.vfp11_veneer   0x10084f60        0x0
 .vfp11_veneer  0x10084f60        0x0 linker stubs

.v4_bx          0x10084f60        0x0
 .v4_bx         0x10084f60        0x0 linker stubs

.iplt           0x10084f60        0x0
 .iplt          0x10084f60        0x0 c:/program files (x86)/cypress/psoc creator/4.4/psoc creator/import/gnu/arm/5.4.1/bin/../lib/gcc/arm-none-eabi/5.4.1/armv7e-m/softfp/crtbegin.o

.ARM.extab
 *(.ARM.extab* .gnu.linkonce.armextab.*)
                0x10084f60                __exidx_start = .

.ARM.exidx
 *(.ARM.exidx* .gnu.linkonce.armexidx.*)
                0x10084f60                __exidx_end = .

.copy.table     0x10084f60       0x18
                0x10084f60                . = ALIGN (0x4)
                0x10084f60                __copy_table_start__ = .
                0x10084f60        0x4 LONG 0x10080000 __Vectors
                0x10084f64        0x4 LONG 0x8024000 __ram_vectors_start__
                0x10084f68        0x4 LONG 0x28c (__Vectors_End - __Vectors)
                0x10084f6c        0x4 LONG 0x10084f80 __etext
                0x10084f70        0x4 LONG 0x802428c __data_start__
                0x10084f74        0x4 LONG 0x59c (__data_end__ - __data_start__)
                0x10084f78                __copy_table_end__ = .

.zero.table     0x10084f78        0x8
                0x10084f78                . = ALIGN (0x4)
                0x10084f78                __zero_table_start__ = .
                0x10084f78        0x4 LONG 0x80248a0 __bss_start__
                0x10084f7c        0x4 LONG 0x294 (__bss_end__ - __bss_start__)
                0x10084f80                __zero_table_end__ = .
                0x10084f80                __etext = .

.ramVectors     0x08024000      0x28c
                0x08024000                __ram_vectors_start__ = .
 *(.ram_vectors)
 .ram_vectors   0x08024000      0x28c .\CortexM4\ARM_GCC_541\Release\startup_psoc6_01_cm4.o
                0x08024000                __ramVectors
                0x0802428c                __ram_vectors_end__ = .

.data           0x0802428c      0x59c load address 0x10084f80
                0x0802428c                __data_start__ = .
 *(vtable)
 *(.data*)
 .data          0x0802428c       0x20 .\CortexM4\ARM_GCC_541\Release\system_psoc6_cm4.o
                0x0802428c                cy_BleEcoClockFreqHz
                0x08024290                cy_Hfclk0FreqHz
                0x08024294                cy_PeriClkFreqHz
                0x08024298                SystemCoreClock
                0x0802429c                cy_delayFreqHz
                0x080242a0                cy_delayFreqMhz
                0x080242a4                cy_delayFreqKhz
                0x080242a8                cy_delay32kMs
 .data.impure_data
                0x080242ac       0x60 c:/program files (x86)/cypress/psoc creator/4.4/psoc creator/import/gnu/arm/5.4.1/bin/../lib/gcc/arm-none-eabi/5.4.1/../../../../arm-none-eabi/lib/armv7e-m/softfp\libg_nano.a(lib_a-impure.o)
 .data._impure_ptr
                0x0802430c        0x4 c:/program files (x86)/cypress/psoc creator/4.4/psoc creator/import/gnu/arm/5.4.1/bin/../lib/gcc/arm-none-eabi/5.4.1/../../../../arm-none-eabi/lib/armv7e-m/softfp\libg_nano.a(lib_a-impure.o)
                0x0802430c                _impure_ptr
 .data.lconv    0x08024310       0x38 c:/program files (x86)/cypress/psoc creator/4.4/psoc creator/import/gnu/arm/5.4.1/bin/../lib/gcc/arm-none-eabi/5.4.1/../../../../arm-none-eabi/lib/armv7e-m/softfp\libg_nano.a(lib_a-locale.o)
                0x08024348                . = ALIGN (0x4)
                0x08024348                PROVIDE (__preinit_array_start, .)
 *(.preinit_array)
                0x08024348                PROVIDE (__preinit_array_end, .)
                0x08024348                . = ALIGN (0x4)
                0x08024348                PROVIDE (__init_array_start, .)
 *(SORT(.init_array.*))
 *(.init_array)
 .init_array    0x08024348        0x4 c:/program files (x86)/cypress/psoc creator/4.4/psoc creator/import/gnu/arm/5.4.1/bin/../lib/gcc/arm-none-eabi/5.4.1/armv7e-m/softfp/crtbegin.o
                0x0802434c                PROVIDE (__init_array_end, .)
                0x0802434c                . = ALIGN (0x4)
                [!provide]                PROVIDE (__fini_array_start, .)
 *(SORT(.fini_array.*))
 *(.fini_array)
 .fini_array    0x0802434c        0x4 c:/program files (x86)/cypress/psoc creator/4.4/psoc creator/import/gnu/arm/5.4.1/bin/../lib/gcc/arm-none-eabi/5.4.1/armv7e-m/softfp/crtbegin.o
                [!provide]                PROVIDE (__fini_array_end, .)
 *(.jcr*)
 .jcr           0x08024350        0x0 c:/program files (x86)/cypress/psoc creator/4.4/psoc creator/import/gnu/arm/5.4.1/bin/../lib/gcc/arm-none-eabi/5.4.1/armv7e-m/softfp/crtbegin.o
 .jcr           0x08024350        0x4 c:/program files (x86)/cypress/psoc creator/4.4/psoc creator/import/gnu/arm/5.4.1/bin/../lib/gcc/arm-none-eabi/5.4.1/armv7e-m/softfp/crtend.o
                0x08024354                . = ALIGN (0x4)
 *(.cy_ramfunc*)
 .cy_ramfunc    0x08024354      0x240 .\CortexM4\ARM_GCC_541\Release\cy_flash.o
                0x080243de                Cy_Flash_ResumeIrqHandler
 .cy_ramfunc    0x08024594      0x1d4 .\CortexM4\ARM_GCC_541\Release\cy_syspm.o
 .cy_ramfunc.__stub
                0x08024768       0xc0 linker stubs
                0x08024828                . = ALIGN (0x4)
                0x08024828                __data_end__ = .

.igot.plt       0x08024828        0x0 load address 0x1008551c
 .igot.plt      0x08024828        0x0 c:/program files (x86)/cypress/psoc creator/4.4/psoc creator/import/gnu/arm/5.4.1/bin/../lib/gcc/arm-none-eabi/5.4.1/armv7e-m/softfp/crtbegin.o

.noinit         0x08024828       0x78 load address 0x10085520
 *(.noinit)
 .noinit        0x08024828       0x78 .\CortexM4\ARM_GCC_541\Release\cy_syslib.o
                0x08024828                cy_faultFrame

.bss            0x080248a0      0x294 load address 0x10085598
                0x080248a0                . = ALIGN (0x4)
                0x080248a0                __bss_start__ = .
 *(.bss*)
 .bss           0x080248a0       0x1c c:/program files (x86)/cypress/psoc creator/4.4/psoc creator/import/gnu/arm/5.4.1/bin/../lib/gcc/arm-none-eabi/5.4.1/armv7e-m/softfp/crtbegin.o
 .bss           0x080248bc       0x10 .\CortexM4\ARM_GCC_541\Release\main_cm4.o
                0x080248bc                compare_value
                0x080248c0                current_phase
                0x080248c4                dac_write
                0x080248c8                curr_num_pulses
 .bss           0x080248cc      0x180 .\CortexM4\ARM_GCC_541\Release\system_psoc6_cm4.o
 .bss           0x08024a4c        0x1 .\CortexM4\ARM_GCC_541\Release\UART.o
                0x08024a4c                UART_initVar
 *fill*         0x08024a4d        0x3 
 .bss           0x08024a50       0x18 .\CortexM4\ARM_GCC_541\Release\cy_flash.o
 .bss           0x08024a68        0xc .\CortexM4\ARM_GCC_541\Release\cy_ipc_sema.o
 .bss           0x08024a74        0x4 .\CortexM4\ARM_GCC_541\Release\cy_ipc_pipe.o
 .bss           0x08024a78       0x3c .\CortexM4\ARM_GCC_541\Release\cy_syspm.o
 .bss           0x08024ab4        0x8 .\CortexM4\ARM_GCC_541\Release\VDAC_1.o
                0x08024ab4                VDAC_1_initVar
 .bss.__malloc_sbrk_start
                0x08024abc        0x4 c:/program files (x86)/cypress/psoc creator/4.4/psoc creator/import/gnu/arm/5.4.1/bin/../lib/gcc/arm-none-eabi/5.4.1/../../../../arm-none-eabi/lib/armv7e-m/softfp\libg_nano.a(lib_a-nano-mallocr.o)
                0x08024abc                __malloc_sbrk_start
 .bss.__malloc_free_list
                0x08024ac0        0x4 c:/program files (x86)/cypress/psoc creator/4.4/psoc creator/import/gnu/arm/5.4.1/bin/../lib/gcc/arm-none-eabi/5.4.1/../../../../arm-none-eabi/lib/armv7e-m/softfp\libg_nano.a(lib_a-nano-mallocr.o)
                0x08024ac0                __malloc_free_list
 .bss.heap_end.4169
                0x08024ac4        0x4 c:/program files (x86)/cypress/psoc creator/4.4/psoc creator/import/gnu/arm/5.4.1/bin/../lib/gcc/arm-none-eabi/5.4.1/../../../../arm-none-eabi/lib/armv7e-m/softfp\libnosys.a(sbrk.o)
 *(COMMON)
 COMMON         0x08024ac8       0x2d .\CortexM4\ARM_GCC_541\Release\main_cm4.o
                0x08024ac8                dac_phase_two
                0x08024acc                COMMAND_QUEUE
                0x08024ad4                dac_gap
                0x08024ad8                pulse_num_in_one_burst
                0x08024adc                ramp_up
                0x08024ade                stim_amp
                0x08024ae0                burst_num
                0x08024ae4                stim_status
                0x08024ae8                short_electrode
                0x08024ae9                stim_type
                0x08024aea                dac_phase_one
                0x08024aec                inter_burst_delay
                0x08024af0                num_pulses
                0x08024af4                anodic_cathodic
 *fill*         0x08024af5        0x3 
 COMMON         0x08024af8       0x34 .\CortexM4\ARM_GCC_541\Release\UART.o
                0x08024af8                UART_context
 COMMON         0x08024b2c        0x4 .\CortexM4\ARM_GCC_541\Release\cy_device.o
                0x08024b2c                cy_device
 COMMON         0x08024b30        0x4 c:/program files (x86)/cypress/psoc creator/4.4/psoc creator/import/gnu/arm/5.4.1/bin/../lib/gcc/arm-none-eabi/5.4.1/../../../../arm-none-eabi/lib/armv7e-m/softfp\libg_nano.a(lib_a-reent.o)
                0x08024b30                errno
                0x08024b34                . = ALIGN (0x4)
                0x08024b34                __bss_end__ = .

.heap           0x08024b38      0x400
                0x08024b38                __HeapBase = .
                0x08024b38                __end__ = .
                0x08024b38                end = __end__
 *(.heap*)
 .heap          0x08024b38      0x400 .\CortexM4\ARM_GCC_541\Release\startup_psoc6_01_cm4.o
                0x08024f38                __HeapLimit = .

.stack_dummy    0x08024b38     0x1000
 *(.stack*)
 .stack         0x08024b38     0x1000 .\CortexM4\ARM_GCC_541\Release\startup_psoc6_01_cm4.o
                0x08047800                __StackTop = (ORIGIN (ram) + LENGTH (ram))
                0x08046800                __StackLimit = (__StackTop - SIZEOF (.stack_dummy))
                0x08047800                PROVIDE (__stack, __StackTop)
                0x00000001                ASSERT ((__StackLimit >= __HeapLimit), region RAM overflowed with stack)

.cy_app_signature
 *(.cy_app_signature)

.cy_em_eeprom
 *(.cy_em_eeprom)

.cy_sflash_user_data
 *(.cy_sflash_user_data)

.cy_sflash_nar
 *(.cy_sflash_nar)

.cy_sflash_public_key
 *(.cy_sflash_public_key)

.cy_toc_part2
 *(.cy_toc_part2)

.cy_rtoc_part2
 *(.cy_rtoc_part2)

.cy_xip
 *(.cy_xip)

.cy_efuse
 *(.cy_efuse)

.cymeta         0x90500000        0xc
 *(.cymeta)
 .cymeta        0x90500000        0xc .\CortexM4\ARM_GCC_541\Release\cymetadata.o
                0x90500000                cy_metadata
                0x10000000                __cy_memory_0_start = 0x10000000
                0x00100000                __cy_memory_0_length = 0x100000
                0x00000200                __cy_memory_0_row_size = 0x200
                0x14000000                __cy_memory_1_start = 0x14000000
                0x00008000                __cy_memory_1_length = 0x8000
                0x00000200                __cy_memory_1_row_size = 0x200
                0x16000000                __cy_memory_2_start = 0x16000000
                0x00008000                __cy_memory_2_length = 0x8000
                0x00000200                __cy_memory_2_row_size = 0x200
                0x18000000                __cy_memory_3_start = 0x18000000
                0x08000000                __cy_memory_3_length = 0x8000000
                0x00000200                __cy_memory_3_row_size = 0x200
                0x90700000                __cy_memory_4_start = 0x90700000
                0x00100000                __cy_memory_4_length = 0x100000
                0x00000001                __cy_memory_4_row_size = 0x1
OUTPUT(C:\Users\cmila\uni\projects\Neural-Stimulator-Firmware\new\PSOC6\TIMER\DAC_BLE.cydsn\CortexM4\ARM_GCC_541\Release\DAC_BLE_link.elf elf32-littlearm)

.rel.dyn        0x08024b34        0x0 load address 0x98560d04
 .rel.iplt      0x08024b34        0x0 c:/program files (x86)/cypress/psoc creator/4.4/psoc creator/import/gnu/arm/5.4.1/bin/../lib/gcc/arm-none-eabi/5.4.1/armv7e-m/softfp/crtbegin.o

.ARM.attributes
                0x00000000       0x2e
 .ARM.attributes
                0x00000000       0x22 c:/program files (x86)/cypress/psoc creator/4.4/psoc creator/import/gnu/arm/5.4.1/bin/../lib/gcc/arm-none-eabi/5.4.1/armv7e-m/softfp/crti.o
 .ARM.attributes
                0x00000022       0x32 c:/program files (x86)/cypress/psoc creator/4.4/psoc creator/import/gnu/arm/5.4.1/bin/../lib/gcc/arm-none-eabi/5.4.1/armv7e-m/softfp/crtbegin.o
 .ARM.attributes
                0x00000054       0x1f .\CortexM4\ARM_GCC_541\Release\startup_psoc6_01_cm4.o
 .ARM.attributes
                0x00000073       0x37 .\CortexM4\ARM_GCC_541\Release\main_cm4.o
 .ARM.attributes
                0x000000aa       0x37 .\CortexM4\ARM_GCC_541\Release\system_psoc6_cm4.o
 .ARM.attributes
                0x000000e1       0x37 .\CortexM4\ARM_GCC_541\Release\command_parse.o
 .ARM.attributes
                0x00000118       0x37 .\CortexM4\ARM_GCC_541\Release\command_queue.o
 .ARM.attributes
                0x0000014f       0x37 .\CortexM4\ARM_GCC_541\Release\stdio_user.o
 .ARM.attributes
                0x00000186       0x37 .\CortexM4\ARM_GCC_541\Release\cyfitter_sysint_cfg.o
 .ARM.attributes
                0x000001bd       0x37 .\CortexM4\ARM_GCC_541\Release\cymetadata.o
 .ARM.attributes
                0x000001f4       0x37 .\CortexM4\ARM_GCC_541\Release\Timer.o
 .ARM.attributes
                0x0000022b       0x37 .\CortexM4\ARM_GCC_541\Release\UART.o
 .ARM.attributes
                0x00000262       0x37 .\CortexM4\ARM_GCC_541\Release\cy_flash.o
 .ARM.attributes
                0x00000299       0x37 .\CortexM4\ARM_GCC_541\Release\cy_ipc_drv.o
 .ARM.attributes
                0x000002d0       0x37 .\CortexM4\ARM_GCC_541\Release\cy_ipc_sema.o
 .ARM.attributes
                0x00000307       0x37 .\CortexM4\ARM_GCC_541\Release\cy_ipc_pipe.o
 .ARM.attributes
                0x0000033e       0x37 .\CortexM4\ARM_GCC_541\Release\cy_scb_common.o
 .ARM.attributes
                0x00000375       0x37 .\CortexM4\ARM_GCC_541\Release\cy_scb_uart.o
 .ARM.attributes
                0x000003ac       0x37 .\CortexM4\ARM_GCC_541\Release\cy_sysint.o
 .ARM.attributes
                0x000003e3       0x37 .\CortexM4\ARM_GCC_541\Release\cy_syslib.o
 .ARM.attributes
                0x0000041a       0x25 .\CortexM4\ARM_GCC_541\Release\cy_syslib_gcc.o
 .ARM.attributes
                0x0000043f       0x37 .\CortexM4\ARM_GCC_541\Release\cy_syspm.o
 .ARM.attributes
                0x00000476       0x37 .\CortexM4\ARM_GCC_541\Release\cy_tcpwm_counter.o
 .ARM.attributes
                0x000004ad       0x37 .\CortexM4\ARM_GCC_541\Release\cy_device.o
 .ARM.attributes
                0x000004e4       0x37 .\CortexM4\ARM_GCC_541\Release\cy_ctb.o
 .ARM.attributes
                0x0000051b       0x37 .\CortexM4\ARM_GCC_541\Release\cy_ctdac.o
 .ARM.attributes
                0x00000552       0x37 .\CortexM4\ARM_GCC_541\Release\retarget.o
 .ARM.attributes
                0x00000589       0x37 .\CortexM4\ARM_GCC_541\Release\VDAC_1.o
 .ARM.attributes
                0x000005c0       0x22 c:/program files (x86)/cypress/psoc creator/4.4/psoc creator/import/gnu/arm/5.4.1/bin/../lib/gcc/arm-none-eabi/5.4.1/armv7e-m/softfp\libgcc.a(_arm_addsubdf3.o)
 .ARM.attributes
                0x000005e2       0x22 c:/program files (x86)/cypress/psoc creator/4.4/psoc creator/import/gnu/arm/5.4.1/bin/../lib/gcc/arm-none-eabi/5.4.1/armv7e-m/softfp\libgcc.a(_arm_muldivdf3.o)
 .ARM.attributes
                0x00000604       0x32 c:/program files (x86)/cypress/psoc creator/4.4/psoc creator/import/gnu/arm/5.4.1/bin/../lib/gcc/arm-none-eabi/5.4.1/../../../../arm-none-eabi/lib/armv7e-m/softfp\libg_nano.a(lib_a-calloc.o)
 .ARM.attributes
                0x00000636       0x32 c:/program files (x86)/cypress/psoc creator/4.4/psoc creator/import/gnu/arm/5.4.1/bin/../lib/gcc/arm-none-eabi/5.4.1/../../../../arm-none-eabi/lib/armv7e-m/softfp\libg_nano.a(lib_a-impure.o)
 .ARM.attributes
                0x00000668       0x32 c:/program files (x86)/cypress/psoc creator/4.4/psoc creator/import/gnu/arm/5.4.1/bin/../lib/gcc/arm-none-eabi/5.4.1/../../../../arm-none-eabi/lib/armv7e-m/softfp\libg_nano.a(lib_a-malloc.o)
 .ARM.attributes
                0x0000069a       0x32 c:/program files (x86)/cypress/psoc creator/4.4/psoc creator/import/gnu/arm/5.4.1/bin/../lib/gcc/arm-none-eabi/5.4.1/../../../../arm-none-eabi/lib/armv7e-m/softfp\libg_nano.a(lib_a-memcpy-stub.o)
 .ARM.attributes
                0x000006cc       0x32 c:/program files (x86)/cypress/psoc creator/4.4/psoc creator/import/gnu/arm/5.4.1/bin/../lib/gcc/arm-none-eabi/5.4.1/../../../../arm-none-eabi/lib/armv7e-m/softfp\libg_nano.a(lib_a-memset.o)
 .ARM.attributes
                0x000006fe       0x32 c:/program files (x86)/cypress/psoc creator/4.4/psoc creator/import/gnu/arm/5.4.1/bin/../lib/gcc/arm-none-eabi/5.4.1/../../../../arm-none-eabi/lib/armv7e-m/softfp\libg_nano.a(lib_a-nano-callocr.o)
 .ARM.attributes
                0x00000730       0x32 c:/program files (x86)/cypress/psoc creator/4.4/psoc creator/import/gnu/arm/5.4.1/bin/../lib/gcc/arm-none-eabi/5.4.1/../../../../arm-none-eabi/lib/armv7e-m/softfp\libg_nano.a(lib_a-nano-freer.o)
 .ARM.attributes
                0x00000762       0x32 c:/program files (x86)/cypress/psoc creator/4.4/psoc creator/import/gnu/arm/5.4.1/bin/../lib/gcc/arm-none-eabi/5.4.1/../../../../arm-none-eabi/lib/armv7e-m/softfp\libg_nano.a(lib_a-nano-mallocr.o)
 .ARM.attributes
                0x00000794       0x32 c:/program files (x86)/cypress/psoc creator/4.4/psoc creator/import/gnu/arm/5.4.1/bin/../lib/gcc/arm-none-eabi/5.4.1/../../../../arm-none-eabi/lib/armv7e-m/softfp\libg_nano.a(lib_a-nano-vfprintf_float.o)
 .ARM.attributes
                0x000007c6       0x32 c:/program files (x86)/cypress/psoc creator/4.4/psoc creator/import/gnu/arm/5.4.1/bin/../lib/gcc/arm-none-eabi/5.4.1/../../../../arm-none-eabi/lib/armv7e-m/softfp\libg_nano.a(lib_a-nano-vfprintf_i.o)
 .ARM.attributes
                0x000007f8       0x32 c:/program files (x86)/cypress/psoc creator/4.4/psoc creator/import/gnu/arm/5.4.1/bin/../lib/gcc/arm-none-eabi/5.4.1/../../../../arm-none-eabi/lib/armv7e-m/softfp\libg_nano.a(lib_a-printf.o)
 .ARM.attributes
                0x0000082a       0x32 c:/program files (x86)/cypress/psoc creator/4.4/psoc creator/import/gnu/arm/5.4.1/bin/../lib/gcc/arm-none-eabi/5.4.1/../../../../arm-none-eabi/lib/armv7e-m/softfp\libg_nano.a(lib_a-sbrkr.o)
 .ARM.attributes
                0x0000085c       0x32 c:/program files (x86)/cypress/psoc creator/4.4/psoc creator/import/gnu/arm/5.4.1/bin/../lib/gcc/arm-none-eabi/5.4.1/../../../../arm-none-eabi/lib/armv7e-m/softfp\libg_nano.a(lib_a-setvbuf.o)
 .ARM.attributes
                0x0000088e       0x1b c:/program files (x86)/cypress/psoc creator/4.4/psoc creator/import/gnu/arm/5.4.1/bin/../lib/gcc/arm-none-eabi/5.4.1/../../../../arm-none-eabi/lib/armv7e-m/softfp\libg_nano.a(lib_a-strlen.o)
 .ARM.attributes
                0x000008a9       0x32 c:/program files (x86)/cypress/psoc creator/4.4/psoc creator/import/gnu/arm/5.4.1/bin/../lib/gcc/arm-none-eabi/5.4.1/../../../../arm-none-eabi/lib/armv7e-m/softfp\libg_nano.a(lib_a-dtoa.o)
 .ARM.attributes
                0x000008db       0x32 c:/program files (x86)/cypress/psoc creator/4.4/psoc creator/import/gnu/arm/5.4.1/bin/../lib/gcc/arm-none-eabi/5.4.1/../../../../arm-none-eabi/lib/armv7e-m/softfp\libg_nano.a(lib_a-fflush.o)
 .ARM.attributes
                0x0000090d       0x32 c:/program files (x86)/cypress/psoc creator/4.4/psoc creator/import/gnu/arm/5.4.1/bin/../lib/gcc/arm-none-eabi/5.4.1/../../../../arm-none-eabi/lib/armv7e-m/softfp\libg_nano.a(lib_a-findfp.o)
 .ARM.attributes
                0x0000093f       0x32 c:/program files (x86)/cypress/psoc creator/4.4/psoc creator/import/gnu/arm/5.4.1/bin/../lib/gcc/arm-none-eabi/5.4.1/../../../../arm-none-eabi/lib/armv7e-m/softfp\libg_nano.a(lib_a-fwalk.o)
 .ARM.attributes
                0x00000971       0x32 c:/program files (x86)/cypress/psoc creator/4.4/psoc creator/import/gnu/arm/5.4.1/bin/../lib/gcc/arm-none-eabi/5.4.1/../../../../arm-none-eabi/lib/armv7e-m/softfp\libg_nano.a(lib_a-locale.o)
 .ARM.attributes
                0x000009a3       0x32 c:/program files (x86)/cypress/psoc creator/4.4/psoc creator/import/gnu/arm/5.4.1/bin/../lib/gcc/arm-none-eabi/5.4.1/../../../../arm-none-eabi/lib/armv7e-m/softfp\libg_nano.a(lib_a-makebuf.o)
 .ARM.attributes
                0x000009d5       0x20 c:/program files (x86)/cypress/psoc creator/4.4/psoc creator/import/gnu/arm/5.4.1/bin/../lib/gcc/arm-none-eabi/5.4.1/../../../../arm-none-eabi/lib/armv7e-m/softfp\libg_nano.a(lib_a-memchr.o)
 .ARM.attributes
                0x000009f5       0x32 c:/program files (x86)/cypress/psoc creator/4.4/psoc creator/import/gnu/arm/5.4.1/bin/../lib/gcc/arm-none-eabi/5.4.1/../../../../arm-none-eabi/lib/armv7e-m/softfp\libg_nano.a(lib_a-mlock.o)
 .ARM.attributes
                0x00000a27       0x32 c:/program files (x86)/cypress/psoc creator/4.4/psoc creator/import/gnu/arm/5.4.1/bin/../lib/gcc/arm-none-eabi/5.4.1/../../../../arm-none-eabi/lib/armv7e-m/softfp\libg_nano.a(lib_a-mprec.o)
 .ARM.attributes
                0x00000a59       0x32 c:/program files (x86)/cypress/psoc creator/4.4/psoc creator/import/gnu/arm/5.4.1/bin/../lib/gcc/arm-none-eabi/5.4.1/../../../../arm-none-eabi/lib/armv7e-m/softfp\libg_nano.a(lib_a-nano-vfprintf.o)
 .ARM.attributes
                0x00000a8b       0x32 c:/program files (x86)/cypress/psoc creator/4.4/psoc creator/import/gnu/arm/5.4.1/bin/../lib/gcc/arm-none-eabi/5.4.1/../../../../arm-none-eabi/lib/armv7e-m/softfp\libg_nano.a(lib_a-reent.o)
 .ARM.attributes
                0x00000abd       0x32 c:/program files (x86)/cypress/psoc creator/4.4/psoc creator/import/gnu/arm/5.4.1/bin/../lib/gcc/arm-none-eabi/5.4.1/../../../../arm-none-eabi/lib/armv7e-m/softfp\libg_nano.a(lib_a-stdio.o)
 .ARM.attributes
                0x00000aef       0x32 c:/program files (x86)/cypress/psoc creator/4.4/psoc creator/import/gnu/arm/5.4.1/bin/../lib/gcc/arm-none-eabi/5.4.1/../../../../arm-none-eabi/lib/armv7e-m/softfp\libg_nano.a(lib_a-wbuf.o)
 .ARM.attributes
                0x00000b21       0x32 c:/program files (x86)/cypress/psoc creator/4.4/psoc creator/import/gnu/arm/5.4.1/bin/../lib/gcc/arm-none-eabi/5.4.1/../../../../arm-none-eabi/lib/armv7e-m/softfp\libg_nano.a(lib_a-writer.o)
 .ARM.attributes
                0x00000b53       0x32 c:/program files (x86)/cypress/psoc creator/4.4/psoc creator/import/gnu/arm/5.4.1/bin/../lib/gcc/arm-none-eabi/5.4.1/../../../../arm-none-eabi/lib/armv7e-m/softfp\libg_nano.a(lib_a-wsetup.o)
 .ARM.attributes
                0x00000b85       0x32 c:/program files (x86)/cypress/psoc creator/4.4/psoc creator/import/gnu/arm/5.4.1/bin/../lib/gcc/arm-none-eabi/5.4.1/../../../../arm-none-eabi/lib/armv7e-m/softfp\libg_nano.a(lib_a-closer.o)
 .ARM.attributes
                0x00000bb7       0x32 c:/program files (x86)/cypress/psoc creator/4.4/psoc creator/import/gnu/arm/5.4.1/bin/../lib/gcc/arm-none-eabi/5.4.1/../../../../arm-none-eabi/lib/armv7e-m/softfp\libg_nano.a(lib_a-fstatr.o)
 .ARM.attributes
                0x00000be9       0x32 c:/program files (x86)/cypress/psoc creator/4.4/psoc creator/import/gnu/arm/5.4.1/bin/../lib/gcc/arm-none-eabi/5.4.1/../../../../arm-none-eabi/lib/armv7e-m/softfp\libg_nano.a(lib_a-isattyr.o)
 .ARM.attributes
                0x00000c1b       0x32 c:/program files (x86)/cypress/psoc creator/4.4/psoc creator/import/gnu/arm/5.4.1/bin/../lib/gcc/arm-none-eabi/5.4.1/../../../../arm-none-eabi/lib/armv7e-m/softfp\libg_nano.a(lib_a-lseekr.o)
 .ARM.attributes
                0x00000c4d       0x32 c:/program files (x86)/cypress/psoc creator/4.4/psoc creator/import/gnu/arm/5.4.1/bin/../lib/gcc/arm-none-eabi/5.4.1/../../../../arm-none-eabi/lib/armv7e-m/softfp\libg_nano.a(lib_a-readr.o)
 .ARM.attributes
                0x00000c7f       0x22 c:/program files (x86)/cypress/psoc creator/4.4/psoc creator/import/gnu/arm/5.4.1/bin/../lib/gcc/arm-none-eabi/5.4.1/armv7e-m/softfp\libgcc.a(_arm_cmpdf2.o)
 .ARM.attributes
                0x00000ca1       0x22 c:/program files (x86)/cypress/psoc creator/4.4/psoc creator/import/gnu/arm/5.4.1/bin/../lib/gcc/arm-none-eabi/5.4.1/armv7e-m/softfp\libgcc.a(_arm_unorddf2.o)
 .ARM.attributes
                0x00000cc3       0x22 c:/program files (x86)/cypress/psoc creator/4.4/psoc creator/import/gnu/arm/5.4.1/bin/../lib/gcc/arm-none-eabi/5.4.1/armv7e-m/softfp\libgcc.a(_arm_fixdfsi.o)
 .ARM.attributes
                0x00000ce5       0x32 c:/program files (x86)/cypress/psoc creator/4.4/psoc creator/import/gnu/arm/5.4.1/bin/../lib/gcc/arm-none-eabi/5.4.1/armv7e-m/softfp/crtend.o
 .ARM.attributes
                0x00000d17       0x22 c:/program files (x86)/cypress/psoc creator/4.4/psoc creator/import/gnu/arm/5.4.1/bin/../lib/gcc/arm-none-eabi/5.4.1/armv7e-m/softfp/crtn.o
 .ARM.attributes
                0x00000d39       0x32 c:/program files (x86)/cypress/psoc creator/4.4/psoc creator/import/gnu/arm/5.4.1/bin/../lib/gcc/arm-none-eabi/5.4.1/../../../../arm-none-eabi/lib/armv7e-m/softfp\libnosys.a(close.o)
 .ARM.attributes
                0x00000d6b       0x32 c:/program files (x86)/cypress/psoc creator/4.4/psoc creator/import/gnu/arm/5.4.1/bin/../lib/gcc/arm-none-eabi/5.4.1/../../../../arm-none-eabi/lib/armv7e-m/softfp\libnosys.a(fstat.o)
 .ARM.attributes
                0x00000d9d       0x32 c:/program files (x86)/cypress/psoc creator/4.4/psoc creator/import/gnu/arm/5.4.1/bin/../lib/gcc/arm-none-eabi/5.4.1/../../../../arm-none-eabi/lib/armv7e-m/softfp\libnosys.a(isatty.o)
 .ARM.attributes
                0x00000dcf       0x32 c:/program files (x86)/cypress/psoc creator/4.4/psoc creator/import/gnu/arm/5.4.1/bin/../lib/gcc/arm-none-eabi/5.4.1/../../../../arm-none-eabi/lib/armv7e-m/softfp\libnosys.a(lseek.o)
 .ARM.attributes
                0x00000e01       0x32 c:/program files (x86)/cypress/psoc creator/4.4/psoc creator/import/gnu/arm/5.4.1/bin/../lib/gcc/arm-none-eabi/5.4.1/../../../../arm-none-eabi/lib/armv7e-m/softfp\libnosys.a(sbrk.o)

.comment        0x00000000       0x6e
 .comment       0x00000000       0x6e .\CortexM4\ARM_GCC_541\Release\main_cm4.o
                                 0x6f (size before relaxing)
 .comment       0x0000006e       0x6f .\CortexM4\ARM_GCC_541\Release\system_psoc6_cm4.o
 .comment       0x0000006e       0x6f .\CortexM4\ARM_GCC_541\Release\command_parse.o
 .comment       0x0000006e       0x6f .\CortexM4\ARM_GCC_541\Release\command_queue.o
 .comment       0x0000006e       0x6f .\CortexM4\ARM_GCC_541\Release\stdio_user.o
 .comment       0x0000006e       0x6f .\CortexM4\ARM_GCC_541\Release\cyfitter_sysint_cfg.o
 .comment       0x0000006e       0x6f .\CortexM4\ARM_GCC_541\Release\cymetadata.o
 .comment       0x0000006e       0x6f .\CortexM4\ARM_GCC_541\Release\Timer.o
 .comment       0x0000006e       0x6f .\CortexM4\ARM_GCC_541\Release\UART.o
 .comment       0x0000006e       0x6f .\CortexM4\ARM_GCC_541\Release\cy_flash.o
 .comment       0x0000006e       0x6f .\CortexM4\ARM_GCC_541\Release\cy_ipc_drv.o
 .comment       0x0000006e       0x6f .\CortexM4\ARM_GCC_541\Release\cy_ipc_sema.o
 .comment       0x0000006e       0x6f .\CortexM4\ARM_GCC_541\Release\cy_ipc_pipe.o
 .comment       0x0000006e       0x6f .\CortexM4\ARM_GCC_541\Release\cy_scb_common.o
 .comment       0x0000006e       0x6f .\CortexM4\ARM_GCC_541\Release\cy_scb_uart.o
 .comment       0x0000006e       0x6f .\CortexM4\ARM_GCC_541\Release\cy_sysint.o
 .comment       0x0000006e       0x6f .\CortexM4\ARM_GCC_541\Release\cy_syslib.o
 .comment       0x0000006e       0x6f .\CortexM4\ARM_GCC_541\Release\cy_syspm.o
 .comment       0x0000006e       0x6f .\CortexM4\ARM_GCC_541\Release\cy_tcpwm_counter.o
 .comment       0x0000006e       0x6f .\CortexM4\ARM_GCC_541\Release\cy_device.o
 .comment       0x0000006e       0x6f .\CortexM4\ARM_GCC_541\Release\cy_ctb.o
 .comment       0x0000006e       0x6f .\CortexM4\ARM_GCC_541\Release\cy_ctdac.o
 .comment       0x0000006e       0x6f .\CortexM4\ARM_GCC_541\Release\retarget.o
 .comment       0x0000006e       0x6f .\CortexM4\ARM_GCC_541\Release\VDAC_1.o

.debug_line     0x00000000     0x66d4
 .debug_line    0x00000000       0x8e .\CortexM4\ARM_GCC_541\Release\startup_psoc6_01_cm4.o
 .debug_line    0x0000008e      0x699 .\CortexM4\ARM_GCC_541\Release\main_cm4.o
 .debug_line    0x00000727      0x428 .\CortexM4\ARM_GCC_541\Release\system_psoc6_cm4.o
 .debug_line    0x00000b4f      0x36d .\CortexM4\ARM_GCC_541\Release\command_parse.o
 .debug_line    0x00000ebc      0x21d .\CortexM4\ARM_GCC_541\Release\command_queue.o
 .debug_line    0x000010d9      0x41f .\CortexM4\ARM_GCC_541\Release\stdio_user.o
 .debug_line    0x000014f8      0x24f .\CortexM4\ARM_GCC_541\Release\cyfitter_sysint_cfg.o
 .debug_line    0x00001747      0x141 .\CortexM4\ARM_GCC_541\Release\cymetadata.o
 .debug_line    0x00001888      0x271 .\CortexM4\ARM_GCC_541\Release\Timer.o
 .debug_line    0x00001af9      0x332 .\CortexM4\ARM_GCC_541\Release\UART.o
 .debug_line    0x00001e2b      0x796 .\CortexM4\ARM_GCC_541\Release\cy_flash.o
 .debug_line    0x000025c1      0x2f3 .\CortexM4\ARM_GCC_541\Release\cy_ipc_drv.o
 .debug_line    0x000028b4      0x425 .\CortexM4\ARM_GCC_541\Release\cy_ipc_sema.o
 .debug_line    0x00002cd9      0x539 .\CortexM4\ARM_GCC_541\Release\cy_ipc_pipe.o
 .debug_line    0x00003212      0x4be .\CortexM4\ARM_GCC_541\Release\cy_scb_common.o
 .debug_line    0x000036d0      0x86b .\CortexM4\ARM_GCC_541\Release\cy_scb_uart.o
 .debug_line    0x00003f3b      0x2ca .\CortexM4\ARM_GCC_541\Release\cy_sysint.o
 .debug_line    0x00004205      0x3e7 .\CortexM4\ARM_GCC_541\Release\cy_syslib.o
 .debug_line    0x000045ec       0x89 .\CortexM4\ARM_GCC_541\Release\cy_syslib_gcc.o
 .debug_line    0x00004675      0x9c0 .\CortexM4\ARM_GCC_541\Release\cy_syspm.o
 .debug_line    0x00005035      0x2a3 .\CortexM4\ARM_GCC_541\Release\cy_tcpwm_counter.o
 .debug_line    0x000052d8      0x17e .\CortexM4\ARM_GCC_541\Release\cy_device.o
 .debug_line    0x00005456      0x5a8 .\CortexM4\ARM_GCC_541\Release\cy_ctb.o
 .debug_line    0x000059fe      0x563 .\CortexM4\ARM_GCC_541\Release\cy_ctdac.o
 .debug_line    0x00005f61      0x3b6 .\CortexM4\ARM_GCC_541\Release\retarget.o
 .debug_line    0x00006317      0x3bd .\CortexM4\ARM_GCC_541\Release\VDAC_1.o

.debug_info     0x00000000    0x1d49c
 .debug_info    0x00000000       0x98 .\CortexM4\ARM_GCC_541\Release\startup_psoc6_01_cm4.o
 .debug_info    0x00000098     0x2268 .\CortexM4\ARM_GCC_541\Release\main_cm4.o
 .debug_info    0x00002300     0x1bb7 .\CortexM4\ARM_GCC_541\Release\system_psoc6_cm4.o
 .debug_info    0x00003eb7      0xd67 .\CortexM4\ARM_GCC_541\Release\command_parse.o
 .debug_info    0x00004c1e      0x2d5 .\CortexM4\ARM_GCC_541\Release\command_queue.o
 .debug_info    0x00004ef3     0x122f .\CortexM4\ARM_GCC_541\Release\stdio_user.o
 .debug_info    0x00006122      0x95b .\CortexM4\ARM_GCC_541\Release\cyfitter_sysint_cfg.o
 .debug_info    0x00006a7d       0xac .\CortexM4\ARM_GCC_541\Release\cymetadata.o
 .debug_info    0x00006b29      0x488 .\CortexM4\ARM_GCC_541\Release\Timer.o
 .debug_info    0x00006fb1     0x13ce .\CortexM4\ARM_GCC_541\Release\UART.o
 .debug_info    0x0000837f     0x279e .\CortexM4\ARM_GCC_541\Release\cy_flash.o
 .debug_info    0x0000ab1d      0x889 .\CortexM4\ARM_GCC_541\Release\cy_ipc_drv.o
 .debug_info    0x0000b3a6      0xbee .\CortexM4\ARM_GCC_541\Release\cy_ipc_sema.o
 .debug_info    0x0000bf94     0x168f .\CortexM4\ARM_GCC_541\Release\cy_ipc_pipe.o
 .debug_info    0x0000d623     0x12dd .\CortexM4\ARM_GCC_541\Release\cy_scb_common.o
 .debug_info    0x0000e900     0x24de .\CortexM4\ARM_GCC_541\Release\cy_scb_uart.o
 .debug_info    0x00010dde      0xdbd .\CortexM4\ARM_GCC_541\Release\cy_sysint.o
 .debug_info    0x00011b9b     0x2445 .\CortexM4\ARM_GCC_541\Release\cy_syslib.o
 .debug_info    0x00013fe0       0xc6 .\CortexM4\ARM_GCC_541\Release\cy_syslib_gcc.o
 .debug_info    0x000140a6     0x3e56 .\CortexM4\ARM_GCC_541\Release\cy_syspm.o
 .debug_info    0x00017efc      0x43f .\CortexM4\ARM_GCC_541\Release\cy_tcpwm_counter.o
 .debug_info    0x0001833b      0x551 .\CortexM4\ARM_GCC_541\Release\cy_device.o
 .debug_info    0x0001888c     0x1722 .\CortexM4\ARM_GCC_541\Release\cy_ctb.o
 .debug_info    0x00019fae     0x1805 .\CortexM4\ARM_GCC_541\Release\cy_ctdac.o
 .debug_info    0x0001b7b3      0xc8f .\CortexM4\ARM_GCC_541\Release\retarget.o
 .debug_info    0x0001c442     0x105a .\CortexM4\ARM_GCC_541\Release\VDAC_1.o

.debug_abbrev   0x00000000     0x3630
 .debug_abbrev  0x00000000       0x14 .\CortexM4\ARM_GCC_541\Release\startup_psoc6_01_cm4.o
 .debug_abbrev  0x00000014      0x36f .\CortexM4\ARM_GCC_541\Release\main_cm4.o
 .debug_abbrev  0x00000383      0x242 .\CortexM4\ARM_GCC_541\Release\system_psoc6_cm4.o
 .debug_abbrev  0x000005c5      0x16f .\CortexM4\ARM_GCC_541\Release\command_parse.o
 .debug_abbrev  0x00000734      0x15a .\CortexM4\ARM_GCC_541\Release\command_queue.o
 .debug_abbrev  0x0000088e      0x210 .\CortexM4\ARM_GCC_541\Release\stdio_user.o
 .debug_abbrev  0x00000a9e       0xe3 .\CortexM4\ARM_GCC_541\Release\cyfitter_sysint_cfg.o
 .debug_abbrev  0x00000b81       0x5d .\CortexM4\ARM_GCC_541\Release\cymetadata.o
 .debug_abbrev  0x00000bde      0x15f .\CortexM4\ARM_GCC_541\Release\Timer.o
 .debug_abbrev  0x00000d3d      0x22b .\CortexM4\ARM_GCC_541\Release\UART.o
 .debug_abbrev  0x00000f68      0x3ce .\CortexM4\ARM_GCC_541\Release\cy_flash.o
 .debug_abbrev  0x00001336      0x187 .\CortexM4\ARM_GCC_541\Release\cy_ipc_drv.o
 .debug_abbrev  0x000014bd      0x296 .\CortexM4\ARM_GCC_541\Release\cy_ipc_sema.o
 .debug_abbrev  0x00001753      0x38c .\CortexM4\ARM_GCC_541\Release\cy_ipc_pipe.o
 .debug_abbrev  0x00001adf      0x341 .\CortexM4\ARM_GCC_541\Release\cy_scb_common.o
 .debug_abbrev  0x00001e20      0x3bf .\CortexM4\ARM_GCC_541\Release\cy_scb_uart.o
 .debug_abbrev  0x000021df      0x221 .\CortexM4\ARM_GCC_541\Release\cy_sysint.o
 .debug_abbrev  0x00002400      0x301 .\CortexM4\ARM_GCC_541\Release\cy_syslib.o
 .debug_abbrev  0x00002701       0x14 .\CortexM4\ARM_GCC_541\Release\cy_syslib_gcc.o
 .debug_abbrev  0x00002715      0x3b0 .\CortexM4\ARM_GCC_541\Release\cy_syspm.o
 .debug_abbrev  0x00002ac5      0x158 .\CortexM4\ARM_GCC_541\Release\cy_tcpwm_counter.o
 .debug_abbrev  0x00002c1d       0x9d .\CortexM4\ARM_GCC_541\Release\cy_device.o
 .debug_abbrev  0x00002cba      0x2dd .\CortexM4\ARM_GCC_541\Release\cy_ctb.o
 .debug_abbrev  0x00002f97      0x2f6 .\CortexM4\ARM_GCC_541\Release\cy_ctdac.o
 .debug_abbrev  0x0000328d      0x16a .\CortexM4\ARM_GCC_541\Release\retarget.o
 .debug_abbrev  0x000033f7      0x239 .\CortexM4\ARM_GCC_541\Release\VDAC_1.o

.debug_aranges  0x00000000      0x838
 .debug_aranges
                0x00000000       0x20 .\CortexM4\ARM_GCC_541\Release\startup_psoc6_01_cm4.o
 .debug_aranges
                0x00000020       0x28 .\CortexM4\ARM_GCC_541\Release\main_cm4.o
 .debug_aranges
                0x00000048       0x40 .\CortexM4\ARM_GCC_541\Release\system_psoc6_cm4.o
 .debug_aranges
                0x00000088       0x20 .\CortexM4\ARM_GCC_541\Release\command_parse.o
 .debug_aranges
                0x000000a8       0x40 .\CortexM4\ARM_GCC_541\Release\command_queue.o
 .debug_aranges
                0x000000e8       0x28 .\CortexM4\ARM_GCC_541\Release\stdio_user.o
 .debug_aranges
                0x00000110       0x18 .\CortexM4\ARM_GCC_541\Release\cyfitter_sysint_cfg.o
 .debug_aranges
                0x00000128       0x18 .\CortexM4\ARM_GCC_541\Release\cymetadata.o
 .debug_aranges
                0x00000140       0x20 .\CortexM4\ARM_GCC_541\Release\Timer.o
 .debug_aranges
                0x00000160       0x28 .\CortexM4\ARM_GCC_541\Release\UART.o
 .debug_aranges
                0x00000188       0xc8 .\CortexM4\ARM_GCC_541\Release\cy_flash.o
 .debug_aranges
                0x00000250       0x30 .\CortexM4\ARM_GCC_541\Release\cy_ipc_drv.o
 .debug_aranges
                0x00000280       0x48 .\CortexM4\ARM_GCC_541\Release\cy_ipc_sema.o
 .debug_aranges
                0x000002c8       0x68 .\CortexM4\ARM_GCC_541\Release\cy_ipc_pipe.o
 .debug_aranges
                0x00000330       0x68 .\CortexM4\ARM_GCC_541\Release\cy_scb_common.o
 .debug_aranges
                0x00000398       0xb0 .\CortexM4\ARM_GCC_541\Release\cy_scb_uart.o
 .debug_aranges
                0x00000448       0x30 .\CortexM4\ARM_GCC_541\Release\cy_sysint.o
 .debug_aranges
                0x00000478       0x70 .\CortexM4\ARM_GCC_541\Release\cy_syslib.o
 .debug_aranges
                0x000004e8       0x20 .\CortexM4\ARM_GCC_541\Release\cy_syslib_gcc.o
 .debug_aranges
                0x00000508      0x138 .\CortexM4\ARM_GCC_541\Release\cy_syspm.o
 .debug_aranges
                0x00000640       0x28 .\CortexM4\ARM_GCC_541\Release\cy_tcpwm_counter.o
 .debug_aranges
                0x00000668       0x20 .\CortexM4\ARM_GCC_541\Release\cy_device.o
 .debug_aranges
                0x00000688       0xb8 .\CortexM4\ARM_GCC_541\Release\cy_ctb.o
 .debug_aranges
                0x00000740       0x98 .\CortexM4\ARM_GCC_541\Release\cy_ctdac.o
 .debug_aranges
                0x000007d8       0x28 .\CortexM4\ARM_GCC_541\Release\retarget.o
 .debug_aranges
                0x00000800       0x38 .\CortexM4\ARM_GCC_541\Release\VDAC_1.o

.debug_loc      0x00000000     0x68da