tl_mbox.c:81:6:TL_Enable	8	static
tl_mbox.c:87:6:TL_Init	8	static
tl_mbox.c:106:9:TL_BLE_Init	24	static
tl_mbox.c:128:9:TL_BLE_SendCmd	16	static
tl_mbox.c:142:6:HW_IPCC_BLE_RxEvtNot	16	static
tl_mbox.c:161:9:TL_BLE_SendAclData	16	static
tl_mbox.c:173:6:HW_IPCC_BLE_AclDataAckNot	8	static
tl_mbox.c:182:9:TL_SYS_Init	24	static
tl_mbox.c:200:9:TL_SYS_SendCmd	16	static
tl_mbox.c:214:6:HW_IPCC_SYS_CmdEvtNot	8	static
tl_mbox.c:224:6:HW_IPCC_SYS_EvtNot	16	static
tl_mbox.c:576:6:TL_MM_Init	16	static
tl_mbox.c:595:6:TL_MM_EvtDone	16	static
tl_mbox.c:605:13:SendFreeBuf	16	static
tl_mbox.c:621:6:TL_TRACES_Init	8	static
tl_mbox.c:631:6:HW_IPCC_TRACES_EvtNot	16	static
tl_mbox.c:642:13:TL_TRACES_EvtReceived	16	static
tl_mbox.c:649:13:OutputDbgTrace	24	static
