stm32wbxx_ll_rcc.h:1751:22:LL_RCC_LSE_SetDriveCapability	16	static
stm32wbxx_ll_bus.h:344:22:LL_AHB1_GRP1_EnableClock	24	static
stm32wbxx_ll_bus.h:512:22:LL_AHB2_GRP1_EnableClock	24	static
stm32wbxx_ll_bus.h:1217:22:LL_APB2_GRP1_EnableClock	24	static
stm32wbxx_ll_spi.h:421:22:LL_SPI_SetStandard	16	static
stm32wbxx_ll_spi.h:838:22:LL_SPI_EnableNSSPulseMgt	16	static
main.c:83:5:main	8	static
main.c:134:6:SystemClock_Config	192	static
main.c:213:13:MX_ADC1_Init	112	static
main.c:301:13:MX_LPTIM2_Init	8	static
main.c:333:13:MX_RF_Init	4	static
main.c:353:13:MX_RTC_Init	8	static
main.c:386:13:MX_SPI1_Init	72	static
main.c:449:13:MX_TIM1_Init	88	static
main.c:500:13:MX_TIM2_Init	64	static
main.c:553:13:MX_DMA_Init	8	static
main.c:571:13:MX_GPIO_Init	32	static
main.c:680:6:Error_Handler	4	static
