stm32wbxx_ll_rcc.h:1554:22:LL_RCC_HSI_Enable	4	static
stm32wbxx_ll_rcc.h:1574:26:LL_RCC_HSI_IsReady	4	static
stm32wbxx_ll_rcc.h:2130:22:LL_RCC_SetSysClkSource	16	static
stm32wbxx_ll_rcc.h:2144:26:LL_RCC_GetSysClkSource	4	static
stm32wbxx_ll_rcc.h:2458:22:LL_RCC_SetSMPSClockSource	16	static
stm32_lpm_if.c:65:6:PWR_EnterOffMode	4	static
stm32_lpm_if.c:76:6:PWR_ExitOffMode	4	static
stm32_lpm_if.c:88:6:PWR_EnterStopMode	4	static
stm32_lpm_if.c:100:6:PWR_ExitStopMode	4	static
stm32_lpm_if.c:112:6:PWR_EnterSleepMode	4	static
stm32_lpm_if.c:124:6:PWR_ExitSleepMode	4	static
stm32_lpm_if.c:140:13:Switch_On_HSI	8	static
