stm32wbxx_ll_rcc.h:2981:22:LL_RCC_EnableRTC	4	static
stm32wbxx_ll_rcc.h:2991:22:LL_RCC_DisableRTC	4	static
stm32wbxx_ll_bus.h:512:22:LL_AHB2_GRP1_EnableClock	24	static
stm32wbxx_ll_bus.h:568:22:LL_AHB2_GRP1_DisableClock	16	static
stm32wbxx_ll_bus.h:710:22:LL_AHB3_GRP1_EnableClock	24	static
stm32wbxx_ll_bus.h:898:22:LL_APB1_GRP1_EnableClock	24	static
stm32wbxx_ll_bus.h:916:22:LL_APB1_GRP2_EnableClock	24	static
stm32wbxx_ll_bus.h:993:22:LL_APB1_GRP1_DisableClock	16	static
stm32wbxx_ll_bus.h:1007:22:LL_APB1_GRP2_DisableClock	16	static
stm32wbxx_ll_bus.h:1217:22:LL_APB2_GRP1_EnableClock	24	static
stm32wbxx_ll_bus.h:1265:22:LL_APB2_GRP1_DisableClock	16	static
stm32wbxx_hal_msp.c:65:6:HAL_MspInit	8	static
stm32wbxx_hal_msp.c:90:6:HAL_ADC_MspInit	40	static
stm32wbxx_hal_msp.c:148:6:HAL_ADC_MspDeInit	16	static
stm32wbxx_hal_msp.c:182:6:HAL_LPTIM_MspInit	16	static
stm32wbxx_hal_msp.c:205:6:HAL_LPTIM_MspDeInit	16	static
stm32wbxx_hal_msp.c:228:6:HAL_RTC_MspInit	16	static
stm32wbxx_hal_msp.c:249:6:HAL_RTC_MspDeInit	16	static
stm32wbxx_hal_msp.c:270:6:HAL_TIM_Base_MspInit	16	static
stm32wbxx_hal_msp.c:302:6:HAL_TIM_Base_MspDeInit	16	static
