stm32wbxx_it.c:73:6:NMI_Handler	4	static
stm32wbxx_it.c:85:6:HardFault_Handler	4	static
stm32wbxx_it.c:98:6:MemManage_Handler	4	static
stm32wbxx_it.c:111:6:BusFault_Handler	4	static
stm32wbxx_it.c:124:6:UsageFault_Handler	4	static
stm32wbxx_it.c:137:6:SVC_Handler	4	static
stm32wbxx_it.c:149:6:DebugMon_Handler	4	static
stm32wbxx_it.c:161:6:PendSV_Handler	4	static
stm32wbxx_it.c:173:6:SysTick_Handler	8	static
stm32wbxx_it.c:193:6:DMA1_Channel2_IRQHandler	4	static
stm32wbxx_it.c:205:6:ADC1_IRQHandler	4	static
stm32wbxx_it.c:217:6:TIM2_IRQHandler	4	static
stm32wbxx_it.c:229:6:HSEM_IRQHandler	8	static
stm32wbxx_it.c:242:6:LPTIM2_IRQHandler	4	static
