syscalls.c:42:6:initialise_monitor_handles	4	static
syscalls.c:45:5:_getpid	4	static
syscalls.c:49:5:_kill	16	static
syscalls.c:54:6:_exit	16	static
syscalls.c:60:27:_read	32	static
syscalls.c:70:27:_write	32	static
syscalls.c:79:5:_close	16	static
syscalls.c:83:5:_fstat	16	static
syscalls.c:88:5:_isatty	16	static
syscalls.c:92:5:_lseek	24	static
syscalls.c:96:5:_open	12	static
syscalls.c:101:5:_wait	16	static
syscalls.c:106:5:_unlink	16	static
syscalls.c:111:5:_times	16	static
syscalls.c:115:5:_stat	16	static
syscalls.c:120:5:_link	16	static
syscalls.c:125:5:_fork	8	static
syscalls.c:130:5:_execve	24	static
