Archive member included to satisfy reference by file (symbol)

c:/program files (x86)/cypress/psoc creator/4.4/psoc creator/import/gnu/arm/5.4.1/bin/../lib/gcc/arm-none-eabi/5.4.1/armv7e-m/softfp\libgcc.a(_arm_addsubdf3.o)
                              .\CortexM4\ARM_GCC_541\Release\cy_sysclk.o (__aeabi_f2d)
c:/program files (x86)/cypress/psoc creator/4.4/psoc creator/import/gnu/arm/5.4.1/bin/../lib/gcc/arm-none-eabi/5.4.1/armv7e-m/softfp\libgcc.a(_arm_muldivdf3.o)
                              .\CortexM4\ARM_GCC_541\Release\cy_sysclk.o (__aeabi_ddiv)
c:/program files (x86)/cypress/psoc creator/4.4/psoc creator/import/gnu/arm/5.4.1/bin/../lib/gcc/arm-none-eabi/5.4.1/armv7e-m/softfp\libgcc.a(_arm_fixunsdfsi.o)
                              .\CortexM4\ARM_GCC_541\Release\cy_sysclk.o (__aeabi_d2uiz)
c:/program files (x86)/cypress/psoc creator/4.4/psoc creator/import/gnu/arm/5.4.1/bin/../lib/gcc/arm-none-eabi/5.4.1/armv7e-m/softfp\libgcc.a(_aeabi_uldivmod.o)
                              .\CortexM4\ARM_GCC_541\Release\cy_sysclk.o (__aeabi_uldivmod)
c:/program files (x86)/cypress/psoc creator/4.4/psoc creator/import/gnu/arm/5.4.1/bin/../lib/gcc/arm-none-eabi/5.4.1/armv7e-m/softfp\libgcc.a(_udivmoddi4.o)
                              c:/program files (x86)/cypress/psoc creator/4.4/psoc creator/import/gnu/arm/5.4.1/bin/../lib/gcc/arm-none-eabi/5.4.1/armv7e-m/softfp\libgcc.a(_aeabi_uldivmod.o) (__udivmoddi4)
c:/program files (x86)/cypress/psoc creator/4.4/psoc creator/import/gnu/arm/5.4.1/bin/../lib/gcc/arm-none-eabi/5.4.1/armv7e-m/softfp\libgcc.a(_dvmd_tls.o)
                              c:/program files (x86)/cypress/psoc creator/4.4/psoc creator/import/gnu/arm/5.4.1/bin/../lib/gcc/arm-none-eabi/5.4.1/armv7e-m/softfp\libgcc.a(_aeabi_uldivmod.o) (__aeabi_ldiv0)
c:/program files (x86)/cypress/psoc creator/4.4/psoc creator/import/gnu/arm/5.4.1/bin/../lib/gcc/arm-none-eabi/5.4.1/../../../../arm-none-eabi/lib/armv7e-m/softfp\libg_nano.a(lib_a-exit.o)
                              c:/program files (x86)/cypress/psoc creator/4.4/psoc creator/import/gnu/arm/5.4.1/bin/../lib/gcc/arm-none-eabi/5.4.1/../../../../arm-none-eabi/lib/armv7e-m/softfp/crt0.o (exit)
c:/program files (x86)/cypress/psoc creator/4.4/psoc creator/import/gnu/arm/5.4.1/bin/../lib/gcc/arm-none-eabi/5.4.1/../../../../arm-none-eabi/lib/armv7e-m/softfp\libg_nano.a(lib_a-impure.o)
                              c:/program files (x86)/cypress/psoc creator/4.4/psoc creator/import/gnu/arm/5.4.1/bin/../lib/gcc/arm-none-eabi/5.4.1/../../../../arm-none-eabi/lib/armv7e-m/softfp\libg_nano.a(lib_a-exit.o) (_global_impure_ptr)
c:/program files (x86)/cypress/psoc creator/4.4/psoc creator/import/gnu/arm/5.4.1/bin/../lib/gcc/arm-none-eabi/5.4.1/../../../../arm-none-eabi/lib/armv7e-m/softfp\libg_nano.a(lib_a-init.o)
                              c:/program files (x86)/cypress/psoc creator/4.4/psoc creator/import/gnu/arm/5.4.1/bin/../lib/gcc/arm-none-eabi/5.4.1/../../../../arm-none-eabi/lib/armv7e-m/softfp/crt0.o (__libc_init_array)
c:/program files (x86)/cypress/psoc creator/4.4/psoc creator/import/gnu/arm/5.4.1/bin/../lib/gcc/arm-none-eabi/5.4.1/../../../../arm-none-eabi/lib/armv7e-m/softfp\libg_nano.a(lib_a-memset.o)
                              c:/program files (x86)/cypress/psoc creator/4.4/psoc creator/import/gnu/arm/5.4.1/bin/../lib/gcc/arm-none-eabi/5.4.1/../../../../arm-none-eabi/lib/armv7e-m/softfp/crt0.o (memset)
c:/program files (x86)/cypress/psoc creator/4.4/psoc creator/import/gnu/arm/5.4.1/bin/../lib/gcc/arm-none-eabi/5.4.1/../../../../arm-none-eabi/lib/armv7e-m/softfp\libg_nano.a(lib_a-nano-vfprintf_float.o)
                              .\CortexM4\ARM_GCC_541\Release\retarget.o (_printf_float)
c:/program files (x86)/cypress/psoc creator/4.4/psoc creator/import/gnu/arm/5.4.1/bin/../lib/gcc/arm-none-eabi/5.4.1/../../../../arm-none-eabi/lib/armv7e-m/softfp\libg_nano.a(lib_a-nano-vfprintf_i.o)
                              c:/program files (x86)/cypress/psoc creator/4.4/psoc creator/import/gnu/arm/5.4.1/bin/../lib/gcc/arm-none-eabi/5.4.1/../../../../arm-none-eabi/lib/armv7e-m/softfp\libg_nano.a(lib_a-nano-vfprintf_float.o) (_printf_common)
c:/program files (x86)/cypress/psoc creator/4.4/psoc creator/import/gnu/arm/5.4.1/bin/../lib/gcc/arm-none-eabi/5.4.1/../../../../arm-none-eabi/lib/armv7e-m/softfp\libg_nano.a(lib_a-nano-vfscanf_float.o)
                              .\CortexM4\ARM_GCC_541\Release\retarget.o (_scanf_float)
c:/program files (x86)/cypress/psoc creator/4.4/psoc creator/import/gnu/arm/5.4.1/bin/../lib/gcc/arm-none-eabi/5.4.1/../../../../arm-none-eabi/lib/armv7e-m/softfp\libg_nano.a(lib_a-printf.o)
                              .\CortexM4\ARM_GCC_541\Release\main_cm4.o (printf)
c:/program files (x86)/cypress/psoc creator/4.4/psoc creator/import/gnu/arm/5.4.1/bin/../lib/gcc/arm-none-eabi/5.4.1/../../../../arm-none-eabi/lib/armv7e-m/softfp\libg_nano.a(lib_a-setvbuf.o)
[...]
Memory Configuration

Name             Origin             Length             Attributes
ram              0x08024000         0x00023800         xrw
flash            0x10080000         0x00080000         xr
em_eeprom        0x14000000         0x00008000         xr
sflash_user_data 0x16000800         0x00000800         xr
sflash_nar       0x16001a00         0x00000200         xr
sflash_public_key 0x16005a00         0x00000c00         xr
sflash_toc_2     0x16007c00         0x00000200         xr
sflash_rtoc_2    0x16007e00         0x00000200         xr
xip              0x18000000         0x08000000         xr
efuse            0x90700000         0x00100000         r
*default*        0x00000000         0xffffffff

Linker script and memory map

LOAD c:/program files (x86)/cypress/psoc creator/4.4/psoc creator/import/gnu/arm/5.4.1/bin/../lib/gcc/arm-none-eabi/5.4.1/armv7e-m/softfp/crti.o
LOAD c:/program files (x86)/cypress/psoc creator/4.4/psoc creator/import/gnu/arm/5.4.1/bin/../lib/gcc/arm-none-eabi/5.4.1/armv7e-m/softfp/crtbegin.o
LOAD c:/program files (x86)/cypress/psoc creator/4.4/psoc creator/import/gnu/arm/5.4.1/bin/../lib/gcc/arm-none-eabi/5.4.1/../../../../arm-none-eabi/lib/armv7e-m/softfp/crt0.o
START GROUP
LOAD .\CortexM4\ARM_GCC_541\Release\startup_psoc6_01_cm4.o
LOAD .\CortexM4\ARM_GCC_541\Release\main_cm4.o
LOAD .\CortexM4\ARM_GCC_541\Release\system_psoc6_cm4.o
LOAD .\CortexM4\ARM_GCC_541\Release\stdio_user.o
LOAD .\CortexM4\ARM_GCC_541\Release\cyfitter_sysint_cfg.o
LOAD .\CortexM4\ARM_GCC_541\Release\cymetadata.o
LOAD .\CortexM4\ARM_GCC_541\Release\Timer.o
LOAD .\CortexM4\ARM_GCC_541\Release\UART.o
LOAD .\CortexM4\ARM_GCC_541\Release\cy_efuse.o
LOAD .\CortexM4\ARM_GCC_541\Release\cy_flash.o
LOAD .\CortexM4\ARM_GCC_541\Release\cy_gpio.o
LOAD .\CortexM4\ARM_GCC_541\Release\cy_ipc_drv.o
LOAD .\CortexM4\ARM_GCC_541\Release\cy_ipc_sema.o
LOAD .\CortexM4\ARM_GCC_541\Release\cy_ipc_pipe.o
LOAD .\CortexM4\ARM_GCC_541\Release\cy_lvd.o
LOAD .\CortexM4\ARM_GCC_541\Release\cy_profile.o
LOAD .\CortexM4\ARM_GCC_541\Release\cy_prot.o
LOAD .\CortexM4\ARM_GCC_541\Release\cy_scb_common.o
LOAD .\CortexM4\ARM_GCC_541\Release\cy_scb_i2c.o
LOAD .\CortexM4\ARM_GCC_541\Release\cy_scb_ezi2c.o
LOAD .\CortexM4\ARM_GCC_541\Release\cy_scb_spi.o
LOAD .\CortexM4\ARM_GCC_541\Release\cy_scb_uart.o
LOAD .\CortexM4\ARM_GCC_541\Release\cy_sysanalog.o
LOAD .\CortexM4\ARM_GCC_541\Release\cy_sysclk.o
LOAD .\CortexM4\ARM_GCC_541\Release\cy_sysint.o
LOAD .\CortexM4\ARM_GCC_541\Release\cy_syslib.o
LOAD .\CortexM4\ARM_GCC_541\Release\cy_syslib_gcc.o
LOAD .\CortexM4\ARM_GCC_541\Release\cy_syspm.o
LOAD .\CortexM4\ARM_GCC_541\Release\cy_systick.o
LOAD .\CortexM4\ARM_GCC_541\Release\cy_tcpwm_counter.o
LOAD .\CortexM4\ARM_GCC_541\Release\cy_tcpwm_pwm.o
LOAD .\CortexM4\ARM_GCC_541\Release\cy_tcpwm_quaddec.o
LOAD .\CortexM4\ARM_GCC_541\Release\cy_trigmux.o
LOAD .\CortexM4\ARM_GCC_541\Release\cy_wdt.o
LOAD .\CortexM4\ARM_GCC_541\Release\cy_device.o
LOAD .\CortexM4\ARM_GCC_541\Release\cy_ctb.o
LOAD .\CortexM4\ARM_GCC_541\Release\cy_ctdac.o
LOAD .\CortexM4\ARM_GCC_541\Release\cy_ble_clk.o
LOAD .\CortexM4\ARM_GCC_541\Release\retarget.o
LOAD .\CortexM4\ARM_GCC_541\Release\VDAC_1.o
END GROUP
START GROUP
LOAD c:/program files (x86)/cypress/psoc creator/4.4/psoc creator/import/gnu/arm/5.4.1/bin/../lib/gcc/arm-none-eabi/5.4.1/armv7e-m/softfp\libgcc.a
LOAD c:/program files (x86)/cypress/psoc creator/4.4/psoc creator/import/gnu/arm/5.4.1/bin/../lib/gcc/arm-none-eabi/5.4.1/../../../../arm-none-eabi/lib/armv7e-m/softfp\libg_nano.a
LOAD c:/program files (x86)/cypress/psoc creator/4.4/psoc creator/import/gnu/arm/5.4.1/bin/../lib/gcc/arm-none-eabi/5.4.1/../../../../arm-none-eabi/lib/armv7e-m/softfp\libc_nano.a
END GROUP
START GROUP
LOAD c:/program files (x86)/cypress/psoc creator/4.4/psoc creator/import/gnu/arm/5.4.1/bin/../lib/gcc/arm-none-eabi/5.4.1/armv7e-m/softfp\libgcc.a
LOAD c:/program files (x86)/cypress/psoc creator/4.4/psoc creator/import/gnu/arm/5.4.1/bin/../lib/gcc/arm-none-eabi/5.4.1/../../../../arm-none-eabi/lib/armv7e-m/softfp\libc_nano.a
END GROUP
LOAD c:/program files (x86)/cypress/psoc creator/4.4/psoc creator/import/gnu/arm/5.4.1/bin/../lib/gcc/arm-none-eabi/5.4.1/armv7e-m/softfp/crtend.o
LOAD c:/program files (x86)/cypress/psoc creator/4.4/psoc creator/import/gnu/arm/5.4.1/bin/../lib/gcc/arm-none-eabi/5.4.1/armv7e-m/softfp/crtn.o
START GROUP
LOAD c:/program files (x86)/cypress/psoc creator/4.4/psoc creator/import/gnu/arm/5.4.1/bin/../lib/gcc/arm-none-eabi/5.4.1/armv7e-m/softfp\libgcc.a
LOAD c:/program files (x86)/cypress/psoc creator/4.4/psoc creator/import/gnu/arm/5.4.1/bin/../lib/gcc/arm-none-eabi/5.4.1/../../../../arm-none-eabi/lib/armv7e-m/softfp\libc.a
LOAD c:/program files (x86)/cypress/psoc creator/4.4/psoc creator/import/gnu/arm/5.4.1/bin/../lib/gcc/arm-none-eabi/5.4.1/../../../../arm-none-eabi/lib/armv7e-m/softfp\libnosys.a
END GROUP
START GROUP
LOAD c:/program files (x86)/cypress/psoc creator/4.4/psoc creator/import/gnu/arm/5.4.1/bin/../lib/gcc/arm-none-eabi/5.4.1/armv7e-m/softfp\libgcc.a
LOAD c:/program files (x86)/cypress/psoc creator/4.4/psoc creator/import/gnu/arm/5.4.1/bin/../lib/gcc/arm-none-eabi/5.4.1/../../../../arm-none-eabi/lib/armv7e-m/softfp\libc.a
LOAD c:/program files (x86)/cypress/psoc creator/4.4/psoc creator/import/gnu/arm/5.4.1/bin/../lib/gcc/arm-none-eabi/5.4.1/../../../../arm-none-eabi/lib/armv7e-m/softfp\libm.a
LOAD c:/program files (x86)/cypress/psoc creator/4.4/psoc creator/import/gnu/arm/5.4.1/bin/../lib/gcc/arm-none-eabi/5.4.1/../../../../arm-none-eabi/lib/armv7e-m/softfp\libnosys.a
END GROUP

.text           0x10080000     0x4e58
                0x10080000                . = ALIGN (0x4)
                0x10080000                __Vectors = .
 *(.vectors)
 .vectors       0x10080000      0x28c .\CortexM4\ARM_GCC_541\Release\startup_psoc6_01_cm4.o
                0x1008028c                . = ALIGN (0x4)
                0x1008028c                __Vectors_End = .
                0x0000028c                __Vectors_Size = (__Vectors_End - __Vectors)
                0x1008028c                __end__ = .
                0x1008028c                . = ALIGN (0x4)
 *(.text*)
 .text          0x1008028c       0x5c c:/program files (x86)/cypress/psoc creator/4.4/psoc creator/import/gnu/arm/5.4.1/bin/../lib/gcc/arm-none-eabi/5.4.1/armv7e-m/softfp/crtbegin.o
 .text          0x100802e8       0x84 .\CortexM4\ARM_GCC_541\Release\startup_psoc6_01_cm4.o
                0x100802e8                Cy_OnResetUser
                0x100802ea                Reset_Handler
                0x1008034c                cpuss_interrupts_ipc_6_IRQHandler
                0x1008034c                DebugMon_Handler
                0x1008034c                tcpwm_1_interrupts_11_IRQHandler
                0x1008034c                cpuss_interrupts_ipc_0_IRQHandler
                0x1008034c                tcpwm_1_interrupts_15_IRQHandler
                0x1008034c                ioss_interrupts_gpio_13_IRQHandler
                0x1008034c                tcpwm_1_interrupts_13_IRQHandler
                0x1008034c                cpuss_interrupts_dw1_8_IRQHandler
                0x1008034c                tcpwm_0_interrupts_0_IRQHandler
                0x1008034c                SysTick_Handler
                0x1008034c                cpuss_interrupt_fm_IRQHandler
                0x1008034c                cpuss_interrupts_ipc_7_IRQHandler
                0x1008034c                tcpwm_1_interrupts_14_IRQHandler
                0x1008034c                cpuss_interrupts_dw0_5_IRQHandler
                0x1008034c                tcpwm_1_interrupts_9_IRQHandler
                0x1008034c                cpuss_interrupts_cm0_cti_1_IRQHandler
                0x1008034c                tcpwm_1_interrupts_22_IRQHandler
                0x1008034c                cpuss_interrupts_dw0_4_IRQHandler
                0x1008034c                PendSV_Handler
                0x1008034c                NMI_Handler
                0x1008034c                cpuss_interrupts_dw1_12_IRQHandler
                0x1008034c                tcpwm_1_interrupts_12_IRQHandler
                0x1008034c                smif_interrupt_IRQHandler
                0x1008034c                tcpwm_1_interrupts_2_IRQHandler
                0x1008034c                cpuss_interrupts_ipc_13_IRQHandler
                0x1008034c                udb_interrupts_11_IRQHandler
                0x1008034c                tcpwm_1_interrupts_18_IRQHandler
                0x1008034c                cpuss_interrupts_dw0_11_IRQHandler
                0x1008034c                tcpwm_0_interrupts_2_IRQHandler
                0x1008034c                cpuss_interrupts_dw0_13_IRQHandler
                0x1008034c                udb_interrupts_2_IRQHandler
                0x1008034c                cpuss_interrupts_dw1_7_IRQHandler
                0x1008034c                ioss_interrupts_gpio_1_IRQHandler
                0x1008034c                ioss_interrupts_gpio_7_IRQHandler
                0x1008034c                scb_5_interrupt_IRQHandler
                0x1008034c                udb_interrupts_6_IRQHandler
                0x1008034c                cpuss_interrupts_fault_1_IRQHandler
                0x1008034c                cpuss_interrupts_ipc_4_IRQHandler
                0x1008034c                cpuss_interrupts_ipc_5_IRQHandler
                0x1008034c                cpuss_interrupts_dw1_10_IRQHandler
                0x1008034c                udb_interrupts_0_IRQHandler
                0x1008034c                tcpwm_1_interrupts_6_IRQHandler
                0x1008034c                scb_4_interrupt_IRQHandler
                0x1008034c                pass_interrupt_dacs_IRQHandler
                0x1008034c                ioss_interrupts_gpio_2_IRQHandler
                0x1008034c                cpuss_interrupts_dw1_9_IRQHandler
                0x1008034c                cpuss_interrupts_dw1_13_IRQHandler
                0x1008034c                scb_2_interrupt_IRQHandler
                0x1008034c                cpuss_interrupts_cm0_cti_0_IRQHandler
                0x1008034c                udb_interrupts_5_IRQHandler
                0x1008034c                srss_interrupt_IRQHandler
                0x1008034c                udb_interrupts_12_IRQHandler
                0x1008034c                scb_0_interrupt_IRQHandler
                0x1008034c                csd_interrupt_IRQHandler
                0x1008034c                udb_interrupts_1_IRQHandler
                0x1008034c                profile_interrupt_IRQHandler
                0x1008034c                tcpwm_1_interrupts_1_IRQHandler
                0x1008034c                cpuss_interrupts_ipc_12_IRQHandler
                0x1008034c                tcpwm_1_interrupts_3_IRQHandler
                0x1008034c                tcpwm_0_interrupts_7_IRQHandler
                0x1008034c                cpuss_interrupts_dw1_1_IRQHandler
                0x1008034c                cpuss_interrupts_dw1_0_IRQHandler
                0x1008034c                cpuss_interrupts_dw0_9_IRQHandler
                0x1008034c                lpcomp_interrupt_IRQHandler
                0x1008034c                tcpwm_1_interrupts_23_IRQHandler
                0x1008034c                udb_interrupts_4_IRQHandler
                0x1008034c                tcpwm_1_interrupts_20_IRQHandler
                0x1008034c                ioss_interrupt_gpio_IRQHandler
                0x1008034c                tcpwm_0_interrupts_1_IRQHandler
                0x1008034c                ioss_interrupts_gpio_8_IRQHandler
                0x1008034c                tcpwm_0_interrupts_6_IRQHandler
                0x1008034c                scb_7_interrupt_IRQHandler
                0x1008034c                tcpwm_1_interrupts_7_IRQHandler
                0x1008034c                cpuss_interrupts_ipc_11_IRQHandler
                0x1008034c                udb_interrupts_13_IRQHandler
                0x1008034c                cpuss_interrupts_dw0_15_IRQHandler
                0x1008034c                udb_interrupts_7_IRQHandler
                0x1008034c                cpuss_interrupts_dw1_6_IRQHandler
                0x1008034c                cpuss_interrupt_crypto_IRQHandler
                0x1008034c                scb_1_interrupt_IRQHandler
                0x1008034c                Default_Handler
                0x1008034c                usb_interrupt_hi_IRQHandler
                0x1008034c                tcpwm_1_interrupts_0_IRQHandler
                0x1008034c                udb_interrupts_9_IRQHandler
                0x1008034c                audioss_interrupt_pdm_IRQHandler
                0x1008034c                srss_interrupt_mcwdt_0_IRQHandler
                0x1008034c                scb_3_interrupt_IRQHandler
                0x1008034c                pass_interrupt_ctbs_IRQHandler
                0x1008034c                udb_interrupts_8_IRQHandler
                0x1008034c                ioss_interrupts_gpio_3_IRQHandler
                0x1008034c                scb_6_interrupt_IRQHandler
                0x1008034c                cpuss_interrupts_cm4_cti_0_IRQHandler
                0x1008034c                cpuss_interrupts_dw1_3_IRQHandler
                0x1008034c                pass_interrupt_sar_IRQHandler
                0x1008034c                ioss_interrupts_gpio_0_IRQHandler
                0x1008034c                ioss_interrupts_gpio_14_IRQHandler
                0x1008034c                tcpwm_0_interrupts_4_IRQHandler
                0x1008034c                udb_interrupts_3_IRQHandler
                0x1008034c                tcpwm_0_interrupts_5_IRQHandler
                0x1008034c                cpuss_interrupts_ipc_15_IRQHandler
                0x1008034c                cpuss_interrupts_cm4_cti_1_IRQHandler
                0x1008034c                scb_8_interrupt_IRQHandler
                0x1008034c                srss_interrupt_mcwdt_1_IRQHandler
                0x1008034c                cpuss_interrupts_dw1_2_IRQHandler
                0x1008034c                SVC_Handler
                0x1008034c                cpuss_interrupts_dw1_5_IRQHandler
                0x1008034c                cpuss_interrupts_ipc_1_IRQHandler
                0x1008034c                cpuss_interrupts_dw0_0_IRQHandler
                0x1008034c                ioss_interrupts_gpio_12_IRQHandler
                0x1008034c                cpuss_interrupts_ipc_3_IRQHandler
                0x1008034c                tcpwm_1_interrupts_17_IRQHandler
                0x1008034c                srss_interrupt_backup_IRQHandler
                0x1008034c                bless_interrupt_IRQHandler
                0x1008034c                cpuss_interrupts_ipc_10_IRQHandler
                0x1008034c                cpuss_interrupts_ipc_9_IRQHandler
                0x1008034c                cpuss_interrupts_dw0_14_IRQHandler
                0x1008034c                tcpwm_1_interrupts_4_IRQHandler
                0x1008034c                tcpwm_0_interrupts_3_IRQHandler
                0x1008034c                cpuss_interrupts_dw1_15_IRQHandler
                0x1008034c                ioss_interrupts_gpio_10_IRQHandler
                0x1008034c                udb_interrupts_10_IRQHandler
                0x1008034c                cpuss_interrupts_dw0_8_IRQHandler
                0x1008034c                ioss_interrupts_gpio_11_IRQHandler
                0x1008034c                cpuss_interrupts_ipc_14_IRQHandler
                0x1008034c                ioss_interrupts_gpio_5_IRQHandler
                0x1008034c                ioss_interrupts_gpio_4_IRQHandler
                0x1008034c                tcpwm_1_interrupts_8_IRQHandler
                0x1008034c                cpuss_interrupts_dw1_14_IRQHandler
                0x1008034c                usb_interrupt_med_IRQHandler
                0x1008034c                cpuss_interrupts_dw0_2_IRQHandler
                0x1008034c                tcpwm_1_interrupts_10_IRQHandler
                0x1008034c                cpuss_interrupts_fault_0_IRQHandler
                0x1008034c                cpuss_interrupts_dw0_12_IRQHandler
                0x1008034c                ioss_interrupts_gpio_6_IRQHandler
                0x1008034c                tcpwm_1_interrupts_21_IRQHandler
                0x1008034c                tcpwm_1_interrupts_16_IRQHandler
                0x1008034c                cpuss_interrupts_dw1_4_IRQHandler
                0x1008034c                udb_interrupts_15_IRQHandler
                0x1008034c                cpuss_interrupts_dw1_11_IRQHandler
                0x1008034c                cpuss_interrupts_dw0_6_IRQHandler
                0x1008034c                ioss_interrupt_vdd_IRQHandler
                0x1008034c                cpuss_interrupts_dw0_7_IRQHandler
                0x1008034c                audioss_interrupt_i2s_IRQHandler
                0x1008034c                tcpwm_1_interrupts_5_IRQHandler
                0x1008034c                cpuss_interrupts_ipc_2_IRQHandler
                0x1008034c                cpuss_interrupts_dw0_10_IRQHandler
                0x1008034c                tcpwm_1_interrupts_19_IRQHandler
                0x1008034c                cpuss_interrupts_dw0_1_IRQHandler
                0x1008034c                ioss_interrupts_gpio_9_IRQHandler
                0x1008034c                usb_interrupt_lo_IRQHandler
                0x1008034c                cpuss_interrupts_ipc_8_IRQHandler
                0x1008034c                udb_interrupts_14_IRQHandler
                0x1008034c                cpuss_interrupts_dw0_3_IRQHandler
                0x10080350                UsageFault_Handler
                0x10080350                HardFault_Handler
                0x10080350                MemManage_Handler
                0x10080350                BusFault_Handler
 .text.TimerInterruptHandler
                0x1008036c       0xac .\CortexM4\ARM_GCC_541\Release\main_cm4.o
                0x1008036c                TimerInterruptHandler
 .text.startup.main
                0x10080418       0xa4 .\CortexM4\ARM_GCC_541\Release\main_cm4.o
                0x10080418                main
 .text.Cy_SysIpcPipeIsrCm4
                0x100804bc        0x6 .\CortexM4\ARM_GCC_541\Release\system_psoc6_cm4.o
                0x100804bc                Cy_SysIpcPipeIsrCm4
 .text.Cy_SystemInit
                0x100804c2        0x2 .\CortexM4\ARM_GCC_541\Release\system_psoc6_cm4.o
                0x100804c2                Cy_SystemInit
 .text.SystemCoreClockUpdate
                0x100804c4      0x160 .\CortexM4\ARM_GCC_541\Release\system_psoc6_cm4.o
                0x100804c4                SystemCoreClockUpdate
 .text.SystemInit
                0x10080624       0x48 .\CortexM4\ARM_GCC_541\Release\system_psoc6_cm4.o
                0x10080624                SystemInit
 .text.Cy_SystemInitFpuEnable
                0x1008066c       0x28 .\CortexM4\ARM_GCC_541\Release\system_psoc6_cm4.o
                0x1008066c                Cy_SystemInitFpuEnable
 .text.STDIO_PutChar
                0x10080694       0x18 .\CortexM4\ARM_GCC_541\Release\stdio_user.o
                0x10080694                STDIO_PutChar
 .text.STDIO_GetChar
                0x100806ac       0x1c .\CortexM4\ARM_GCC_541\Release\stdio_user.o
                0x100806ac                STDIO_GetChar
 .text.UART_Interrupt
                0x100806c8       0x10 .\CortexM4\ARM_GCC_541\Release\UART.o
 .text.UART_Start
                0x100806d8       0x64 .\CortexM4\ARM_GCC_541\Release\UART.o
                0x100806d8                UART_Start
 .text.Cy_SysClk_ClkPeriGetDivider
                0x1008073c       0x14 .\CortexM4\ARM_GCC_541\Release\cy_flash.o
 .text.Cy_SysClk_ClkSlowGetDivider
                0x10080750       0x18 .\CortexM4\ARM_GCC_541\Release\cy_flash.o
 .text.Cy_IPC_Drv_GetIpcBaseAddress
                0x10080768       0x14 .\CortexM4\ARM_GCC_541\Release\cy_flash.o
 .text.Cy_IPC_Drv_IsLockAcquired
                0x1008077c       0x14 .\CortexM4\ARM_GCC_541\Release\cy_flash.o
 .text.Cy_Flash_ProcessOpcode
                0x10080790       0xa4 .\CortexM4\ARM_GCC_541\Release\cy_flash.o
 .text.Cy_Flash_OperationStatus
                0x10080834       0x38 .\CortexM4\ARM_GCC_541\Release\cy_flash.o
 .text.Cy_Flash_InitExt
                0x1008086c       0x78 .\CortexM4\ARM_GCC_541\Release\cy_flash.o
                0x1008086c                Cy_Flash_InitExt
 .text.Cy_Flash_Init
                0x100808e4        0xc .\CortexM4\ARM_GCC_541\Release\cy_flash.o
                0x100808e4                Cy_Flash_Init
 .text.Cy_IPC_Drv_LockRelease
                0x100808f0       0x20 .\CortexM4\ARM_GCC_541\Release\cy_ipc_drv.o
                0x100808f0                Cy_IPC_Drv_LockRelease
 .text.Cy_IPC_Drv_SendMsgWord
                0x10080910       0x18 .\CortexM4\ARM_GCC_541\Release\cy_ipc_drv.o
                0x10080910                Cy_IPC_Drv_SendMsgWord
 .text.Cy_IPC_Drv_ReadMsgWord
                0x10080928       0x20 .\CortexM4\ARM_GCC_541\Release\cy_ipc_drv.o
                0x10080928                Cy_IPC_Drv_ReadMsgWord
 .text.Cy_IPC_Sema_InitExt
                0x10080948       0x68 .\CortexM4\ARM_GCC_541\Release\cy_ipc_sema.o
                0x10080948                Cy_IPC_Sema_InitExt
 .text.Cy_IPC_Sema_Init
                0x100809b0       0x44 .\CortexM4\ARM_GCC_541\Release\cy_ipc_sema.o
                0x100809b0                Cy_IPC_Sema_Init
 .text.Cy_IPC_Sema_Clear
                0x100809f4       0x84 .\CortexM4\ARM_GCC_541\Release\cy_ipc_sema.o
                0x100809f4                Cy_IPC_Sema_Clear
 .text.Cy_IPC_Sema_Status
                0x10080a78       0x40 .\CortexM4\ARM_GCC_541\Release\cy_ipc_sema.o
                0x10080a78                Cy_IPC_Sema_Status
 .text.Cy_IPC_Pipe_Config
                0x10080ab8       0x10 .\CortexM4\ARM_GCC_541\Release\cy_ipc_pipe.o
                0x10080ab8                Cy_IPC_Pipe_Config
 .text.Cy_IPC_Pipe_EndpointInit
                0x10080ac8       0x60 .\CortexM4\ARM_GCC_541\Release\cy_ipc_pipe.o
                0x10080ac8                Cy_IPC_Pipe_EndpointInit
 .text.Cy_IPC_Pipe_Init
                0x10080b28       0x68 .\CortexM4\ARM_GCC_541\Release\cy_ipc_pipe.o
                0x10080b28                Cy_IPC_Pipe_Init
 .text.Cy_IPC_Pipe_SendMessage
                0x10080b90       0x58 .\CortexM4\ARM_GCC_541\Release\cy_ipc_pipe.o
                0x10080b90                Cy_IPC_Pipe_SendMessage
 .text.Cy_IPC_Pipe_RegisterCallback
                0x10080be8       0x28 .\CortexM4\ARM_GCC_541\Release\cy_ipc_pipe.o
                0x10080be8                Cy_IPC_Pipe_RegisterCallback
 .text.Cy_IPC_Pipe_ExecCallback
                0x10080c10       0x78 .\CortexM4\ARM_GCC_541\Release\cy_ipc_pipe.o
                0x10080c10                Cy_IPC_Pipe_ExecCallback
 .text.Cy_IPC_Pipe_ExecuteCallback
                0x10080c88       0x14 .\CortexM4\ARM_GCC_541\Release\cy_ipc_pipe.o
                0x10080c88                Cy_IPC_Pipe_ExecuteCallback
 .text.Cy_SCB_ReadArrayNoCheck
                0x10080c9c       0x36 .\CortexM4\ARM_GCC_541\Release\cy_scb_common.o
                0x10080c9c                Cy_SCB_ReadArrayNoCheck
 .text.Cy_SCB_ReadArray
                0x10080cd2       0x1a .\CortexM4\ARM_GCC_541\Release\cy_scb_common.o
                0x10080cd2                Cy_SCB_ReadArray
 .text.Cy_SCB_Write
                0x10080cec       0x22 .\CortexM4\ARM_GCC_541\Release\cy_scb_common.o
                0x10080cec                Cy_SCB_Write
 .text.Cy_SCB_WriteArrayNoCheck
                0x10080d0e       0x36 .\CortexM4\ARM_GCC_541\Release\cy_scb_common.o
                0x10080d0e                Cy_SCB_WriteArrayNoCheck
 .text.Cy_SCB_WriteArray
                0x10080d44       0x28 .\CortexM4\ARM_GCC_541\Release\cy_scb_common.o
                0x10080d44                Cy_SCB_WriteArray
 .text.Cy_SCB_UART_Init
                0x10080d6c      0x1c4 .\CortexM4\ARM_GCC_541\Release\cy_scb_uart.o
                0x10080d6c                Cy_SCB_UART_Init
 .text.Cy_SCB_UART_GetNumInRingBuffer
                0x10080f30       0x18 .\CortexM4\ARM_GCC_541\Release\cy_scb_uart.o
                0x10080f30                Cy_SCB_UART_GetNumInRingBuffer
 .text.Cy_SCB_UART_Interrupt
                0x10080f48      0x282 .\CortexM4\ARM_GCC_541\Release\cy_scb_uart.o
                0x10080f48                Cy_SCB_UART_Interrupt
 *fill*         0x100811ca        0x2 
 .text.Cy_SysInt_SetVector
                0x100811cc       0x2c .\CortexM4\ARM_GCC_541\Release\cy_sysint.o
                0x100811cc                Cy_SysInt_SetVector
 .text.Cy_SysInt_Init
                0x100811f8       0x5c .\CortexM4\ARM_GCC_541\Release\cy_sysint.o
                0x100811f8                Cy_SysInt_Init
 .text.Cy_SysLib_ProcessingFault
                0x10081254        0x2 .\CortexM4\ARM_GCC_541\Release\cy_syslib.o
                0x10081254                Cy_SysLib_ProcessingFault
 *fill*         0x10081256        0x2 
 .text.Cy_SysLib_FaultHandler
                0x10081258       0x98 .\CortexM4\ARM_GCC_541\Release\cy_syslib.o
                0x10081258                Cy_SysLib_FaultHandler
 .text          0x100812f0       0x20 .\CortexM4\ARM_GCC_541\Release\cy_syslib_gcc.o
                0x100812f0                Cy_SysLib_DelayCycles
                0x10081302                Cy_SysLib_EnterCriticalSection
                0x1008130a                Cy_SysLib_ExitCriticalSection
 .text.Cy_SysLib_GetDeviceRevision
                0x10081310       0x12 .\CortexM4\ARM_GCC_541\Release\cy_syspm.o
 *fill*         0x10081322        0x2 
 .text.Cy_TCPWM_Counter_Init
                0x10081324       0xe0 .\CortexM4\ARM_GCC_541\Release\cy_tcpwm_counter.o
                0x10081324                Cy_TCPWM_Counter_Init
 .text.Cy_PDL_Init
                0x10081404        0xc .\CortexM4\ARM_GCC_541\Release\cy_device.o
                0x10081404                Cy_PDL_Init
 .text.Cy_CTB_OpampInit
                0x10081410       0x9c .\CortexM4\ARM_GCC_541\Release\cy_ctb.o
                0x10081410                Cy_CTB_OpampInit
 .text.Cy_SysClk_PeriphSetDivider
                0x100814ac       0x70 .\CortexM4\ARM_GCC_541\Release\cy_ctdac.o
 .text.Cy_SysClk_PeriphSetFracDivider
                0x1008151c       0x94 .\CortexM4\ARM_GCC_541\Release\cy_ctdac.o
 .text.Cy_SysClk_PeriphEnableDivider
                0x100815b0       0x68 .\CortexM4\ARM_GCC_541\Release\cy_ctdac.o
 .text.Cy_SysClk_PeriphDisableDivider
                0x10081618       0x50 .\CortexM4\ARM_GCC_541\Release\cy_ctdac.o
 .text.Cy_SysClk_PeriphAssignDivider.constprop.5
                0x10081668       0x54 .\CortexM4\ARM_GCC_541\Release\cy_ctdac.o
 .text.Cy_CTDAC_Init
                0x100816bc       0xf8 .\CortexM4\ARM_GCC_541\Release\cy_ctdac.o
                0x100816bc                Cy_CTDAC_Init
 .text._write   0x100817b4       0x24 .\CortexM4\ARM_GCC_541\Release\retarget.o
                0x100817b4                _write
 .text._read    0x100817d8       0x2a .\CortexM4\ARM_GCC_541\Release\retarget.o
                0x100817d8                _read
 *fill*         0x10081802        0x2 
 .text.VDAC_1_Start
                0x10081804       0x4c .\CortexM4\ARM_GCC_541\Release\VDAC_1.o
                0x10081804                VDAC_1_Start
 .text          0x10081850      0x370 c:/program files (x86)/cypress/psoc creator/4.4/psoc creator/import/gnu/arm/5.4.1/bin/../lib/gcc/arm-none-eabi/5.4.1/armv7e-m/softfp\libgcc.a(_arm_addsubdf3.o)
                0x10081850                __aeabi_drsub
                0x10081858                __aeabi_dsub
                0x10081858                __subdf3
                0x1008185c                __aeabi_dadd
                0x1008185c                __adddf3
                0x10081ad4                __floatunsidf
                0x10081ad4                __aeabi_ui2d
                0x10081af4                __floatsidf
                0x10081af4                __aeabi_i2d
                0x10081b18                __aeabi_f2d
                0x10081b18                __extendsfdf2
                0x10081b54                __floatundidf
                0x10081b54                __aeabi_ul2d
                0x10081b64                __floatdidf
                0x10081b64                __aeabi_l2d
 .text          0x10081bc0      0x424 c:/program files (x86)/cypress/psoc creator/4.4/psoc creator/import/gnu/arm/5.4.1/bin/../lib/gcc/arm-none-eabi/5.4.1/armv7e-m/softfp\libgcc.a(_arm_muldivdf3.o)
                0x10081bc0                __aeabi_dmul
                0x10081bc0                __muldf3
                0x10081e14                __divdf3
                0x10081e14                __aeabi_ddiv
 .text.memset   0x10081fe4       0x10 c:/program files (x86)/cypress/psoc creator/4.4/psoc creator/import/gnu/arm/5.4.1/bin/../lib/gcc/arm-none-eabi/5.4.1/../../../../arm-none-eabi/lib/armv7e-m/softfp\libg_nano.a(lib_a-memset.o)
                0x10081fe4                memset
 .text.__cvt    0x10081ff4       0xc2 c:/program files (x86)/cypress/psoc creator/4.4/psoc creator/import/gnu/arm/5.4.1/bin/../lib/gcc/arm-none-eabi/5.4.1/../../../../arm-none-eabi/lib/armv7e-m/softfp\libg_nano.a(lib_a-nano-vfprintf_float.o)
                0x10081ff4                __cvt
 .text.__exponent
                0x100820b6       0x60 c:/program files (x86)/cypress/psoc creator/4.4/psoc creator/import/gnu/arm/5.4.1/bin/../lib/gcc/arm-none-eabi/5.4.1/../../../../arm-none-eabi/lib/armv7e-m/softfp\libg_nano.a(lib_a-nano-vfprintf_float.o)
                0x100820b6                __exponent
 *fill*         0x10082116        0x2 
 .text._printf_float
                0x10082118      0x488 c:/program files (x86)/cypress/psoc creator/4.4/psoc creator/import/gnu/arm/5.4.1/bin/../lib/gcc/arm-none-eabi/5.4.1/../../../../arm-none-eabi/lib/armv7e-m/softfp\libg_nano.a(lib_a-nano-vfprintf_float.o)
                0x10082118                _printf_float
 .text._printf_common
                0x100825a0       0xec c:/program files (x86)/cypress/psoc creator/4.4/psoc creator/import/gnu/arm/5.4.1/bin/../lib/gcc/arm-none-eabi/5.4.1/../../../../arm-none-eabi/lib/armv7e-m/softfp\libg_nano.a(lib_a-nano-vfprintf_i.o)
                0x100825a0                _printf_common
 .text._printf_i
                0x1008268c      0x24c c:/program files (x86)/cypress/psoc creator/4.4/psoc creator/import/gnu/arm/5.4.1/bin/../lib/gcc/arm-none-eabi/5.4.1/../../../../arm-none-eabi/lib/armv7e-m/softfp\libg_nano.a(lib_a-nano-vfprintf_i.o)
                0x1008268c                _printf_i
 .text.printf   0x100828d8       0x30 c:/program files (x86)/cypress/psoc creator/4.4/psoc creator/import/gnu/arm/5.4.1/bin/../lib/gcc/arm-none-eabi/5.4.1/../../../../arm-none-eabi/lib/armv7e-m/softfp\libg_nano.a(lib_a-printf.o)
                0x100828d8                iprintf
                0x100828d8                printf
 .text.setvbuf  0x10082908      0x154 c:/program files (x86)/cypress/psoc creator/4.4/psoc creator/import/gnu/arm/5.4.1/bin/../lib/gcc/arm-none-eabi/5.4.1/../../../../arm-none-eabi/lib/armv7e-m/softfp\libg_nano.a(lib_a-setvbuf.o)
                0x10082908                setvbuf
 .text          0x10082a5c       0x10 c:/program files (x86)/cypress/psoc creator/4.4/psoc creator/import/gnu/arm/5.4.1/bin/../lib/gcc/arm-none-eabi/5.4.1/../../../../arm-none-eabi/lib/armv7e-m/softfp\libg_nano.a(lib_a-strlen.o)
                0x10082a5c                strlen
 .text.quorem   0x10082a6c      0x11e c:/program files (x86)/cypress/psoc creator/4.4/psoc creator/import/gnu/arm/5.4.1/bin/../lib/gcc/arm-none-eabi/5.4.1/../../../../arm-none-eabi/lib/armv7e-m/softfp\libg_nano.a(lib_a-dtoa.o)
 *fill*         0x10082b8a        0x6 
 .text._dtoa_r  0x10082b90      0xb38 c:/program files (x86)/cypress/psoc creator/4.4/psoc creator/import/gnu/arm/5.4.1/bin/../lib/gcc/arm-none-eabi/5.4.1/../../../../arm-none-eabi/lib/armv7e-m/softfp\libg_nano.a(lib_a-dtoa.o)
                0x10082b90                _dtoa_r
 .text.__sflush_r
                0x100836c8      0x110 c:/program files (x86)/cypress/psoc creator/4.4/psoc creator/import/gnu/arm/5.4.1/bin/../lib/gcc/arm-none-eabi/5.4.1/../../../../arm-none-eabi/lib/armv7e-m/softfp\libg_nano.a(lib_a-fflush.o)
                0x100836c8                __sflush_r
 .text._fflush_r
                0x100837d8       0x54 c:/program files (x86)/cypress/psoc creator/4.4/psoc creator/import/gnu/arm/5.4.1/bin/../lib/gcc/arm-none-eabi/5.4.1/../../../../arm-none-eabi/lib/armv7e-m/softfp\libg_nano.a(lib_a-fflush.o)
                0x100837d8                _fflush_r
 .text._cleanup_r
                0x1008382c        0xc c:/program files (x86)/cypress/psoc creator/4.4/psoc creator/import/gnu/arm/5.4.1/bin/../lib/gcc/arm-none-eabi/5.4.1/../../../../arm-none-eabi/lib/armv7e-m/softfp\libg_nano.a(lib_a-findfp.o)
                0x1008382c                _cleanup_r
 .text.std.isra.0
                0x10083838       0x48 c:/program files (x86)/cypress/psoc creator/4.4/psoc creator/import/gnu/arm/5.4.1/bin/../lib/gcc/arm-none-eabi/5.4.1/../../../../arm-none-eabi/lib/armv7e-m/softfp\libg_nano.a(lib_a-findfp.o)
 .text.__sfmoreglue
                0x10083880       0x2c c:/program files (x86)/cypress/psoc creator/4.4/psoc creator/import/gnu/arm/5.4.1/bin/../lib/gcc/arm-none-eabi/5.4.1/../../../../arm-none-eabi/lib/armv7e-m/softfp\libg_nano.a(lib_a-findfp.o)
                0x10083880                __sfmoreglue
 .text.__sinit  0x100838ac       0x60 c:/program files (x86)/cypress/psoc creator/4.4/psoc creator/import/gnu/arm/5.4.1/bin/../lib/gcc/arm-none-eabi/5.4.1/../../../../arm-none-eabi/lib/armv7e-m/softfp\libg_nano.a(lib_a-findfp.o)
                0x100838ac                __sinit
 .text.__sfp    0x1008390c       0x78 c:/program files (x86)/cypress/psoc creator/4.4/psoc creator/import/gnu/arm/5.4.1/bin/../lib/gcc/arm-none-eabi/5.4.1/../../../../arm-none-eabi/lib/armv7e-m/softfp\libg_nano.a(lib_a-findfp.o)
                0x1008390c                __sfp
 .text._fwalk_reent
                0x10083984       0x3c c:/program files (x86)/cypress/psoc creator/4.4/psoc creator/import/gnu/arm/5.4.1/bin/../lib/gcc/arm-none-eabi/5.4.1/../../../../arm-none-eabi/lib/armv7e-m/softfp\libg_nano.a(lib_a-fwalk.o)
                0x10083984                _fwalk_reent
 .text._localeconv_r
                0x100839c0        0x8 c:/program files (x86)/cypress/psoc creator/4.4/psoc creator/import/gnu/arm/5.4.1/bin/../lib/gcc/arm-none-eabi/5.4.1/../../../../arm-none-eabi/lib/armv7e-m/softfp\libg_nano.a(lib_a-locale.o)
                0x100839c0                _localeconv_r
 .text.__swhatbuf_r
                0x100839c8       0x46 c:/program files (x86)/cypress/psoc creator/4.4/psoc creator/import/gnu/arm/5.4.1/bin/../lib/gcc/arm-none-eabi/5.4.1/../../../../arm-none-eabi/lib/armv7e-m/softfp\libg_nano.a(lib_a-makebuf.o)
                0x100839c8                __swhatbuf_r
 *fill*         0x10083a0e        0x2 
 .text.__smakebuf_r
                0x10083a10       0x78 c:/program files (x86)/cypress/psoc creator/4.4/psoc creator/import/gnu/arm/5.4.1/bin/../lib/gcc/arm-none-eabi/5.4.1/../../../../arm-none-eabi/lib/armv7e-m/softfp\libg_nano.a(lib_a-makebuf.o)
                0x10083a10                __smakebuf_r
 .text.malloc   0x10083a88       0x10 c:/program files (x86)/cypress/psoc creator/4.4/psoc creator/import/gnu/arm/5.4.1/bin/../lib/gcc/arm-none-eabi/5.4.1/../../../../arm-none-eabi/lib/armv7e-m/softfp\libg_nano.a(lib_a-malloc.o)
                0x10083a88                malloc
 *fill*         0x10083a98        0x8 
 .text          0x10083aa0       0xa0 c:/program files (x86)/cypress/psoc creator/4.4/psoc creator/import/gnu/arm/5.4.1/bin/../lib/gcc/arm-none-eabi/5.4.1/../../../../arm-none-eabi/lib/armv7e-m/softfp\libg_nano.a(lib_a-memchr.o)
                0x10083aa0                memchr
 .text.memcpy   0x10083b40       0x16 c:/program files (x86)/cypress/psoc creator/4.4/psoc creator/import/gnu/arm/5.4.1/bin/../lib/gcc/arm-none-eabi/5.4.1/../../../../arm-none-eabi/lib/armv7e-m/softfp\libg_nano.a(lib_a-memcpy-stub.o)
                0x10083b40                memcpy
 .text._Balloc  0x10083b56       0x6a c:/program files (x86)/cypress/psoc creator/4.4/psoc creator/import/gnu/arm/5.4.1/bin/../lib/gcc/arm-none-eabi/5.4.1/../../../../arm-none-eabi/lib/armv7e-m/softfp\libg_nano.a(lib_a-mprec.o)
                0x10083b56                _Balloc
 .text._Bfree   0x10083bc0       0x2e c:/program files (x86)/cypress/psoc creator/4.4/psoc creator/import/gnu/arm/5.4.1/bin/../lib/gcc/arm-none-eabi/5.4.1/../../../../arm-none-eabi/lib/armv7e-m/softfp\libg_nano.a(lib_a-mprec.o)
                0x10083bc0                _Bfree
 .text.__multadd
                0x10083bee       0x76 c:/program files (x86)/cypress/psoc creator/4.4/psoc creator/import/gnu/arm/5.4.1/bin/../lib/gcc/arm-none-eabi/5.4.1/../../../../arm-none-eabi/lib/armv7e-m/softfp\libg_nano.a(lib_a-mprec.o)
                0x10083bee                __multadd
 .text.__hi0bits
                0x10083c64       0x40 c:/program files (x86)/cypress/psoc creator/4.4/psoc creator/import/gnu/arm/5.4.1/bin/../lib/gcc/arm-none-eabi/5.4.1/../../../../arm-none-eabi/lib/armv7e-m/softfp\libg_nano.a(lib_a-mprec.o)
                0x10083c64                __hi0bits
 .text.__lo0bits
                0x10083ca4       0x5a c:/program files (x86)/cypress/psoc creator/4.4/psoc creator/import/gnu/arm/5.4.1/bin/../lib/gcc/arm-none-eabi/5.4.1/../../../../arm-none-eabi/lib/armv7e-m/softfp\libg_nano.a(lib_a-mprec.o)
                0x10083ca4                __lo0bits
 .text.__i2b    0x10083cfe       0x12 c:/program files (x86)/cypress/psoc creator/4.4/psoc creator/import/gnu/arm/5.4.1/bin/../lib/gcc/arm-none-eabi/5.4.1/../../../../arm-none-eabi/lib/armv7e-m/softfp\libg_nano.a(lib_a-mprec.o)
                0x10083cfe                __i2b
 .text.__multiply
                0x10083d10      0x122 c:/program files (x86)/cypress/psoc creator/4.4/psoc creator/import/gnu/arm/5.4.1/bin/../lib/gcc/arm-none-eabi/5.4.1/../../../../arm-none-eabi/lib/armv7e-m/softfp\libg_nano.a(lib_a-mprec.o)
                0x10083d10                __multiply
 *fill*         0x10083e32        0x2 
 .text.__pow5mult
                0x10083e34       0x9c c:/program files (x86)/cypress/psoc creator/4.4/psoc creator/import/gnu/arm/5.4.1/bin/../lib/gcc/arm-none-eabi/5.4.1/../../../../arm-none-eabi/lib/armv7e-m/softfp\libg_nano.a(lib_a-mprec.o)
                0x10083e34                __pow5mult
 .text.__lshift
                0x10083ed0       0xa2 c:/program files (x86)/cypress/psoc creator/4.4/psoc creator/import/gnu/arm/5.4.1/bin/../lib/gcc/arm-none-eabi/5.4.1/../../../../arm-none-eabi/lib/armv7e-m/softfp\libg_nano.a(lib_a-mprec.o)
                0x10083ed0                __lshift
 .text.__mcmp   0x10083f72       0x38 c:/program files (x86)/cypress/psoc creator/4.4/psoc creator/import/gnu/arm/5.4.1/bin/../lib/gcc/arm-none-eabi/5.4.1/../../../../arm-none-eabi/lib/armv7e-m/softfp\libg_nano.a(lib_a-mprec.o)
                0x10083f72                __mcmp
 .text.__mdiff  0x10083faa       0xbe c:/program files (x86)/cypress/psoc creator/4.4/psoc creator/import/gnu/arm/5.4.1/bin/../lib/gcc/arm-none-eabi/5.4.1/../../../../arm-none-eabi/lib/armv7e-m/softfp\libg_nano.a(lib_a-mprec.o)
                0x10083faa                __mdiff
 .text.__d2b    0x10084068       0x9c c:/program files (x86)/cypress/psoc creator/4.4/psoc creator/import/gnu/arm/5.4.1/bin/../lib/gcc/arm-none-eabi/5.4.1/../../../../arm-none-eabi/lib/armv7e-m/softfp\libg_nano.a(lib_a-mprec.o)
                0x10084068                __d2b
 .text._calloc_r
                0x10084104       0x1c c:/program files (x86)/cypress/psoc creator/4.4/psoc creator/import/gnu/arm/5.4.1/bin/../lib/gcc/arm-none-eabi/5.4.1/../../../../arm-none-eabi/lib/armv7e-m/softfp\libg_nano.a(lib_a-nano-callocr.o)
                0x10084104                _calloc_r
 .text._free_r  0x10084120       0x9c c:/program files (x86)/cypress/psoc creator/4.4/psoc creator/import/gnu/arm/5.4.1/bin/../lib/gcc/arm-none-eabi/5.4.1/../../../../arm-none-eabi/lib/armv7e-m/softfp\libg_nano.a(lib_a-nano-freer.o)
                0x10084120                _free_r
 .text._malloc_r
                0x100841bc       0xbc c:/program files (x86)/cypress/psoc creator/4.4/psoc creator/import/gnu/arm/5.4.1/bin/../lib/gcc/arm-none-eabi/5.4.1/../../../../arm-none-eabi/lib/armv7e-m/softfp\libg_nano.a(lib_a-nano-mallocr.o)
                0x100841bc                _malloc_r
 .text.__sfputc_r
                0x10084278       0x30 c:/program files (x86)/cypress/psoc creator/4.4/psoc creator/import/gnu/arm/5.4.1/bin/../lib/gcc/arm-none-eabi/5.4.1/../../../../arm-none-eabi/lib/armv7e-m/softfp\libg_nano.a(lib_a-nano-vfprintf.o)
 .text.__sfputs_r
                0x100842a8       0x24 c:/program files (x86)/cypress/psoc creator/4.4/psoc creator/import/gnu/arm/5.4.1/bin/../lib/gcc/arm-none-eabi/5.4.1/../../../../arm-none-eabi/lib/armv7e-m/softfp\libg_nano.a(lib_a-nano-vfprintf.o)
                0x100842a8                __sfputs_r
 .text._vfprintf_r
                0x100842cc      0x238 c:/program files (x86)/cypress/psoc creator/4.4/psoc creator/import/gnu/arm/5.4.1/bin/../lib/gcc/arm-none-eabi/5.4.1/../../../../arm-none-eabi/lib/armv7e-m/softfp\libg_nano.a(lib_a-nano-vfprintf.o)
                0x100842cc                _vfprintf_r
                0x100842cc                _vfiprintf_r
 .text._sbrk_r  0x10084504       0x20 c:/program files (x86)/cypress/psoc creator/4.4/psoc creator/import/gnu/arm/5.4.1/bin/../lib/gcc/arm-none-eabi/5.4.1/../../../../arm-none-eabi/lib/armv7e-m/softfp\libg_nano.a(lib_a-sbrkr.o)
                0x10084504                _sbrk_r
 .text.__sread  0x10084524       0x22 c:/program files (x86)/cypress/psoc creator/4.4/psoc creator/import/gnu/arm/5.4.1/bin/../lib/gcc/arm-none-eabi/5.4.1/../../../../arm-none-eabi/lib/armv7e-m/softfp\libg_nano.a(lib_a-stdio.o)
                0x10084524                __sread
 .text.__swrite
                0x10084546       0x38 c:/program files (x86)/cypress/psoc creator/4.4/psoc creator/import/gnu/arm/5.4.1/bin/../lib/gcc/arm-none-eabi/5.4.1/../../../../arm-none-eabi/lib/armv7e-m/softfp\libg_nano.a(lib_a-stdio.o)
                0x10084546                __swrite
 .text.__sseek  0x1008457e       0x24 c:/program files (x86)/cypress/psoc creator/4.4/psoc creator/import/gnu/arm/5.4.1/bin/../lib/gcc/arm-none-eabi/5.4.1/../../../../arm-none-eabi/lib/armv7e-m/softfp\libg_nano.a(lib_a-stdio.o)
                0x1008457e                __sseek
 .text.__sclose
                0x100845a2        0x8 c:/program files (x86)/cypress/psoc creator/4.4/psoc creator/import/gnu/arm/5.4.1/bin/../lib/gcc/arm-none-eabi/5.4.1/../../../../arm-none-eabi/lib/armv7e-m/softfp\libg_nano.a(lib_a-stdio.o)
                0x100845a2                __sclose
 *fill*         0x100845aa        0x2 
 .text.__swbuf_r
                0x100845ac       0xa8 c:/program files (x86)/cypress/psoc creator/4.4/psoc creator/import/gnu/arm/5.4.1/bin/../lib/gcc/arm-none-eabi/5.4.1/../../../../arm-none-eabi/lib/armv7e-m/softfp\libg_nano.a(lib_a-wbuf.o)
                0x100845ac                __swbuf_r
 .text._write_r
                0x10084654       0x24 c:/program files (x86)/cypress/psoc creator/4.4/psoc creator/import/gnu/arm/5.4.1/bin/../lib/gcc/arm-none-eabi/5.4.1/../../../../arm-none-eabi/lib/armv7e-m/softfp\libg_nano.a(lib_a-writer.o)
                0x10084654                _write_r
 .text.__swsetup_r
                0x10084678       0xdc c:/program files (x86)/cypress/psoc creator/4.4/psoc creator/import/gnu/arm/5.4.1/bin/../lib/gcc/arm-none-eabi/5.4.1/../../../../arm-none-eabi/lib/armv7e-m/softfp\libg_nano.a(lib_a-wsetup.o)
                0x10084678                __swsetup_r
 .text._close_r
                0x10084754       0x20 c:/program files (x86)/cypress/psoc creator/4.4/psoc creator/import/gnu/arm/5.4.1/bin/../lib/gcc/arm-none-eabi/5.4.1/../../../../arm-none-eabi/lib/armv7e-m/softfp\libg_nano.a(lib_a-closer.o)
                0x10084754                _close_r
 .text._fstat_r
                0x10084774       0x24 c:/program files (x86)/cypress/psoc creator/4.4/psoc creator/import/gnu/arm/5.4.1/bin/../lib/gcc/arm-none-eabi/5.4.1/../../../../arm-none-eabi/lib/armv7e-m/softfp\libg_nano.a(lib_a-fstatr.o)
                0x10084774                _fstat_r
 .text._isatty_r
                0x10084798       0x20 c:/program files (x86)/cypress/psoc creator/4.4/psoc creator/import/gnu/arm/5.4.1/bin/../lib/gcc/arm-none-eabi/5.4.1/../../../../arm-none-eabi/lib/armv7e-m/softfp\libg_nano.a(lib_a-isattyr.o)
                0x10084798                _isatty_r
 .text._lseek_r
                0x100847b8       0x24 c:/program files (x86)/cypress/psoc creator/4.4/psoc creator/import/gnu/arm/5.4.1/bin/../lib/gcc/arm-none-eabi/5.4.1/../../../../arm-none-eabi/lib/armv7e-m/softfp\libg_nano.a(lib_a-lseekr.o)
                0x100847b8                _lseek_r
 .text.__malloc_lock
                0x100847dc        0x2 c:/program files (x86)/cypress/psoc creator/4.4/psoc creator/import/gnu/arm/5.4.1/bin/../lib/gcc/arm-none-eabi/5.4.1/../../../../arm-none-eabi/lib/armv7e-m/softfp\libg_nano.a(lib_a-mlock.o)
                0x100847dc                __malloc_lock
 .text.__malloc_unlock
                0x100847de        0x2 c:/program files (x86)/cypress/psoc creator/4.4/psoc creator/import/gnu/arm/5.4.1/bin/../lib/gcc/arm-none-eabi/5.4.1/../../../../arm-none-eabi/lib/armv7e-m/softfp\libg_nano.a(lib_a-mlock.o)
                0x100847de                __malloc_unlock
 .text._read_r  0x100847e0       0x24 c:/program files (x86)/cypress/psoc creator/4.4/psoc creator/import/gnu/arm/5.4.1/bin/../lib/gcc/arm-none-eabi/5.4.1/../../../../arm-none-eabi/lib/armv7e-m/softfp\libg_nano.a(lib_a-readr.o)
                0x100847e0                _read_r
 .text          0x10084804      0x110 c:/program files (x86)/cypress/psoc creator/4.4/psoc creator/import/gnu/arm/5.4.1/bin/../lib/gcc/arm-none-eabi/5.4.1/armv7e-m/softfp\libgcc.a(_arm_cmpdf2.o)
                0x10084804                __gtdf2
                0x10084804                __gedf2
                0x1008480c                __ltdf2
                0x1008480c                __ledf2
                0x10084814                __nedf2
                0x10084814                __eqdf2
                0x10084814                __cmpdf2
                0x10084890                __aeabi_cdrcmple
                0x100848a0                __aeabi_cdcmpeq
                0x100848a0                __aeabi_cdcmple
                0x100848b0                __aeabi_dcmpeq
                0x100848c4                __aeabi_dcmplt
                0x100848d8                __aeabi_dcmple
                0x100848ec                __aeabi_dcmpge
                0x10084900                __aeabi_dcmpgt
 .text          0x10084914       0x2c c:/program files (x86)/cypress/psoc creator/4.4/psoc creator/import/gnu/arm/5.4.1/bin/../lib/gcc/arm-none-eabi/5.4.1/armv7e-m/softfp\libgcc.a(_arm_unorddf2.o)
                0x10084914                __unorddf2
                0x10084914                __aeabi_dcmpun
 .text          0x10084940       0x50 c:/program files (x86)/cypress/psoc creator/4.4/psoc creator/import/gnu/arm/5.4.1/bin/../lib/gcc/arm-none-eabi/5.4.1/armv7e-m/softfp\libgcc.a(_arm_fixdfsi.o)
                0x10084940                __aeabi_d2iz
                0x10084940                __fixdfsi
 .text._close   0x10084990       0x10 c:/program files (x86)/cypress/psoc creator/4.4/psoc creator/import/gnu/arm/5.4.1/bin/../lib/gcc/arm-none-eabi/5.4.1/../../../../arm-none-eabi/lib/armv7e-m/softfp\libnosys.a(close.o)
                0x10084990                _close
 .text._fstat   0x100849a0       0x10 c:/program files (x86)/cypress/psoc creator/4.4/psoc creator/import/gnu/arm/5.4.1/bin/../lib/gcc/arm-none-eabi/5.4.1/../../../../arm-none-eabi/lib/armv7e-m/softfp\libnosys.a(fstat.o)
                0x100849a0                _fstat
 .text._isatty  0x100849b0       0x10 c:/program files (x86)/cypress/psoc creator/4.4/psoc creator/import/gnu/arm/5.4.1/bin/../lib/gcc/arm-none-eabi/5.4.1/../../../../arm-none-eabi/lib/armv7e-m/softfp\libnosys.a(isatty.o)
                0x100849b0                _isatty
 .text._lseek   0x100849c0       0x10 c:/program files (x86)/cypress/psoc creator/4.4/psoc creator/import/gnu/arm/5.4.1/bin/../lib/gcc/arm-none-eabi/5.4.1/../../../../arm-none-eabi/lib/armv7e-m/softfp\libnosys.a(lseek.o)
                0x100849c0                _lseek
 .text._sbrk    0x100849d0       0x1c c:/program files (x86)/cypress/psoc creator/4.4/psoc creator/import/gnu/arm/5.4.1/bin/../lib/gcc/arm-none-eabi/5.4.1/../../../../arm-none-eabi/lib/armv7e-m/softfp\libnosys.a(sbrk.o)
                0x100849d0                _sbrk
 *(.init)
 .init          0x100849ec        0x4 c:/program files (x86)/cypress/psoc creator/4.4/psoc creator/import/gnu/arm/5.4.1/bin/../lib/gcc/arm-none-eabi/5.4.1/armv7e-m/softfp/crti.o
                0x100849ec                _init
 .init          0x100849f0        0x8 c:/program files (x86)/cypress/psoc creator/4.4/psoc creator/import/gnu/arm/5.4.1/bin/../lib/gcc/arm-none-eabi/5.4.1/armv7e-m/softfp/crtn.o
 *(.fini)
 .fini          0x100849f8        0x4 c:/program files (x86)/cypress/psoc creator/4.4/psoc creator/import/gnu/arm/5.4.1/bin/../lib/gcc/arm-none-eabi/5.4.1/armv7e-m/softfp/crti.o
                0x100849f8                _fini
 .fini          0x100849fc        0x8 c:/program files (x86)/cypress/psoc creator/4.4/psoc creator/import/gnu/arm/5.4.1/bin/../lib/gcc/arm-none-eabi/5.4.1/armv7e-m/softfp/crtn.o
 *crtbegin.o(.ctors)
 *crtbegin?.o(.ctors)
 *(EXCLUDE_FILE(*crtend.o *crtend?.o) .ctors)
 *(SORT(.ctors.*))
 *(.ctors)
 *crtbegin.o(.dtors)
 *crtbegin?.o(.dtors)
 *(EXCLUDE_FILE(*crtend.o *crtend?.o) .dtors)
 *(SORT(.dtors.*))
 *(.dtors)
 *(.rodata .rodata.* .constdata .constdata.* .conststring .conststring.*)
 .rodata.str1.1
                0x10084a04        0x6 .\CortexM4\ARM_GCC_541\Release\main_cm4.o
 *fill*         0x10084a0a        0x2 
 .rodata        0x10084a0c       0x34 .\CortexM4\ARM_GCC_541\Release\system_psoc6_cm4.o
 .rodata        0x10084a40       0x10 .\CortexM4\ARM_GCC_541\Release\cyfitter_sysint_cfg.o
                0x10084a40                isrTimer_cfg
                0x10084a48                UART_SCB_IRQ_cfg
 .rodata        0x10084a50       0x4c .\CortexM4\ARM_GCC_541\Release\Timer.o
                0x10084a50                Timer_config
 .rodata        0x10084a9c       0x40 .\CortexM4\ARM_GCC_541\Release\UART.o
                0x10084a9c                UART_config
 .rodata        0x10084adc      0x170 .\CortexM4\ARM_GCC_541\Release\cy_device.o
                0x10084adc                cy_deviceIpBlockCfgPSoC6_02
                0x10084b94                cy_deviceIpBlockCfgPSoC6_01
 .rodata        0x10084c4c       0x44 .\CortexM4\ARM_GCC_541\Release\VDAC_1.o
                0x10084c4c                VDAC_1_ctdacConfig
                0x10084c80                VDAC_1_refBufferConfig
 .rodata.str1.1
                0x10084c90        0x2 c:/program files (x86)/cypress/psoc creator/4.4/psoc creator/import/gnu/arm/5.4.1/bin/../lib/gcc/arm-none-eabi/5.4.1/../../../../arm-none-eabi/lib/armv7e-m/softfp\libg_nano.a(lib_a-impure.o)
 *fill*         0x10084c92        0x2 
 .rodata._global_impure_ptr
                0x10084c94        0x4 c:/program files (x86)/cypress/psoc creator/4.4/psoc creator/import/gnu/arm/5.4.1/bin/../lib/gcc/arm-none-eabi/5.4.1/../../../../arm-none-eabi/lib/armv7e-m/softfp\libg_nano.a(lib_a-impure.o)
                0x10084c94                _global_impure_ptr
 .rodata.str1.1
                0x10084c98       0x12 c:/program files (x86)/cypress/psoc creator/4.4/psoc creator/import/gnu/arm/5.4.1/bin/../lib/gcc/arm-none-eabi/5.4.1/../../../../arm-none-eabi/lib/armv7e-m/softfp\libg_nano.a(lib_a-nano-vfprintf_float.o)
 .rodata.str1.1
                0x10084caa       0x22 c:/program files (x86)/cypress/psoc creator/4.4/psoc creator/import/gnu/arm/5.4.1/bin/../lib/gcc/arm-none-eabi/5.4.1/../../../../arm-none-eabi/lib/armv7e-m/softfp\libg_nano.a(lib_a-nano-vfprintf_i.o)
 .rodata.str1.1
                0x10084ccc        0xd c:/program files (x86)/cypress/psoc creator/4.4/psoc creator/import/gnu/arm/5.4.1/bin/../lib/gcc/arm-none-eabi/5.4.1/../../../../arm-none-eabi/lib/armv7e-m/softfp\libg_nano.a(lib_a-dtoa.o)
                                  0xf (size before relaxing)
 *fill*         0x10084cd9        0x3 
 .rodata.__sf_fake_stdin
                0x10084cdc       0x20 c:/program files (x86)/cypress/psoc creator/4.4/psoc creator/import/gnu/arm/5.4.1/bin/../lib/gcc/arm-none-eabi/5.4.1/../../../../arm-none-eabi/lib/armv7e-m/softfp\libg_nano.a(lib_a-findfp.o)
                0x10084cdc                __sf_fake_stdin
 .rodata.__sf_fake_stdout
                0x10084cfc       0x20 c:/program files (x86)/cypress/psoc creator/4.4/psoc creator/import/gnu/arm/5.4.1/bin/../lib/gcc/arm-none-eabi/5.4.1/../../../../arm-none-eabi/lib/armv7e-m/softfp\libg_nano.a(lib_a-findfp.o)
                0x10084cfc                __sf_fake_stdout
 .rodata.__sf_fake_stderr
                0x10084d1c       0x20 c:/program files (x86)/cypress/psoc creator/4.4/psoc creator/import/gnu/arm/5.4.1/bin/../lib/gcc/arm-none-eabi/5.4.1/../../../../arm-none-eabi/lib/armv7e-m/softfp\libg_nano.a(lib_a-findfp.o)
                0x10084d1c                __sf_fake_stderr
 .rodata.str1.1
                0x10084d3c        0x8 c:/program files (x86)/cypress/psoc creator/4.4/psoc creator/import/gnu/arm/5.4.1/bin/../lib/gcc/arm-none-eabi/5.4.1/../../../../arm-none-eabi/lib/armv7e-m/softfp\libg_nano.a(lib_a-locale.o)
                                  0xb (size before relaxing)
 .rodata.p05.5410
                0x10084d44        0xc c:/program files (x86)/cypress/psoc creator/4.4/psoc creator/import/gnu/arm/5.4.1/bin/../lib/gcc/arm-none-eabi/5.4.1/../../../../arm-none-eabi/lib/armv7e-m/softfp\libg_nano.a(lib_a-mprec.o)
 .rodata.__mprec_bigtens
                0x10084d50       0x28 c:/program files (x86)/cypress/psoc creator/4.4/psoc creator/import/gnu/arm/5.4.1/bin/../lib/gcc/arm-none-eabi/5.4.1/../../../../arm-none-eabi/lib/armv7e-m/softfp\libg_nano.a(lib_a-mprec.o)
                0x10084d50                __mprec_bigtens
 .rodata.__mprec_tens
                0x10084d78       0xc8 c:/program files (x86)/cypress/psoc creator/4.4/psoc creator/import/gnu/arm/5.4.1/bin/../lib/gcc/arm-none-eabi/5.4.1/../../../../arm-none-eabi/lib/armv7e-m/softfp\libg_nano.a(lib_a-mprec.o)
                0x10084d78                __mprec_tens
 .rodata.str1.1
                0x10084e40       0x11 c:/program files (x86)/cypress/psoc creator/4.4/psoc creator/import/gnu/arm/5.4.1/bin/../lib/gcc/arm-none-eabi/5.4.1/../../../../arm-none-eabi/lib/armv7e-m/softfp\libg_nano.a(lib_a-nano-vfprintf.o)
 *(.eh_frame*)
 *fill*         0x10084e51        0x3 
 .eh_frame      0x10084e54        0x0 c:/program files (x86)/cypress/psoc creator/4.4/psoc creator/import/gnu/arm/5.4.1/bin/../lib/gcc/arm-none-eabi/5.4.1/armv7e-m/softfp/crtbegin.o
 .eh_frame      0x10084e54        0x4 c:/program files (x86)/cypress/psoc creator/4.4/psoc creator/import/gnu/arm/5.4.1/bin/../lib/gcc/arm-none-eabi/5.4.1/armv7e-m/softfp/crtend.o

.glue_7         0x10084e58        0x0
 .glue_7        0x10084e58        0x0 linker stubs

.glue_7t        0x10084e58        0x0
 .glue_7t       0x10084e58        0x0 linker stubs

.vfp11_veneer   0x10084e58        0x0
 .vfp11_veneer  0x10084e58        0x0 linker stubs

.v4_bx          0x10084e58        0x0
 .v4_bx         0x10084e58        0x0 linker stubs

.iplt           0x10084e58        0x0
 .iplt          0x10084e58        0x0 c:/program files (x86)/cypress/psoc creator/4.4/psoc creator/import/gnu/arm/5.4.1/bin/../lib/gcc/arm-none-eabi/5.4.1/armv7e-m/softfp/crtbegin.o

.ARM.extab
 *(.ARM.extab* .gnu.linkonce.armextab.*)
                0x10084e58                __exidx_start = .

.ARM.exidx
 *(.ARM.exidx* .gnu.linkonce.armexidx.*)
                0x10084e58                __exidx_end = .

.copy.table     0x10084e58       0x18
                0x10084e58                . = ALIGN (0x4)
                0x10084e58                __copy_table_start__ = .
                0x10084e58        0x4 LONG 0x10080000 __Vectors
                0x10084e5c        0x4 LONG 0x8024000 __ram_vectors_start__
                0x10084e60        0x4 LONG 0x28c (__Vectors_End - __Vectors)
                0x10084e64        0x4 LONG 0x10084e78 __etext
                0x10084e68        0x4 LONG 0x802428c __data_start__
                0x10084e6c        0x4 LONG 0x5ac (__data_end__ - __data_start__)
                0x10084e70                __copy_table_end__ = .

.zero.table     0x10084e70        0x8
                0x10084e70                . = ALIGN (0x4)
                0x10084e70                __zero_table_start__ = .
                0x10084e70        0x4 LONG 0x80248b0 __bss_start__
                0x10084e74        0x4 LONG 0x27c (__bss_end__ - __bss_start__)
                0x10084e78                __zero_table_end__ = .
                0x10084e78                __etext = .

.ramVectors     0x08024000      0x28c
                0x08024000                __ram_vectors_start__ = .
 *(.ram_vectors)
 .ram_vectors   0x08024000      0x28c .\CortexM4\ARM_GCC_541\Release\startup_psoc6_01_cm4.o
                0x08024000                __ramVectors
                0x0802428c                __ram_vectors_end__ = .

.data           0x0802428c      0x5ac load address 0x10084e78
                0x0802428c                __data_start__ = .
 *(vtable)
 *(.data*)
 .data          0x0802428c        0xc .\CortexM4\ARM_GCC_541\Release\main_cm4.o
                0x0802428c                num_pulses
                0x08024290                phase_1
                0x08024294                phase_2
 .data          0x08024298       0x20 .\CortexM4\ARM_GCC_541\Release\system_psoc6_cm4.o
                0x08024298                cy_BleEcoClockFreqHz
                0x0802429c                cy_Hfclk0FreqHz
                0x080242a0                cy_PeriClkFreqHz
                0x080242a4                SystemCoreClock
                0x080242a8                cy_delayFreqHz
                0x080242ac                cy_delayFreqMhz
                0x080242b0                cy_delayFreqKhz
                0x080242b4                cy_delay32kMs
 .data.impure_data
                0x080242b8       0x60 c:/program files (x86)/cypress/psoc creator/4.4/psoc creator/import/gnu/arm/5.4.1/bin/../lib/gcc/arm-none-eabi/5.4.1/../../../../arm-none-eabi/lib/armv7e-m/softfp\libg_nano.a(lib_a-impure.o)
 .data._impure_ptr
                0x08024318        0x4 c:/program files (x86)/cypress/psoc creator/4.4/psoc creator/import/gnu/arm/5.4.1/bin/../lib/gcc/arm-none-eabi/5.4.1/../../../../arm-none-eabi/lib/armv7e-m/softfp\libg_nano.a(lib_a-impure.o)
                0x08024318                _impure_ptr
 .data.lconv    0x0802431c       0x38 c:/program files (x86)/cypress/psoc creator/4.4/psoc creator/import/gnu/arm/5.4.1/bin/../lib/gcc/arm-none-eabi/5.4.1/../../../../arm-none-eabi/lib/armv7e-m/softfp\libg_nano.a(lib_a-locale.o)
                0x08024354                . = ALIGN (0x4)
                0x08024354                PROVIDE (__preinit_array_start, .)
 *(.preinit_array)
                0x08024354                PROVIDE (__preinit_array_end, .)
                0x08024354                . = ALIGN (0x4)
                0x08024354                PROVIDE (__init_array_start, .)
 *(SORT(.init_array.*))
 *(.init_array)
 .init_array    0x08024354        0x4 c:/program files (x86)/cypress/psoc creator/4.4/psoc creator/import/gnu/arm/5.4.1/bin/../lib/gcc/arm-none-eabi/5.4.1/armv7e-m/softfp/crtbegin.o
                0x08024358                PROVIDE (__init_array_end, .)
                0x08024358                . = ALIGN (0x4)
                [!provide]                PROVIDE (__fini_array_start, .)
 *(SORT(.fini_array.*))
 *(.fini_array)
 .fini_array    0x08024358        0x4 c:/program files (x86)/cypress/psoc creator/4.4/psoc creator/import/gnu/arm/5.4.1/bin/../lib/gcc/arm-none-eabi/5.4.1/armv7e-m/softfp/crtbegin.o
                [!provide]                PROVIDE (__fini_array_end, .)
 *(.jcr*)
 .jcr           0x0802435c        0x0 c:/program files (x86)/cypress/psoc creator/4.4/psoc creator/import/gnu/arm/5.4.1/bin/../lib/gcc/arm-none-eabi/5.4.1/armv7e-m/softfp/crtbegin.o
 .jcr           0x0802435c        0x4 c:/program files (x86)/cypress/psoc creator/4.4/psoc creator/import/gnu/arm/5.4.1/bin/../lib/gcc/arm-none-eabi/5.4.1/armv7e-m/softfp/crtend.o
                0x08024360                . = ALIGN (0x4)
 *(.cy_ramfunc*)
 .cy_ramfunc    0x08024360      0x240 .\CortexM4\ARM_GCC_541\Release\cy_flash.o
                0x080243ea                Cy_Flash_ResumeIrqHandler
 .cy_ramfunc    0x080245a0      0x1d4 .\CortexM4\ARM_GCC_541\Release\cy_syspm.o
 *fill*         0x08024774        0x4 
 .cy_ramfunc.__stub
                0x08024778       0xc0 linker stubs
                0x08024838                . = ALIGN (0x4)
                0x08024838                __data_end__ = .

.igot.plt       0x08024838        0x0 load address 0x10085424
 .igot.plt      0x08024838        0x0 c:/program files (x86)/cypress/psoc creator/4.4/psoc creator/import/gnu/arm/5.4.1/bin/../lib/gcc/arm-none-eabi/5.4.1/armv7e-m/softfp/crtbegin.o

.noinit         0x08024838       0x78 load address 0x10085428
 *(.noinit)
 .noinit        0x08024838       0x78 .\CortexM4\ARM_GCC_541\Release\cy_syslib.o
                0x08024838                cy_faultFrame

.bss            0x080248b0      0x27c load address 0x100854a0
                0x080248b0                . = ALIGN (0x4)
                0x080248b0                __bss_start__ = .
 *(.bss*)
 .bss           0x080248b0       0x1c c:/program files (x86)/cypress/psoc creator/4.4/psoc creator/import/gnu/arm/5.4.1/bin/../lib/gcc/arm-none-eabi/5.4.1/armv7e-m/softfp/crtbegin.o
 .bss           0x080248cc       0x18 .\CortexM4\ARM_GCC_541\Release\main_cm4.o
                0x080248cc                comparevalue
                0x080248d0                current_phase
                0x080248d4                dacWrite
                0x080248d8                curr_num_pulses
                0x080248dc                inter_stim_gap
                0x080248e0                inter_stim_delay
 .bss           0x080248e4      0x180 .\CortexM4\ARM_GCC_541\Release\system_psoc6_cm4.o
 .bss           0x08024a64        0x1 .\CortexM4\ARM_GCC_541\Release\UART.o
                0x08024a64                UART_initVar
 *fill*         0x08024a65        0x3 
 .bss           0x08024a68       0x18 .\CortexM4\ARM_GCC_541\Release\cy_flash.o
 .bss           0x08024a80        0xc .\CortexM4\ARM_GCC_541\Release\cy_ipc_sema.o
 .bss           0x08024a8c        0x4 .\CortexM4\ARM_GCC_541\Release\cy_ipc_pipe.o
 .bss           0x08024a90       0x3c .\CortexM4\ARM_GCC_541\Release\cy_syspm.o
 .bss           0x08024acc        0x8 .\CortexM4\ARM_GCC_541\Release\VDAC_1.o
                0x08024acc                VDAC_1_initVar
 .bss.__malloc_sbrk_start
                0x08024ad4        0x4 c:/program files (x86)/cypress/psoc creator/4.4/psoc creator/import/gnu/arm/5.4.1/bin/../lib/gcc/arm-none-eabi/5.4.1/../../../../arm-none-eabi/lib/armv7e-m/softfp\libg_nano.a(lib_a-nano-mallocr.o)
                0x08024ad4                __malloc_sbrk_start
 .bss.__malloc_free_list
                0x08024ad8        0x4 c:/program files (x86)/cypress/psoc creator/4.4/psoc creator/import/gnu/arm/5.4.1/bin/../lib/gcc/arm-none-eabi/5.4.1/../../../../arm-none-eabi/lib/armv7e-m/softfp\libg_nano.a(lib_a-nano-mallocr.o)
                0x08024ad8                __malloc_free_list
 .bss.heap_end.4169
                0x08024adc        0x4 c:/program files (x86)/cypress/psoc creator/4.4/psoc creator/import/gnu/arm/5.4.1/bin/../lib/gcc/arm-none-eabi/5.4.1/../../../../arm-none-eabi/lib/armv7e-m/softfp\libnosys.a(sbrk.o)
 *(COMMON)
 COMMON         0x08024ae0       0x10 .\CortexM4\ARM_GCC_541\Release\main_cm4.o
                0x08024ae0                phases
 COMMON         0x08024af0       0x34 .\CortexM4\ARM_GCC_541\Release\UART.o
                0x08024af0                UART_context
 COMMON         0x08024b24        0x4 .\CortexM4\ARM_GCC_541\Release\cy_device.o
                0x08024b24                cy_device
 COMMON         0x08024b28        0x4 c:/program files (x86)/cypress/psoc creator/4.4/psoc creator/import/gnu/arm/5.4.1/bin/../lib/gcc/arm-none-eabi/5.4.1/../../../../arm-none-eabi/lib/armv7e-m/softfp\libg_nano.a(lib_a-reent.o)
                0x08024b28                errno
                0x08024b2c                . = ALIGN (0x4)
                0x08024b2c                __bss_end__ = .

.heap           0x08024b30      0x400
                0x08024b30                __HeapBase = .
                0x08024b30                __end__ = .
                0x08024b30                end = __end__
 *(.heap*)
 .heap          0x08024b30      0x400 .\CortexM4\ARM_GCC_541\Release\startup_psoc6_01_cm4.o
                0x08024f30                __HeapLimit = .

.stack_dummy    0x08024b30     0x1000
 *(.stack*)
 .stack         0x08024b30     0x1000 .\CortexM4\ARM_GCC_541\Release\startup_psoc6_01_cm4.o
                0x08047800                __StackTop = (ORIGIN (ram) + LENGTH (ram))
                0x08046800                __StackLimit = (__StackTop - SIZEOF (.stack_dummy))
                0x08047800                PROVIDE (__stack, __StackTop)
                0x00000001                ASSERT ((__StackLimit >= __HeapLimit), region RAM overflowed with stack)

.cy_app_signature
 *(.cy_app_signature)

.cy_em_eeprom
 *(.cy_em_eeprom)

.cy_sflash_user_data
 *(.cy_sflash_user_data)

.cy_sflash_nar
 *(.cy_sflash_nar)

.cy_sflash_public_key
 *(.cy_sflash_public_key)

.cy_toc_part2
 *(.cy_toc_part2)

.cy_rtoc_part2
 *(.cy_rtoc_part2)

.cy_xip
 *(.cy_xip)

.cy_efuse
 *(.cy_efuse)

.cymeta         0x90500000        0xc
 *(.cymeta)
 .cymeta        0x90500000        0xc .\CortexM4\ARM_GCC_541\Release\cymetadata.o
                0x90500000                cy_metadata
                0x10000000                __cy_memory_0_start = 0x10000000
                0x00100000                __cy_memory_0_length = 0x100000
                0x00000200                __cy_memory_0_row_size = 0x200
                0x14000000                __cy_memory_1_start = 0x14000000
                0x00008000                __cy_memory_1_length = 0x8000
                0x00000200                __cy_memory_1_row_size = 0x200
                0x16000000                __cy_memory_2_start = 0x16000000
                0x00008000                __cy_memory_2_length = 0x8000
                0x00000200                __cy_memory_2_row_size = 0x200
                0x18000000                __cy_memory_3_start = 0x18000000
                0x08000000                __cy_memory_3_length = 0x8000000
                0x00000200                __cy_memory_3_row_size = 0x200
                0x90700000                __cy_memory_4_start = 0x90700000
                0x00100000                __cy_memory_4_length = 0x100000
                0x00000001                __cy_memory_4_row_size = 0x1
OUTPUT(C:\Users\cmila\uni\projects\Neural-Stimulator-Firmware\new\PSOC6\TIMER\SampleMicroSeconds.cydsn\CortexM4\ARM_GCC_541\Release\SampleMicroSeconds_link.elf elf32-littlearm)

.rel.dyn        0x08024b2c        0x0 load address 0x98560bfc
 .rel.iplt      0x08024b2c        0x0 c:/program files (x86)/cypress/psoc creator/4.4/psoc creator/import/gnu/arm/5.4.1/bin/../lib/gcc/arm-none-eabi/5.4.1/armv7e-m/softfp/crtbegin.o

.ARM.attributes
                0x00000000       0x2e
 .ARM.attributes
                0x00000000       0x22 c:/program files (x86)/cypress/psoc creator/4.4/psoc creator/import/gnu/arm/5.4.1/bin/../lib/gcc/arm-none-eabi/5.4.1/armv7e-m/softfp/crti.o
 .ARM.attributes
                0x00000022       0x32 c:/program files (x86)/cypress/psoc creator/4.4/psoc creator/import/gnu/arm/5.4.1/bin/../lib/gcc/arm-none-eabi/5.4.1/armv7e-m/softfp/crtbegin.o
 .ARM.attributes
                0x00000054       0x1f .\CortexM4\ARM_GCC_541\Release\startup_psoc6_01_cm4.o
 .ARM.attributes
                0x00000073       0x37 .\CortexM4\ARM_GCC_541\Release\main_cm4.o
 .ARM.attributes
                0x000000aa       0x37 .\CortexM4\ARM_GCC_541\Release\system_psoc6_cm4.o
 .ARM.attributes
                0x000000e1       0x37 .\CortexM4\ARM_GCC_541\Release\stdio_user.o
 .ARM.attributes
                0x00000118       0x37 .\CortexM4\ARM_GCC_541\Release\cyfitter_sysint_cfg.o
 .ARM.attributes
                0x0000014f       0x37 .\CortexM4\ARM_GCC_541\Release\cymetadata.o
 .ARM.attributes
                0x00000186       0x37 .\CortexM4\ARM_GCC_541\Release\Timer.o
 .ARM.attributes
                0x000001bd       0x37 .\CortexM4\ARM_GCC_541\Release\UART.o
 .ARM.attributes
                0x000001f4       0x37 .\CortexM4\ARM_GCC_541\Release\cy_flash.o
 .ARM.attributes
                0x0000022b       0x37 .\CortexM4\ARM_GCC_541\Release\cy_ipc_drv.o
 .ARM.attributes
                0x00000262       0x37 .\CortexM4\ARM_GCC_541\Release\cy_ipc_sema.o
 .ARM.attributes
                0x00000299       0x37 .\CortexM4\ARM_GCC_541\Release\cy_ipc_pipe.o
 .ARM.attributes
                0x000002d0       0x37 .\CortexM4\ARM_GCC_541\Release\cy_scb_common.o
 .ARM.attributes
                0x00000307       0x37 .\CortexM4\ARM_GCC_541\Release\cy_scb_uart.o
 .ARM.attributes
                0x0000033e       0x37 .\CortexM4\ARM_GCC_541\Release\cy_sysint.o
 .ARM.attributes
                0x00000375       0x37 .\CortexM4\ARM_GCC_541\Release\cy_syslib.o
 .ARM.attributes
                0x000003ac       0x25 .\CortexM4\ARM_GCC_541\Release\cy_syslib_gcc.o
 .ARM.attributes
                0x000003d1       0x37 .\CortexM4\ARM_GCC_541\Release\cy_syspm.o
 .ARM.attributes
                0x00000408       0x37 .\CortexM4\ARM_GCC_541\Release\cy_tcpwm_counter.o
 .ARM.attributes
                0x0000043f       0x37 .\CortexM4\ARM_GCC_541\Release\cy_device.o
 .ARM.attributes
                0x00000476       0x37 .\CortexM4\ARM_GCC_541\Release\cy_ctb.o
 .ARM.attributes
                0x000004ad       0x37 .\CortexM4\ARM_GCC_541\Release\cy_ctdac.o
 .ARM.attributes
                0x000004e4       0x37 .\CortexM4\ARM_GCC_541\Release\retarget.o
 .ARM.attributes
                0x0000051b       0x37 .\CortexM4\ARM_GCC_541\Release\VDAC_1.o
 .ARM.attributes
                0x00000552       0x22 c:/program files (x86)/cypress/psoc creator/4.4/psoc creator/import/gnu/arm/5.4.1/bin/../lib/gcc/arm-none-eabi/5.4.1/armv7e-m/softfp\libgcc.a(_arm_addsubdf3.o)
 .ARM.attributes
                0x00000574       0x22 c:/program files (x86)/cypress/psoc creator/4.4/psoc creator/import/gnu/arm/5.4.1/bin/../lib/gcc/arm-none-eabi/5.4.1/armv7e-m/softfp\libgcc.a(_arm_muldivdf3.o)
 .ARM.attributes
                0x00000596       0x32 c:/program files (x86)/cypress/psoc creator/4.4/psoc creator/import/gnu/arm/5.4.1/bin/../lib/gcc/arm-none-eabi/5.4.1/../../../../arm-none-eabi/lib/armv7e-m/softfp\libg_nano.a(lib_a-impure.o)
 .ARM.attributes
                0x000005c8       0x32 c:/program files (x86)/cypress/psoc creator/4.4/psoc creator/import/gnu/arm/5.4.1/bin/../lib/gcc/arm-none-eabi/5.4.1/../../../../arm-none-eabi/lib/armv7e-m/softfp\libg_nano.a(lib_a-memset.o)
 .ARM.attributes
                0x000005fa       0x32 c:/program files (x86)/cypress/psoc creator/4.4/psoc creator/import/gnu/arm/5.4.1/bin/../lib/gcc/arm-none-eabi/5.4.1/../../../../arm-none-eabi/lib/armv7e-m/softfp\libg_nano.a(lib_a-nano-vfprintf_float.o)
 .ARM.attributes
                0x0000062c       0x32 c:/program files (x86)/cypress/psoc creator/4.4/psoc creator/import/gnu/arm/5.4.1/bin/../lib/gcc/arm-none-eabi/5.4.1/../../../../arm-none-eabi/lib/armv7e-m/softfp\libg_nano.a(lib_a-nano-vfprintf_i.o)
 .ARM.attributes
                0x0000065e       0x32 c:/program files (x86)/cypress/psoc creator/4.4/psoc creator/import/gnu/arm/5.4.1/bin/../lib/gcc/arm-none-eabi/5.4.1/../../../../arm-none-eabi/lib/armv7e-m/softfp\libg_nano.a(lib_a-printf.o)
 .ARM.attributes
                0x00000690       0x32 c:/program files (x86)/cypress/psoc creator/4.4/psoc creator/import/gnu/arm/5.4.1/bin/../lib/gcc/arm-none-eabi/5.4.1/../../../../arm-none-eabi/lib/armv7e-m/softfp\libg_nano.a(lib_a-setvbuf.o)
 .ARM.attributes
                0x000006c2       0x1b c:/program files (x86)/cypress/psoc creator/4.4/psoc creator/import/gnu/arm/5.4.1/bin/../lib/gcc/arm-none-eabi/5.4.1/../../../../arm-none-eabi/lib/armv7e-m/softfp\libg_nano.a(lib_a-strlen.o)
 .ARM.attributes
                0x000006dd       0x32 c:/program files (x86)/cypress/psoc creator/4.4/psoc creator/import/gnu/arm/5.4.1/bin/../lib/gcc/arm-none-eabi/5.4.1/../../../../arm-none-eabi/lib/armv7e-m/softfp\libg_nano.a(lib_a-dtoa.o)
 .ARM.attributes
                0x0000070f       0x32 c:/program files (x86)/cypress/psoc creator/4.4/psoc creator/import/gnu/arm/5.4.1/bin/../lib/gcc/arm-none-eabi/5.4.1/../../../../arm-none-eabi/lib/armv7e-m/softfp\libg_nano.a(lib_a-fflush.o)
 .ARM.attributes
                0x00000741       0x32 c:/program files (x86)/cypress/psoc creator/4.4/psoc creator/import/gnu/arm/5.4.1/bin/../lib/gcc/arm-none-eabi/5.4.1/../../../../arm-none-eabi/lib/armv7e-m/softfp\libg_nano.a(lib_a-findfp.o)
 .ARM.attributes
                0x00000773       0x32 c:/program files (x86)/cypress/psoc creator/4.4/psoc creator/import/gnu/arm/5.4.1/bin/../lib/gcc/arm-none-eabi/5.4.1/../../../../arm-none-eabi/lib/armv7e-m/softfp\libg_nano.a(lib_a-fwalk.o)
 .ARM.attributes
                0x000007a5       0x32 c:/program files (x86)/cypress/psoc creator/4.4/psoc creator/import/gnu/arm/5.4.1/bin/../lib/gcc/arm-none-eabi/5.4.1/../../../../arm-none-eabi/lib/armv7e-m/softfp\libg_nano.a(lib_a-locale.o)
 .ARM.attributes
                0x000007d7       0x32 c:/program files (x86)/cypress/psoc creator/4.4/psoc creator/import/gnu/arm/5.4.1/bin/../lib/gcc/arm-none-eabi/5.4.1/../../../../arm-none-eabi/lib/armv7e-m/softfp\libg_nano.a(lib_a-makebuf.o)
 .ARM.attributes
                0x00000809       0x32 c:/program files (x86)/cypress/psoc creator/4.4/psoc creator/import/gnu/arm/5.4.1/bin/../lib/gcc/arm-none-eabi/5.4.1/../../../../arm-none-eabi/lib/armv7e-m/softfp\libg_nano.a(lib_a-malloc.o)
 .ARM.attributes
                0x0000083b       0x20 c:/program files (x86)/cypress/psoc creator/4.4/psoc creator/import/gnu/arm/5.4.1/bin/../lib/gcc/arm-none-eabi/5.4.1/../../../../arm-none-eabi/lib/armv7e-m/softfp\libg_nano.a(lib_a-memchr.o)
 .ARM.attributes
                0x0000085b       0x32 c:/program files (x86)/cypress/psoc creator/4.4/psoc creator/import/gnu/arm/5.4.1/bin/../lib/gcc/arm-none-eabi/5.4.1/../../../../arm-none-eabi/lib/armv7e-m/softfp\libg_nano.a(lib_a-memcpy-stub.o)
 .ARM.attributes
                0x0000088d       0x32 c:/program files (x86)/cypress/psoc creator/4.4/psoc creator/import/gnu/arm/5.4.1/bin/../lib/gcc/arm-none-eabi/5.4.1/../../../../arm-none-eabi/lib/armv7e-m/softfp\libg_nano.a(lib_a-mprec.o)
 .ARM.attributes
                0x000008bf       0x32 c:/program files (x86)/cypress/psoc creator/4.4/psoc creator/import/gnu/arm/5.4.1/bin/../lib/gcc/arm-none-eabi/5.4.1/../../../../arm-none-eabi/lib/armv7e-m/softfp\libg_nano.a(lib_a-nano-callocr.o)
 .ARM.attributes
                0x000008f1       0x32 c:/program files (x86)/cypress/psoc creator/4.4/psoc creator/import/gnu/arm/5.4.1/bin/../lib/gcc/arm-none-eabi/5.4.1/../../../../arm-none-eabi/lib/armv7e-m/softfp\libg_nano.a(lib_a-nano-freer.o)
 .ARM.attributes
                0x00000923       0x32 c:/program files (x86)/cypress/psoc creator/4.4/psoc creator/import/gnu/arm/5.4.1/bin/../lib/gcc/arm-none-eabi/5.4.1/../../../../arm-none-eabi/lib/armv7e-m/softfp\libg_nano.a(lib_a-nano-mallocr.o)
 .ARM.attributes
                0x00000955       0x32 c:/program files (x86)/cypress/psoc creator/4.4/psoc creator/import/gnu/arm/5.4.1/bin/../lib/gcc/arm-none-eabi/5.4.1/../../../../arm-none-eabi/lib/armv7e-m/softfp\libg_nano.a(lib_a-nano-vfprintf.o)
 .ARM.attributes
                0x00000987       0x32 c:/program files (x86)/cypress/psoc creator/4.4/psoc creator/import/gnu/arm/5.4.1/bin/../lib/gcc/arm-none-eabi/5.4.1/../../../../arm-none-eabi/lib/armv7e-m/softfp\libg_nano.a(lib_a-sbrkr.o)
 .ARM.attributes
                0x000009b9       0x32 c:/program files (x86)/cypress/psoc creator/4.4/psoc creator/import/gnu/arm/5.4.1/bin/../lib/gcc/arm-none-eabi/5.4.1/../../../../arm-none-eabi/lib/armv7e-m/softfp\libg_nano.a(lib_a-stdio.o)
 .ARM.attributes
                0x000009eb       0x32 c:/program files (x86)/cypress/psoc creator/4.4/psoc creator/import/gnu/arm/5.4.1/bin/../lib/gcc/arm-none-eabi/5.4.1/../../../../arm-none-eabi/lib/armv7e-m/softfp\libg_nano.a(lib_a-wbuf.o)
 .ARM.attributes
                0x00000a1d       0x32 c:/program files (x86)/cypress/psoc creator/4.4/psoc creator/import/gnu/arm/5.4.1/bin/../lib/gcc/arm-none-eabi/5.4.1/../../../../arm-none-eabi/lib/armv7e-m/softfp\libg_nano.a(lib_a-writer.o)
 .ARM.attributes
                0x00000a4f       0x32 c:/program files (x86)/cypress/psoc creator/4.4/psoc creator/import/gnu/arm/5.4.1/bin/../lib/gcc/arm-none-eabi/5.4.1/../../../../arm-none-eabi/lib/armv7e-m/softfp\libg_nano.a(lib_a-wsetup.o)
 .ARM.attributes
                0x00000a81       0x32 c:/program files (x86)/cypress/psoc creator/4.4/psoc creator/import/gnu/arm/5.4.1/bin/../lib/gcc/arm-none-eabi/5.4.1/../../../../arm-none-eabi/lib/armv7e-m/softfp\libg_nano.a(lib_a-closer.o)
 .ARM.attributes
                0x00000ab3       0x32 c:/program files (x86)/cypress/psoc creator/4.4/psoc creator/import/gnu/arm/5.4.1/bin/../lib/gcc/arm-none-eabi/5.4.1/../../../../arm-none-eabi/lib/armv7e-m/softfp\libg_nano.a(lib_a-fstatr.o)
 .ARM.attributes
                0x00000ae5       0x32 c:/program files (x86)/cypress/psoc creator/4.4/psoc creator/import/gnu/arm/5.4.1/bin/../lib/gcc/arm-none-eabi/5.4.1/../../../../arm-none-eabi/lib/armv7e-m/softfp\libg_nano.a(lib_a-isattyr.o)
 .ARM.attributes
                0x00000b17       0x32 c:/program files (x86)/cypress/psoc creator/4.4/psoc creator/import/gnu/arm/5.4.1/bin/../lib/gcc/arm-none-eabi/5.4.1/../../../../arm-none-eabi/lib/armv7e-m/softfp\libg_nano.a(lib_a-lseekr.o)
 .ARM.attributes
                0x00000b49       0x32 c:/program files (x86)/cypress/psoc creator/4.4/psoc creator/import/gnu/arm/5.4.1/bin/../lib/gcc/arm-none-eabi/5.4.1/../../../../arm-none-eabi/lib/armv7e-m/softfp\libg_nano.a(lib_a-mlock.o)
 .ARM.attributes
                0x00000b7b       0x32 c:/program files (x86)/cypress/psoc creator/4.4/psoc creator/import/gnu/arm/5.4.1/bin/../lib/gcc/arm-none-eabi/5.4.1/../../../../arm-none-eabi/lib/armv7e-m/softfp\libg_nano.a(lib_a-readr.o)
 .ARM.attributes
                0x00000bad       0x32 c:/program files (x86)/cypress/psoc creator/4.4/psoc creator/import/gnu/arm/5.4.1/bin/../lib/gcc/arm-none-eabi/5.4.1/../../../../arm-none-eabi/lib/armv7e-m/softfp\libg_nano.a(lib_a-reent.o)
 .ARM.attributes
                0x00000bdf       0x22 c:/program files (x86)/cypress/psoc creator/4.4/psoc creator/import/gnu/arm/5.4.1/bin/../lib/gcc/arm-none-eabi/5.4.1/armv7e-m/softfp\libgcc.a(_arm_cmpdf2.o)
 .ARM.attributes
                0x00000c01       0x22 c:/program files (x86)/cypress/psoc creator/4.4/psoc creator/import/gnu/arm/5.4.1/bin/../lib/gcc/arm-none-eabi/5.4.1/armv7e-m/softfp\libgcc.a(_arm_unorddf2.o)
 .ARM.attributes
                0x00000c23       0x22 c:/program files (x86)/cypress/psoc creator/4.4/psoc creator/import/gnu/arm/5.4.1/bin/../lib/gcc/arm-none-eabi/5.4.1/armv7e-m/softfp\libgcc.a(_arm_fixdfsi.o)
 .ARM.attributes
                0x00000c45       0x32 c:/program files (x86)/cypress/psoc creator/4.4/psoc creator/import/gnu/arm/5.4.1/bin/../lib/gcc/arm-none-eabi/5.4.1/armv7e-m/softfp/crtend.o
 .ARM.attributes
                0x00000c77       0x22 c:/program files (x86)/cypress/psoc creator/4.4/psoc creator/import/gnu/arm/5.4.1/bin/../lib/gcc/arm-none-eabi/5.4.1/armv7e-m/softfp/crtn.o
 .ARM.attributes
                0x00000c99       0x32 c:/program files (x86)/cypress/psoc creator/4.4/psoc creator/import/gnu/arm/5.4.1/bin/../lib/gcc/arm-none-eabi/5.4.1/../../../../arm-none-eabi/lib/armv7e-m/softfp\libnosys.a(close.o)
 .ARM.attributes
                0x00000ccb       0x32 c:/program files (x86)/cypress/psoc creator/4.4/psoc creator/import/gnu/arm/5.4.1/bin/../lib/gcc/arm-none-eabi/5.4.1/../../../../arm-none-eabi/lib/armv7e-m/softfp\libnosys.a(fstat.o)
 .ARM.attributes
                0x00000cfd       0x32 c:/program files (x86)/cypress/psoc creator/4.4/psoc creator/import/gnu/arm/5.4.1/bin/../lib/gcc/arm-none-eabi/5.4.1/../../../../arm-none-eabi/lib/armv7e-m/softfp\libnosys.a(isatty.o)
 .ARM.attributes
                0x00000d2f       0x32 c:/program files (x86)/cypress/psoc creator/4.4/psoc creator/import/gnu/arm/5.4.1/bin/../lib/gcc/arm-none-eabi/5.4.1/../../../../arm-none-eabi/lib/armv7e-m/softfp\libnosys.a(lseek.o)
 .ARM.attributes
                0x00000d61       0x32 c:/program files (x86)/cypress/psoc creator/4.4/psoc creator/import/gnu/arm/5.4.1/bin/../lib/gcc/arm-none-eabi/5.4.1/../../../../arm-none-eabi/lib/armv7e-m/softfp\libnosys.a(sbrk.o)

.comment        0x00000000       0x6e
 .comment       0x00000000       0x6e .\CortexM4\ARM_GCC_541\Release\main_cm4.o
                                 0x6f (size before relaxing)
 .comment       0x0000006e       0x6f .\CortexM4\ARM_GCC_541\Release\system_psoc6_cm4.o
 .comment       0x0000006e       0x6f .\CortexM4\ARM_GCC_541\Release\stdio_user.o
 .comment       0x0000006e       0x6f .\CortexM4\ARM_GCC_541\Release\cyfitter_sysint_cfg.o
 .comment       0x0000006e       0x6f .\CortexM4\ARM_GCC_541\Release\cymetadata.o
 .comment       0x0000006e       0x6f .\CortexM4\ARM_GCC_541\Release\Timer.o
 .comment       0x0000006e       0x6f .\CortexM4\ARM_GCC_541\Release\UART.o
 .comment       0x0000006e       0x6f .\CortexM4\ARM_GCC_541\Release\cy_flash.o
 .comment       0x0000006e       0x6f .\CortexM4\ARM_GCC_541\Release\cy_ipc_drv.o
 .comment       0x0000006e       0x6f .\CortexM4\ARM_GCC_541\Release\cy_ipc_sema.o
 .comment       0x0000006e       0x6f .\CortexM4\ARM_GCC_541\Release\cy_ipc_pipe.o
 .comment       0x0000006e       0x6f .\CortexM4\ARM_GCC_541\Release\cy_scb_common.o
 .comment       0x0000006e       0x6f .\CortexM4\ARM_GCC_541\Release\cy_scb_uart.o
 .comment       0x0000006e       0x6f .\CortexM4\ARM_GCC_541\Release\cy_sysint.o
 .comment       0x0000006e       0x6f .\CortexM4\ARM_GCC_541\Release\cy_syslib.o
 .comment       0x0000006e       0x6f .\CortexM4\ARM_GCC_541\Release\cy_syspm.o
 .comment       0x0000006e       0x6f .\CortexM4\ARM_GCC_541\Release\cy_tcpwm_counter.o
 .comment       0x0000006e       0x6f .\CortexM4\ARM_GCC_541\Release\cy_device.o
 .comment       0x0000006e       0x6f .\CortexM4\ARM_GCC_541\Release\cy_ctb.o
 .comment       0x0000006e       0x6f .\CortexM4\ARM_GCC_541\Release\cy_ctdac.o
 .comment       0x0000006e       0x6f .\CortexM4\ARM_GCC_541\Release\retarget.o
 .comment       0x0000006e       0x6f .\CortexM4\ARM_GCC_541\Release\VDAC_1.o

.debug_line     0x00000000     0x6114
 .debug_line    0x00000000       0x8e .\CortexM4\ARM_GCC_541\Release\startup_psoc6_01_cm4.o
 .debug_line    0x0000008e      0x663 .\CortexM4\ARM_GCC_541\Release\main_cm4.o
 .debug_line    0x000006f1      0x428 .\CortexM4\ARM_GCC_541\Release\system_psoc6_cm4.o
 .debug_line    0x00000b19      0x41f .\CortexM4\ARM_GCC_541\Release\stdio_user.o
 .debug_line    0x00000f38      0x24f .\CortexM4\ARM_GCC_541\Release\cyfitter_sysint_cfg.o
 .debug_line    0x00001187      0x141 .\CortexM4\ARM_GCC_541\Release\cymetadata.o
 .debug_line    0x000012c8      0x271 .\CortexM4\ARM_GCC_541\Release\Timer.o
 .debug_line    0x00001539      0x332 .\CortexM4\ARM_GCC_541\Release\UART.o
 .debug_line    0x0000186b      0x796 .\CortexM4\ARM_GCC_541\Release\cy_flash.o
 .debug_line    0x00002001      0x2f3 .\CortexM4\ARM_GCC_541\Release\cy_ipc_drv.o
 .debug_line    0x000022f4      0x425 .\CortexM4\ARM_GCC_541\Release\cy_ipc_sema.o
 .debug_line    0x00002719      0x539 .\CortexM4\ARM_GCC_541\Release\cy_ipc_pipe.o
 .debug_line    0x00002c52      0x4be .\CortexM4\ARM_GCC_541\Release\cy_scb_common.o
 .debug_line    0x00003110      0x86b .\CortexM4\ARM_GCC_541\Release\cy_scb_uart.o
 .debug_line    0x0000397b      0x2ca .\CortexM4\ARM_GCC_541\Release\cy_sysint.o
 .debug_line    0x00003c45      0x3e7 .\CortexM4\ARM_GCC_541\Release\cy_syslib.o
 .debug_line    0x0000402c       0x89 .\CortexM4\ARM_GCC_541\Release\cy_syslib_gcc.o
 .debug_line    0x000040b5      0x9c0 .\CortexM4\ARM_GCC_541\Release\cy_syspm.o
 .debug_line    0x00004a75      0x2a3 .\CortexM4\ARM_GCC_541\Release\cy_tcpwm_counter.o
 .debug_line    0x00004d18      0x17e .\CortexM4\ARM_GCC_541\Release\cy_device.o
 .debug_line    0x00004e96      0x5a8 .\CortexM4\ARM_GCC_541\Release\cy_ctb.o
 .debug_line    0x0000543e      0x563 .\CortexM4\ARM_GCC_541\Release\cy_ctdac.o
 .debug_line    0x000059a1      0x3b6 .\CortexM4\ARM_GCC_541\Release\retarget.o
 .debug_line    0x00005d57      0x3bd .\CortexM4\ARM_GCC_541\Release\VDAC_1.o

.debug_info     0x00000000    0x1c296
 .debug_info    0x00000000       0xa3 .\CortexM4\ARM_GCC_541\Release\startup_psoc6_01_cm4.o
 .debug_info    0x000000a3     0x2088 .\CortexM4\ARM_GCC_541\Release\main_cm4.o
 .debug_info    0x0000212b     0x1bb7 .\CortexM4\ARM_GCC_541\Release\system_psoc6_cm4.o
 .debug_info    0x00003ce2     0x122f .\CortexM4\ARM_GCC_541\Release\stdio_user.o
 .debug_info    0x00004f11      0x95b .\CortexM4\ARM_GCC_541\Release\cyfitter_sysint_cfg.o
 .debug_info    0x0000586c       0xac .\CortexM4\ARM_GCC_541\Release\cymetadata.o
 .debug_info    0x00005918      0x488 .\CortexM4\ARM_GCC_541\Release\Timer.o
 .debug_info    0x00005da0     0x13ce .\CortexM4\ARM_GCC_541\Release\UART.o
 .debug_info    0x0000716e     0x279e .\CortexM4\ARM_GCC_541\Release\cy_flash.o
 .debug_info    0x0000990c      0x889 .\CortexM4\ARM_GCC_541\Release\cy_ipc_drv.o
 .debug_info    0x0000a195      0xbee .\CortexM4\ARM_GCC_541\Release\cy_ipc_sema.o
 .debug_info    0x0000ad83     0x168f .\CortexM4\ARM_GCC_541\Release\cy_ipc_pipe.o
 .debug_info    0x0000c412     0x12dd .\CortexM4\ARM_GCC_541\Release\cy_scb_common.o
 .debug_info    0x0000d6ef     0x24de .\CortexM4\ARM_GCC_541\Release\cy_scb_uart.o
 .debug_info    0x0000fbcd      0xdbd .\CortexM4\ARM_GCC_541\Release\cy_sysint.o
 .debug_info    0x0001098a     0x2445 .\CortexM4\ARM_GCC_541\Release\cy_syslib.o
 .debug_info    0x00012dcf       0xd1 .\CortexM4\ARM_GCC_541\Release\cy_syslib_gcc.o
 .debug_info    0x00012ea0     0x3e56 .\CortexM4\ARM_GCC_541\Release\cy_syspm.o
 .debug_info    0x00016cf6      0x43f .\CortexM4\ARM_GCC_541\Release\cy_tcpwm_counter.o
 .debug_info    0x00017135      0x551 .\CortexM4\ARM_GCC_541\Release\cy_device.o
 .debug_info    0x00017686     0x1722 .\CortexM4\ARM_GCC_541\Release\cy_ctb.o
 .debug_info    0x00018da8     0x1805 .\CortexM4\ARM_GCC_541\Release\cy_ctdac.o
 .debug_info    0x0001a5ad      0xc8f .\CortexM4\ARM_GCC_541\Release\retarget.o
 .debug_info    0x0001b23c     0x105a .\CortexM4\ARM_GCC_541\Release\VDAC_1.o

.debug_abbrev   0x00000000     0x334d
 .debug_abbrev  0x00000000       0x14 .\CortexM4\ARM_GCC_541\Release\startup_psoc6_01_cm4.o
 .debug_abbrev  0x00000014      0x355 .\CortexM4\ARM_GCC_541\Release\main_cm4.o
 .debug_abbrev  0x00000369      0x242 .\CortexM4\ARM_GCC_541\Release\system_psoc6_cm4.o
 .debug_abbrev  0x000005ab      0x210 .\CortexM4\ARM_GCC_541\Release\stdio_user.o
 .debug_abbrev  0x000007bb       0xe3 .\CortexM4\ARM_GCC_541\Release\cyfitter_sysint_cfg.o
 .debug_abbrev  0x0000089e       0x5d .\CortexM4\ARM_GCC_541\Release\cymetadata.o
 .debug_abbrev  0x000008fb      0x15f .\CortexM4\ARM_GCC_541\Release\Timer.o
 .debug_abbrev  0x00000a5a      0x22b .\CortexM4\ARM_GCC_541\Release\UART.o
 .debug_abbrev  0x00000c85      0x3ce .\CortexM4\ARM_GCC_541\Release\cy_flash.o
 .debug_abbrev  0x00001053      0x187 .\CortexM4\ARM_GCC_541\Release\cy_ipc_drv.o
 .debug_abbrev  0x000011da      0x296 .\CortexM4\ARM_GCC_541\Release\cy_ipc_sema.o
 .debug_abbrev  0x00001470      0x38c .\CortexM4\ARM_GCC_541\Release\cy_ipc_pipe.o
 .debug_abbrev  0x000017fc      0x341 .\CortexM4\ARM_GCC_541\Release\cy_scb_common.o
 .debug_abbrev  0x00001b3d      0x3bf .\CortexM4\ARM_GCC_541\Release\cy_scb_uart.o
 .debug_abbrev  0x00001efc      0x221 .\CortexM4\ARM_GCC_541\Release\cy_sysint.o
 .debug_abbrev  0x0000211d      0x301 .\CortexM4\ARM_GCC_541\Release\cy_syslib.o
 .debug_abbrev  0x0000241e       0x14 .\CortexM4\ARM_GCC_541\Release\cy_syslib_gcc.o
 .debug_abbrev  0x00002432      0x3b0 .\CortexM4\ARM_GCC_541\Release\cy_syspm.o
 .debug_abbrev  0x000027e2      0x158 .\CortexM4\ARM_GCC_541\Release\cy_tcpwm_counter.o
 .debug_abbrev  0x0000293a       0x9d .\CortexM4\ARM_GCC_541\Release\cy_device.o
 .debug_abbrev  0x000029d7      0x2dd .\CortexM4\ARM_GCC_541\Release\cy_ctb.o
 .debug_abbrev  0x00002cb4      0x2f6 .\CortexM4\ARM_GCC_541\Release\cy_ctdac.o
 .debug_abbrev  0x00002faa      0x16a .\CortexM4\ARM_GCC_541\Release\retarget.o
 .debug_abbrev  0x00003114      0x239 .\CortexM4\ARM_GCC_541\Release\VDAC_1.o

.debug_aranges  0x00000000      0x7d8
 .debug_aranges
                0x00000000       0x20 .\CortexM4\ARM_GCC_541\Release\startup_psoc6_01_cm4.o
 .debug_aranges
                0x00000020       0x28 .\CortexM4\ARM_GCC_541\Release\main_cm4.o
 .debug_aranges
                0x00000048       0x40 .\CortexM4\ARM_GCC_541\Release\system_psoc6_cm4.o
 .debug_aranges
                0x00000088       0x28 .\CortexM4\ARM_GCC_541\Release\stdio_user.o
 .debug_aranges
                0x000000b0       0x18 .\CortexM4\ARM_GCC_541\Release\cyfitter_sysint_cfg.o
 .debug_aranges
                0x000000c8       0x18 .\CortexM4\ARM_GCC_541\Release\cymetadata.o
 .debug_aranges
                0x000000e0       0x20 .\CortexM4\ARM_GCC_541\Release\Timer.o
 .debug_aranges
                0x00000100       0x28 .\CortexM4\ARM_GCC_541\Release\UART.o
 .debug_aranges
                0x00000128       0xc8 .\CortexM4\ARM_GCC_541\Release\cy_flash.o
 .debug_aranges
                0x000001f0       0x30 .\CortexM4\ARM_GCC_541\Release\cy_ipc_drv.o
 .debug_aranges
                0x00000220       0x48 .\CortexM4\ARM_GCC_541\Release\cy_ipc_sema.o
 .debug_aranges
                0x00000268       0x68 .\CortexM4\ARM_GCC_541\Release\cy_ipc_pipe.o
 .debug_aranges
                0x000002d0       0x68 .\CortexM4\ARM_GCC_541\Release\cy_scb_common.o
 .debug_aranges
                0x00000338       0xb0 .\CortexM4\ARM_GCC_541\Release\cy_scb_uart.o
 .debug_aranges
                0x000003e8       0x30 .\CortexM4\ARM_GCC_541\Release\cy_sysint.o
 .debug_aranges
                0x00000418       0x70 .\CortexM4\ARM_GCC_541\Release\cy_syslib.o
 .debug_aranges
                0x00000488       0x20 .\CortexM4\ARM_GCC_541\Release\cy_syslib_gcc.o
 .debug_aranges
                0x000004a8      0x138 .\CortexM4\ARM_GCC_541\Release\cy_syspm.o
 .debug_aranges
                0x000005e0       0x28 .\CortexM4\ARM_GCC_541\Release\cy_tcpwm_counter.o
 .debug_aranges
                0x00000608       0x20 .\CortexM4\ARM_GCC_541\Release\cy_device.o
 .debug_aranges
                0x00000628       0xb8 .\CortexM4\ARM_GCC_541\Release\cy_ctb.o
 .debug_aranges
                0x000006e0       0x98 .\CortexM4\ARM_GCC_541\Release\cy_ctdac.o
 .debug_aranges
                0x00000778       0x28 .\CortexM4\ARM_GCC_541\Release\retarget.o
 .debug_aranges
                0x000007a0       0x38 .\CortexM4\ARM_GCC_541\Release\VDAC_1.o

.debug_loc      0x00000000     0x6771
 .debug_loc     0x00000000      0x1d0 .\CortexM4\ARM_GCC_541\Release\main_cm4.o
 .debug_loc     0x000001d0      0x251 .\CortexM4\ARM_GCC_541\Release\system_psoc6_cm4.o
 .debug_loc     0x00000421       0x87 .\CortexM4\ARM_GCC_541\Release\stdio_user.o
 .debug_loc     0x000004a8       0x58 .\CortexM4\ARM_GCC_541\Release\Timer.o
 .debug_loc     0x00000500       0x2b .\CortexM4\ARM_GCC_541\Release\UART.o
 .debug_loc     0x0000052b      0xced .\CortexM4\ARM_GCC_541\Release\cy_flash.o
 .debug_loc     0x00001218      0x190 .\CortexM4\ARM_GCC_541\Release\cy_ipc_drv.o
 .debug_loc     0x000013a8      0x908 .\CortexM4\ARM_GCC_541\Release\cy_ipc_sema.o
 .debug_loc     0x00001cb0      0x723 .\CortexM4\ARM_GCC_541\Release\cy_ipc_pipe.o
 .debug_loc     0x000023d3      0x634 .\CortexM4\ARM_GCC_541\Release\cy_scb_common.o
 .debug_loc     0x00002a07     0x106d .\CortexM4\ARM_GCC_541\Release\cy_scb_uart.o
 .debug_loc     0x00003a74      0x113 .\CortexM4\ARM_GCC_541\Release\cy_sysint.o
 .debug_loc     0x00003b87      0x439 .\CortexM4\ARM_GCC_541\Release\cy_syslib.o
 .debug_loc     0x00003fc0      0xdb8 .\CortexM4\ARM_GCC_541\Release\cy_syspm.o
 .debug_loc     0x00004d78       0xe7 .\CortexM4\ARM_GCC_541\Release\cy_tcpwm_counter.o
 .debug_loc     0x00004e5f      0x9fe .\CortexM4\ARM_GCC_541\Release\cy_ctb.o
 .debug_loc     0x0000585d      0xd6d .\CortexM4\ARM_GCC_541\Release\cy_ctdac.o
 .debug_loc     0x000065ca      0x177 .\CortexM4\ARM_GCC_541\Release\retarget.o
 .debug_loc     0x00006741       0x30 .\CortexM4\ARM_GCC_541\Release\VDAC_1.o

.debug_ranges   0x00000000      0xb10
 .debug_ranges  0x00000000       0x78 .\CortexM4\ARM_GCC_541\Release\main_cm4.o
 .debug_ranges  0x00000078       0x30 .\CortexM4\ARM_GCC_541\Release\system_psoc6_cm4.o
 .debug_ranges  0x000000a8       0x18 .\CortexM4\ARM_GCC_541\Release\stdio_user.o
 .debug_ranges  0x000000c0       0x10 .\CortexM4\ARM_GCC_541\Release\Timer.o
 .debug_ranges  0x000000d0       0x18 .\CortexM4\ARM_GCC_541\Release\UART.o
 .debug_ranges  0x000000e8       0xe8 .\CortexM4\ARM_GCC_541\Release\cy_flash.o
 .debug_ranges  0x000001d0       0x38 .\CortexM4\ARM_GCC_541\Release\cy_ipc_drv.o
 .debug_ranges  0x00000208       0x50 .\CortexM4\ARM_GCC_541\Release\cy_ipc_sema.o
 .debug_ranges  0x00000258       0xc0 .\CortexM4\ARM_GCC_541\Release\cy_ipc_pipe.o
 .debug_ranges  0x00000318       0xe8 .\CortexM4\ARM_GCC_541\Release\cy_scb_common.o
 .debug_ranges  0x00000400      0x260 .\CortexM4\ARM_GCC_541\Release\cy_scb_uart.o
 .debug_ranges  0x00000660       0x20 .\CortexM4\ARM_GCC_541\Release\cy_sysint.o
 .debug_ranges  0x00000680       0x60 .\CortexM4\ARM_GCC_541\Release\cy_syslib.o
 .debug_ranges  0x000006e0      0x260 .\CortexM4\ARM_GCC_541\Release\cy_syspm.o
 .debug_ranges  0x00000940       0x18 .\CortexM4\ARM_GCC_541\Release\cy_tcpwm_counter.o