stm32wbxx_ll_pwr.h:1552:23:LL_PWR_EnableBootC2	4	static
stm32wbxx_ll_exti.h:784:22:LL_C2_EXTI_EnableEvent_32_63	16	static
stm32wbxx_ll_exti.h:1042:22:LL_EXTI_EnableRisingTrig_32_63	16	static
stm32wbxx_ll_bus.h:710:22:LL_AHB3_GRP1_EnableClock	24	static
stm32wbxx_ll_ipcc.h:137:23:LL_C1_IPCC_EnableIT_TXF	16	static
stm32wbxx_ll_ipcc.h:169:23:LL_C1_IPCC_EnableIT_RXO	16	static
stm32wbxx_ll_ipcc.h:285:23:LL_C1_IPCC_EnableTransmitChannel	16	static
stm32wbxx_ll_ipcc.h:308:23:LL_C1_IPCC_DisableTransmitChannel	16	static
stm32wbxx_ll_ipcc.h:355:23:LL_C1_IPCC_EnableReceiveChannel	16	static
stm32wbxx_ll_ipcc.h:572:23:LL_C1_IPCC_ClearFlag_CHx	16	static
stm32wbxx_ll_ipcc.h:596:23:LL_C1_IPCC_SetFlag_CHx	16	static
stm32wbxx_ll_ipcc.h:619:27:LL_C1_IPCC_IsActiveFlag_CHx	16	static
stm32wbxx_ll_ipcc.h:690:27:LL_C2_IPCC_IsActiveFlag_CHx	16	static
hw_ipcc.c:65:6:HW_IPCC_Rx_Handler	8	static
hw_ipcc.c:104:6:HW_IPCC_Tx_Handler	8	static
hw_ipcc.c:139:6:HW_IPCC_Enable	8	static,ignoring_inline_asm
hw_ipcc.c:162:6:HW_IPCC_Init	8	static
hw_ipcc.c:177:6:HW_IPCC_BLE_Init	8	static
hw_ipcc.c:183:6:HW_IPCC_BLE_SendCmd	8	static
hw_ipcc.c:189:13:HW_IPCC_BLE_EvtHandler	8	static
hw_ipcc.c:197:6:HW_IPCC_BLE_SendAclData	8	static
hw_ipcc.c:204:13:HW_IPCC_BLE_AclDataEvtHandler	8	static
hw_ipcc.c:212:13:HW_IPCC_BLE_AclDataAckNot	4	static
hw_ipcc.c:215:13:HW_IPCC_BLE_RxEvtNot	4	static
hw_ipcc.c:222:6:HW_IPCC_SYS_Init	8	static
hw_ipcc.c:228:6:HW_IPCC_SYS_SendCmd	8	static
hw_ipcc.c:235:13:HW_IPCC_SYS_CmdEvtHandler	8	static
hw_ipcc.c:243:13:HW_IPCC_SYS_EvtHandler	8	static
hw_ipcc.c:251:13:HW_IPCC_SYS_CmdEvtNot	4	static
hw_ipcc.c:254:13:HW_IPCC_SYS_EvtNot	4	static
hw_ipcc.c:453:6:HW_IPCC_MM_SendFreeBuf	16	static
hw_ipcc.c:467:13:HW_IPCC_MM_FreeBufHandler	8	static
hw_ipcc.c:480:6:HW_IPCC_TRACES_Init	8	static
hw_ipcc.c:486:13:HW_IPCC_TRACES_EvtHandler	8	static
hw_ipcc.c:494:13:HW_IPCC_TRACES_EvtNot	4	static
