stm32wbxx_ll_exti.h:313:22:LL_EXTI_EnableIT_0_31	16	static
stm32wbxx_ll_exti.h:1020:22:LL_EXTI_EnableRisingTrig_0_31	16	static
stm32wbxx_ll_rcc.h:1350:26:LL_RCC_HSE_IsEnabledDiv2	4	static
stm32wbxx_ll_rcc.h:1412:26:LL_RCC_HSE_IsReady	4	static
stm32wbxx_ll_rcc.h:1574:26:LL_RCC_HSI_IsReady	4	static
stm32wbxx_ll_rcc.h:1667:26:LL_RCC_HSI48_IsReady	4	static
stm32wbxx_ll_rcc.h:1715:26:LL_RCC_LSE_IsEnabled	4	static
stm32wbxx_ll_rcc.h:1775:22:LL_RCC_LSE_EnableCSS	4	static
stm32wbxx_ll_rcc.h:1787:22:LL_RCC_LSE_DisableCSS	4	static
stm32wbxx_ll_rcc.h:1797:26:LL_RCC_LSE_IsReady	4	static
stm32wbxx_ll_rcc.h:1845:26:LL_RCC_LSI1_IsReady	4	static
stm32wbxx_ll_rcc.h:1883:26:LL_RCC_LSI2_IsReady	4	static
stm32wbxx_ll_rcc.h:1894:22:LL_RCC_LSI2_SetTrimming	16	static
stm32wbxx_ll_rcc.h:1942:26:LL_RCC_MSI_IsReady	4	static
stm32wbxx_ll_rcc.h:1956:22:LL_RCC_MSI_EnablePLLMode	4	static
stm32wbxx_ll_rcc.h:1968:22:LL_RCC_MSI_DisablePLLMode	4	static
stm32wbxx_ll_rcc.h:2014:26:LL_RCC_MSI_GetRange	16	static
stm32wbxx_ll_rcc.h:2082:22:LL_RCC_LSCO_Disable	4	static
stm32wbxx_ll_rcc.h:2172:22:LL_RCC_SetRFWKPClockSource	16	static
stm32wbxx_ll_rcc.h:2187:26:LL_RCC_GetRFWKPClockSource	4	static
stm32wbxx_ll_rcc.h:2328:26:LL_RCC_GetAHBPrescaler	4	static
stm32wbxx_ll_rcc.h:2391:26:LL_RCC_GetAPB1Prescaler	4	static
stm32wbxx_ll_rcc.h:2406:26:LL_RCC_GetAPB2Prescaler	4	static
stm32wbxx_ll_rcc.h:2419:22:LL_RCC_SetClkAfterWakeFromStop	16	static
stm32wbxx_ll_rcc.h:2458:22:LL_RCC_SetSMPSClockSource	16	static
stm32wbxx_ll_rcc.h:2471:26:LL_RCC_GetSMPSClockSelection	4	static
stm32wbxx_ll_rcc.h:2486:26:LL_RCC_GetSMPSClockSource	4	static
stm32wbxx_ll_rcc.h:2501:22:LL_RCC_SetSMPSPrescaler	16	static
stm32wbxx_ll_rcc.h:2515:26:LL_RCC_GetSMPSPrescaler	4	static
stm32wbxx_ll_rcc.h:2576:22:LL_RCC_SetUSARTClockSource	16	static
stm32wbxx_ll_rcc.h:2592:22:LL_RCC_SetLPUARTClockSource	16	static
stm32wbxx_ll_rcc.h:2610:22:LL_RCC_SetI2CClockSource	16	static
stm32wbxx_ll_rcc.h:2629:22:LL_RCC_SetLPTIMClockSource	16	static
stm32wbxx_ll_rcc.h:2645:22:LL_RCC_SetSAIClockSource	16	static
stm32wbxx_ll_rcc.h:2661:22:LL_RCC_SetRNGClockSource	16	static
stm32wbxx_ll_rcc.h:2677:22:LL_RCC_SetCLK48ClockSource	16	static
stm32wbxx_ll_rcc.h:2693:22:LL_RCC_SetUSBClockSource	16	static
stm32wbxx_ll_rcc.h:2738:22:LL_RCC_SetADCClockSource	16	static
stm32wbxx_ll_rcc.h:2771:26:LL_RCC_GetUSARTClockSource	16	static
stm32wbxx_ll_rcc.h:2788:26:LL_RCC_GetLPUARTClockSource	16	static
stm32wbxx_ll_rcc.h:2808:26:LL_RCC_GetI2CClockSource	16	static
stm32wbxx_ll_rcc.h:2829:26:LL_RCC_GetLPTIMClockSource	16	static
stm32wbxx_ll_rcc.h:2846:26:LL_RCC_GetSAIClockSource	16	static
stm32wbxx_ll_rcc.h:2862:26:LL_RCC_GetRNGClockSource	16	static
stm32wbxx_ll_rcc.h:2879:26:LL_RCC_GetCLK48ClockSource	16	static
stm32wbxx_ll_rcc.h:2896:26:LL_RCC_GetUSBClockSource	16	static
stm32wbxx_ll_rcc.h:2914:26:LL_RCC_GetADCClockSource	16	static
stm32wbxx_ll_rcc.h:2957:22:LL_RCC_SetRTCClockSource	16	static
stm32wbxx_ll_rcc.h:2971:26:LL_RCC_GetRTCClockSource	4	static
stm32wbxx_ll_rcc.h:3011:22:LL_RCC_ForceBackupDomainReset	4	static
stm32wbxx_ll_rcc.h:3021:22:LL_RCC_ReleaseBackupDomainReset	4	static
stm32wbxx_ll_rcc.h:3061:26:LL_RCC_PLL_IsReady	4	static
stm32wbxx_ll_rcc.h:3279:26:LL_RCC_PLL_GetN	4	static
stm32wbxx_ll_rcc.h:3321:26:LL_RCC_PLL_GetP	4	static
stm32wbxx_ll_rcc.h:3339:26:LL_RCC_PLL_GetQ	4	static
stm32wbxx_ll_rcc.h:3375:26:LL_RCC_PLL_GetDivider	4	static
stm32wbxx_ll_rcc.h:3486:22:LL_RCC_PLLSAI1_Enable	4	static
stm32wbxx_ll_rcc.h:3496:22:LL_RCC_PLLSAI1_Disable	4	static
stm32wbxx_ll_rcc.h:3506:26:LL_RCC_PLLSAI1_IsReady	4	static
stm32wbxx_ll_rcc.h:3664:26:LL_RCC_PLLSAI1_GetN	4	static
stm32wbxx_ll_rcc.h:3706:26:LL_RCC_PLLSAI1_GetP	4	static
stm32wbxx_ll_rcc.h:3724:26:LL_RCC_PLLSAI1_GetQ	4	static
stm32wbxx_ll_rcc.h:3742:26:LL_RCC_PLLSAI1_GetR	4	static
stm32wbxx_ll_rcc.h:3908:26:LL_RCC_PLL_GetMainSource	4	static
stm32wbxx_ll_bus.h:512:22:LL_AHB2_GRP1_EnableClock	24	static
stm32wbxx_ll_bus.h:1034:22:LL_APB1_GRP1_ForceReset	16	static
stm32wbxx_ll_bus.h:1076:22:LL_APB1_GRP1_ReleaseReset	16	static
stm32wbxx_ll_crs.h:302:27:LL_CRS_GetHSI48SmoothTrimming	4	static
stm32wbxx_ll_crs.h:323:27:LL_CRS_GetReloadCounter	4	static
stm32wbxx_ll_crs.h:471:23:LL_CRS_GenerateEvent_SWSYNC	4	static
stm32wbxx_ll_crs.h:483:27:LL_CRS_GetFreqErrorDirection	4	static
stm32wbxx_ll_crs.h:492:27:LL_CRS_GetFreqErrorCapture	4	static
stm32wbxx_ll_crs.h:579:23:LL_CRS_ClearFlag_SYNCOK	4	static
stm32wbxx_ll_crs.h:588:23:LL_CRS_ClearFlag_SYNCWARN	4	static
stm32wbxx_ll_crs.h:598:23:LL_CRS_ClearFlag_ERR	4	static
stm32wbxx_ll_crs.h:607:23:LL_CRS_ClearFlag_ESYNC	4	static
stm32wbxx_hal_rcc_ex.c:150:19:HAL_RCCEx_PeriphCLKConfig	40	static
stm32wbxx_hal_rcc_ex.c:446:6:HAL_RCCEx_GetPeriphCLKConfig	16	static
stm32wbxx_hal_rcc_ex.c:565:10:HAL_RCCEx_GetPeriphCLKFreq	96	static
stm32wbxx_hal_rcc_ex.c:1118:10:HAL_RCCEx_GetRngCLKSource	16	static
stm32wbxx_hal_rcc_ex.c:1157:19:HAL_RCCEx_EnablePLLSAI1	24	static
stm32wbxx_hal_rcc_ex.c:1212:19:HAL_RCCEx_DisablePLLSAI1	16	static
stm32wbxx_hal_rcc_ex.c:1250:6:HAL_RCCEx_WakeUpStopCLKConfig	16	static
stm32wbxx_hal_rcc_ex.c:1263:6:HAL_RCCEx_EnableLSECSS	8	static
stm32wbxx_hal_rcc_ex.c:1272:6:HAL_RCCEx_DisableLSECSS	8	static
stm32wbxx_hal_rcc_ex.c:1284:6:HAL_RCCEx_EnableLSECSS_IT	8	static
stm32wbxx_hal_rcc_ex.c:1301:6:HAL_RCCEx_LSECSS_IRQHandler	8	static
stm32wbxx_hal_rcc_ex.c:1316:13:HAL_RCCEx_LSECSS_Callback	4	static
stm32wbxx_hal_rcc_ex.c:1336:6:HAL_RCCEx_LSCOConfig	40	static
stm32wbxx_hal_rcc_ex.c:1406:6:HAL_RCCEx_EnableLSCO	40	static
stm32wbxx_hal_rcc_ex.c:1444:6:HAL_RCCEx_DisableLSCO	16	static
stm32wbxx_hal_rcc_ex.c:1470:6:HAL_RCCEx_EnableMSIPLLMode	8	static
stm32wbxx_hal_rcc_ex.c:1479:6:HAL_RCCEx_DisableMSIPLLMode	8	static
stm32wbxx_hal_rcc_ex.c:1494:19:HAL_RCCEx_TrimOsc	24	static
stm32wbxx_hal_rcc_ex.c:1589:6:HAL_RCCEx_CRSConfig	24	static
stm32wbxx_hal_rcc_ex.c:1631:6:HAL_RCCEx_CRSSoftwareSynchronizationGenerate	8	static
stm32wbxx_hal_rcc_ex.c:1640:6:HAL_RCCEx_CRSGetSynchronizationInfo	16	static
stm32wbxx_hal_rcc_ex.c:1673:10:HAL_RCCEx_CRSWaitSynchronization	24	static
stm32wbxx_hal_rcc_ex.c:1746:6:HAL_RCCEx_CRS_IRQHandler	24	static
stm32wbxx_hal_rcc_ex.c:1806:13:HAL_RCCEx_CRS_SyncOkCallback	4	static
stm32wbxx_hal_rcc_ex.c:1816:13:HAL_RCCEx_CRS_SyncWarnCallback	4	static
stm32wbxx_hal_rcc_ex.c:1826:13:HAL_RCCEx_CRS_ExpectedSyncCallback	4	static
stm32wbxx_hal_rcc_ex.c:1841:13:HAL_RCCEx_CRS_ErrorCallback	16	static
stm32wbxx_hal_rcc_ex.c:1873:26:RCCEx_PLLSAI1_ConfigNP	24	static
stm32wbxx_hal_rcc_ex.c:1935:26:RCCEx_PLLSAI1_ConfigNQ	24	static
stm32wbxx_hal_rcc_ex.c:1996:26:RCCEx_PLLSAI1_ConfigNR	24	static
stm32wbxx_hal_rcc_ex.c:2053:17:RCC_PLL_GetFreqDomain_P	24	static
stm32wbxx_hal_rcc_ex.c:2090:17:RCC_PLL_GetFreqDomain_Q	24	static
stm32wbxx_hal_rcc_ex.c:2129:17:RCC_PLLSAI1_GetFreqDomain_R	24	static
stm32wbxx_hal_rcc_ex.c:2165:17:RCC_PLLSAI1_GetFreqDomain_P	24	static
stm32wbxx_hal_rcc_ex.c:2201:17:RCC_PLLSAI1_GetFreqDomain_Q	24	static
