stm32wbxx_ll_pwr.h:787:23:LL_PWR_EnableSRAM2Retention	4	static
stm32wbxx_ll_pwr.h:796:23:LL_PWR_DisableSRAM2Retention	4	static
stm32wbxx_ll_pwr.h:1237:23:LL_PWR_SetBORConfig	16	static
stm32wbxx_ll_pwr.h:1248:27:LL_PWR_GetBORConfig	4	static
stm32wbxx_ll_pwr.h:1552:23:LL_PWR_EnableBootC2	4	static
stm32wbxx_ll_pwr.h:1562:23:LL_PWR_DisableBootC2	4	static
stm32wbxx_ll_exti.h:313:22:LL_EXTI_EnableIT_0_31	16	static
stm32wbxx_ll_exti.h:382:22:LL_EXTI_EnableIT_32_63	16	static
stm32wbxx_ll_exti.h:451:22:LL_EXTI_DisableIT_0_31	16	static
stm32wbxx_ll_exti.h:520:22:LL_EXTI_DisableIT_32_63	16	static
stm32wbxx_ll_exti.h:725:22:LL_EXTI_EnableEvent_0_31	16	static
stm32wbxx_ll_exti.h:771:22:LL_EXTI_EnableEvent_32_63	16	static
stm32wbxx_ll_exti.h:816:22:LL_EXTI_DisableEvent_0_31	16	static
stm32wbxx_ll_exti.h:863:22:LL_EXTI_DisableEvent_32_63	16	static
stm32wbxx_ll_exti.h:1020:22:LL_EXTI_EnableRisingTrig_0_31	16	static
stm32wbxx_ll_exti.h:1042:22:LL_EXTI_EnableRisingTrig_32_63	16	static
stm32wbxx_ll_exti.h:1084:22:LL_EXTI_DisableRisingTrig_0_31	16	static
stm32wbxx_ll_exti.h:1107:22:LL_EXTI_DisableRisingTrig_32_63	16	static
stm32wbxx_ll_exti.h:1208:22:LL_EXTI_EnableFallingTrig_0_31	16	static
stm32wbxx_ll_exti.h:1230:22:LL_EXTI_EnableFallingTrig_32_63	16	static
stm32wbxx_ll_exti.h:1272:22:LL_EXTI_DisableFallingTrig_0_31	16	static
stm32wbxx_ll_exti.h:1293:22:LL_EXTI_DisableFallingTrig_32_63	16	static
stm32wbxx_ll_exti.h:1511:26:LL_EXTI_ReadFlag_0_31	16	static
stm32wbxx_ll_exti.h:1528:26:LL_EXTI_ReadFlag_32_63	16	static
stm32wbxx_ll_exti.h:1565:22:LL_EXTI_ClearFlag_0_31	16	static
stm32wbxx_ll_exti.h:1582:22:LL_EXTI_ClearFlag_32_63	16	static
stm32wbxx_hal_pwr_ex.c:84:10:HAL_PWREx_GetVoltageRange	4	static
stm32wbxx_hal_pwr_ex.c:108:19:HAL_PWREx_ControlVoltageScaling	24	static
stm32wbxx_hal_pwr_ex.c:153:6:HAL_PWREx_EnableBatteryCharging	16	static
stm32wbxx_hal_pwr_ex.c:167:6:HAL_PWREx_DisableBatteryCharging	4	static
stm32wbxx_hal_pwr_ex.c:178:6:HAL_PWREx_EnableVddUSB	4	static
stm32wbxx_hal_pwr_ex.c:186:6:HAL_PWREx_DisableVddUSB	4	static
stm32wbxx_hal_pwr_ex.c:197:6:HAL_PWREx_EnableInternalWakeUpLine	4	static
stm32wbxx_hal_pwr_ex.c:205:6:HAL_PWREx_DisableInternalWakeUpLine	4	static
stm32wbxx_hal_pwr_ex.c:215:6:HAL_PWREx_EnableBORH_SMPSBypassIT	4	static
stm32wbxx_hal_pwr_ex.c:224:6:HAL_PWREx_DisableBORH_SMPSBypassIT	4	static
stm32wbxx_hal_pwr_ex.c:233:6:HAL_PWREx_EnableRFPhaseIT	4	static
stm32wbxx_hal_pwr_ex.c:241:6:HAL_PWREx_DisableRFPhaseIT	4	static
stm32wbxx_hal_pwr_ex.c:249:6:HAL_PWREx_EnableBLEActivityIT	4	static
stm32wbxx_hal_pwr_ex.c:257:6:HAL_PWREx_DisableBLEActivityIT	4	static
stm32wbxx_hal_pwr_ex.c:265:6:HAL_PWREx_Enable802ActivityIT	4	static
stm32wbxx_hal_pwr_ex.c:273:6:HAL_PWREx_Disable802ActivityIT	4	static
stm32wbxx_hal_pwr_ex.c:281:6:HAL_PWREx_EnableHOLDC2IT	4	static
stm32wbxx_hal_pwr_ex.c:289:6:HAL_PWREx_DisableHOLDC2IT	4	static
stm32wbxx_hal_pwr_ex.c:316:19:HAL_PWREx_EnableGPIOPullUp	24	static
stm32wbxx_hal_pwr_ex.c:372:19:HAL_PWREx_DisableGPIOPullUp	24	static
stm32wbxx_hal_pwr_ex.c:429:19:HAL_PWREx_EnableGPIOPullDown	24	static
stm32wbxx_hal_pwr_ex.c:486:19:HAL_PWREx_DisableGPIOPullDown	24	static
stm32wbxx_hal_pwr_ex.c:532:6:HAL_PWREx_EnablePullUpPullDownConfig	4	static
stm32wbxx_hal_pwr_ex.c:542:6:HAL_PWREx_DisablePullUpPullDownConfig	4	static
stm32wbxx_hal_pwr_ex.c:555:6:HAL_PWREx_SetBORConfig	16	static
stm32wbxx_hal_pwr_ex.c:565:10:HAL_PWREx_GetBORConfig	8	static
stm32wbxx_hal_pwr_ex.c:579:6:HAL_PWREx_HoldCore	16	static
stm32wbxx_hal_pwr_ex.c:593:6:HAL_PWREx_ReleaseCore	16	static
stm32wbxx_hal_pwr_ex.c:607:6:HAL_PWREx_EnableSRAMRetention	8	static
stm32wbxx_hal_pwr_ex.c:617:6:HAL_PWREx_DisableSRAMRetention	8	static
stm32wbxx_hal_pwr_ex.c:631:6:HAL_PWREx_EnableFlashPowerDown	16	static
stm32wbxx_hal_pwr_ex.c:652:6:HAL_PWREx_DisableFlashPowerDown	16	static
stm32wbxx_hal_pwr_ex.c:665:6:HAL_PWREx_EnablePVM1	4	static
stm32wbxx_hal_pwr_ex.c:673:6:HAL_PWREx_DisablePVM1	4	static
stm32wbxx_hal_pwr_ex.c:682:6:HAL_PWREx_EnablePVM3	4	static
stm32wbxx_hal_pwr_ex.c:690:6:HAL_PWREx_DisablePVM3	4	static
stm32wbxx_hal_pwr_ex.c:706:19:HAL_PWREx_ConfigPVM	24	static
stm32wbxx_hal_pwr_ex.c:794:19:HAL_PWREx_ConfigSMPS	32	static
stm32wbxx_hal_pwr_ex.c:854:6:HAL_PWREx_SMPS_SetMode	16	static
stm32wbxx_hal_pwr_ex.c:879:10:HAL_PWREx_SMPS_GetEffectiveMode	4	static
stm32wbxx_hal_pwr_ex.c:906:6:HAL_PWREx_EnableWakeUpPin	16	static
stm32wbxx_hal_pwr_ex.c:934:10:HAL_PWREx_GetWakeupFlag	16	static
stm32wbxx_hal_pwr_ex.c:949:19:HAL_PWREx_ClearWakeupFlag	16	static
stm32wbxx_hal_pwr_ex.c:970:6:HAL_PWREx_EnableLowPowerRunMode	4	static
stm32wbxx_hal_pwr_ex.c:983:19:HAL_PWREx_DisableLowPowerRunMode	16	static
stm32wbxx_hal_pwr_ex.c:1030:6:HAL_PWREx_EnterSTOP0Mode	16	static,ignoring_inline_asm
stm32wbxx_hal_pwr_ex.c:1078:6:HAL_PWREx_EnterSTOP1Mode	16	static,ignoring_inline_asm
stm32wbxx_hal_pwr_ex.c:1136:6:HAL_PWREx_EnterSTOP2Mode	16	static,ignoring_inline_asm
stm32wbxx_hal_pwr_ex.c:1172:6:HAL_PWREx_EnterSHUTDOWNMode	4	static,ignoring_inline_asm
stm32wbxx_hal_pwr_ex.c:1199:6:HAL_PWREx_PVD_PVM_IRQHandler	8	static
stm32wbxx_hal_pwr_ex.c:1234:13:HAL_PWREx_PVM1Callback	4	static
stm32wbxx_hal_pwr_ex.c:1245:13:HAL_PWREx_PVM3Callback	4	static
