Archive member included to satisfy reference by file (symbol)

Generated_Source\PSoC6\pdl\middleware\ble\lib\cy_ble_stack_gcc_controller_ipc_cm0p.a(CyBleStackMgrIP_Interface.o)
                              .\CortexM0p\ARM_GCC_541\Debug\cy_ble.o (Cy_BLE_EnablePrivacyFeature)
Generated_Source\PSoC6\pdl\middleware\ble\lib\cy_ble_stack_gcc_controller_ipc_cm0p.a(CyBleStackMgr_PSoCHal.o)
                              Generated_Source\PSoC6\pdl\middleware\ble\lib\cy_ble_stack_gcc_controller_ipc_cm0p.a(CyBleStackMgrIP_Interface.o) (bt_config)
Generated_Source\PSoC6\pdl\middleware\ble\lib\cy_ble_stack_gcc_controller_ipc_cm0p.a(CyBleStackMgr_BleSSDriver.o)
                              Generated_Source\PSoC6\pdl\middleware\ble\lib\cy_ble_stack_gcc_controller_ipc_cm0p.a(CyBleStackMgrIP_Interface.o) (CyBleStackMgr_BleSSInit)
Generated_Source\PSoC6\pdl\middleware\ble\lib\cy_ble_stack_gcc_controller_ipc_cm0p.a(CyBleStackMgr_StackTaskHandler.o)
                              Generated_Source\PSoC6\pdl\middleware\ble\lib\cy_ble_stack_gcc_controller_ipc_cm0p.a(CyBleStackMgrIP_Interface.o) (CyBle_CreateBleStackTask)
Generated_Source\PSoC6\pdl\middleware\ble\lib\cy_ble_stack_gcc_controller_ipc_cm0p.a(config_bin.o)
                              Generated_Source\PSoC6\pdl\middleware\ble\lib\cy_ble_stack_gcc_controller_ipc_cm0p.a(CyBleStackMgr_PSoCHal.o) (bt_cfg_pdata)
Generated_Source\PSoC6\pdl\middleware\ble\lib\cy_ble_stack_gcc_controller_ipc_cm0p.a(BT_timer.o)
                              Generated_Source\PSoC6\pdl\middleware\ble\lib\cy_ble_stack_gcc_controller_ipc_cm0p.a(CyBleStackMgr_StackTaskHandler.o) (BT_timer_process_signals)
Generated_Source\PSoC6\pdl\middleware\ble\lib\cy_ble_stack_gcc_controller_ipc_cm0p.a(bt_os_common.o)
                              Generated_Source\PSoC6\pdl\middleware\ble\lib\cy_ble_stack_gcc_controller_ipc_cm0p.a(CyBleStackMgr_StackTaskHandler.o) (BT_ISROSQPost)
Generated_Source\PSoC6\pdl\middleware\ble\lib\cy_ble_stack_gcc_controller_ipc_cm0p.a(CyBleStackMgrIP_Pilo.o)
                              Generated_Source\PSoC6\pdl\middleware\ble\lib\cy_ble_stack_gcc_controller_ipc_cm0p.a(CyBleStackMgrIP_Interface.o) (CyPilo_InitCalibration)
Generated_Source\PSoC6\pdl\middleware\ble\lib\cy_ble_stack_gcc_controller_ipc_cm0p.a(mint_os.o)
                              Generated_Source\PSoC6\pdl\middleware\ble\lib\cy_ble_stack_gcc_controller_ipc_cm0p.a(CyBleStackMgrIP_Interface.o) (OS_init)
Generated_Source\PSoC6\pdl\middleware\ble\lib\cy_ble_stack_gcc_controller_ipc_cm0p.a(mint_os_queue.o)
                              Generated_Source\PSoC6\pdl\middleware\ble\lib\cy_ble_stack_gcc_controller_ipc_cm0p.a(mint_os.o) (OS_TOTAL_QUEUES)
Generated_Source\PSoC6\pdl\middleware\ble\lib\cy_ble_stack_gcc_controller_ipc_cm0p.a(mint_os_task.o)
                              Generated_Source\PSoC6\pdl\middleware\ble\lib\cy_ble_stack_gcc_controller_ipc_cm0p.a(mint_os.o) (idle_func_handler)
Generated_Source\PSoC6\pdl\middleware\ble\lib\cy_ble_stack_gcc_controller_ipc_cm0p.a(mint_buf_mgmt.o)
                              Generated_Source\PSoC6\pdl\middleware\ble\lib\cy_ble_stack_gcc_controller_ipc_cm0p.a(CyBleStackMgrIP_Interface.o) (mint_buf_mgmt_init)
Generated_Source\PSoC6\pdl\middleware\ble\lib\cy_ble_stack_gcc_controller_ipc_cm0p.a(transport_ipc.o)
                              Generated_Source\PSoC6\pdl\middleware\ble\lib\cy_ble_stack_gcc_controller_ipc_cm0p.a(CyBleStackMgr_PSoCHal.o) (CyBleController_HciIpcInit)
Generated_Source\PSoC6\pdl\middleware\ble\lib\cy_ble_stack_gcc_controller_ipc_cm0p.a(CyBleStackMgr_PSoCIPCHal.o)
                              Generated_Source\PSoC6\pdl\middleware\ble\lib\cy_ble_stack_gcc_controller_ipc_cm0p.a(CyBleStackMgrIP_Interface.o) (CyBleController_IPC_HAL_InitWithStaticMem)
Generated_Source\PSoC6\pdl\middleware\ble\lib\cy_ble_stack_gcc_controller_ipc_cm0p.a(CyBleControllerIP_Interface.o)
                              Generated_Source\PSoC6\pdl\middleware\ble\lib\cy_ble_stack_gcc_controller_ipc_cm0p.a(CyBleStackMgrIP_Interface.o) (CyBle_ControllerEnableDleFeature)
Generated_Source\PSoC6\pdl\middleware\ble\lib\cy_ble_stack_gcc_controller_ipc_cm0p.a(ll.o)
                              Generated_Source\PSoC6\pdl\middleware\ble\lib\cy_ble_stack_gcc_controller_ipc_cm0p.a(CyBleControllerIP_Interface.o) (ll_self_device_data)
Generated_Source\PSoC6\pdl\middleware\ble\lib\cy_ble_stack_gcc_controller_ipc_cm0p.a(ll_advertiser.o)
                              Generated_Source\PSoC6\pdl\middleware\ble\lib\cy_ble_stack_gcc_controller_ipc_cm0p.a(ll.o) (ll_adv_is_configured_connection_adv)
Generated_Source\PSoC6\pdl\middleware\ble\lib\cy_ble_stack_gcc_controller_ipc_cm0p.a(ll_connection.o)
                              Generated_Source\PSoC6\pdl\middleware\ble\lib\cy_ble_stack_gcc_controller_ipc_cm0p.a(ll.o) (bleSlDsmFix)
Generated_Source\PSoC6\pdl\middleware\ble\lib\cy_ble_stack_gcc_controller_ipc_cm0p.a(llh_api.o)
[...]
Memory Configuration

Name             Origin             Length             Attributes
ram              0x08000000         0x00024000         xrw
flash            0x10000000         0x00080000         xr
em_eeprom        0x14000000         0x00008000         xr
sflash_user_data 0x16000800         0x00000800         xr
sflash_nar       0x16001a00         0x00000200         xr
sflash_public_key 0x16005a00         0x00000c00         xr
sflash_toc_2     0x16007c00         0x00000200         xr
sflash_rtoc_2    0x16007e00         0x00000200         xr
xip              0x18000000         0x08000000         xr
efuse            0x90700000         0x00100000         r
*default*        0x00000000         0xffffffff

Linker script and memory map

LOAD c:/program files (x86)/cypress/psoc creator/4.4/psoc creator/import/gnu/arm/5.4.1/bin/../lib/gcc/arm-none-eabi/5.4.1/armv6-m/crti.o
LOAD c:/program files (x86)/cypress/psoc creator/4.4/psoc creator/import/gnu/arm/5.4.1/bin/../lib/gcc/arm-none-eabi/5.4.1/armv6-m/crtbegin.o
LOAD c:/program files (x86)/cypress/psoc creator/4.4/psoc creator/import/gnu/arm/5.4.1/bin/../lib/gcc/arm-none-eabi/5.4.1/../../../../arm-none-eabi/lib/armv6-m/crt0.o
START GROUP
LOAD Generated_Source\PSoC6\pdl\middleware\ble\lib\cy_ble_stack_gcc_radio_max_cm0p.a
LOAD Generated_Source\PSoC6\pdl\middleware\ble\lib\cy_ble_stack_gcc_controller_ipc_cm0p.a
LOAD .\CortexM0p\ARM_GCC_541\Debug\startup_psoc6_01_cm0plus.o
LOAD .\CortexM0p\ARM_GCC_541\Debug\main_cm0p.o
LOAD .\CortexM0p\ARM_GCC_541\Debug\system_psoc6_cm0plus.o
LOAD .\CortexM0p\ARM_GCC_541\Debug\stdio_user.o
LOAD .\CortexM0p\ARM_GCC_541\Debug\cyfitter_sysint_cfg.o
LOAD .\CortexM0p\ARM_GCC_541\Debug\cyfitter_cfg.o
LOAD .\CortexM0p\ARM_GCC_541\Debug\cymetadata.o
LOAD .\CortexM0p\ARM_GCC_541\Debug\BLE.o
LOAD .\CortexM0p\ARM_GCC_541\Debug\BLE_config.o
LOAD .\CortexM0p\ARM_GCC_541\Debug\BLE_custom_config.o
LOAD .\CortexM0p\ARM_GCC_541\Debug\cy_efuse.o
LOAD .\CortexM0p\ARM_GCC_541\Debug\cy_flash.o
LOAD .\CortexM0p\ARM_GCC_541\Debug\cy_gpio.o
LOAD .\CortexM0p\ARM_GCC_541\Debug\cy_ipc_drv.o
LOAD .\CortexM0p\ARM_GCC_541\Debug\cy_ipc_sema.o
LOAD .\CortexM0p\ARM_GCC_541\Debug\cy_ipc_pipe.o
LOAD .\CortexM0p\ARM_GCC_541\Debug\cy_lvd.o
LOAD .\CortexM0p\ARM_GCC_541\Debug\cy_profile.o
LOAD .\CortexM0p\ARM_GCC_541\Debug\cy_prot.o
LOAD .\CortexM0p\ARM_GCC_541\Debug\cy_sysanalog.o
LOAD .\CortexM0p\ARM_GCC_541\Debug\cy_sysclk.o
LOAD .\CortexM0p\ARM_GCC_541\Debug\cy_sysint.o
LOAD .\CortexM0p\ARM_GCC_541\Debug\cy_syslib.o
LOAD .\CortexM0p\ARM_GCC_541\Debug\cy_syslib_gcc.o
LOAD .\CortexM0p\ARM_GCC_541\Debug\cy_syspm.o
LOAD .\CortexM0p\ARM_GCC_541\Debug\cy_systick.o
LOAD .\CortexM0p\ARM_GCC_541\Debug\cy_trigmux.o
LOAD .\CortexM0p\ARM_GCC_541\Debug\cy_wdt.o
LOAD .\CortexM0p\ARM_GCC_541\Debug\cy_device.o
LOAD .\CortexM0p\ARM_GCC_541\Debug\cy_scb_common.o
LOAD .\CortexM0p\ARM_GCC_541\Debug\cy_scb_i2c.o
LOAD .\CortexM0p\ARM_GCC_541\Debug\cy_scb_ezi2c.o
LOAD .\CortexM0p\ARM_GCC_541\Debug\cy_scb_spi.o
LOAD .\CortexM0p\ARM_GCC_541\Debug\cy_scb_uart.o
LOAD .\CortexM0p\ARM_GCC_541\Debug\cy_tcpwm_counter.o
LOAD .\CortexM0p\ARM_GCC_541\Debug\cy_tcpwm_pwm.o
LOAD .\CortexM0p\ARM_GCC_541\Debug\cy_tcpwm_quaddec.o
LOAD .\CortexM0p\ARM_GCC_541\Debug\cy_ble.o
LOAD .\CortexM0p\ARM_GCC_541\Debug\cy_ble_hal_int.o
LOAD .\CortexM0p\ARM_GCC_541\Debug\cy_ble_hal_pvt.o
LOAD .\CortexM0p\ARM_GCC_541\Debug\cy_ble_gap.o
LOAD .\CortexM0p\ARM_GCC_541\Debug\cy_ble_gatt.o
LOAD .\CortexM0p\ARM_GCC_541\Debug\cy_ble_event_handler.o
LOAD .\CortexM0p\ARM_GCC_541\Debug\cy_ble_ancs.o
LOAD .\CortexM0p\ARM_GCC_541\Debug\cy_ble_ans.o
LOAD .\CortexM0p\ARM_GCC_541\Debug\cy_ble_aios.o
LOAD .\CortexM0p\ARM_GCC_541\Debug\cy_ble_bas.o
LOAD .\CortexM0p\ARM_GCC_541\Debug\cy_ble_bcs.o
LOAD .\CortexM0p\ARM_GCC_541\Debug\cy_ble_bls.o
LOAD .\CortexM0p\ARM_GCC_541\Debug\cy_ble_bms.o
LOAD .\CortexM0p\ARM_GCC_541\Debug\cy_ble_bts.o
LOAD .\CortexM0p\ARM_GCC_541\Debug\cy_ble_cgms.o
LOAD .\CortexM0p\ARM_GCC_541\Debug\cy_ble_cps.o
LOAD .\CortexM0p\ARM_GCC_541\Debug\cy_ble_cscs.o
LOAD .\CortexM0p\ARM_GCC_541\Debug\cy_ble_cts.o
LOAD .\CortexM0p\ARM_GCC_541\Debug\cy_ble_custom.o
LOAD .\CortexM0p\ARM_GCC_541\Debug\cy_ble_dis.o
LOAD .\CortexM0p\ARM_GCC_541\Debug\cy_ble_ess.o
LOAD .\CortexM0p\ARM_GCC_541\Debug\cy_ble_gls.o
LOAD .\CortexM0p\ARM_GCC_541\Debug\cy_ble_hids.o
LOAD .\CortexM0p\ARM_GCC_541\Debug\cy_ble_hps.o
LOAD .\CortexM0p\ARM_GCC_541\Debug\cy_ble_hrs.o
LOAD .\CortexM0p\ARM_GCC_541\Debug\cy_ble_hts.o
LOAD .\CortexM0p\ARM_GCC_541\Debug\cy_ble_ias.o
LOAD .\CortexM0p\ARM_GCC_541\Debug\cy_ble_ips.o
LOAD .\CortexM0p\ARM_GCC_541\Debug\cy_ble_lls.o
LOAD .\CortexM0p\ARM_GCC_541\Debug\cy_ble_lns.o
LOAD .\CortexM0p\ARM_GCC_541\Debug\cy_ble_ndcs.o
LOAD .\CortexM0p\ARM_GCC_541\Debug\cy_ble_plxs.o
LOAD .\CortexM0p\ARM_GCC_541\Debug\cy_ble_pass.o
LOAD .\CortexM0p\ARM_GCC_541\Debug\cy_ble_rscs.o
LOAD .\CortexM0p\ARM_GCC_541\Debug\cy_ble_rtus.o
LOAD .\CortexM0p\ARM_GCC_541\Debug\cy_ble_scps.o
LOAD .\CortexM0p\ARM_GCC_541\Debug\cy_ble_tps.o
LOAD .\CortexM0p\ARM_GCC_541\Debug\cy_ble_uds.o
LOAD .\CortexM0p\ARM_GCC_541\Debug\cy_ble_wpts.o
LOAD .\CortexM0p\ARM_GCC_541\Debug\cy_ble_wss.o
LOAD .\CortexM0p\ARM_GCC_541\Debug\cy_ble_clk.o
LOAD .\CortexM0p\ARM_GCC_541\Debug\retarget.o
LOAD .\CortexM0p\ARM_GCC_541\Debug\UART_1.o
LOAD .\CortexM0p\ARM_GCC_541\Debug\PWM_1.o
LOAD .\CortexM0p\ARM_GCC_541\Debug\PWM_2.o
END GROUP
START GROUP
LOAD c:/program files (x86)/cypress/psoc creator/4.4/psoc creator/import/gnu/arm/5.4.1/bin/../lib/gcc/arm-none-eabi/5.4.1/armv6-m\libgcc.a
LOAD c:/program files (x86)/cypress/psoc creator/4.4/psoc creator/import/gnu/arm/5.4.1/bin/../lib/gcc/arm-none-eabi/5.4.1/../../../../arm-none-eabi/lib/armv6-m\libg_nano.a
LOAD c:/program files (x86)/cypress/psoc creator/4.4/psoc creator/import/gnu/arm/5.4.1/bin/../lib/gcc/arm-none-eabi/5.4.1/../../../../arm-none-eabi/lib/armv6-m\libc_nano.a
END GROUP
START GROUP
LOAD c:/program files (x86)/cypress/psoc creator/4.4/psoc creator/import/gnu/arm/5.4.1/bin/../lib/gcc/arm-none-eabi/5.4.1/armv6-m\libgcc.a
LOAD c:/program files (x86)/cypress/psoc creator/4.4/psoc creator/import/gnu/arm/5.4.1/bin/../lib/gcc/arm-none-eabi/5.4.1/../../../../arm-none-eabi/lib/armv6-m\libc_nano.a
END GROUP
LOAD c:/program files (x86)/cypress/psoc creator/4.4/psoc creator/import/gnu/arm/5.4.1/bin/../lib/gcc/arm-none-eabi/5.4.1/armv6-m/crtend.o
LOAD c:/program files (x86)/cypress/psoc creator/4.4/psoc creator/import/gnu/arm/5.4.1/bin/../lib/gcc/arm-none-eabi/5.4.1/armv6-m/crtn.o
START GROUP
LOAD c:/program files (x86)/cypress/psoc creator/4.4/psoc creator/import/gnu/arm/5.4.1/bin/../lib/gcc/arm-none-eabi/5.4.1/armv6-m\libgcc.a
LOAD c:/program files (x86)/cypress/psoc creator/4.4/psoc creator/import/gnu/arm/5.4.1/bin/../lib/gcc/arm-none-eabi/5.4.1/../../../../arm-none-eabi/lib/armv6-m\libc.a
LOAD c:/program files (x86)/cypress/psoc creator/4.4/psoc creator/import/gnu/arm/5.4.1/bin/../lib/gcc/arm-none-eabi/5.4.1/../../../../arm-none-eabi/lib/armv6-m\libnosys.a
END GROUP
START GROUP
LOAD c:/program files (x86)/cypress/psoc creator/4.4/psoc creator/import/gnu/arm/5.4.1/bin/../lib/gcc/arm-none-eabi/5.4.1/armv6-m\libgcc.a
LOAD c:/program files (x86)/cypress/psoc creator/4.4/psoc creator/import/gnu/arm/5.4.1/bin/../lib/gcc/arm-none-eabi/5.4.1/../../../../arm-none-eabi/lib/armv6-m\libc.a
LOAD c:/program files (x86)/cypress/psoc creator/4.4/psoc creator/import/gnu/arm/5.4.1/bin/../lib/gcc/arm-none-eabi/5.4.1/../../../../arm-none-eabi/lib/armv6-m\libm.a
LOAD c:/program files (x86)/cypress/psoc creator/4.4/psoc creator/import/gnu/arm/5.4.1/bin/../lib/gcc/arm-none-eabi/5.4.1/../../../../arm-none-eabi/lib/armv6-m\libnosys.a
END GROUP

.cy_app_header
 *(.cy_app_header)

.text           0x10000000     0x6eb8
                0x10000000                . = ALIGN (0x4)
                0x10000000                __Vectors = .
 *(.vectors)
 .vectors       0x10000000       0xc0 .\CortexM0p\ARM_GCC_541\Debug\startup_psoc6_01_cm0plus.o
                0x100000c0                . = ALIGN (0x4)
                0x100000c0                __Vectors_End = .
                0x000000c0                __Vectors_Size = (__Vectors_End - __Vectors)
                0x100000c0                __end__ = .
                0x100000c0                . = ALIGN (0x4)
 *(.text*)
 .text          0x100000c0       0x60 c:/program files (x86)/cypress/psoc creator/4.4/psoc creator/import/gnu/arm/5.4.1/bin/../lib/gcc/arm-none-eabi/5.4.1/armv6-m/crtbegin.o
 .text          0x10000120       0x80 .\CortexM0p\ARM_GCC_541\Debug\startup_psoc6_01_cm0plus.o
                0x10000120                Cy_OnResetUser
                0x10000122                Reset_Handler
                0x10000180                NvicMux10_IRQHandler
                0x10000180                NvicMux26_IRQHandler
                0x10000180                SysTick_Handler
                0x10000180                NvicMux21_IRQHandler
                0x10000180                NMI_Handler
                0x10000180                NvicMux19_IRQHandler
                0x10000180                NvicMux8_IRQHandler
                0x10000180                NvicMux27_IRQHandler
                0x10000180                PendSV_Handler
                0x10000180                NvicMux17_IRQHandler
                0x10000180                NvicMux0_IRQHandler
                0x10000180                NvicMux25_IRQHandler
                0x10000180                NvicMux13_IRQHandler
                0x10000180                NvicMux11_IRQHandler
                0x10000180                NvicMux9_IRQHandler
                0x10000180                NvicMux18_IRQHandler
                0x10000180                NvicMux6_IRQHandler
                0x10000180                NvicMux22_IRQHandler
                0x10000180                NvicMux7_IRQHandler
                0x10000180                NvicMux2_IRQHandler
                0x10000180                NvicMux4_IRQHandler
                0x10000180                Default_Handler
                0x10000180                NvicMux30_IRQHandler
                0x10000180                NvicMux12_IRQHandler
                0x10000180                NvicMux5_IRQHandler
                0x10000180                NvicMux14_IRQHandler
                0x10000180                NvicMux3_IRQHandler
                0x10000180                SVC_Handler
                0x10000180                NvicMux1_IRQHandler
                0x10000180                NvicMux16_IRQHandler
                0x10000180                NvicMux29_IRQHandler
                0x10000180                NvicMux31_IRQHandler
                0x10000180                NvicMux24_IRQHandler
                0x10000180                NvicMux20_IRQHandler
                0x10000180                NvicMux15_IRQHandler
                0x10000180                NvicMux28_IRQHandler
                0x10000180                NvicMux23_IRQHandler
                0x10000184                HardFault_Handler
 .text.main     0x100001a0       0x1c .\CortexM0p\ARM_GCC_541\Debug\main_cm0p.o
                0x100001a0                main
 .text.Cy_SysIpcPipeIsrCm0
                0x100001bc        0xc .\CortexM0p\ARM_GCC_541\Debug\system_psoc6_cm0plus.o
                0x100001bc                Cy_SysIpcPipeIsrCm0
 .text.SystemCoreClockUpdate
                0x100001c8      0x1b0 .\CortexM0p\ARM_GCC_541\Debug\system_psoc6_cm0plus.o
                0x100001c8                SystemCoreClockUpdate
 .text.SystemInit
                0x10000378       0xc8 .\CortexM0p\ARM_GCC_541\Debug\system_psoc6_cm0plus.o
                0x10000378                SystemInit
 .text.Cy_SysGetCM4Status
                0x10000440       0x10 .\CortexM0p\ARM_GCC_541\Debug\system_psoc6_cm0plus.o
                0x10000440                Cy_SysGetCM4Status
 .text.Cy_SysResetCM4
                0x10000450       0x34 .\CortexM0p\ARM_GCC_541\Debug\system_psoc6_cm0plus.o
                0x10000450                Cy_SysResetCM4
 .text.Cy_SysEnableCM4
                0x10000484       0x5c .\CortexM0p\ARM_GCC_541\Debug\system_psoc6_cm0plus.o
                0x10000484                Cy_SysEnableCM4
 .text.CyClockStartupError
                0x100004e0        0x4 .\CortexM0p\ARM_GCC_541\Debug\cyfitter_cfg.o
 .text.cfg_write_bytes32
                0x100004e4       0x34 .\CortexM0p\ARM_GCC_541\Debug\cyfitter_cfg.o
 .text.AnalogSetDefault
                0x10000518       0x10 .\CortexM0p\ARM_GCC_541\Debug\cyfitter_cfg.o
 .text.CYMEMZERO
                0x10000528        0xc .\CortexM0p\ARM_GCC_541\Debug\cyfitter_cfg.o
 .text.CYCONFIGCPYCODE
                0x10000534        0x8 .\CortexM0p\ARM_GCC_541\Debug\cyfitter_cfg.o
 .text.ClockInit
                0x1000053c      0x2fc .\CortexM0p\ARM_GCC_541\Debug\cyfitter_cfg.o
 .text.Cy_SystemInit
                0x10000838      0x1cc .\CortexM0p\ARM_GCC_541\Debug\cyfitter_cfg.o
                0x10000838                Cy_SystemInit
 .text.Cy_BLE_Start
                0x10000a04       0x2c .\CortexM0p\ARM_GCC_541\Debug\BLE.o
                0x10000a04                Cy_BLE_Start
 .text.Cy_Flash_BoundsCheck
                0x10000a30        0xc .\CortexM0p\ARM_GCC_541\Debug\cy_flash.o
 .text.Cy_Flash_ProcessOpcode
                0x10000a3c       0xbc .\CortexM0p\ARM_GCC_541\Debug\cy_flash.o
 .text.Cy_Flash_OperationStatus
                0x10000af8       0x5c .\CortexM0p\ARM_GCC_541\Debug\cy_flash.o
 .text.Cy_Flash_InitExt
                0x10000b54       0x44 .\CortexM0p\ARM_GCC_541\Debug\cy_flash.o
                0x10000b54                Cy_Flash_InitExt
 .text.Cy_Flash_Init
                0x10000b98       0x10 .\CortexM0p\ARM_GCC_541\Debug\cy_flash.o
                0x10000b98                Cy_Flash_Init
 .text.Cy_Flash_WriteRow
                0x10000ba8       0xa0 .\CortexM0p\ARM_GCC_541\Debug\cy_flash.o
                0x10000ba8                Cy_Flash_WriteRow
 .text.Cy_Flash_IsOperationComplete
                0x10000c48        0x8 .\CortexM0p\ARM_GCC_541\Debug\cy_flash.o
                0x10000c48                Cy_Flash_IsOperationComplete
 .text.Cy_Flash_StartErase
                0x10000c50       0xac .\CortexM0p\ARM_GCC_541\Debug\cy_flash.o
                0x10000c50                Cy_Flash_StartErase
 .text.Cy_Flash_StartProgram
                0x10000cfc       0xb4 .\CortexM0p\ARM_GCC_541\Debug\cy_flash.o
                0x10000cfc                Cy_Flash_StartProgram
 .text.Cy_GPIO_Pin_Init
                0x10000db0      0x334 .\CortexM0p\ARM_GCC_541\Debug\cy_gpio.o
                0x10000db0                Cy_GPIO_Pin_Init
 .text.Cy_GPIO_Port_Init
                0x100010e4       0xdc .\CortexM0p\ARM_GCC_541\Debug\cy_gpio.o
                0x100010e4                Cy_GPIO_Port_Init
 .text.Cy_IPC_Drv_LockRelease
                0x100011c0       0x40 .\CortexM0p\ARM_GCC_541\Debug\cy_ipc_drv.o
                0x100011c0                Cy_IPC_Drv_LockRelease
 .text.Cy_IPC_Drv_SendMsgWord
                0x10001200       0x40 .\CortexM0p\ARM_GCC_541\Debug\cy_ipc_drv.o
                0x10001200                Cy_IPC_Drv_SendMsgWord
 .text.Cy_IPC_Drv_ReadMsgWord
                0x10001240       0x38 .\CortexM0p\ARM_GCC_541\Debug\cy_ipc_drv.o
                0x10001240                Cy_IPC_Drv_ReadMsgWord
 .text.Cy_IPC_Sema_InitExt
                0x10001278       0xac .\CortexM0p\ARM_GCC_541\Debug\cy_ipc_sema.o
                0x10001278                Cy_IPC_Sema_InitExt
 .text.Cy_IPC_Sema_Init
                0x10001324       0x68 .\CortexM0p\ARM_GCC_541\Debug\cy_ipc_sema.o
                0x10001324                Cy_IPC_Sema_Init
 .text.Cy_IPC_Sema_Set
                0x1000138c       0x8c .\CortexM0p\ARM_GCC_541\Debug\cy_ipc_sema.o
                0x1000138c                Cy_IPC_Sema_Set
 .text.Cy_IPC_Sema_Clear
                0x10001418       0x8c .\CortexM0p\ARM_GCC_541\Debug\cy_ipc_sema.o
                0x10001418                Cy_IPC_Sema_Clear
 .text.Cy_IPC_Sema_Status
                0x100014a4       0x3c .\CortexM0p\ARM_GCC_541\Debug\cy_ipc_sema.o
                0x100014a4                Cy_IPC_Sema_Status
 .text.Cy_IPC_Pipe_Config
                0x100014e0       0x14 .\CortexM0p\ARM_GCC_541\Debug\cy_ipc_pipe.o
                0x100014e0                Cy_IPC_Pipe_Config
 .text.Cy_IPC_Pipe_EndpointInit
                0x100014f4       0xd8 .\CortexM0p\ARM_GCC_541\Debug\cy_ipc_pipe.o
                0x100014f4                Cy_IPC_Pipe_EndpointInit
 .text.Cy_IPC_Pipe_Init
                0x100015cc       0xbc .\CortexM0p\ARM_GCC_541\Debug\cy_ipc_pipe.o
                0x100015cc                Cy_IPC_Pipe_Init
 .text.Cy_IPC_Pipe_SendMessage
                0x10001688       0xb8 .\CortexM0p\ARM_GCC_541\Debug\cy_ipc_pipe.o
                0x10001688                Cy_IPC_Pipe_SendMessage
 .text.Cy_IPC_Pipe_RegisterCallback
                0x10001740       0x54 .\CortexM0p\ARM_GCC_541\Debug\cy_ipc_pipe.o
                0x10001740                Cy_IPC_Pipe_RegisterCallback
 .text.Cy_IPC_Pipe_RegisterCallbackRel
                0x10001794       0x30 .\CortexM0p\ARM_GCC_541\Debug\cy_ipc_pipe.o
                0x10001794                Cy_IPC_Pipe_RegisterCallbackRel
 .text.Cy_IPC_Pipe_ExecCallback
                0x100017c4       0xd0 .\CortexM0p\ARM_GCC_541\Debug\cy_ipc_pipe.o
                0x100017c4                Cy_IPC_Pipe_ExecCallback
 .text.Cy_IPC_Pipe_ExecuteCallback
                0x10001894       0x30 .\CortexM0p\ARM_GCC_541\Debug\cy_ipc_pipe.o
                0x10001894                Cy_IPC_Pipe_ExecuteCallback
 .text.Cy_IPC_Pipe_EndpointPause
                0x100018c4       0x50 .\CortexM0p\ARM_GCC_541\Debug\cy_ipc_pipe.o
                0x100018c4                Cy_IPC_Pipe_EndpointPause
 .text.Cy_IPC_Pipe_EndpointResume
                0x10001914       0x48 .\CortexM0p\ARM_GCC_541\Debug\cy_ipc_pipe.o
                0x10001914                Cy_IPC_Pipe_EndpointResume
 .text.Cy_Prot_GetActivePC
                0x1000195c       0x34 .\CortexM0p\ARM_GCC_541\Debug\cy_prot.o
                0x1000195c                Cy_Prot_GetActivePC
 .text.Cy_SysClk_ClkPathSetSource
                0x10001990       0x5c .\CortexM0p\ARM_GCC_541\Debug\cy_sysclk.o
                0x10001990                Cy_SysClk_ClkPathSetSource
 .text.Cy_SysClk_ClkPathGetSource
                0x100019ec       0x4c .\CortexM0p\ARM_GCC_541\Debug\cy_sysclk.o
                0x100019ec                Cy_SysClk_ClkPathGetSource
 .text.Cy_SysClk_FllManualConfigure
                0x10001a38      0x178 .\CortexM0p\ARM_GCC_541\Debug\cy_sysclk.o
                0x10001a38                Cy_SysClk_FllManualConfigure
 .text.Cy_SysClk_FllEnable
                0x10001bb0       0xdc .\CortexM0p\ARM_GCC_541\Debug\cy_sysclk.o
                0x10001bb0                Cy_SysClk_FllEnable
 .text.Cy_SysClk_StartClkMeasurementCounters
                0x10001c8c      0x19c .\CortexM0p\ARM_GCC_541\Debug\cy_sysclk.o
                0x10001c8c                Cy_SysClk_StartClkMeasurementCounters
 .text.Cy_SysClk_ClkMeasurementCountersGetFreq
                0x10001e28       0xbc .\CortexM0p\ARM_GCC_541\Debug\cy_sysclk.o
                0x10001e28                Cy_SysClk_ClkMeasurementCountersGetFreq
 .text.Cy_SysInt_SetInterruptSource
                0x10001ee4       0x78 .\CortexM0p\ARM_GCC_541\Debug\cy_sysint.o
                0x10001ee4                Cy_SysInt_SetInterruptSource
 .text.Cy_SysInt_SetVector
                0x10001f5c       0x44 .\CortexM0p\ARM_GCC_541\Debug\cy_sysint.o
                0x10001f5c                Cy_SysInt_SetVector
 .text.Cy_SysInt_Init
                0x10001fa0       0xc4 .\CortexM0p\ARM_GCC_541\Debug\cy_sysint.o
                0x10001fa0                Cy_SysInt_Init
 .text.Cy_SysLib_DelayUs
                0x10002064       0x14 .\CortexM0p\ARM_GCC_541\Debug\cy_syslib.o
                0x10002064                Cy_SysLib_DelayUs
 .text.Cy_SysLib_Halt
                0x10002078        0x4 .\CortexM0p\ARM_GCC_541\Debug\cy_syslib.o
                0x10002078                Cy_SysLib_Halt
 .text.Cy_SysLib_AssertFailed
                0x1000207c       0x1c .\CortexM0p\ARM_GCC_541\Debug\cy_syslib.o
                0x1000207c                Cy_SysLib_AssertFailed
 .text.Cy_SysLib_ClearFlashCacheAndBuffer
                0x10002098       0x10 .\CortexM0p\ARM_GCC_541\Debug\cy_syslib.o
                0x10002098                Cy_SysLib_ClearFlashCacheAndBuffer
 .text.Cy_SysLib_ResetBackupDomain
                0x100020a8       0x20 .\CortexM0p\ARM_GCC_541\Debug\cy_syslib.o
                0x100020a8                Cy_SysLib_ResetBackupDomain
 .text.Cy_SysLib_GetResetReason
                0x100020c8       0x1c .\CortexM0p\ARM_GCC_541\Debug\cy_syslib.o
                0x100020c8                Cy_SysLib_GetResetReason
 .text.Cy_SysLib_ProcessingFault
                0x100020e4        0x4 .\CortexM0p\ARM_GCC_541\Debug\cy_syslib.o
                0x100020e4                Cy_SysLib_ProcessingFault
 .text.Cy_SysLib_FaultHandler
                0x100020e8       0x30 .\CortexM0p\ARM_GCC_541\Debug\cy_syslib.o
                0x100020e8                Cy_SysLib_FaultHandler
 .text.Cy_SysLib_SetWaitStates
                0x10002118       0xe0 .\CortexM0p\ARM_GCC_541\Debug\cy_syslib.o
                0x10002118                Cy_SysLib_SetWaitStates
 .text          0x100021f8       0x20 .\CortexM0p\ARM_GCC_541\Debug\cy_syslib_gcc.o
                0x100021f8                Cy_SysLib_DelayCycles
                0x1000220a                Cy_SysLib_EnterCriticalSection
                0x10002212                Cy_SysLib_ExitCriticalSection
 .text.SetReadMarginTrimUlp
                0x10002218       0x98 .\CortexM0p\ARM_GCC_541\Debug\cy_syspm.o
 .text.SetReadMarginTrimLp
                0x100022b0       0x90 .\CortexM0p\ARM_GCC_541\Debug\cy_syspm.o
 .text.SetWriteAssistTrimUlp
                0x10002340       0x74 .\CortexM0p\ARM_GCC_541\Debug\cy_syspm.o
 .text.SetWriteAssistTrimLp
                0x100023b4       0x84 .\CortexM0p\ARM_GCC_541\Debug\cy_syspm.o
 .text.IsVoltageChangePossible
                0x10002438       0x58 .\CortexM0p\ARM_GCC_541\Debug\cy_syspm.o
 .text.Cy_SysPm_BuckIsOutputEnabled
                0x10002490       0x5c .\CortexM0p\ARM_GCC_541\Debug\cy_syspm.o
                0x10002490                Cy_SysPm_BuckIsOutputEnabled
 .text.Cy_SysPm_BuckSetVoltage2
                0x100024ec       0x6c .\CortexM0p\ARM_GCC_541\Debug\cy_syspm.o
                0x100024ec                Cy_SysPm_BuckSetVoltage2
 .text.Cy_SysPm_RegisterCallback
                0x10002558       0x5c .\CortexM0p\ARM_GCC_541\Debug\cy_syspm.o
                0x10002558                Cy_SysPm_RegisterCallback
 .text.Cy_SysPm_ExecuteCallback
                0x100025b4       0xd4 .\CortexM0p\ARM_GCC_541\Debug\cy_syspm.o
                0x100025b4                Cy_SysPm_ExecuteCallback
 .text.Cy_SysPm_CpuEnterSleep
                0x10002688       0x8c .\CortexM0p\ARM_GCC_541\Debug\cy_syspm.o
                0x10002688                Cy_SysPm_CpuEnterSleep
 .text.Cy_SysPm_IoUnfreeze
                0x10002714       0x2c .\CortexM0p\ARM_GCC_541\Debug\cy_syspm.o
                0x10002714                Cy_SysPm_IoUnfreeze
 .text.Cy_SysPm_WriteVoltageBitForFlash
                0x10002740      0x12c .\CortexM0p\ARM_GCC_541\Debug\cy_syspm.o
                0x10002740                Cy_SysPm_WriteVoltageBitForFlash
 .text.Cy_SysPm_BuckSetVoltage1
                0x1000286c       0xa0 .\CortexM0p\ARM_GCC_541\Debug\cy_syspm.o
                0x1000286c                Cy_SysPm_BuckSetVoltage1
 .text.Cy_SysPm_LdoSetVoltage
                0x1000290c       0xd0 .\CortexM0p\ARM_GCC_541\Debug\cy_syspm.o
                0x1000290c                Cy_SysPm_LdoSetVoltage
 .text.Cy_SysTick_SetClockSource
                0x100029dc       0x3c .\CortexM0p\ARM_GCC_541\Debug\cy_systick.o
                0x100029dc                Cy_SysTick_SetClockSource
 .text.Cy_WDT_Unlock
                0x10002a18       0x24 .\CortexM0p\ARM_GCC_541\Debug\cy_wdt.o
                0x10002a18                Cy_WDT_Unlock
 .text.Cy_PDL_Init
                0x10002a3c        0xc .\CortexM0p\ARM_GCC_541\Debug\cy_device.o
                0x10002a3c                Cy_PDL_Init
 .text.Cy_BLE_DeepSleepCallback
                0x10002a48       0xb4 .\CortexM0p\ARM_GCC_541\Debug\cy_ble.o
                0x10002a48                Cy_BLE_DeepSleepCallback
 .text.Cy_BLE_Init
                0x10002afc       0x18 .\CortexM0p\ARM_GCC_541\Debug\cy_ble.o
                0x10002afc                Cy_BLE_Init
 .text.Cy_BLE_Enable
                0x10002b14       0x80 .\CortexM0p\ARM_GCC_541\Debug\cy_ble.o
                0x10002b14                Cy_BLE_Enable
 .text.Cy_BLE_ConfigureExtPA
                0x10002b94       0x10 .\CortexM0p\ARM_GCC_541\Debug\cy_ble.o
                0x10002b94                Cy_BLE_ConfigureExtPA
 .text.Cy_BLE_BlessInterrupt
                0x10002ba4        0x8 .\CortexM0p\ARM_GCC_541\Debug\cy_ble_hal_int.o
                0x10002ba4                Cy_BLE_BlessInterrupt
 .text.Cy_BLE_IPC_CtrlMsgFlushRecvCallBack
                0x10002bac       0x10 .\CortexM0p\ARM_GCC_541\Debug\cy_ble_hal_pvt.o
 .text.Cy_BLE_HAL_RadioCalibrationRead
                0x10002bbc       0x2c .\CortexM0p\ARM_GCC_541\Debug\cy_ble_hal_pvt.o
                0x10002bbc                Cy_BLE_HAL_RadioCalibrationRead
 .text.Cy_BLE_HAL_NvramWrite
                0x10002be8      0x324 .\CortexM0p\ARM_GCC_541\Debug\cy_ble_hal_pvt.o
                0x10002be8                Cy_BLE_HAL_NvramWrite
 .text.Cy_BLE_HAL_RadioCalibrationWrite
                0x10002f0c       0x2c .\CortexM0p\ARM_GCC_541\Debug\cy_ble_hal_pvt.o
                0x10002f0c                Cy_BLE_HAL_RadioCalibrationWrite
 .text.Cy_BLE_HAL_GetIcPackageType
                0x10002f38        0x4 .\CortexM0p\ARM_GCC_541\Debug\cy_ble_hal_pvt.o
                0x10002f38                Cy_BLE_HAL_GetIcPackageType
 .text.Cy_BLE_HAL_RadioGetAbsVbat
                0x10002f3c       0x20 .\CortexM0p\ARM_GCC_541\Debug\cy_ble_hal_pvt.o
                0x10002f3c                Cy_BLE_HAL_RadioGetAbsVbat
 .text.Cy_BLE_HAL_RadioGetAbsTemp
                0x10002f5c       0x24 .\CortexM0p\ARM_GCC_541\Debug\cy_ble_hal_pvt.o
                0x10002f5c                Cy_BLE_HAL_RadioGetAbsTemp
 .text.Cy_BLE_HAL_IsDefinedTx5dbm
                0x10002f80        0x4 .\CortexM0p\ARM_GCC_541\Debug\cy_ble_hal_pvt.o
                0x10002f80                Cy_BLE_HAL_IsDefinedTx5dbm
 .text.Cy_BLE_HAL_DelayUs
                0x10002f84        0x8 .\CortexM0p\ARM_GCC_541\Debug\cy_ble_hal_pvt.o
                0x10002f84                Cy_BLE_HAL_DelayUs
 .text.Cy_BLE_HAL_EnableBlessInterrupt
                0x10002f8c       0x24 .\CortexM0p\ARM_GCC_541\Debug\cy_ble_hal_pvt.o
                0x10002f8c                Cy_BLE_HAL_EnableBlessInterrupt
 .text.Cy_BLE_HAL_DisableBlessInterrupt
                0x10002fb0       0x30 .\CortexM0p\ARM_GCC_541\Debug\cy_ble_hal_pvt.o
                0x10002fb0                Cy_BLE_HAL_DisableBlessInterrupt
 .text.Cy_BLE_HAL_LfClkGetSource
                0x10002fe0       0x14 .\CortexM0p\ARM_GCC_541\Debug\cy_ble_hal_pvt.o
                0x10002fe0                Cy_BLE_HAL_LfClkGetSource
 .text.Cy_BLE_HAL_ClkMeasurementCountersDone
                0x10002ff4       0x14 .\CortexM0p\ARM_GCC_541\Debug\cy_ble_hal_pvt.o
                0x10002ff4                Cy_BLE_HAL_ClkMeasurementCountersDone
 .text.Cy_BLE_HAL_ClkMeasurementCountersGetFreq
                0x10003008        0x8 .\CortexM0p\ARM_GCC_541\Debug\cy_ble_hal_pvt.o
                0x10003008                Cy_BLE_HAL_ClkMeasurementCountersGetFreq
 .text.Cy_BLE_HAL_StartClkMeasurementCounters
                0x10003010       0x2c .\CortexM0p\ARM_GCC_541\Debug\cy_ble_hal_pvt.o
                0x10003010                Cy_BLE_HAL_StartClkMeasurementCounters
 .text.Cy_BLE_HAL_TryPiloTrim
                0x1000303c       0x78 .\CortexM0p\ARM_GCC_541\Debug\cy_ble_hal_pvt.o
                0x1000303c                Cy_BLE_HAL_TryPiloTrim
 .text.Cy_BLE_HAL_PiloTrim
                0x100030b4       0x14 .\CortexM0p\ARM_GCC_541\Debug\cy_ble_hal_pvt.o
                0x100030b4                Cy_BLE_HAL_PiloTrim
 .text.Cy_BLE_HAL_BlessStart
                0x100030c8       0x40 .\CortexM0p\ARM_GCC_541\Debug\cy_ble_hal_pvt.o
                0x100030c8                Cy_BLE_HAL_BlessStart
 .text.Cy_BLE_HAL_GetIpBlockVersion
                0x10003108        0x4 .\CortexM0p\ARM_GCC_541\Debug\cy_ble_hal_pvt.o
                0x10003108                Cy_BLE_HAL_GetIpBlockVersion
 .text.Cy_BLE_HAL_EnterCriticalSection
                0x1000310c        0x8 .\CortexM0p\ARM_GCC_541\Debug\cy_ble_hal_pvt.o
                0x1000310c                Cy_BLE_HAL_EnterCriticalSection
 .text.Cy_BLE_HAL_ExitCriticalSection
                0x10003114        0x8 .\CortexM0p\ARM_GCC_541\Debug\cy_ble_hal_pvt.o
                0x10003114                Cy_BLE_HAL_ExitCriticalSection
 .text.Cy_BLE_HAL_SysPmSleep
                0x1000311c        0x8 .\CortexM0p\ARM_GCC_541\Debug\cy_ble_hal_pvt.o
                0x1000311c                Cy_BLE_HAL_SysPmSleep
 .text.Cy_BLE_HAL_SimoBuckSetVoltage2
                0x10003124        0xc .\CortexM0p\ARM_GCC_541\Debug\cy_ble_hal_pvt.o
                0x10003124                Cy_BLE_HAL_SimoBuckSetVoltage2
 .text.Cy_BLE_HAL_EnableControllerIpcPipeInterrupt
                0x10003130        0xc .\CortexM0p\ARM_GCC_541\Debug\cy_ble_hal_pvt.o
                0x10003130                Cy_BLE_HAL_EnableControllerIpcPipeInterrupt
 .text.Cy_BLE_HAL_DisableControllerIpcPipeInterrupt
                0x1000313c        0xc .\CortexM0p\ARM_GCC_541\Debug\cy_ble_hal_pvt.o
                0x1000313c                Cy_BLE_HAL_DisableControllerIpcPipeInterrupt
 .text.Cy_BLE_IPC_ControllerRegisterClientCallbacks
                0x10003148       0x28 .\CortexM0p\ARM_GCC_541\Debug\cy_ble_hal_pvt.o
                0x10003148                Cy_BLE_IPC_ControllerRegisterClientCallbacks
 .text.Cy_BLE_IPC_SendMessageToHost
                0x10003170       0x20 .\CortexM0p\ARM_GCC_541\Debug\cy_ble_hal_pvt.o
                0x10003170                Cy_BLE_IPC_SendMessageToHost
 .text.Cy_BLE_HAL_RcbRegRead
                0x10003190       0x50 .\CortexM0p\ARM_GCC_541\Debug\cy_ble_clk.o
 .text.Cy_BLE_HAL_RcbRegWrite
                0x100031e0       0x4c .\CortexM0p\ARM_GCC_541\Debug\cy_ble_clk.o
 .text.Cy_BLE_HAL_MxdRadioEnableClocks
                0x1000322c      0x21c .\CortexM0p\ARM_GCC_541\Debug\cy_ble_clk.o
 .text.Cy_BLE_HAL_EcoSetTrim
                0x10003448       0x38 .\CortexM0p\ARM_GCC_541\Debug\cy_ble_clk.o
 .text.Cy_BLE_EcoStop
                0x10003480       0x18 .\CortexM0p\ARM_GCC_541\Debug\cy_ble_clk.o
                0x10003480                Cy_BLE_EcoStop
 .text.Cy_BLE_HAL_Init
                0x10003498       0x68 .\CortexM0p\ARM_GCC_541\Debug\cy_ble_clk.o
                0x10003498                Cy_BLE_HAL_Init
 .text.Cy_BLE_EcoStart
                0x10003500      0x254 .\CortexM0p\ARM_GCC_541\Debug\cy_ble_clk.o
                0x10003500                Cy_BLE_EcoStart
 .text.Cy_BLE_HAL_EcoGetFrequency
                0x10003754        0xc .\CortexM0p\ARM_GCC_541\Debug\cy_ble_clk.o
                0x10003754                Cy_BLE_HAL_EcoGetFrequency
 .text.Cy_BLE_HAL_IsEcoCpuClockSrc
                0x10003760       0x20 .\CortexM0p\ARM_GCC_541\Debug\cy_ble_clk.o
                0x10003760                Cy_BLE_HAL_IsEcoCpuClockSrc
 .text.Cy_BLE_HAL_IsWcoLfclkSrc
                0x10003780       0x24 .\CortexM0p\ARM_GCC_541\Debug\cy_ble_clk.o
                0x10003780                Cy_BLE_HAL_IsWcoLfclkSrc
 .text          0x100037a4      0x114 c:/program files (x86)/cypress/psoc creator/4.4/psoc creator/import/gnu/arm/5.4.1/bin/../lib/gcc/arm-none-eabi/5.4.1/armv6-m\libgcc.a(_udivsi3.o)
                0x100037a4                __aeabi_uidiv
                0x100037a4                __udivsi3
                0x100038b0                __aeabi_uidivmod
 .text          0x100038b8      0x1d4 c:/program files (x86)/cypress/psoc creator/4.4/psoc creator/import/gnu/arm/5.4.1/bin/../lib/gcc/arm-none-eabi/5.4.1/armv6-m\libgcc.a(_divsi3.o)
                0x100038b8                __divsi3
                0x100038b8                __aeabi_idiv
                0x10003a84                __aeabi_idivmod
 .text          0x10003a8c        0x4 c:/program files (x86)/cypress/psoc creator/4.4/psoc creator/import/gnu/arm/5.4.1/bin/../lib/gcc/arm-none-eabi/5.4.1/armv6-m\libgcc.a(_dvmd_tls.o)
                0x10003a8c                __aeabi_idiv0
                0x10003a8c                __aeabi_ldiv0
 .text          0x10003a90       0x40 c:/program files (x86)/cypress/psoc creator/4.4/psoc creator/import/gnu/arm/5.4.1/bin/../lib/gcc/arm-none-eabi/5.4.1/armv6-m\libgcc.a(_aeabi_uldivmod.o)
                0x10003a90                __aeabi_uldivmod
 .text          0x10003ad0       0x58 c:/program files (x86)/cypress/psoc creator/4.4/psoc creator/import/gnu/arm/5.4.1/bin/../lib/gcc/arm-none-eabi/5.4.1/armv6-m\libgcc.a(_muldi3.o)
                0x10003ad0                __muldi3
                0x10003ad0                __aeabi_lmul
 .text          0x10003b28       0x3c c:/program files (x86)/cypress/psoc creator/4.4/psoc creator/import/gnu/arm/5.4.1/bin/../lib/gcc/arm-none-eabi/5.4.1/armv6-m\libgcc.a(_fixunsdfsi.o)
                0x10003b28                __aeabi_d2uiz
                0x10003b28                __fixunsdfsi
 .text          0x10003b64      0x180 c:/program files (x86)/cypress/psoc creator/4.4/psoc creator/import/gnu/arm/5.4.1/bin/../lib/gcc/arm-none-eabi/5.4.1/armv6-m\libgcc.a(_udivmoddi4.o)
                0x10003b64                __udivmoddi4
 .text          0x10003ce4      0x62c c:/program files (x86)/cypress/psoc creator/4.4/psoc creator/import/gnu/arm/5.4.1/bin/../lib/gcc/arm-none-eabi/5.4.1/armv6-m\libgcc.a(divdf3.o)
                0x10003ce4                __aeabi_ddiv
 .text          0x10004310      0x4f4 c:/program files (x86)/cypress/psoc creator/4.4/psoc creator/import/gnu/arm/5.4.1/bin/../lib/gcc/arm-none-eabi/5.4.1/armv6-m\libgcc.a(muldf3.o)
                0x10004310                __aeabi_dmul
 .text          0x10004804      0x6a8 c:/program files (x86)/cypress/psoc creator/4.4/psoc creator/import/gnu/arm/5.4.1/bin/../lib/gcc/arm-none-eabi/5.4.1/armv6-m\libgcc.a(subdf3.o)
                0x10004804                __aeabi_dsub
 .text          0x10004eac       0x6c c:/program files (x86)/cypress/psoc creator/4.4/psoc creator/import/gnu/arm/5.4.1/bin/../lib/gcc/arm-none-eabi/5.4.1/armv6-m\libgcc.a(fixdfsi.o)
                0x10004eac                __aeabi_d2iz
 .text          0x10004f18       0x70 c:/program files (x86)/cypress/psoc creator/4.4/psoc creator/import/gnu/arm/5.4.1/bin/../lib/gcc/arm-none-eabi/5.4.1/armv6-m\libgcc.a(floatunsidf.o)
                0x10004f18                __aeabi_ui2d
 .text          0x10004f88       0x7c c:/program files (x86)/cypress/psoc creator/4.4/psoc creator/import/gnu/arm/5.4.1/bin/../lib/gcc/arm-none-eabi/5.4.1/armv6-m\libgcc.a(_arm_cmpdf2.o)
                0x10004f88                __aeabi_cdrcmple
                0x10004f98                __aeabi_cdcmple
                0x10004f98                __aeabi_cdcmpeq
                0x10004fa8                __aeabi_dcmpeq
                0x10004fb4                __aeabi_dcmplt
                0x10004fc8                __aeabi_dcmple
                0x10004fdc                __aeabi_dcmpgt
                0x10004ff0                __aeabi_dcmpge
 .text          0x10005004       0x3c c:/program files (x86)/cypress/psoc creator/4.4/psoc creator/import/gnu/arm/5.4.1/bin/../lib/gcc/arm-none-eabi/5.4.1/armv6-m\libgcc.a(_clzsi2.o)
                0x10005004                __clzsi2
 .text          0x10005040       0x18 c:/program files (x86)/cypress/psoc creator/4.4/psoc creator/import/gnu/arm/5.4.1/bin/../lib/gcc/arm-none-eabi/5.4.1/armv6-m\libgcc.a(_clzdi2.o)
                0x10005040                __clzdi2
 .text          0x10005058       0x80 c:/program files (x86)/cypress/psoc creator/4.4/psoc creator/import/gnu/arm/5.4.1/bin/../lib/gcc/arm-none-eabi/5.4.1/armv6-m\libgcc.a(eqdf2.o)
                0x10005058                __nedf2
                0x10005058                __eqdf2
 .text          0x100050d8       0xc8 c:/program files (x86)/cypress/psoc creator/4.4/psoc creator/import/gnu/arm/5.4.1/bin/../lib/gcc/arm-none-eabi/5.4.1/armv6-m\libgcc.a(gedf2.o)
                0x100050d8                __gedf2
                0x100050d8                __gtdf2
 .text          0x100051a0       0xd4 c:/program files (x86)/cypress/psoc creator/4.4/psoc creator/import/gnu/arm/5.4.1/bin/../lib/gcc/arm-none-eabi/5.4.1/armv6-m\libgcc.a(ledf2.o)
                0x100051a0                __ledf2
                0x100051a0                __ltdf2
 .text.memcmp   0x10005274       0x1e c:/program files (x86)/cypress/psoc creator/4.4/psoc creator/import/gnu/arm/5.4.1/bin/../lib/gcc/arm-none-eabi/5.4.1/../../../../arm-none-eabi/lib/armv6-m\libg_nano.a(lib_a-memcmp.o)
                0x10005274                memcmp
 .text.memcpy   0x10005292       0x12 c:/program files (x86)/cypress/psoc creator/4.4/psoc creator/import/gnu/arm/5.4.1/bin/../lib/gcc/arm-none-eabi/5.4.1/../../../../arm-none-eabi/lib/armv6-m\libg_nano.a(lib_a-memcpy-stub.o)
                0x10005292                memcpy
 .text.memset   0x100052a4       0x10 c:/program files (x86)/cypress/psoc creator/4.4/psoc creator/import/gnu/arm/5.4.1/bin/../lib/gcc/arm-none-eabi/5.4.1/../../../../arm-none-eabi/lib/armv6-m\libg_nano.a(lib_a-memset.o)
                0x100052a4                memset
 .text.strncpy  0x100052b4       0x26 c:/program files (x86)/cypress/psoc creator/4.4/psoc creator/import/gnu/arm/5.4.1/bin/../lib/gcc/arm-none-eabi/5.4.1/../../../../arm-none-eabi/lib/armv6-m\libg_nano.a(lib_a-strncpy.o)
                0x100052b4                strncpy
 *(.init)
 *fill*         0x100052da        0x2 
 .init          0x100052dc        0x4 c:/program files (x86)/cypress/psoc creator/4.4/psoc creator/import/gnu/arm/5.4.1/bin/../lib/gcc/arm-none-eabi/5.4.1/armv6-m/crti.o
                0x100052dc                _init
 .init          0x100052e0        0x8 c:/program files (x86)/cypress/psoc creator/4.4/psoc creator/import/gnu/arm/5.4.1/bin/../lib/gcc/arm-none-eabi/5.4.1/armv6-m/crtn.o
 *(.fini)
 .fini          0x100052e8        0x4 c:/program files (x86)/cypress/psoc creator/4.4/psoc creator/import/gnu/arm/5.4.1/bin/../lib/gcc/arm-none-eabi/5.4.1/armv6-m/crti.o
                0x100052e8                _fini
 .fini          0x100052ec        0x8 c:/program files (x86)/cypress/psoc creator/4.4/psoc creator/import/gnu/arm/5.4.1/bin/../lib/gcc/arm-none-eabi/5.4.1/armv6-m/crtn.o
 *fill*         0x100052f4        0x4 
 .fini.__stub   0x100052f8       0x10 linker stubs
 *crtbegin.o(.ctors)
 *crtbegin?.o(.ctors)
 *(EXCLUDE_FILE(*crtend.o *crtend?.o) .ctors)
 *(SORT(.ctors.*))
 *(.ctors)
 *crtbegin.o(.dtors)
 *crtbegin?.o(.dtors)
 *(EXCLUDE_FILE(*crtend.o *crtend?.o) .dtors)
 *(SORT(.dtors.*))
 *(.dtors)
 *(.rodata .rodata.* .constdata .constdata.* .conststring .conststring.*)
 .rodata        0x10005308       0x34 .\CortexM0p\ARM_GCC_541\Debug\system_psoc6_cm0plus.o
 .rodata.str1.4
                0x1000533c       0x17 .\CortexM0p\ARM_GCC_541\Debug\system_psoc6_cm0plus.o
 *fill*         0x10005353        0x1 
 .rodata        0x10005354        0x8 .\CortexM0p\ARM_GCC_541\Debug\cyfitter_sysint_cfg.o
                0x10005354                BLE_1_bless_isr_cfg
 .rodata        0x1000535c      0xafc .\CortexM0p\ARM_GCC_541\Debug\cyfitter_cfg.o
 .rodata.str1.4
                0x10005e58       0x3f .\CortexM0p\ARM_GCC_541\Debug\cy_flash.o
 *fill*         0x10005e97        0x1 
 .rodata.str1.4
                0x10005e98       0x7d .\CortexM0p\ARM_GCC_541\Debug\cy_gpio.o
 *fill*         0x10005f15        0x3 
 .rodata.str1.4
                0x10005f18       0x7f .\CortexM0p\ARM_GCC_541\Debug\cy_ipc_drv.o
 .rodata.str1.4
                0x10005f97       0x3f .\CortexM0p\ARM_GCC_541\Debug\cy_ipc_sema.o
 *fill*         0x10005f97        0x1 
 .rodata.str1.4
                0x10005f98       0x40 .\CortexM0p\ARM_GCC_541\Debug\cy_ipc_pipe.o
                                 0x7f (size before relaxing)
 .rodata.str1.4
                0x10005fd8       0x3d .\CortexM0p\ARM_GCC_541\Debug\cy_prot.o
 *fill*         0x10006015        0x3 
 .rodata.str1.4
                0x10006018       0x85 .\CortexM0p\ARM_GCC_541\Debug\cy_sysclk.o
 *fill*         0x1000609d        0x3 
 .rodata.str1.4
                0x100060a0       0x41 .\CortexM0p\ARM_GCC_541\Debug\cy_sysint.o
 *fill*         0x100060e1        0x3 
 .rodata.str1.4
                0x100060e4       0x3f .\CortexM0p\ARM_GCC_541\Debug\cy_syspm.o
                                 0x7f (size before relaxing)
 *fill*         0x10006123        0x1 
 .rodata        0x10006124      0x170 .\CortexM0p\ARM_GCC_541\Debug\cy_device.o
                0x10006124                cy_deviceIpBlockCfgPSoC6_02
                0x100061dc                cy_deviceIpBlockCfgPSoC6_01
 .rodata.str1.4
                0x10006294       0x3c .\CortexM0p\ARM_GCC_541\Debug\cy_ble_hal_pvt.o
                                 0x3b (size before relaxing)
 .rodata        0x100062d0       0x6c .\CortexM0p\ARM_GCC_541\Debug\cy_ble_clk.o
 .constdata     0x1000633c       0x4c Generated_Source\PSoC6\pdl\middleware\ble\lib\cy_ble_stack_gcc_controller_ipc_cm0p.a(config_bin.o)
                0x1000633c                bt_cfg_pdata
 .constdata     0x10006388       0x10 Generated_Source\PSoC6\pdl\middleware\ble\lib\cy_ble_stack_gcc_controller_ipc_cm0p.a(ll_connection.o)
                0x10006388                g_slave_clock_accuracy
 .constdata     0x10006398      0x102 Generated_Source\PSoC6\pdl\middleware\ble\lib\cy_ble_stack_gcc_controller_ipc_cm0p.a(ll_pdu.o)
                0x10006398                enc_valid_pdu_list
                0x100063a0                fp_ll_pdu_handlers
                0x10006404                fp_ll_pdu_ack_handlers
                0x10006468                ll_pdu_valid_length
 *fill*         0x1000649a        0x2 
 .constdata     0x1000649c       0x88 Generated_Source\PSoC6\pdl\middleware\ble\lib\cy_ble_stack_gcc_controller_ipc_cm0p.a(ll_privacy.o)
 .constdata     0x10006524       0x40 Generated_Source\PSoC6\pdl\middleware\ble\lib\cy_ble_stack_gcc_controller_ipc_cm0p.a(ll_dle.o)
 .constdata     0x10006564       0x50 Generated_Source\PSoC6\pdl\middleware\ble\lib\cy_ble_stack_gcc_controller_ipc_cm0p.a(ll_phy_update.o)
 .constdata     0x100065b4       0x84 Generated_Source\PSoC6\pdl\middleware\ble\lib\cy_ble_stack_gcc_controller_ipc_cm0p.a(lec_hci_le_commands.o)
 .constdata     0x10006638      0x3f6 Generated_Source\PSoC6\pdl\middleware\ble\lib\cy_ble_stack_gcc_controller_ipc_cm0p.a(lec_hci_le_commands.o)
 *fill*         0x10006a2e        0x2 
 .constdata     0x10006a30       0x84 Generated_Source\PSoC6\pdl\middleware\ble\lib\cy_ble_stack_gcc_controller_ipc_cm0p.a(lec_hci_le_commands.o)
 .constdata     0x10006ab4       0x84 Generated_Source\PSoC6\pdl\middleware\ble\lib\cy_ble_stack_gcc_controller_ipc_cm0p.a(lec_hci_le_commands.o)
 .constdata     0x10006b38       0x21 Generated_Source\PSoC6\pdl\middleware\ble\lib\cy_ble_stack_gcc_controller_ipc_cm0p.a(lec_hci_le_commands.o)
 .constdata     0x10006b59       0x40 Generated_Source\PSoC6\pdl\middleware\ble\lib\cy_ble_stack_gcc_controller_ipc_cm0p.a(lec_hci_le_common_commands.o)
                0x10006b59                Cu8_hci_le_supported_commands_array
 *fill*         0x10006b99        0x3 
 .constdata     0x10006b9c       0xcc Generated_Source\PSoC6\pdl\middleware\ble\lib\cy_ble_stack_gcc_controller_ipc_cm0p.a(lec_hci_le_privacy.o)
 .constdata     0x10006c68        0xc Generated_Source\PSoC6\pdl\middleware\ble\lib\cy_ble_stack_gcc_controller_ipc_cm0p.a(lec_hci_le_privacy.o)
 .constdata     0x10006c74       0x60 Generated_Source\PSoC6\pdl\middleware\ble\lib\cy_ble_stack_gcc_controller_ipc_cm0p.a(lec_hci_le_dle.o)
 .constdata     0x10006cd4       0x78 Generated_Source\PSoC6\pdl\middleware\ble\lib\cy_ble_stack_gcc_controller_ipc_cm0p.a(lec_hci_le_phy_update.o)
 .conststring   0x10006d4c       0x87 Generated_Source\PSoC6\pdl\middleware\ble\lib\cy_ble_stack_gcc_controller_ipc_cm0p.a(drbg.o)
 *fill*         0x10006dd3        0x1 
 .constdata     0x10006dd4       0x60 Generated_Source\PSoC6\pdl\middleware\ble\lib\cy_ble_stack_gcc_radio_max_cm0p.a(CyBlessVer3.o)
                0x10006dd4                rssiMap
 .rodata        0x10006e34       0x40 c:/program files (x86)/cypress/psoc creator/4.4/psoc creator/import/gnu/arm/5.4.1/bin/../lib/gcc/arm-none-eabi/5.4.1/armv6-m\libgcc.a(divdf3.o)
 .rodata        0x10006e74       0x40 c:/program files (x86)/cypress/psoc creator/4.4/psoc creator/import/gnu/arm/5.4.1/bin/../lib/gcc/arm-none-eabi/5.4.1/armv6-m\libgcc.a(muldf3.o)
 *(.eh_frame*)
 .eh_frame      0x10006eb4        0x0 c:/program files (x86)/cypress/psoc creator/4.4/psoc creator/import/gnu/arm/5.4.1/bin/../lib/gcc/arm-none-eabi/5.4.1/armv6-m/crtbegin.o
 .eh_frame      0x10006eb4        0x4 c:/program files (x86)/cypress/psoc creator/4.4/psoc creator/import/gnu/arm/5.4.1/bin/../lib/gcc/arm-none-eabi/5.4.1/armv6-m/crtend.o

.glue_7         0x10006eb8        0x0
 .glue_7        0x10006eb8        0x0 linker stubs

.glue_7t        0x10006eb8        0x0
 .glue_7t       0x10006eb8        0x0 linker stubs

.vfp11_veneer   0x10006eb8        0x0
 .vfp11_veneer  0x10006eb8        0x0 linker stubs

.v4_bx          0x10006eb8        0x0
 .v4_bx         0x10006eb8        0x0 linker stubs

.iplt           0x10006eb8        0x0
 .iplt          0x10006eb8        0x0 c:/program files (x86)/cypress/psoc creator/4.4/psoc creator/import/gnu/arm/5.4.1/bin/../lib/gcc/arm-none-eabi/5.4.1/armv6-m/crtbegin.o

i.CyBleStackMgr_Init
                0x10006eb8       0xf8
 i.CyBleStackMgr_Init
                0x10006eb8       0xf8 Generated_Source\PSoC6\pdl\middleware\ble\lib\cy_ble_stack_gcc_controller_ipc_cm0p.a(CyBleStackMgrIP_Interface.o)
                0x10006eb8                CyBleStackMgr_Init

i.CyBleStackMgr_ProcessBleEvents
                0x10006fb0       0x2c
 i.CyBleStackMgr_ProcessBleEvents
                0x10006fb0       0x2c Generated_Source\PSoC6\pdl\middleware\ble\lib\cy_ble_stack_gcc_controller_ipc_cm0p.a(CyBleStackMgrIP_Interface.o)
                0x10006fb0                CyBleStackMgr_ProcessBleEvents

i.CyBleStackMgr_Shutdown
                0x10006fdc       0x28
 i.CyBleStackMgr_Shutdown
                0x10006fdc       0x28 Generated_Source\PSoC6\pdl\middleware\ble\lib\cy_ble_stack_gcc_controller_ipc_cm0p.a(CyBleStackMgrIP_Interface.o)
                0x10006fdc                CyBleStackMgr_Shutdown

i.CyBle_GetHeapConfig
                0x10007004        0x8
 i.CyBle_GetHeapConfig
                0x10007004        0x8 Generated_Source\PSoC6\pdl\middleware\ble\lib\cy_ble_stack_gcc_controller_ipc_cm0p.a(CyBleStackMgrIP_Interface.o)
                0x10007004                CyBle_GetHeapConfig

i.CyBle_GetHeapMemory
                0x1000700c       0x3c
 i.CyBle_GetHeapMemory
                0x1000700c       0x3c Generated_Source\PSoC6\pdl\middleware\ble\lib\cy_ble_stack_gcc_controller_ipc_cm0p.a(CyBleStackMgrIP_Interface.o)
                0x1000700c                CyBle_GetHeapMemory

i.CyBle_StackGetConfigPtr
                0x10007048        0x8
 i.CyBle_StackGetConfigPtr
                0x10007048        0x8 Generated_Source\PSoC6\pdl\middleware\ble\lib\cy_ble_stack_gcc_controller_ipc_cm0p.a(CyBleStackMgrIP_Interface.o)
                0x10007048                CyBle_StackGetConfigPtr

i.Cy_BLE_EnablePrivacyFeature
                0x10007050        0x8
 i.Cy_BLE_EnablePrivacyFeature
                0x10007050        0x8 Generated_Source\PSoC6\pdl\middleware\ble\lib\cy_ble_stack_gcc_controller_ipc_cm0p.a(CyBleStackMgrIP_Interface.o)
                0x10007050                Cy_BLE_EnablePrivacyFeature

i.Cy_BLE_GetStackLibraryVersion
                0x10007058       0x20
 i.Cy_BLE_GetStackLibraryVersion
                0x10007058       0x20 Generated_Source\PSoC6\pdl\middleware\ble\lib\cy_ble_stack_gcc_controller_ipc_cm0p.a(CyBleStackMgrIP_Interface.o)
                0x10007058                Cy_BLE_GetStackLibraryVersion

i.Cy_BLE_ProcessEvents
                0x10007078        0x8
 i.Cy_BLE_ProcessEvents
                0x10007078        0x8 Generated_Source\PSoC6\pdl\middleware\ble\lib\cy_ble_stack_gcc_controller_ipc_cm0p.a(CyBleStackMgrIP_Interface.o)
                0x10007078                Cy_BLE_ProcessEvents

i.Cy_BLE_StackEnterLPM
                0x10007080        0x8
 i.Cy_BLE_StackEnterLPM
                0x10007080        0x8 Generated_Source\PSoC6\pdl\middleware\ble\lib\cy_ble_stack_gcc_controller_ipc_cm0p.a(CyBleStackMgrIP_Interface.o)
                0x10007080                Cy_BLE_StackEnterLPM

i.Cy_BLE_StackGetBleSsState
                0x10007088        0x8
 i.Cy_BLE_StackGetBleSsState
                0x10007088        0x8 Generated_Source\PSoC6\pdl\middleware\ble\lib\cy_ble_stack_gcc_controller_ipc_cm0p.a(CyBleStackMgrIP_Interface.o)
                0x10007088                Cy_BLE_StackGetBleSsState

i.Cy_BLE_StackInit
                0x10007090       0x58
 i.Cy_BLE_StackInit
                0x10007090       0x58 Generated_Source\PSoC6\pdl\middleware\ble\lib\cy_ble_stack_gcc_controller_ipc_cm0p.a(CyBleStackMgrIP_Interface.o)
                0x10007090                Cy_BLE_StackInit

i.Cy_BLE_StackSetFeatureConfig
                0x100070e8       0x54
 i.Cy_BLE_StackSetFeatureConfig
                0x100070e8       0x54 Generated_Source\PSoC6\pdl\middleware\ble\lib\cy_ble_stack_gcc_controller_ipc_cm0p.a(CyBleStackMgrIP_Interface.o)
                0x100070e8                Cy_BLE_StackSetFeatureConfig

i.ble_stack_idle_task_callback
                0x1000713c        0x2
 i.ble_stack_idle_task_callback
                0x1000713c        0x2 Generated_Source\PSoC6\pdl\middleware\ble\lib\cy_ble_stack_gcc_controller_ipc_cm0p.a(CyBleStackMgrIP_Interface.o)
                0x1000713c                ble_stack_idle_task_callback

i.CyBleStackMgr_GetTime
                0x10007140       0x28
 i.CyBleStackMgr_GetTime
                0x10007140       0x28 Generated_Source\PSoC6\pdl\middleware\ble\lib\cy_ble_stack_gcc_controller_ipc_cm0p.a(CyBleStackMgr_PSoCHal.o)
                0x10007140                CyBleStackMgr_GetTime

i.CyBleStackMgr_HalInit
                0x10007168       0x1c
 i.CyBleStackMgr_HalInit
                0x10007168       0x1c Generated_Source\PSoC6\pdl\middleware\ble\lib\cy_ble_stack_gcc_controller_ipc_cm0p.a(CyBleStackMgr_PSoCHal.o)
                0x10007168                CyBleStackMgr_HalInit

i.CyBleStackMgr_HalIntrEnable
                0x10007184        0xc
 i.CyBleStackMgr_HalIntrEnable
                0x10007184        0xc Generated_Source\PSoC6\pdl\middleware\ble\lib\cy_ble_stack_gcc_controller_ipc_cm0p.a(CyBleStackMgr_PSoCHal.o)
                0x10007184                CyBleStackMgr_HalIntrEnable

i.CyBleStackMgr_HciPortInit
                0x10007190       0x18
 i.CyBleStackMgr_HciPortInit
                0x10007190       0x18 Generated_Source\PSoC6\pdl\middleware\ble\lib\cy_ble_stack_gcc_controller_ipc_cm0p.a(CyBleStackMgr_PSoCHal.o)
                0x10007190                CyBleStackMgr_HciPortInit

i.CyBleStackMgr_HciPortReset
                0x100071a8        0x8
 i.CyBleStackMgr_HciPortReset
                0x100071a8        0x8 Generated_Source\PSoC6\pdl\middleware\ble\lib\cy_ble_stack_gcc_controller_ipc_cm0p.a(CyBleStackMgr_PSoCHal.o)
                0x100071a8                CyBleStackMgr_HciPortReset

i.CyBleStackMgr_HciPortWrite
                0x100071b0        0x8
 i.CyBleStackMgr_HciPortWrite
                0x100071b0        0x8 Generated_Source\PSoC6\pdl\middleware\ble\lib\cy_ble_stack_gcc_controller_ipc_cm0p.a(CyBleStackMgr_PSoCHal.o)
                0x100071b0                CyBleStackMgr_HciPortWrite

i.CyBleStackMgr_TimerStart
                0x100071b8       0x20
 i.CyBleStackMgr_TimerStart
                0x100071b8       0x20 Generated_Source\PSoC6\pdl\middleware\ble\lib\cy_ble_stack_gcc_controller_ipc_cm0p.a(CyBleStackMgr_PSoCHal.o)
                0x100071b8                CyBleStackMgr_TimerStart

i.CyBleStackMgr_TimerStop
                0x100071d8       0x18
 i.CyBleStackMgr_TimerStop
                0x100071d8       0x18 Generated_Source\PSoC6\pdl\middleware\ble\lib\cy_ble_stack_gcc_controller_ipc_cm0p.a(CyBleStackMgr_PSoCHal.o)
                0x100071d8                CyBleStackMgr_TimerStop

i.CyBleStackMgr_isTimerRunning
                0x100071f0        0xc
 i.CyBleStackMgr_isTimerRunning
                0x100071f0        0xc Generated_Source\PSoC6\pdl\middleware\ble\lib\cy_ble_stack_gcc_controller_ipc_cm0p.a(CyBleStackMgr_PSoCHal.o)
                0x100071f0                CyBleStackMgr_isTimerRunning

i.CyBleStackMgr_BleSSFifoRead
                0x100071fc       0x3c
 i.CyBleStackMgr_BleSSFifoRead
                0x100071fc       0x3c Generated_Source\PSoC6\pdl\middleware\ble\lib\cy_ble_stack_gcc_controller_ipc_cm0p.a(CyBleStackMgr_BleSSDriver.o)
                0x100071fc                CyBleStackMgr_BleSSFifoRead

i.CyBleStackMgr_BleSSFifoWrite
                0x10007238       0x30
 i.CyBleStackMgr_BleSSFifoWrite
                0x10007238       0x30 Generated_Source\PSoC6\pdl\middleware\ble\lib\cy_ble_stack_gcc_controller_ipc_cm0p.a(CyBleStackMgr_BleSSDriver.o)
                0x10007238                CyBleStackMgr_BleSSFifoWrite

i.CyBleStackMgr_BleSSInit
                0x10007268       0xac
 i.CyBleStackMgr_BleSSInit
                0x10007268       0xac Generated_Source\PSoC6\pdl\middleware\ble\lib\cy_ble_stack_gcc_controller_ipc_cm0p.a(CyBleStackMgr_BleSSDriver.o)
                0x10007268                CyBleStackMgr_BleSSInit

i.CyBleStackMgr_BleSSMemRead
                0x10007314       0x30
 i.CyBleStackMgr_BleSSMemRead
                0x10007314       0x30 Generated_Source\PSoC6\pdl\middleware\ble\lib\cy_ble_stack_gcc_controller_ipc_cm0p.a(CyBleStackMgr_BleSSDriver.o)
                0x10007314                CyBleStackMgr_BleSSMemRead

i.CyBleStackMgr_BleSSMemWrite
                0x10007344       0x34
 i.CyBleStackMgr_BleSSMemWrite
                0x10007344       0x34 Generated_Source\PSoC6\pdl\middleware\ble\lib\cy_ble_stack_gcc_controller_ipc_cm0p.a(CyBleStackMgr_BleSSDriver.o)
                0x10007344                CyBleStackMgr_BleSSMemWrite

i.CyBleStackMgr_BleSSMemWriteFields
                0x10007378       0x70
 i.CyBleStackMgr_BleSSMemWriteFields
                0x10007378       0x70 Generated_Source\PSoC6\pdl\middleware\ble\lib\cy_ble_stack_gcc_controller_ipc_cm0p.a(CyBleStackMgr_BleSSDriver.o)
                0x10007378                CyBleStackMgr_BleSSMemWriteFields

i.CyBleStackMgr_BleSSReset
                0x100073e8       0x34
 i.CyBleStackMgr_BleSSReset
                0x100073e8       0x34 Generated_Source\PSoC6\pdl\middleware\ble\lib\cy_ble_stack_gcc_controller_ipc_cm0p.a(CyBleStackMgr_BleSSDriver.o)
                0x100073e8                CyBleStackMgr_BleSSReset

i.CyBleStackMgr_BleSSShutdown
                0x1000741c       0x34
 i.CyBleStackMgr_BleSSShutdown
                0x1000741c       0x34 Generated_Source\PSoC6\pdl\middleware\ble\lib\cy_ble_stack_gcc_controller_ipc_cm0p.a(CyBleStackMgr_BleSSDriver.o)
                0x1000741c                CyBleStackMgr_BleSSShutdown

i.CyBleStackMgr_GenericIface
                0x10007450       0x58
 i.CyBleStackMgr_GenericIface
                0x10007450       0x58 Generated_Source\PSoC6\pdl\middleware\ble\lib\cy_ble_stack_gcc_controller_ipc_cm0p.a(CyBleStackMgr_BleSSDriver.o)
                0x10007450                CyBleStackMgr_GenericIface

i.CyBleStackMgr_HandleBleSSIntr
                0x100074a8       0x70
 i.CyBleStackMgr_HandleBleSSIntr
                0x100074a8       0x70 Generated_Source\PSoC6\pdl\middleware\ble\lib\cy_ble_stack_gcc_controller_ipc_cm0p.a(CyBleStackMgr_BleSSDriver.o)
                0x100074a8                CyBleStackMgr_HandleBleSSIntr

i.CyBle_ControllerGetBleClockCfgParam
                0x10007518       0x20
 i.CyBle_ControllerGetBleClockCfgParam
                0x10007518       0x20 Generated_Source\PSoC6\pdl\middleware\ble\lib\cy_ble_stack_gcc_controller_ipc_cm0p.a(CyBleStackMgr_BleSSDriver.o)
                0x10007518                CyBle_ControllerGetBleClockCfgParam

i.CyBle_ControllerGetTxPowerLevel
                0x10007538       0x3c
 i.CyBle_ControllerGetTxPowerLevel
                0x10007538       0x3c Generated_Source\PSoC6\pdl\middleware\ble\lib\cy_ble_stack_gcc_controller_ipc_cm0p.a(CyBleStackMgr_BleSSDriver.o)
                0x10007538                CyBle_ControllerGetTxPowerLevel

i.CyBle_ControllerSetBleClockCfgParam
                0x10007574       0x30
 i.CyBle_ControllerSetBleClockCfgParam
                0x10007574       0x30 Generated_Source\PSoC6\pdl\middleware\ble\lib\cy_ble_stack_gcc_controller_ipc_cm0p.a(CyBleStackMgr_BleSSDriver.o)
                0x10007574                CyBle_ControllerSetBleClockCfgParam

i.CyBle_ControllerSetDcxoLdoTrim
                0x100075a4       0x1c
 i.CyBle_ControllerSetDcxoLdoTrim
                0x100075a4       0x1c Generated_Source\PSoC6\pdl\middleware\ble\lib\cy_ble_stack_gcc_controller_ipc_cm0p.a(CyBleStackMgr_BleSSDriver.o)
                0x100075a4                CyBle_ControllerSetDcxoLdoTrim

i.CyBle_ControllerSetTxPowerLevel
                0x100075c0       0x2c
 i.CyBle_ControllerSetTxPowerLevel
                0x100075c0       0x2c Generated_Source\PSoC6\pdl\middleware\ble\lib\cy_ble_stack_gcc_controller_ipc_cm0p.a(CyBleStackMgr_BleSSDriver.o)
                0x100075c0                CyBle_ControllerSetTxPowerLevel

i.CyBle_EnterDsmMode
                0x100075ec       0x34
 i.CyBle_EnterDsmMode
                0x100075ec       0x34 Generated_Source\PSoC6\pdl\middleware\ble\lib\cy_ble_stack_gcc_controller_ipc_cm0p.a(CyBleStackMgr_BleSSDriver.o)
                0x100075ec                CyBle_EnterDsmMode

i.CyBle_ExitDsmMode
                0x10007620       0x34
 i.CyBle_ExitDsmMode
                0x10007620       0x34 Generated_Source\PSoC6\pdl\middleware\ble\lib\cy_ble_stack_gcc_controller_ipc_cm0p.a(CyBleStackMgr_BleSSDriver.o)
                0x10007620                CyBle_ExitDsmMode

i.CyBle_GetBleSsOperationalMode
                0x10007654        0xc
 i.CyBle_GetBleSsOperationalMode
                0x10007654        0xc Generated_Source\PSoC6\pdl\middleware\ble\lib\cy_ble_stack_gcc_controller_ipc_cm0p.a(CyBleStackMgr_BleSSDriver.o)
                0x10007654                CyBle_GetBleSsOperationalMode

i.CyBle_GetEventCloseState
                0x10007660       0x10
 i.CyBle_GetEventCloseState
                0x10007660       0x10 Generated_Source\PSoC6\pdl\middleware\ble\lib\cy_ble_stack_gcc_controller_ipc_cm0p.a(CyBleStackMgr_BleSSDriver.o)
                0x10007660                CyBle_GetEventCloseState

i.CyBle_GetLpMode
                0x10007670       0x1c
 i.CyBle_GetLpMode
                0x10007670       0x1c Generated_Source\PSoC6\pdl\middleware\ble\lib\cy_ble_stack_gcc_controller_ipc_cm0p.a(CyBleStackMgr_BleSSDriver.o)
                0x10007670                CyBle_GetLpMode

i.CyBle_GetTxGainMode
                0x1000768c        0xe
 i.CyBle_GetTxGainMode
                0x1000768c        0xe Generated_Source\PSoC6\pdl\middleware\ble\lib\cy_ble_stack_gcc_controller_ipc_cm0p.a(CyBleStackMgr_BleSSDriver.o)
                0x1000768c                CyBle_GetTxGainMode

i.CyBle_SetAutoWakeUp
                0x1000769c        0xc
 i.CyBle_SetAutoWakeUp
                0x1000769c        0xc Generated_Source\PSoC6\pdl\middleware\ble\lib\cy_ble_stack_gcc_controller_ipc_cm0p.a(CyBleStackMgr_BleSSDriver.o)
                0x1000769c                CyBle_SetAutoWakeUp

i.CyBle_SetBleSsOperationalMode
                0x100076a8       0x34
 i.CyBle_SetBleSsOperationalMode
                0x100076a8       0x34 Generated_Source\PSoC6\pdl\middleware\ble\lib\cy_ble_stack_gcc_controller_ipc_cm0p.a(CyBleStackMgr_BleSSDriver.o)
                0x100076a8                CyBle_SetBleSsOperationalMode

i.CyBle_SetEventCloseState
                0x100076dc        0xc
 i.CyBle_SetEventCloseState
                0x100076dc        0xc Generated_Source\PSoC6\pdl\middleware\ble\lib\cy_ble_stack_gcc_controller_ipc_cm0p.a(CyBleStackMgr_BleSSDriver.o)
                0x100076dc                CyBle_SetEventCloseState

i.CyBle_CheckBleStackTaskStatus
                0x100076e8        0x4
 i.CyBle_CheckBleStackTaskStatus
                0x100076e8        0x4 Generated_Source\PSoC6\pdl\middleware\ble\lib\cy_ble_stack_gcc_controller_ipc_cm0p.a(CyBleStackMgr_StackTaskHandler.o)
                0x100076e8                CyBle_CheckBleStackTaskStatus

i.CyBle_CreateBleStackTask
                0x100076ec       0x30
 i.CyBle_CreateBleStackTask
                0x100076ec       0x30 Generated_Source\PSoC6\pdl\middleware\ble\lib\cy_ble_stack_gcc_controller_ipc_cm0p.a(CyBleStackMgr_StackTaskHandler.o)
                0x100076ec                CyBle_CreateBleStackTask

i.CyBle_SignalBleStackTask
                0x1000771c       0x44
 i.CyBle_SignalBleStackTask
                0x1000771c       0x44 Generated_Source\PSoC6\pdl\middleware\ble\lib\cy_ble_stack_gcc_controller_ipc_cm0p.a(CyBleStackMgr_StackTaskHandler.o)
                0x1000771c                CyBle_SignalBleStackTask

i.CyBle_StackTaskHandler
                0x10007760       0x26
 i.CyBle_StackTaskHandler
                0x10007760       0x26 Generated_Source\PSoC6\pdl\middleware\ble\lib\cy_ble_stack_gcc_controller_ipc_cm0p.a(CyBleStackMgr_StackTaskHandler.o)
                0x10007760                CyBle_StackTaskHandler

i.IsStackTaskFree
                0x10007788       0x10
 i.IsStackTaskFree
                0x10007788       0x10 Generated_Source\PSoC6\pdl\middleware\ble\lib\cy_ble_stack_gcc_controller_ipc_cm0p.a(CyBleStackMgr_StackTaskHandler.o)
                0x10007788                IsStackTaskFree

i.BT_start_timer
                0x10007798      0x110
 i.BT_start_timer
                0x10007798      0x110 Generated_Source\PSoC6\pdl\middleware\ble\lib\cy_ble_stack_gcc_controller_ipc_cm0p.a(BT_timer.o)
                0x10007798                BT_start_timer

i.BT_start_timer_controller
                0x100078a8       0x28
 i.BT_start_timer_controller
                0x100078a8       0x28 Generated_Source\PSoC6\pdl\middleware\ble\lib\cy_ble_stack_gcc_controller_ipc_cm0p.a(BT_timer.o)
                0x100078a8                BT_start_timer_controller

i.BT_start_timer_pilo
                0x100078d0       0x28
 i.BT_start_timer_pilo
                0x100078d0       0x28 Generated_Source\PSoC6\pdl\middleware\ble\lib\cy_ble_stack_gcc_controller_ipc_cm0p.a(BT_timer.o)
                0x100078d0                BT_start_timer_pilo

i.BT_stop_timer
                0x100078f8       0xc8
 i.BT_stop_timer
                0x100078f8       0xc8 Generated_Source\PSoC6\pdl\middleware\ble\lib\cy_ble_stack_gcc_controller_ipc_cm0p.a(BT_timer.o)
                0x100078f8                BT_stop_timer

i.BT_stop_timer_controller
                0x100079c0       0x28
 i.BT_stop_timer_controller
                0x100079c0       0x28 Generated_Source\PSoC6\pdl\middleware\ble\lib\cy_ble_stack_gcc_controller_ipc_cm0p.a(BT_timer.o)
                0x100079c0                BT_stop_timer_controller

i.BT_stop_timer_pilo
                0x100079e8       0x28
 i.BT_stop_timer_pilo
                0x100079e8       0x28 Generated_Source\PSoC6\pdl\middleware\ble\lib\cy_ble_stack_gcc_controller_ipc_cm0p.a(BT_timer.o)
                0x100079e8                BT_stop_timer_pilo

i.BT_timer_process_signals
                0x10007a10       0xf8
 i.BT_timer_process_signals
                0x10007a10       0xf8 Generated_Source\PSoC6\pdl\middleware\ble\lib\cy_ble_stack_gcc_controller_ipc_cm0p.a(BT_timer.o)
                0x10007a10                BT_timer_process_signals

i.timer_allocated_entity
                0x10007b08       0x34
 i.timer_allocated_entity
                0x10007b08       0x34 Generated_Source\PSoC6\pdl\middleware\ble\lib\cy_ble_stack_gcc_controller_ipc_cm0p.a(BT_timer.o)
                0x10007b08                timer_allocated_entity

i.timer_init    0x10007b3c       0x30
 i.timer_init   0x10007b3c       0x30 Generated_Source\PSoC6\pdl\middleware\ble\lib\cy_ble_stack_gcc_controller_ipc_cm0p.a(BT_timer.o)
                0x10007b3c                timer_init

i.timer_update_offsets
                0x10007b6c       0x34
 i.timer_update_offsets
                0x10007b6c       0x34 Generated_Source\PSoC6\pdl\middleware\ble\lib\cy_ble_stack_gcc_controller_ipc_cm0p.a(BT_timer.o)

i.BT_ISROSQPost
                0x10007ba0        0xa
 i.BT_ISROSQPost
                0x10007ba0        0xa Generated_Source\PSoC6\pdl\middleware\ble\lib\cy_ble_stack_gcc_controller_ipc_cm0p.a(bt_os_common.o)
                0x10007ba0                BT_ISROSQPost

i.BT_OSQPost    0x10007baa        0xa
 i.BT_OSQPost   0x10007baa        0xa Generated_Source\PSoC6\pdl\middleware\ble\lib\cy_ble_stack_gcc_controller_ipc_cm0p.a(bt_os_common.o)
                0x10007baa                BT_OSQPost

i.BT_thread_create
                0x10007bb4       0x30
 i.BT_thread_create
                0x10007bb4       0x30 Generated_Source\PSoC6\pdl\middleware\ble\lib\cy_ble_stack_gcc_controller_ipc_cm0p.a(bt_os_common.o)
                0x10007bb4                BT_thread_create

i.pf_timer_handle_tick
                0x10007be4       0x20
 i.pf_timer_handle_tick
                0x10007be4       0x20 Generated_Source\PSoC6\pdl\middleware\ble\lib\cy_ble_stack_gcc_controller_ipc_cm0p.a(bt_os_common.o)
                0x10007be4                pf_timer_handle_tick

i.CyPilo_ApplyTrim
                0x10007c04       0x88
 i.CyPilo_ApplyTrim
                0x10007c04       0x88 Generated_Source\PSoC6\pdl\middleware\ble\lib\cy_ble_stack_gcc_controller_ipc_cm0p.a(CyBleStackMgrIP_Pilo.o)

i.CyPilo_DSMExitCalibration
                0x10007c8c       0x14
 i.CyPilo_DSMExitCalibration
                0x10007c8c       0x14 Generated_Source\PSoC6\pdl\middleware\ble\lib\cy_ble_stack_gcc_controller_ipc_cm0p.a(CyBleStackMgrIP_Pilo.o)
                0x10007c8c                CyPilo_DSMExitCalibration

i.CyPilo_GetState
                0x10007ca0        0xc
 i.CyPilo_GetState
                0x10007ca0        0xc Generated_Source\PSoC6\pdl\middleware\ble\lib\cy_ble_stack_gcc_controller_ipc_cm0p.a(CyBleStackMgrIP_Pilo.o)
                0x10007ca0                CyPilo_GetState

i.CyPilo_InitCalibration
                0x10007cac       0x18
 i.CyPilo_InitCalibration
                0x10007cac       0x18 Generated_Source\PSoC6\pdl\middleware\ble\lib\cy_ble_stack_gcc_controller_ipc_cm0p.a(CyBleStackMgrIP_Pilo.o)
                0x10007cac                CyPilo_InitCalibration

i.CyPilo_PeriodicCalibTimeout
                0x10007cc4       0x24
 i.CyPilo_PeriodicCalibTimeout
                0x10007cc4       0x24 Generated_Source\PSoC6\pdl\middleware\ble\lib\cy_ble_stack_gcc_controller_ipc_cm0p.a(CyBleStackMgrIP_Pilo.o)

i.CyPilo_RetryCalibration
                0x10007ce8       0x20
 i.CyPilo_RetryCalibration
                0x10007ce8       0x20 Generated_Source\PSoC6\pdl\middleware\ble\lib\cy_ble_stack_gcc_controller_ipc_cm0p.a(CyBleStackMgrIP_Pilo.o)

i.CyPilo_SetCalibInterval
                0x10007d08        0xc
 i.CyPilo_SetCalibInterval
                0x10007d08        0xc Generated_Source\PSoC6\pdl\middleware\ble\lib\cy_ble_stack_gcc_controller_ipc_cm0p.a(CyBleStackMgrIP_Pilo.o)
                0x10007d08                CyPilo_SetCalibInterval

i.CyPilo_SetState
                0x10007d14        0xc
 i.CyPilo_SetState
                0x10007d14        0xc Generated_Source\PSoC6\pdl\middleware\ble\lib\cy_ble_stack_gcc_controller_ipc_cm0p.a(CyBleStackMgrIP_Pilo.o)
                0x10007d14                CyPilo_SetState

i.CyPilo_ShutdownCalibration
                0x10007d20       0x1c
 i.CyPilo_ShutdownCalibration
                0x10007d20       0x1c Generated_Source\PSoC6\pdl\middleware\ble\lib\cy_ble_stack_gcc_controller_ipc_cm0p.a(CyBleStackMgrIP_Pilo.o)
                0x10007d20                CyPilo_ShutdownCalibration

i.CyPilo_StopPeriodicTimer
                0x10007d3c       0x10
 i.CyPilo_StopPeriodicTimer
                0x10007d3c       0x10 Generated_Source\PSoC6\pdl\middleware\ble\lib\cy_ble_stack_gcc_controller_ipc_cm0p.a(CyBleStackMgrIP_Pilo.o)
                0x10007d3c                CyPilo_StopPeriodicTimer

i.CyPilo_TriggerCalibration
                0x10007d4c       0x54
 i.CyPilo_TriggerCalibration
                0x10007d4c       0x54 Generated_Source\PSoC6\pdl\middleware\ble\lib\cy_ble_stack_gcc_controller_ipc_cm0p.a(CyBleStackMgrIP_Pilo.o)
                0x10007d4c                CyPilo_TriggerCalibration

i.CyPilo_UpdateCalibInterval
                0x10007da0       0x34
 i.CyPilo_UpdateCalibInterval
                0x10007da0       0x34 Generated_Source\PSoC6\pdl\middleware\ble\lib\cy_ble_stack_gcc_controller_ipc_cm0p.a(CyBleStackMgrIP_Pilo.o)
                0x10007da0                CyPilo_UpdateCalibInterval

i.OS_init       0x10007dd4       0x64
 i.OS_init      0x10007dd4       0x64 Generated_Source\PSoC6\pdl\middleware\ble\lib\cy_ble_stack_gcc_controller_ipc_cm0p.a(mint_os.o)
                0x10007dd4                OS_init

i.OS_shutdown   0x10007e38        0x4
 i.OS_shutdown  0x10007e38        0x4 Generated_Source\PSoC6\pdl\middleware\ble\lib\cy_ble_stack_gcc_controller_ipc_cm0p.a(mint_os.o)
                0x10007e38                OS_shutdown

i.mintos_malloc
                0x10007e3c       0x34
 i.mintos_malloc
                0x10007e3c       0x34 Generated_Source\PSoC6\pdl\middleware\ble\lib\cy_ble_stack_gcc_controller_ipc_cm0p.a(mint_os.o)
                0x10007e3c                mintos_malloc

i.OS_create_queue
                0x10007e70       0x64
 i.OS_create_queue
                0x10007e70       0x64 Generated_Source\PSoC6\pdl\middleware\ble\lib\cy_ble_stack_gcc_controller_ipc_cm0p.a(mint_os_queue.o)
                0x10007e70                OS_create_queue

i.OS_enqueue_item
                0x10007ed4       0xa4
 i.OS_enqueue_item
                0x10007ed4       0xa4 Generated_Source\PSoC6\pdl\middleware\ble\lib\cy_ble_stack_gcc_controller_ipc_cm0p.a(mint_os_queue.o)
                0x10007ed4                OS_enqueue_item

i.OS_queue_get_num_of_items
                0x10007f78       0x28
 i.OS_queue_get_num_of_items
                0x10007f78       0x28 Generated_Source\PSoC6\pdl\middleware\ble\lib\cy_ble_stack_gcc_controller_ipc_cm0p.a(mint_os_queue.o)
                0x10007f78                OS_queue_get_num_of_items

i.OS_queue_mgmt_init
                0x10007fa0       0x40
 i.OS_queue_mgmt_init
                0x10007fa0       0x40 Generated_Source\PSoC6\pdl\middleware\ble\lib\cy_ble_stack_gcc_controller_ipc_cm0p.a(mint_os_queue.o)
                0x10007fa0                OS_queue_mgmt_init

i.OS_remove_item
                0x10007fe0       0xb8
 i.OS_remove_item
                0x10007fe0       0xb8 Generated_Source\PSoC6\pdl\middleware\ble\lib\cy_ble_stack_gcc_controller_ipc_cm0p.a(mint_os_queue.o)
                0x10007fe0                OS_remove_item

i.OS_create_task
                0x10008098       0x88
 i.OS_create_task
                0x10008098       0x88 Generated_Source\PSoC6\pdl\middleware\ble\lib\cy_ble_stack_gcc_controller_ipc_cm0p.a(mint_os_task.o)
                0x10008098                OS_create_task

i.OS_is_task_free
                0x10008120       0x30
 i.OS_is_task_free
                0x10008120       0x30 Generated_Source\PSoC6\pdl\middleware\ble\lib\cy_ble_stack_gcc_controller_ipc_cm0p.a(mint_os_task.o)
                0x10008120                OS_is_task_free

i.OS_isr_send_signal_to_task
                0x10008150        0xc
 i.OS_isr_send_signal_to_task
                0x10008150        0xc Generated_Source\PSoC6\pdl\middleware\ble\lib\cy_ble_stack_gcc_controller_ipc_cm0p.a(mint_os_task.o)
                0x10008150                OS_isr_send_signal_to_task

i.OS_scheduler  0x1000815c       0x78
 i.OS_scheduler
                0x1000815c       0x78 Generated_Source\PSoC6\pdl\middleware\ble\lib\cy_ble_stack_gcc_controller_ipc_cm0p.a(mint_os_task.o)
                0x1000815c                OS_scheduler

i.OS_send_signal_to_task
                0x100081d4        0xc
 i.OS_send_signal_to_task
                0x100081d4        0xc Generated_Source\PSoC6\pdl\middleware\ble\lib\cy_ble_stack_gcc_controller_ipc_cm0p.a(mint_os_task.o)
                0x100081d4                OS_send_signal_to_task

i.OS_send_signal_to_task_context
                0x100081e0       0x3c
 i.OS_send_signal_to_task_context
                0x100081e0       0x3c Generated_Source\PSoC6\pdl\middleware\ble\lib\cy_ble_stack_gcc_controller_ipc_cm0p.a(mint_os_task.o)

i.OS_task_mgmt_init
                0x1000821c       0x50
 i.OS_task_mgmt_init
                0x1000821c       0x50 Generated_Source\PSoC6\pdl\middleware\ble\lib\cy_ble_stack_gcc_controller_ipc_cm0p.a(mint_os_task.o)
                0x1000821c                OS_task_mgmt_init

i.mint_buf_mgmt_allocate_buffer
                0x1000826c       0x60
 i.mint_buf_mgmt_allocate_buffer
                0x1000826c       0x60 Generated_Source\PSoC6\pdl\middleware\ble\lib\cy_ble_stack_gcc_controller_ipc_cm0p.a(mint_buf_mgmt.o)
                0x1000826c                mint_buf_mgmt_allocate_buffer

i.mint_buf_mgmt_create_pool
                0x100082cc       0xd4
 i.mint_buf_mgmt_create_pool
                0x100082cc       0xd4 Generated_Source\PSoC6\pdl\middleware\ble\lib\cy_ble_stack_gcc_controller_ipc_cm0p.a(mint_buf_mgmt.o)
                0x100082cc                mint_buf_mgmt_create_pool

i.mint_buf_mgmt_free_buffer
                0x100083a0       0xb8
 i.mint_buf_mgmt_free_buffer
                0x100083a0       0xb8 Generated_Source\PSoC6\pdl\middleware\ble\lib\cy_ble_stack_gcc_controller_ipc_cm0p.a(mint_buf_mgmt.o)
                0x100083a0                mint_buf_mgmt_free_buffer

i.mint_buf_mgmt_init
                0x10008458       0x44
 i.mint_buf_mgmt_init
                0x10008458       0x44 Generated_Source\PSoC6\pdl\middleware\ble\lib\cy_ble_stack_gcc_controller_ipc_cm0p.a(mint_buf_mgmt.o)
                0x10008458                mint_buf_mgmt_init

i.mint_buf_mgmt_malloc
                0x1000849c       0x28
 i.mint_buf_mgmt_malloc
                0x1000849c       0x28 Generated_Source\PSoC6\pdl\middleware\ble\lib\cy_ble_stack_gcc_controller_ipc_cm0p.a(mint_buf_mgmt.o)
                0x1000849c                mint_buf_mgmt_malloc

i.mint_buf_mgmt_pl_init
                0x100084c4       0x4c
 i.mint_buf_mgmt_pl_init
                0x100084c4       0x4c Generated_Source\PSoC6\pdl\middleware\ble\lib\cy_ble_stack_gcc_controller_ipc_cm0p.a(mint_buf_mgmt.o)
                0x100084c4                mint_buf_mgmt_pl_init

i.mint_buf_mgmt_reset_pool
                0x10008510       0x70
 i.mint_buf_mgmt_reset_pool
                0x10008510       0x70 Generated_Source\PSoC6\pdl\middleware\ble\lib\cy_ble_stack_gcc_controller_ipc_cm0p.a(mint_buf_mgmt.o)
                0x10008510                mint_buf_mgmt_reset_pool

i.mint_buf_mgmt_stack_init
                0x10008580       0x24
 i.mint_buf_mgmt_stack_init
                0x10008580       0x24 Generated_Source\PSoC6\pdl\middleware\ble\lib\cy_ble_stack_gcc_controller_ipc_cm0p.a(mint_buf_mgmt.o)
                0x10008580                mint_buf_mgmt_stack_init

i.mint_buf_mgmt_stack_pop
                0x100085a4       0x4a
 i.mint_buf_mgmt_stack_pop
                0x100085a4       0x4a Generated_Source\PSoC6\pdl\middleware\ble\lib\cy_ble_stack_gcc_controller_ipc_cm0p.a(mint_buf_mgmt.o)
                0x100085a4                mint_buf_mgmt_stack_pop

i.mint_buf_mgmt_stack_push
                0x100085ee       0x4a
 i.mint_buf_mgmt_stack_push
                0x100085ee       0x4a Generated_Source\PSoC6\pdl\middleware\ble\lib\cy_ble_stack_gcc_controller_ipc_cm0p.a(mint_buf_mgmt.o)
                0x100085ee                mint_buf_mgmt_stack_push

i.mint_buf_mgmt_stack_reset
                0x10008638       0x1e
 i.mint_buf_mgmt_stack_reset
                0x10008638       0x1e Generated_Source\PSoC6\pdl\middleware\ble\lib\cy_ble_stack_gcc_controller_ipc_cm0p.a(mint_buf_mgmt.o)
                0x10008638                mint_buf_mgmt_stack_reset

i.mint_buf_mgmt_stack_search_item
                0x10008656       0x30
 i.mint_buf_mgmt_stack_search_item
                0x10008656       0x30 Generated_Source\PSoC6\pdl\middleware\ble\lib\cy_ble_stack_gcc_controller_ipc_cm0p.a(mint_buf_mgmt.o)
                0x10008656                mint_buf_mgmt_stack_search_item

i.CyBleController_HciIpcExtractPacket
                0x10008688       0xe8
 i.CyBleController_HciIpcExtractPacket
                0x10008688       0xe8 Generated_Source\PSoC6\pdl\middleware\ble\lib\cy_ble_stack_gcc_controller_ipc_cm0p.a(transport_ipc.o)
                0x10008688                CyBleController_HciIpcExtractPacket

i.CyBleController_HciIpcInit
                0x10008770       0x10
 i.CyBleController_HciIpcInit
                0x10008770       0x10 Generated_Source\PSoC6\pdl\middleware\ble\lib\cy_ble_stack_gcc_controller_ipc_cm0p.a(transport_ipc.o)
                0x10008770                CyBleController_HciIpcInit

i.CyBleController_HciIpcMsgCompleteReceive
                0x10008780       0x20
 i.CyBleController_HciIpcMsgCompleteReceive
                0x10008780       0x20 Generated_Source\PSoC6\pdl\middleware\ble\lib\cy_ble_stack_gcc_controller_ipc_cm0p.a(transport_ipc.o)
                0x10008780                CyBleController_HciIpcMsgCompleteReceive

i.CyBleController_HciIpcMsgReceive
                0x100087a0       0x34
 i.CyBleController_HciIpcMsgReceive
                0x100087a0       0x34 Generated_Source\PSoC6\pdl\middleware\ble\lib\cy_ble_stack_gcc_controller_ipc_cm0p.a(transport_ipc.o)
                0x100087a0                CyBleController_HciIpcMsgReceive

i.CyBleController_HciIpcSend
                0x100087d4       0x16
 i.CyBleController_HciIpcSend
                0x100087d4       0x16 Generated_Source\PSoC6\pdl\middleware\ble\lib\cy_ble_stack_gcc_controller_ipc_cm0p.a(transport_ipc.o)
                0x100087d4                CyBleController_HciIpcSend

i.CyBleController_IpcSendStackInitHWError
                0x100087ea        0x8
 i.CyBleController_IpcSendStackInitHWError
                0x100087ea        0x8 Generated_Source\PSoC6\pdl\middleware\ble\lib\cy_ble_stack_gcc_controller_ipc_cm0p.a(transport_ipc.o)
                0x100087ea                CyBleController_IpcSendStackInitHWError

i.CyBleController_IPC_HAL_Init
                0x100087f4       0x40
 i.CyBleController_IPC_HAL_Init
                0x100087f4       0x40 Generated_Source\PSoC6\pdl\middleware\ble\lib\cy_ble_stack_gcc_controller_ipc_cm0p.a(CyBleStackMgr_PSoCIPCHal.o)
                0x100087f4                CyBleController_IPC_HAL_Init

i.CyBleController_IPC_HAL_InitWithStaticMem
                0x10008834       0x10
 i.CyBleController_IPC_HAL_InitWithStaticMem
                0x10008834       0x10 Generated_Source\PSoC6\pdl\middleware\ble\lib\cy_ble_stack_gcc_controller_ipc_cm0p.a(CyBleStackMgr_PSoCIPCHal.o)
                0x10008834                CyBleController_IPC_HAL_InitWithStaticMem

i.CyBleController_IPC_HAL_IsQueueEmpty
                0x10008844       0x24
 i.CyBleController_IPC_HAL_IsQueueEmpty
                0x10008844       0x24 Generated_Source\PSoC6\pdl\middleware\ble\lib\cy_ble_stack_gcc_controller_ipc_cm0p.a(CyBleStackMgr_PSoCIPCHal.o)
                0x10008844                CyBleController_IPC_HAL_IsQueueEmpty

i.CyBleController_IPC_HAL_PipeReleaseCallback
                0x10008868       0x1c
 i.CyBleController_IPC_HAL_PipeReleaseCallback
                0x10008868       0x1c Generated_Source\PSoC6\pdl\middleware\ble\lib\cy_ble_stack_gcc_controller_ipc_cm0p.a(CyBleStackMgr_PSoCIPCHal.o)

i.CyBleController_IPC_HAL_ProcessMsgQ
                0x10008884       0x40
 i.CyBleController_IPC_HAL_ProcessMsgQ
                0x10008884       0x40 Generated_Source\PSoC6\pdl\middleware\ble\lib\cy_ble_stack_gcc_controller_ipc_cm0p.a(CyBleStackMgr_PSoCIPCHal.o)
                0x10008884                CyBleController_IPC_HAL_ProcessMsgQ

i.CyBleController_IPC_HAL_PushMessage
                0x100088c4       0x4c
 i.CyBleController_IPC_HAL_PushMessage
                0x100088c4       0x4c Generated_Source\PSoC6\pdl\middleware\ble\lib\cy_ble_stack_gcc_controller_ipc_cm0p.a(CyBleStackMgr_PSoCIPCHal.o)

i.CyBleController_IPC_HAL_Reset
                0x10008910       0x2c
 i.CyBleController_IPC_HAL_Reset
                0x10008910       0x2c Generated_Source\PSoC6\pdl\middleware\ble\lib\cy_ble_stack_gcc_controller_ipc_cm0p.a(CyBleStackMgr_PSoCIPCHal.o)
                0x10008910                CyBleController_IPC_HAL_Reset

i.CyBleController_IPC_HAL_SendEnqueue
                0x1000893c       0x10
 i.CyBleController_IPC_HAL_SendEnqueue
                0x1000893c       0x10 Generated_Source\PSoC6\pdl\middleware\ble\lib\cy_ble_stack_gcc_controller_ipc_cm0p.a(CyBleStackMgr_PSoCIPCHal.o)
                0x1000893c                CyBleController_IPC_HAL_SendEnqueue

i.CyBle_ControllerAesCcmDecrypt
                0x1000894c       0x50
 i.CyBle_ControllerAesCcmDecrypt
                0x1000894c       0x50 Generated_Source\PSoC6\pdl\middleware\ble\lib\cy_ble_stack_gcc_controller_ipc_cm0p.a(CyBleControllerIP_Interface.o)
                0x1000894c                CyBle_ControllerAesCcmDecrypt

i.CyBle_ControllerAesCcmEncrypt
                0x1000899c       0x44
 i.CyBle_ControllerAesCcmEncrypt
                0x1000899c       0x44 Generated_Source\PSoC6\pdl\middleware\ble\lib\cy_ble_stack_gcc_controller_ipc_cm0p.a(CyBleControllerIP_Interface.o)
                0x1000899c                CyBle_ControllerAesCcmEncrypt

i.CyBle_ControllerAesEncrypt
                0x100089e0       0x60
 i.CyBle_ControllerAesEncrypt
                0x100089e0       0x60 Generated_Source\PSoC6\pdl\middleware\ble\lib\cy_ble_stack_gcc_controller_ipc_cm0p.a(CyBleControllerIP_Interface.o)
                0x100089e0                CyBle_ControllerAesEncrypt

i.CyBle_ControllerDisableDleFeature
                0x10008a40       0x10
 i.CyBle_ControllerDisableDleFeature
                0x10008a40       0x10 Generated_Source\PSoC6\pdl\middleware\ble\lib\cy_ble_stack_gcc_controller_ipc_cm0p.a(CyBleControllerIP_Interface.o)
                0x10008a40                CyBle_ControllerDisableDleFeature

i.CyBle_ControllerDisablePhyUpdateFeature
                0x10008a50        0xc
 i.CyBle_ControllerDisablePhyUpdateFeature
                0x10008a50        0xc Generated_Source\PSoC6\pdl\middleware\ble\lib\cy_ble_stack_gcc_controller_ipc_cm0p.a(CyBleControllerIP_Interface.o)
                0x10008a50                CyBle_ControllerDisablePhyUpdateFeature

i.CyBle_ControllerDisablePrivacyFeature
                0x10008a5c        0xc
 i.CyBle_ControllerDisablePrivacyFeature
                0x10008a5c        0xc Generated_Source\PSoC6\pdl\middleware\ble\lib\cy_ble_stack_gcc_controller_ipc_cm0p.a(CyBleControllerIP_Interface.o)
                0x10008a5c                CyBle_ControllerDisablePrivacyFeature

i.CyBle_ControllerEnablePrivacyFeature
                0x10008a68       0x10
 i.CyBle_ControllerEnablePrivacyFeature
                0x10008a68       0x10 Generated_Source\PSoC6\pdl\middleware\ble\lib\cy_ble_stack_gcc_controller_ipc_cm0p.a(CyBleControllerIP_Interface.o)
                0x10008a68                CyBle_ControllerEnablePrivacyFeature

i.CyBle_ControllerExitLPM
                0x10008a78       0x10
 i.CyBle_ControllerExitLPM
                0x10008a78       0x10 Generated_Source\PSoC6\pdl\middleware\ble\lib\cy_ble_stack_gcc_controller_ipc_cm0p.a(CyBleControllerIP_Interface.o)
                0x10008a78                CyBle_ControllerExitLPM

i.CyBle_ControllerGetBleSsState
                0x10008a88       0x10
 i.CyBle_ControllerGetBleSsState
                0x10008a88       0x10 Generated_Source\PSoC6\pdl\middleware\ble\lib\cy_ble_stack_gcc_controller_ipc_cm0p.a(CyBleControllerIP_Interface.o)
                0x10008a88                CyBle_ControllerGetBleSsState

i.CyBle_ControllerGetFeatureHeapReq
                0x10008a98       0x58
 i.CyBle_ControllerGetFeatureHeapReq
                0x10008a98       0x58 Generated_Source\PSoC6\pdl\middleware\ble\lib\cy_ble_stack_gcc_controller_ipc_cm0p.a(CyBleControllerIP_Interface.o)
                0x10008a98                CyBle_ControllerGetFeatureHeapReq

i.CyBle_ControllerGetFirmwareProgrammedDSM
                0x10008af0        0xc
 i.CyBle_ControllerGetFirmwareProgrammedDSM
                0x10008af0        0xc Generated_Source\PSoC6\pdl\middleware\ble\lib\cy_ble_stack_gcc_controller_ipc_cm0p.a(CyBleControllerIP_Interface.o)
                0x10008af0                CyBle_ControllerGetFirmwareProgrammedDSM

i.CyBle_ControllerGetHeapMemory
                0x10008afc       0x18
 i.CyBle_ControllerGetHeapMemory
                0x10008afc       0x18 Generated_Source\PSoC6\pdl\middleware\ble\lib\cy_ble_stack_gcc_controller_ipc_cm0p.a(CyBleControllerIP_Interface.o)
                0x10008afc                CyBle_ControllerGetHeapMemory

i.CyBle_ControllerGetInternalHeapReq
                0x10008b14       0x40
 i.CyBle_ControllerGetInternalHeapReq
                0x10008b14       0x40 Generated_Source\PSoC6\pdl\middleware\ble\lib\cy_ble_stack_gcc_controller_ipc_cm0p.a(CyBleControllerIP_Interface.o)
                0x10008b14                CyBle_ControllerGetInternalHeapReq

i.CyBle_ControllerHCIReInit
                0x10008b54       0x60
 i.CyBle_ControllerHCIReInit
                0x10008b54       0x60 Generated_Source\PSoC6\pdl\middleware\ble\lib\cy_ble_stack_gcc_controller_ipc_cm0p.a(CyBleControllerIP_Interface.o)
                0x10008b54                CyBle_ControllerHCIReInit

i.CyBle_ControllerInit
                0x10008bb4       0x68
 i.CyBle_ControllerInit
                0x10008bb4       0x68 Generated_Source\PSoC6\pdl\middleware\ble\lib\cy_ble_stack_gcc_controller_ipc_cm0p.a(CyBleControllerIP_Interface.o)
                0x10008bb4                CyBle_ControllerInit

i.CyBle_ControllerReset
                0x10008c1c       0x20
 i.CyBle_ControllerReset
                0x10008c1c       0x20 Generated_Source\PSoC6\pdl\middleware\ble\lib\cy_ble_stack_gcc_controller_ipc_cm0p.a(CyBleControllerIP_Interface.o)
                0x10008c1c                CyBle_ControllerReset

i.CyBle_ControllerSaveLastConnTxPower
                0x10008c3c       0x10
 i.CyBle_ControllerSaveLastConnTxPower
                0x10008c3c       0x10 Generated_Source\PSoC6\pdl\middleware\ble\lib\cy_ble_stack_gcc_controller_ipc_cm0p.a(CyBleControllerIP_Interface.o)
                0x10008c3c                CyBle_ControllerSaveLastConnTxPower

i.CyBle_ControllerSetFeatureConfig
                0x10008c4c       0x68
 i.CyBle_ControllerSetFeatureConfig
                0x10008c4c       0x68 Generated_Source\PSoC6\pdl\middleware\ble\lib\cy_ble_stack_gcc_controller_ipc_cm0p.a(CyBleControllerIP_Interface.o)
                0x10008c4c                CyBle_ControllerSetFeatureConfig

i.CyBle_ControllerSetFirmwareProgrammedDSM
                0x10008cb4        0xc
 i.CyBle_ControllerSetFirmwareProgrammedDSM
                0x10008cb4        0xc Generated_Source\PSoC6\pdl\middleware\ble\lib\cy_ble_stack_gcc_controller_ipc_cm0p.a(CyBleControllerIP_Interface.o)
                0x10008cb4                CyBle_ControllerSetFirmwareProgrammedDSM

i.CyBle_ControllerValidateInputParams
                0x10008cc0       0x24
 i.CyBle_ControllerValidateInputParams
                0x10008cc0       0x24 Generated_Source\PSoC6\pdl\middleware\ble\lib\cy_ble_stack_gcc_controller_ipc_cm0p.a(CyBleControllerIP_Interface.o)
                0x10008cc0                CyBle_ControllerValidateInputParams

i.Cy_BLE_ControllerEnterLPM
                0x10008ce4       0x2c
 i.Cy_BLE_ControllerEnterLPM
                0x10008ce4       0x2c Generated_Source\PSoC6\pdl\middleware\ble\lib\cy_ble_stack_gcc_controller_ipc_cm0p.a(CyBleControllerIP_Interface.o)
                0x10008ce4                Cy_BLE_ControllerEnterLPM

i.Cy_BLE_IsControllerActive
                0x10008d10       0x30
 i.Cy_BLE_IsControllerActive
                0x10008d10       0x30 Generated_Source\PSoC6\pdl\middleware\ble\lib\cy_ble_stack_gcc_controller_ipc_cm0p.a(ll.o)
                0x10008d10                Cy_BLE_IsControllerActive

i.ll_check_and_mark_packet_ready_for_transmission
                0x10008d40       0x5c
 i.ll_check_and_mark_packet_ready_for_transmission
                0x10008d40       0x5c Generated_Source\PSoC6\pdl\middleware\ble\lib\cy_ble_stack_gcc_controller_ipc_cm0p.a(ll.o)
                0x10008d40                ll_check_and_mark_packet_ready_for_transmission

i.ll_cleanup_pending_data_pdu
                0x10008d9c       0x3c
 i.ll_cleanup_pending_data_pdu
                0x10008d9c       0x3c Generated_Source\PSoC6\pdl\middleware\ble\lib\cy_ble_stack_gcc_controller_ipc_cm0p.a(ll.o)
                0x10008d9c                ll_cleanup_pending_data_pdu

i.ll_dequeue_data_in_pdu_q_mgr
                0x10008dd8      0x144
 i.ll_dequeue_data_in_pdu_q_mgr
                0x10008dd8      0x144 Generated_Source\PSoC6\pdl\middleware\ble\lib\cy_ble_stack_gcc_controller_ipc_cm0p.a(ll.o)
                0x10008dd8                ll_dequeue_data_in_pdu_q_mgr

i.ll_derive_window_offset
                0x10008f1c       0x20
 i.ll_derive_window_offset
                0x10008f1c       0x20 Generated_Source\PSoC6\pdl\middleware\ble\lib\cy_ble_stack_gcc_controller_ipc_cm0p.a(ll.o)
                0x10008f1c                ll_derive_window_offset

i.ll_derive_window_size
                0x10008f3c        0xc
 i.ll_derive_window_size
                0x10008f3c        0xc Generated_Source\PSoC6\pdl\middleware\ble\lib\cy_ble_stack_gcc_controller_ipc_cm0p.a(ll.o)
                0x10008f3c                ll_derive_window_size

i.ll_enqueue_data_in_pdu_q_mgr
                0x10008f48       0x9c
 i.ll_enqueue_data_in_pdu_q_mgr
                0x10008f48       0x9c Generated_Source\PSoC6\pdl\middleware\ble\lib\cy_ble_stack_gcc_controller_ipc_cm0p.a(ll.o)
                0x10008f48                ll_enqueue_data_in_pdu_q_mgr

i.ll_enter_dsm_mode
                0x10008fe4      0x20c
 i.ll_enter_dsm_mode
                0x10008fe4      0x20c Generated_Source\PSoC6\pdl\middleware\ble\lib\cy_ble_stack_gcc_controller_ipc_cm0p.a(ll.o)
                0x10008fe4                ll_enter_dsm_mode

i.ll_exit_low_power_mode
                0x100091f0       0x6c
 i.ll_exit_low_power_mode
                0x100091f0       0x6c Generated_Source\PSoC6\pdl\middleware\ble\lib\cy_ble_stack_gcc_controller_ipc_cm0p.a(ll.o)
                0x100091f0                ll_exit_low_power_mode

i.ll_get_ack_status
                0x1000925c       0x44
 i.ll_get_ack_status
                0x1000925c       0x44 Generated_Source\PSoC6\pdl\middleware\ble\lib\cy_ble_stack_gcc_controller_ipc_cm0p.a(ll.o)
                0x1000925c                ll_get_ack_status

i.ll_get_ack_status_for_all_connections
                0x100092a0       0x38
 i.ll_get_ack_status_for_all_connections
                0x100092a0       0x38 Generated_Source\PSoC6\pdl\middleware\ble\lib\cy_ble_stack_gcc_controller_ipc_cm0p.a(ll.o)
                0x100092a0                ll_get_ack_status_for_all_connections

i.ll_get_adv_ch_tx_power
                0x100092d8       0x16
 i.ll_get_adv_ch_tx_power
                0x100092d8       0x16 Generated_Source\PSoC6\pdl\middleware\ble\lib\cy_ble_stack_gcc_controller_ipc_cm0p.a(ll.o)
                0x100092d8                ll_get_adv_ch_tx_power

i.ll_get_data_channel_map
                0x100092ee       0x28
 i.ll_get_data_channel_map
                0x100092ee       0x28 Generated_Source\PSoC6\pdl\middleware\ble\lib\cy_ble_stack_gcc_controller_ipc_cm0p.a(ll.o)
                0x100092ee                ll_get_data_channel_map

i.ll_get_max_white_list_size
                0x10009318        0xc
 i.ll_get_max_white_list_size
                0x10009318        0xc Generated_Source\PSoC6\pdl\middleware\ble\lib\cy_ble_stack_gcc_controller_ipc_cm0p.a(ll.o)
                0x10009318                ll_get_max_white_list_size

i.ll_get_my_role
                0x10009324        0xc
 i.ll_get_my_role
                0x10009324        0xc Generated_Source\PSoC6\pdl\middleware\ble\lib\cy_ble_stack_gcc_controller_ipc_cm0p.a(ll.o)
                0x10009324                ll_get_my_role

i.ll_get_next_available_fifo_for_data_pdu